  console.log
    [dotenv@17.2.3] injecting env (29) from .env -- tip: 🛠️  run anywhere with `dotenvx run -- yourcommand`

      at _log (node_modules/dotenv/lib/main.js:142:11)

  console.log
    [dotenv@17.2.3] injecting env (0) from .env -- tip: 🔐 encrypt with Dotenvx: https://dotenvx.com

      at _log (node_modules/dotenv/lib/main.js:142:11)

  console.warn
    ⚠️  Using test Firebase project ID for testing: test-project-dev

    [0m [90m 62 |[39m         [36mif[39m (isTest [33m||[39m isE2eTest) {
     [90m 63 |[39m             projectId [33m=[39m [32m'test-project-dev'[39m[33m;[39m
    [31m[1m>[22m[39m[90m 64 |[39m             console[33m.[39mwarn([32m'⚠️  Using test Firebase project ID for testing: test-project-dev'[39m)[33m;[39m
     [90m    |[39m                     [31m[1m^[22m[39m
     [90m 65 |[39m         } [36melse[39m {
     [90m 66 |[39m             projectId [33m=[39m [32m'dev-project-local'[39m[33m;[39m
     [90m 67 |[39m             console[33m.[39mwarn([32m'⚠️  FIREBASE_PROJECT_ID not explicitly set. Using local development fallback.'[39m)[33m;[39m[0m

      at Object.warn (config/firebase.js:64:21)
      at Object.require (middleware/authMiddleware.js:1:23)
      at Object.require (routes/productRoutes.js:20:28)
      at Object.require (index.js:25:23)
      at Object.require (tests/otpSystem.test.js:10:13)

  console.error
    
    ======================================================================

    [0m [90m 83 |[39m         logger[33m.[39minfo([32m'firebase.already_initialized'[39m)[33m;[39m
     [90m 84 |[39m     } [36melse[39m {
    [31m[1m>[22m[39m[90m 85 |[39m         console[33m.[39merror([32m'\n'[39m [33m+[39m [32m'='[39m[33m.[39mrepeat([35m70[39m))[33m;[39m
     [90m    |[39m                 [31m[1m^[22m[39m
     [90m 86 |[39m         console[33m.[39merror([32m'🔴 FIREBASE INITIALIZATION ERROR'[39m)[33m;[39m
     [90m 87 |[39m         console[33m.[39merror([32m'='[39m[33m.[39mrepeat([35m70[39m))[33m;[39m
     [90m 88 |[39m         console[33m.[39merror([32m'Error:'[39m[33m,[39m error[33m.[39mmessage)[33m;[39m[0m

      at Object.error (config/firebase.js:85:17)
      at Object.require (middleware/authMiddleware.js:1:23)
      at Object.require (routes/productRoutes.js:20:28)
      at Object.require (index.js:25:23)
      at Object.require (tests/otpSystem.test.js:10:13)

  console.error
    🔴 FIREBASE INITIALIZATION ERROR

    [0m [90m 84 |[39m     } [36melse[39m {
     [90m 85 |[39m         console[33m.[39merror([32m'\n'[39m [33m+[39m [32m'='[39m[33m.[39mrepeat([35m70[39m))[33m;[39m
    [31m[1m>[22m[39m[90m 86 |[39m         console[33m.[39merror([32m'🔴 FIREBASE INITIALIZATION ERROR'[39m)[33m;[39m
     [90m    |[39m                 [31m[1m^[22m[39m
     [90m 87 |[39m         console[33m.[39merror([32m'='[39m[33m.[39mrepeat([35m70[39m))[33m;[39m
     [90m 88 |[39m         console[33m.[39merror([32m'Error:'[39m[33m,[39m error[33m.[39mmessage)[33m;[39m
     [90m 89 |[39m         console[33m.[39merror([32m'='[39m[33m.[39mrepeat([35m70[39m) [33m+[39m [32m'\n'[39m)[33m;[39m[0m

      at Object.error (config/firebase.js:86:17)
      at Object.require (middleware/authMiddleware.js:1:23)
      at Object.require (routes/productRoutes.js:20:28)
      at Object.require (index.js:25:23)
      at Object.require (tests/otpSystem.test.js:10:13)

  console.error
    ======================================================================

    [0m [90m 85 |[39m         console[33m.[39merror([32m'\n'[39m [33m+[39m [32m'='[39m[33m.[39mrepeat([35m70[39m))[33m;[39m
     [90m 86 |[39m         console[33m.[39merror([32m'🔴 FIREBASE INITIALIZATION ERROR'[39m)[33m;[39m
    [31m[1m>[22m[39m[90m 87 |[39m         console[33m.[39merror([32m'='[39m[33m.[39mrepeat([35m70[39m))[33m;[39m
     [90m    |[39m                 [31m[1m^[22m[39m
     [90m 88 |[39m         console[33m.[39merror([32m'Error:'[39m[33m,[39m error[33m.[39mmessage)[33m;[39m
     [90m 89 |[39m         console[33m.[39merror([32m'='[39m[33m.[39mrepeat([35m70[39m) [33m+[39m [32m'\n'[39m)[33m;[39m
     [90m 90 |[39m         [0m

      at Object.error (config/firebase.js:87:17)
      at Object.require (middleware/authMiddleware.js:1:23)
      at Object.require (routes/productRoutes.js:20:28)
      at Object.require (index.js:25:23)
      at Object.require (tests/otpSystem.test.js:10:13)

  console.error
    Error: Invalid Firebase app options passed as the first argument to initializeApp() for the app named "[DEFAULT]". The "credential" property must be an object which implements the Credential interface.

    [0m [90m 86 |[39m         console[33m.[39merror([32m'🔴 FIREBASE INITIALIZATION ERROR'[39m)[33m;[39m
     [90m 87 |[39m         console[33m.[39merror([32m'='[39m[33m.[39mrepeat([35m70[39m))[33m;[39m
    [31m[1m>[22m[39m[90m 88 |[39m         console[33m.[39merror([32m'Error:'[39m[33m,[39m error[33m.[39mmessage)[33m;[39m
     [90m    |[39m                 [31m[1m^[22m[39m
     [90m 89 |[39m         console[33m.[39merror([32m'='[39m[33m.[39mrepeat([35m70[39m) [33m+[39m [32m'\n'[39m)[33m;[39m
     [90m 90 |[39m         
     [90m 91 |[39m         logger[33m.[39merror([32m'firebase.init_failed'[39m[33m,[39m {[0m

      at Object.error (config/firebase.js:88:17)
      at Object.require (middleware/authMiddleware.js:1:23)
      at Object.require (routes/productRoutes.js:20:28)
      at Object.require (index.js:25:23)
      at Object.require (tests/otpSystem.test.js:10:13)

  console.error
    ======================================================================

    [0m [90m 87 |[39m         console[33m.[39merror([32m'='[39m[33m.[39mrepeat([35m70[39m))[33m;[39m
     [90m 88 |[39m         console[33m.[39merror([32m'Error:'[39m[33m,[39m error[33m.[39mmessage)[33m;[39m
    [31m[1m>[22m[39m[90m 89 |[39m         console[33m.[39merror([32m'='[39m[33m.[39mrepeat([35m70[39m) [33m+[39m [32m'\n'[39m)[33m;[39m
     [90m    |[39m                 [31m[1m^[22m[39m
     [90m 90 |[39m         
     [90m 91 |[39m         logger[33m.[39merror([32m'firebase.init_failed'[39m[33m,[39m {
     [90m 92 |[39m             error[33m:[39m error[33m.[39mmessage[33m,[39m[0m

      at Object.error (config/firebase.js:89:17)
      at Object.require (middleware/authMiddleware.js:1:23)
      at Object.require (routes/productRoutes.js:20:28)
      at Object.require (index.js:25:23)
      at Object.require (tests/otpSystem.test.js:10:13)

  console.error
    {"timestamp":"2026-03-16T16:46:41.923Z","level":"error","message":"firebase.init_failed","hostname":"LAPTOP-2S5UTCOT","pid":14884,"error":"Invalid Firebase app options passed as the first argument to initializeApp() for the app named \"[DEFAULT]\". The \"credential\" property must be an object which implements the Credential interface.","code":"app/invalid-app-options","hint":"Check FIREBASE_SERVICE_ACCOUNT and credentials"}

    [0m [90m 24 |[39m     info[33m:[39m (message[33m,[39m meta) [33m=>[39m console[33m.[39mlog(formatMessage([32m'info'[39m[33m,[39m message[33m,[39m meta))[33m,[39m
     [90m 25 |[39m     warn[33m:[39m (message[33m,[39m meta) [33m=>[39m console[33m.[39mwarn(formatMessage([32m'warn'[39m[33m,[39m message[33m,[39m meta))[33m,[39m
    [31m[1m>[22m[39m[90m 26 |[39m     error[33m:[39m (message[33m,[39m meta) [33m=>[39m console[33m.[39merror(formatMessage([32m'error'[39m[33m,[39m message[33m,[39m meta))[33m,[39m
     [90m    |[39m                                       [31m[1m^[22m[39m
     [90m 27 |[39m     debug[33m:[39m (message[33m,[39m meta) [33m=>[39m {
     [90m 28 |[39m         [36mif[39m (process[33m.[39menv[33m.[39m[33mNODE_ENV[39m [33m!==[39m [32m'production'[39m) {
     [90m 29 |[39m             console[33m.[39mdebug(formatMessage([32m'debug'[39m[33m,[39m message[33m,[39m meta))[33m;[39m[0m

      at Object.error (utils/logger.js:26:39)
      at Object.error (config/firebase.js:91:16)
      at Object.require (middleware/authMiddleware.js:1:23)
      at Object.require (routes/productRoutes.js:20:28)
      at Object.require (index.js:25:23)
      at Object.require (tests/otpSystem.test.js:10:13)

  console.warn
    Starting the MongoMemoryServer Instance failed, enable debug log for more information. Error:
     Md5CheckFailedError: MD5 check failed! Binary MD5 is "ab72c583706912ec22035ee30abbd0f8", Checkfile MD5 is "896333eea778fa3f7726df71d1b1e9b7"
        at MongoBinaryDownload.makeMD5check (C:\Users\mdsai\Downloads\Kimi_Agent_Flipkart-Style Frontend\server\node_modules\mongodb-memory-server-core\src\util\MongoBinaryDownload.ts:183:13)
        at MongoBinaryDownload.startDownload (C:\Users\mdsai\Downloads\Kimi_Agent_Flipkart-Style Frontend\server\node_modules\mongodb-memory-server-core\src\util\MongoBinaryDownload.ts:149:5)
        at MongoBinaryDownload.getMongodPath (C:\Users\mdsai\Downloads\Kimi_Agent_Flipkart-Style Frontend\server\node_modules\mongodb-memory-server-core\src\util\MongoBinaryDownload.ts:114:28)
        at MongoBinary.download (C:\Users\mdsai\Downloads\Kimi_Agent_Flipkart-Style Frontend\server\node_modules\mongodb-memory-server-core\src\util\MongoBinary.ts:47:49)
        at MongoBinary.getPath (C:\Users\mdsai\Downloads\Kimi_Agent_Flipkart-Style Frontend\server\node_modules\mongodb-memory-server-core\src\util\MongoBinary.ts:132:22)
        at MongoInstance.start (C:\Users\mdsai\Downloads\Kimi_Agent_Flipkart-Style Frontend\server\node_modules\mongodb-memory-server-core\src\util\MongoInstance.ts:366:22)
        at MongoInstance.create (C:\Users\mdsai\Downloads\Kimi_Agent_Flipkart-Style Frontend\server\node_modules\mongodb-memory-server-core\src\util\MongoInstance.ts:294:5)
        at MongoMemoryServer._startUpInstance (C:\Users\mdsai\Downloads\Kimi_Agent_Flipkart-Style Frontend\server\node_modules\mongodb-memory-server-core\src\MongoMemoryServer.ts:530:22)
        at MongoMemoryServer.start (C:\Users\mdsai\Downloads\Kimi_Agent_Flipkart-Style Frontend\server\node_modules\mongodb-memory-server-core\src\MongoMemoryServer.ts:350:5)
        at MongoMemoryServer.create (C:\Users\mdsai\Downloads\Kimi_Agent_Flipkart-Style Frontend\server\node_modules\mongodb-memory-server-core\src\MongoMemoryServer.ts:317:5)
        at startInMemoryMongo (C:\Users\mdsai\Downloads\Kimi_Agent_Flipkart-Style Frontend\server\tests\setup.js:58:24)
        at Object.<anonymous> (C:\Users\mdsai\Downloads\Kimi_Agent_Flipkart-Style Frontend\server\tests\setup.js:139:26) {
      binarymd5: 'ab72c583706912ec22035ee30abbd0f8',
      checkfilemd5: '896333eea778fa3f7726df71d1b1e9b7'
    }

    [0m [90m 56 |[39m
     [90m 57 |[39m     [36mif[39m ([33m![39mmemoryServer) {
    [31m[1m>[22m[39m[90m 58 |[39m         memoryServer [33m=[39m [36mawait[39m [33mMongoMemoryServer[39m[33m.[39mcreate({
     [90m    |[39m                        [31m[1m^[22m[39m
     [90m 59 |[39m             instance[33m:[39m { dbName[33m:[39m [32m'aura_test'[39m }[33m,[39m
     [90m 60 |[39m         })[33m;[39m
     [90m 61 |[39m     }[0m

      at node_modules/mongodb-memory-server-core/src/MongoMemoryServer.ts:359:17
      at MongoMemoryServer.start (node_modules/mongodb-memory-server-core/src/MongoMemoryServer.ts:350:5)
      at MongoMemoryServer.create (node_modules/mongodb-memory-server-core/src/MongoMemoryServer.ts:317:5)
      at startInMemoryMongo (tests/setup.js:58:24)
      at Object.<anonymous> (tests/setup.js:139:26)

  console.error
    {"timestamp":"2026-03-16T16:46:58.021Z","level":"error","message":"Email is required","hostname":"LAPTOP-2S5UTCOT","pid":14884,"error":{"message":"Email is required","stack":"Error: Email is required\n    at C:\\Users\\mdsai\\Downloads\\Kimi_Agent_Flipkart-Style Frontend\\server\\controllers\\otpController.js:447:21\n    at asyncUtilWrap (C:\\Users\\mdsai\\Downloads\\Kimi_Agent_Flipkart-Style Frontend\\server\\node_modules\\express-async-handler\\index.js:3:20)\n    at Layer.handleRequest (C:\\Users\\mdsai\\Downloads\\Kimi_Agent_Flipkart-Style Frontend\\server\\node_modules\\router\\lib\\layer.js:152:17)\n    at next (C:\\Users\\mdsai\\Downloads\\Kimi_Agent_Flipkart-Style Frontend\\server\\node_modules\\router\\lib\\route.js:157:13)\n    at next (C:\\Users\\mdsai\\Downloads\\Kimi_Agent_Flipkart-Style Frontend\\server\\middleware\\distributedRateLimit.js:103:53)\n    at Layer.handleRequest (C:\\Users\\mdsai\\Downloads\\Kimi_Agent_Flipkart-Style Frontend\\server\\node_modules\\router\\lib\\layer.js:152:17)\n    at next (C:\\Users\\mdsai\\Downloads\\Kimi_Agent_Flipkart-Style Frontend\\server\\node_modules\\router\\lib\\route.js:157:13)\n    at Route.dispatch (C:\\Users\\mdsai\\Downloads\\Kimi_Agent_Flipkart-Style Frontend\\server\\node_modules\\router\\lib\\route.js:117:3)\n    at handle (C:\\Users\\mdsai\\Downloads\\Kimi_Agent_Flipkart-Style Frontend\\server\\node_modules\\router\\index.js:435:11)\n    at Layer.handleRequest (C:\\Users\\mdsai\\Downloads\\Kimi_Agent_Flipkart-Style Frontend\\server\\node_modules\\router\\lib\\layer.js:152:17)\n    at C:\\Users\\mdsai\\Downloads\\Kimi_Agent_Flipkart-Style Frontend\\server\\node_modules\\router\\index.js:295:15\n    at processParams (C:\\Users\\mdsai\\Downloads\\Kimi_Agent_Flipkart-Style Frontend\\server\\node_modules\\router\\index.js:582:12)\n    at next (C:\\Users\\mdsai\\Downloads\\Kimi_Agent_Flipkart-Style Frontend\\server\\node_modules\\router\\index.js:291:5)\n    at router.handle (C:\\Users\\mdsai\\Downloads\\Kimi_Agent_Flipkart-Style Frontend\\server\\node_modules\\router\\index.js:186:3)\n    at router (C:\\Users\\mdsai\\Downloads\\Kimi_Agent_Flipkart-Style Frontend\\server\\node_modules\\router\\index.js:60:12)\n    at Layer.handleRequest (C:\\Users\\mdsai\\Downloads\\Kimi_Agent_Flipkart-Style Frontend\\server\\node_modules\\router\\lib\\layer.js:152:17)\n    at trimPrefix (C:\\Users\\mdsai\\Downloads\\Kimi_Agent_Flipkart-Style Frontend\\server\\node_modules\\router\\index.js:342:13)\n    at C:\\Users\\mdsai\\Downloads\\Kimi_Agent_Flipkart-Style Frontend\\server\\node_modules\\router\\index.js:297:9\n    at processParams (C:\\Users\\mdsai\\Downloads\\Kimi_Agent_Flipkart-Style Frontend\\server\\node_modules\\router\\index.js:582:12)\n    at next (C:\\Users\\mdsai\\Downloads\\Kimi_Agent_Flipkart-Style Frontend\\server\\node_modules\\router\\index.js:291:5)\n    at next (C:\\Users\\mdsai\\Downloads\\Kimi_Agent_Flipkart-Style Frontend\\server\\middleware\\adminNotificationMiddleware.js:11:16)\n    at Layer.handleRequest (C:\\Users\\mdsai\\Downloads\\Kimi_Agent_Flipkart-Style Frontend\\server\\node_modules\\router\\lib\\layer.js:152:17)\n    at trimPrefix (C:\\Users\\mdsai\\Downloads\\Kimi_Agent_Flipkart-Style Frontend\\server\\node_modules\\router\\index.js:342:13)\n    at C:\\Users\\mdsai\\Downloads\\Kimi_Agent_Flipkart-Style Frontend\\server\\node_modules\\router\\index.js:297:9\n    at processParams (C:\\Users\\mdsai\\Downloads\\Kimi_Agent_Flipkart-Style Frontend\\server\\node_modules\\router\\index.js:582:12)\n    at next (C:\\Users\\mdsai\\Downloads\\Kimi_Agent_Flipkart-Style Frontend\\server\\node_modules\\router\\index.js:291:5)\n    at next (C:\\Users\\mdsai\\Downloads\\Kimi_Agent_Flipkart-Style Frontend\\server\\middleware\\activityEmailMiddleware.js:11:16)\n    at Layer.handleRequest (C:\\Users\\mdsai\\Downloads\\Kimi_Agent_Flipkart-Style Frontend\\server\\node_modules\\router\\lib\\layer.js:152:17)\n    at trimPrefix (C:\\Users\\mdsai\\Downloads\\Kimi_Agent_Flipkart-Style Frontend\\server\\node_modules\\router\\index.js:342:13)\n    at C:\\Users\\mdsai\\Downloads\\Kimi_Agent_Flipkart-Style Frontend\\server\\node_modules\\router\\index.js:297:9\n    at processParams (C:\\Users\\mdsai\\Downloads\\Kimi_Agent_Flipkart-Style Frontend\\server\\node_modules\\router\\index.js:582:12)\n    at next (C:\\Users\\mdsai\\Downloads\\Kimi_Agent_Flipkart-Style Frontend\\server\\node_modules\\router\\index.js:291:5)\n    at next (C:\\Users\\mdsai\\Downloads\\Kimi_Agent_Flipkart-Style Frontend\\server\\middleware\\xssSanitizer.js:36:5)\n    at Layer.handleRequest (C:\\Users\\mdsai\\Downloads\\Kimi_Agent_Flipkart-Style Frontend\\server\\node_modules\\router\\lib\\layer.js:152:17)\n    at trimPrefix (C:\\Users\\mdsai\\Downloads\\Kimi_Agent_Flipkart-Style Frontend\\server\\node_modules\\router\\index.js:342:13)\n    at C:\\Users\\mdsai\\Downloads\\Kimi_Agent_Flipkart-Style Frontend\\server\\node_modules\\router\\index.js:297:9\n    at processParams (C:\\Users\\mdsai\\Downloads\\Kimi_Agent_Flipkart-Style Frontend\\server\\node_modules\\router\\index.js:582:12)\n    at next (C:\\Users\\mdsai\\Downloads\\Kimi_Agent_Flipkart-Style Frontend\\server\\node_modules\\router\\index.js:291:5)\n    at next (C:\\Users\\mdsai\\Downloads\\Kimi_Agent_Flipkart-Style Frontend\\server\\middleware\\securityMiddleware.js:37:9)\n    at Layer.handleRequest (C:\\Users\\mdsai\\Downloads\\Kimi_Agent_Flipkart-Style Frontend\\server\\node_modules\\router\\lib\\layer.js:152:17)\n    at trimPrefix (C:\\Users\\mdsai\\Downloads\\Kimi_Agent_Flipkart-Style Frontend\\server\\node_modules\\router\\index.js:342:13)\n    at C:\\Users\\mdsai\\Downloads\\Kimi_Agent_Flipkart-Style Frontend\\server\\node_modules\\router\\index.js:297:9\n    at processParams (C:\\Users\\mdsai\\Downloads\\Kimi_Agent_Flipkart-Style Frontend\\server\\node_modules\\router\\index.js:582:12)\n    at next (C:\\Users\\mdsai\\Downloads\\Kimi_Agent_Flipkart-Style Frontend\\server\\node_modules\\router\\index.js:291:5)\n    at C:\\Users\\mdsai\\Downloads\\Kimi_Agent_Flipkart-Style Frontend\\server\\node_modules\\body-parser\\lib\\read.js:171:5\n    at AsyncResource.runInAsyncScope (node:async_hooks:214:14)\n    at invokeCallback (C:\\Users\\mdsai\\Downloads\\Kimi_Agent_Flipkart-Style Frontend\\server\\node_modules\\raw-body\\index.js:238:16)\n    at done (C:\\Users\\mdsai\\Downloads\\Kimi_Agent_Flipkart-Style Frontend\\server\\node_modules\\raw-body\\index.js:227:7)\n    at IncomingMessage.onEnd (C:\\Users\\mdsai\\Downloads\\Kimi_Agent_Flipkart-Style Frontend\\server\\node_modules\\raw-body\\index.js:287:7)\n    at IncomingMessage.emit (node:events:508:28)\n    at endReadableNT (node:internal/streams/readable:1701:12)\n    at processTicksAndRejections (node:internal/process/task_queues:89:21)","name":"Error"},"type":"AppError","method":"POST","url":"/api/otp/send","statusCode":400,"requestId":"70dc0c34-6a05-40da-a33e-5f6f24661b10","clientSessionId":"","clientRoute":""}

    [0m [90m 24 |[39m     info[33m:[39m (message[33m,[39m meta) [33m=>[39m console[33m.[39mlog(formatMessage([32m'info'[39m[33m,[39m message[33m,[39m meta))[33m,[39m
     [90m 25 |[39m     warn[33m:[39m (message[33m,[39m meta) [33m=>[39m console[33m.[39mwarn(formatMessage([32m'warn'[39m[33m,[39m message[33m,[39m meta))[33m,[39m
    [31m[1m>[22m[39m[90m 26 |[39m     error[33m:[39m (message[33m,[39m meta) [33m=>[39m console[33m.[39merror(formatMessage([32m'error'[39m[33m,[39m message[33m,[39m meta))[33m,[39m
     [90m    |[39m                                       [31m[1m^[22m[39m
     [90m 27 |[39m     debug[33m:[39m (message[33m,[39m meta) [33m=>[39m {
     [90m 28 |[39m         [36mif[39m (process[33m.[39menv[33m.[39m[33mNODE_ENV[39m [33m!==[39m [32m'production'[39m) {
     [90m 29 |[39m             console[33m.[39mdebug(formatMessage([32m'debug'[39m[33m,[39m message[33m,[39m meta))[33m;[39m[0m

      at Object.error (utils/logger.js:26:39)
      at error (middleware/errorMiddleware.js:34:12)
      at Layer.handleError (node_modules/router/lib/layer.js:116:17)
      at trimPrefix (node_modules/router/index.js:340:13)
      at node_modules/router/index.js:297:9
      at processParams (node_modules/router/index.js:582:12)
      at next (node_modules/router/index.js:291:5)
      at Layer.handleError (node_modules/router/lib/layer.js:111:12)
      at trimPrefix (node_modules/router/index.js:340:13)
      at node_modules/router/index.js:297:9
      at processParams (node_modules/router/index.js:582:12)
      at next (node_modules/router/index.js:291:5)
      at node_modules/router/index.js:688:15
      at next (node_modules/router/index.js:276:14)
      at next (node_modules/router/lib/route.js:132:14)
      at next (controllers/otpController.js:447:16)
      at asyncUtilWrap (node_modules/express-async-handler/index.js:3:20)
      at Layer.handleRequest (node_modules/router/lib/layer.js:152:17)
      at next (node_modules/router/lib/route.js:157:13)
      at next (middleware/distributedRateLimit.js:103:53)
      at Layer.handleRequest (node_modules/router/lib/layer.js:152:17)
      at next (node_modules/router/lib/route.js:157:13)
      at Route.dispatch (node_modules/router/lib/route.js:117:3)
      at handle (node_modules/router/index.js:435:11)
      at Layer.handleRequest (node_modules/router/lib/layer.js:152:17)
      at node_modules/router/index.js:295:15
      at processParams (node_modules/router/index.js:582:12)
      at next (node_modules/router/index.js:291:5)
      at router.handle (node_modules/router/index.js:186:3)
      at router (node_modules/router/index.js:60:12)
      at Layer.handleRequest (node_modules/router/lib/layer.js:152:17)
      at trimPrefix (node_modules/router/index.js:342:13)
      at node_modules/router/index.js:297:9
      at processParams (node_modules/router/index.js:582:12)
      at next (node_modules/router/index.js:291:5)
      at next (middleware/adminNotificationMiddleware.js:11:16)
      at Layer.handleRequest (node_modules/router/lib/layer.js:152:17)
      at trimPrefix (node_modules/router/index.js:342:13)
      at node_modules/router/index.js:297:9
      at processParams (node_modules/router/index.js:582:12)
      at next (node_modules/router/index.js:291:5)
      at next (middleware/activityEmailMiddleware.js:11:16)
      at Layer.handleRequest (node_modules/router/lib/layer.js:152:17)
      at trimPrefix (node_modules/router/index.js:342:13)
      at node_modules/router/index.js:297:9
      at processParams (node_modules/router/index.js:582:12)
      at next (node_modules/router/index.js:291:5)
      at next (middleware/xssSanitizer.js:36:5)
      at Layer.handleRequest (node_modules/router/lib/layer.js:152:17)
      at trimPrefix (node_modules/router/index.js:342:13)
      at node_modules/router/index.js:297:9
      at processParams (node_modules/router/index.js:582:12)
      at next (node_modules/router/index.js:291:5)
      at next (middleware/securityMiddleware.js:37:9)
      at Layer.handleRequest (node_modules/router/lib/layer.js:152:17)
      at trimPrefix (node_modules/router/index.js:342:13)
      at node_modules/router/index.js:297:9
      at processParams (node_modules/router/index.js:582:12)
      at next (node_modules/router/index.js:291:5)
      at node_modules/body-parser/lib/read.js:171:5
      at invokeCallback (node_modules/raw-body/index.js:238:16)
      at done (node_modules/raw-body/index.js:227:7)
      at IncomingMessage.onEnd (node_modules/raw-body/index.js:287:7)

  console.log
    {"timestamp":"2026-03-16T16:46:58.044Z","level":"info","message":"HTTP Request","hostname":"LAPTOP-2S5UTCOT","pid":14884,"method":"POST","url":"/api/otp/send","status":400,"durationMs":65,"requestId":"70dc0c34-6a05-40da-a33e-5f6f24661b10","clientSessionId":"","clientRoute":"","ip":"::ffff:127.0.0.1"}

      at Object.log [as info] (utils/logger.js:24:38)

  console.error
    {"timestamp":"2026-03-16T16:46:58.203Z","level":"error","message":"Phone number is required","hostname":"LAPTOP-2S5UTCOT","pid":14884,"error":{"message":"Phone number is required","stack":"Error: Phone number is required\n    at C:\\Users\\mdsai\\Downloads\\Kimi_Agent_Flipkart-Style Frontend\\server\\controllers\\otpController.js:450:21\n    at asyncUtilWrap (C:\\Users\\mdsai\\Downloads\\Kimi_Agent_Flipkart-Style Frontend\\server\\node_modules\\express-async-handler\\index.js:3:20)\n    at Layer.handleRequest (C:\\Users\\mdsai\\Downloads\\Kimi_Agent_Flipkart-Style Frontend\\server\\node_modules\\router\\lib\\layer.js:152:17)\n    at next (C:\\Users\\mdsai\\Downloads\\Kimi_Agent_Flipkart-Style Frontend\\server\\node_modules\\router\\lib\\route.js:157:13)\n    at next (C:\\Users\\mdsai\\Downloads\\Kimi_Agent_Flipkart-Style Frontend\\server\\middleware\\distributedRateLimit.js:103:53)\n    at Layer.handleRequest (C:\\Users\\mdsai\\Downloads\\Kimi_Agent_Flipkart-Style Frontend\\server\\node_modules\\router\\lib\\layer.js:152:17)\n    at next (C:\\Users\\mdsai\\Downloads\\Kimi_Agent_Flipkart-Style Frontend\\server\\node_modules\\router\\lib\\route.js:157:13)\n    at Route.dispatch (C:\\Users\\mdsai\\Downloads\\Kimi_Agent_Flipkart-Style Frontend\\server\\node_modules\\router\\lib\\route.js:117:3)\n    at handle (C:\\Users\\mdsai\\Downloads\\Kimi_Agent_Flipkart-Style Frontend\\server\\node_modules\\router\\index.js:435:11)\n    at Layer.handleRequest (C:\\Users\\mdsai\\Downloads\\Kimi_Agent_Flipkart-Style Frontend\\server\\node_modules\\router\\lib\\layer.js:152:17)\n    at C:\\Users\\mdsai\\Downloads\\Kimi_Agent_Flipkart-Style Frontend\\server\\node_modules\\router\\index.js:295:15\n    at processParams (C:\\Users\\mdsai\\Downloads\\Kimi_Agent_Flipkart-Style Frontend\\server\\node_modules\\router\\index.js:582:12)\n    at next (C:\\Users\\mdsai\\Downloads\\Kimi_Agent_Flipkart-Style Frontend\\server\\node_modules\\router\\index.js:291:5)\n    at router.handle (C:\\Users\\mdsai\\Downloads\\Kimi_Agent_Flipkart-Style Frontend\\server\\node_modules\\router\\index.js:186:3)\n    at router (C:\\Users\\mdsai\\Downloads\\Kimi_Agent_Flipkart-Style Frontend\\server\\node_modules\\router\\index.js:60:12)\n    at Layer.handleRequest (C:\\Users\\mdsai\\Downloads\\Kimi_Agent_Flipkart-Style Frontend\\server\\node_modules\\router\\lib\\layer.js:152:17)\n    at trimPrefix (C:\\Users\\mdsai\\Downloads\\Kimi_Agent_Flipkart-Style Frontend\\server\\node_modules\\router\\index.js:342:13)\n    at C:\\Users\\mdsai\\Downloads\\Kimi_Agent_Flipkart-Style Frontend\\server\\node_modules\\router\\index.js:297:9\n    at processParams (C:\\Users\\mdsai\\Downloads\\Kimi_Agent_Flipkart-Style Frontend\\server\\node_modules\\router\\index.js:582:12)\n    at next (C:\\Users\\mdsai\\Downloads\\Kimi_Agent_Flipkart-Style Frontend\\server\\node_modules\\router\\index.js:291:5)\n    at next (C:\\Users\\mdsai\\Downloads\\Kimi_Agent_Flipkart-Style Frontend\\server\\middleware\\adminNotificationMiddleware.js:11:16)\n    at Layer.handleRequest (C:\\Users\\mdsai\\Downloads\\Kimi_Agent_Flipkart-Style Frontend\\server\\node_modules\\router\\lib\\layer.js:152:17)\n    at trimPrefix (C:\\Users\\mdsai\\Downloads\\Kimi_Agent_Flipkart-Style Frontend\\server\\node_modules\\router\\index.js:342:13)\n    at C:\\Users\\mdsai\\Downloads\\Kimi_Agent_Flipkart-Style Frontend\\server\\node_modules\\router\\index.js:297:9\n    at processParams (C:\\Users\\mdsai\\Downloads\\Kimi_Agent_Flipkart-Style Frontend\\server\\node_modules\\router\\index.js:582:12)\n    at next (C:\\Users\\mdsai\\Downloads\\Kimi_Agent_Flipkart-Style Frontend\\server\\node_modules\\router\\index.js:291:5)\n    at next (C:\\Users\\mdsai\\Downloads\\Kimi_Agent_Flipkart-Style Frontend\\server\\middleware\\activityEmailMiddleware.js:11:16)\n    at Layer.handleRequest (C:\\Users\\mdsai\\Downloads\\Kimi_Agent_Flipkart-Style Frontend\\server\\node_modules\\router\\lib\\layer.js:152:17)\n    at trimPrefix (C:\\Users\\mdsai\\Downloads\\Kimi_Agent_Flipkart-Style Frontend\\server\\node_modules\\router\\index.js:342:13)\n    at C:\\Users\\mdsai\\Downloads\\Kimi_Agent_Flipkart-Style Frontend\\server\\node_modules\\router\\index.js:297:9\n    at processParams (C:\\Users\\mdsai\\Downloads\\Kimi_Agent_Flipkart-Style Frontend\\server\\node_modules\\router\\index.js:582:12)\n    at next (C:\\Users\\mdsai\\Downloads\\Kimi_Agent_Flipkart-Style Frontend\\server\\node_modules\\router\\index.js:291:5)\n    at next (C:\\Users\\mdsai\\Downloads\\Kimi_Agent_Flipkart-Style Frontend\\server\\middleware\\xssSanitizer.js:36:5)\n    at Layer.handleRequest (C:\\Users\\mdsai\\Downloads\\Kimi_Agent_Flipkart-Style Frontend\\server\\node_modules\\router\\lib\\layer.js:152:17)\n    at trimPrefix (C:\\Users\\mdsai\\Downloads\\Kimi_Agent_Flipkart-Style Frontend\\server\\node_modules\\router\\index.js:342:13)\n    at C:\\Users\\mdsai\\Downloads\\Kimi_Agent_Flipkart-Style Frontend\\server\\node_modules\\router\\index.js:297:9\n    at processParams (C:\\Users\\mdsai\\Downloads\\Kimi_Agent_Flipkart-Style Frontend\\server\\node_modules\\router\\index.js:582:12)\n    at next (C:\\Users\\mdsai\\Downloads\\Kimi_Agent_Flipkart-Style Frontend\\server\\node_modules\\router\\index.js:291:5)\n    at next (C:\\Users\\mdsai\\Downloads\\Kimi_Agent_Flipkart-Style Frontend\\server\\middleware\\securityMiddleware.js:37:9)\n    at Layer.handleRequest (C:\\Users\\mdsai\\Downloads\\Kimi_Agent_Flipkart-Style Frontend\\server\\node_modules\\router\\lib\\layer.js:152:17)\n    at trimPrefix (C:\\Users\\mdsai\\Downloads\\Kimi_Agent_Flipkart-Style Frontend\\server\\node_modules\\router\\index.js:342:13)\n    at C:\\Users\\mdsai\\Downloads\\Kimi_Agent_Flipkart-Style Frontend\\server\\node_modules\\router\\index.js:297:9\n    at processParams (C:\\Users\\mdsai\\Downloads\\Kimi_Agent_Flipkart-Style Frontend\\server\\node_modules\\router\\index.js:582:12)\n    at next (C:\\Users\\mdsai\\Downloads\\Kimi_Agent_Flipkart-Style Frontend\\server\\node_modules\\router\\index.js:291:5)\n    at C:\\Users\\mdsai\\Downloads\\Kimi_Agent_Flipkart-Style Frontend\\server\\node_modules\\body-parser\\lib\\read.js:171:5\n    at AsyncResource.runInAsyncScope (node:async_hooks:214:14)\n    at invokeCallback (C:\\Users\\mdsai\\Downloads\\Kimi_Agent_Flipkart-Style Frontend\\server\\node_modules\\raw-body\\index.js:238:16)\n    at done (C:\\Users\\mdsai\\Downloads\\Kimi_Agent_Flipkart-Style Frontend\\server\\node_modules\\raw-body\\index.js:227:7)\n    at IncomingMessage.onEnd (C:\\Users\\mdsai\\Downloads\\Kimi_Agent_Flipkart-Style Frontend\\server\\node_modules\\raw-body\\index.js:287:7)\n    at IncomingMessage.emit (node:events:508:28)\n    at endReadableNT (node:internal/streams/readable:1701:12)\n    at processTicksAndRejections (node:internal/process/task_queues:89:21)","name":"Error"},"type":"AppError","method":"POST","url":"/api/otp/send","statusCode":400,"requestId":"4b5bf842-f156-4746-a561-1e0921e3f304","clientSessionId":"","clientRoute":""}

    [0m [90m 24 |[39m     info[33m:[39m (message[33m,[39m meta) [33m=>[39m console[33m.[39mlog(formatMessage([32m'info'[39m[33m,[39m message[33m,[39m meta))[33m,[39m
     [90m 25 |[39m     warn[33m:[39m (message[33m,[39m meta) [33m=>[39m console[33m.[39mwarn(formatMessage([32m'warn'[39m[33m,[39m message[33m,[39m meta))[33m,[39m
    [31m[1m>[22m[39m[90m 26 |[39m     error[33m:[39m (message[33m,[39m meta) [33m=>[39m console[33m.[39merror(formatMessage([32m'error'[39m[33m,[39m message[33m,[39m meta))[33m,[39m
     [90m    |[39m                                       [31m[1m^[22m[39m
     [90m 27 |[39m     debug[33m:[39m (message[33m,[39m meta) [33m=>[39m {
     [90m 28 |[39m         [36mif[39m (process[33m.[39menv[33m.[39m[33mNODE_ENV[39m [33m!==[39m [32m'production'[39m) {
     [90m 29 |[39m             console[33m.[39mdebug(formatMessage([32m'debug'[39m[33m,[39m message[33m,[39m meta))[33m;[39m[0m

      at Object.error (utils/logger.js:26:39)
      at error (middleware/errorMiddleware.js:34:12)
      at Layer.handleError (node_modules/router/lib/layer.js:116:17)
      at trimPrefix (node_modules/router/index.js:340:13)
      at node_modules/router/index.js:297:9
      at processParams (node_modules/router/index.js:582:12)
      at next (node_modules/router/index.js:291:5)
      at Layer.handleError (node_modules/router/lib/layer.js:111:12)
      at trimPrefix (node_modules/router/index.js:340:13)
      at node_modules/router/index.js:297:9
      at processParams (node_modules/router/index.js:582:12)
      at next (node_modules/router/index.js:291:5)
      at node_modules/router/index.js:688:15
      at next (node_modules/router/index.js:276:14)
      at next (node_modules/router/lib/route.js:132:14)
      at next (controllers/otpController.js:450:16)
      at asyncUtilWrap (node_modules/express-async-handler/index.js:3:20)
      at Layer.handleRequest (node_modules/router/lib/layer.js:152:17)
      at next (node_modules/router/lib/route.js:157:13)
      at next (middleware/distributedRateLimit.js:103:53)
      at Layer.handleRequest (node_modules/router/lib/layer.js:152:17)
      at next (node_modules/router/lib/route.js:157:13)
      at Route.dispatch (node_modules/router/lib/route.js:117:3)
      at handle (node_modules/router/index.js:435:11)
      at Layer.handleRequest (node_modules/router/lib/layer.js:152:17)
      at node_modules/router/index.js:295:15
      at processParams (node_modules/router/index.js:582:12)
      at next (node_modules/router/index.js:291:5)
      at router.handle (node_modules/router/index.js:186:3)
      at router (node_modules/router/index.js:60:12)
      at Layer.handleRequest (node_modules/router/lib/layer.js:152:17)
      at trimPrefix (node_modules/router/index.js:342:13)
      at node_modules/router/index.js:297:9
      at processParams (node_modules/router/index.js:582:12)
      at next (node_modules/router/index.js:291:5)
      at next (middleware/adminNotificationMiddleware.js:11:16)
      at Layer.handleRequest (node_modules/router/lib/layer.js:152:17)
      at trimPrefix (node_modules/router/index.js:342:13)
      at node_modules/router/index.js:297:9
      at processParams (node_modules/router/index.js:582:12)
      at next (node_modules/router/index.js:291:5)
      at next (middleware/activityEmailMiddleware.js:11:16)
      at Layer.handleRequest (node_modules/router/lib/layer.js:152:17)
      at trimPrefix (node_modules/router/index.js:342:13)
      at node_modules/router/index.js:297:9
      at processParams (node_modules/router/index.js:582:12)
      at next (node_modules/router/index.js:291:5)
      at next (middleware/xssSanitizer.js:36:5)
      at Layer.handleRequest (node_modules/router/lib/layer.js:152:17)
      at trimPrefix (node_modules/router/index.js:342:13)
      at node_modules/router/index.js:297:9
      at processParams (node_modules/router/index.js:582:12)
      at next (node_modules/router/index.js:291:5)
      at next (middleware/securityMiddleware.js:37:9)
      at Layer.handleRequest (node_modules/router/lib/layer.js:152:17)
      at trimPrefix (node_modules/router/index.js:342:13)
      at node_modules/router/index.js:297:9
      at processParams (node_modules/router/index.js:582:12)
      at next (node_modules/router/index.js:291:5)
      at node_modules/body-parser/lib/read.js:171:5
      at invokeCallback (node_modules/raw-body/index.js:238:16)
      at done (node_modules/raw-body/index.js:227:7)
      at IncomingMessage.onEnd (node_modules/raw-body/index.js:287:7)

  console.log
    {"timestamp":"2026-03-16T16:46:58.215Z","level":"info","message":"HTTP Request","hostname":"LAPTOP-2S5UTCOT","pid":14884,"method":"POST","url":"/api/otp/send","status":400,"durationMs":20,"requestId":"4b5bf842-f156-4746-a561-1e0921e3f304","clientSessionId":"","clientRoute":"","ip":"::ffff:127.0.0.1"}

      at Object.log [as info] (utils/logger.js:24:38)

  console.error
    {"timestamp":"2026-03-16T16:46:58.263Z","level":"error","message":"Email is required","hostname":"LAPTOP-2S5UTCOT","pid":14884,"error":{"message":"Email is required","stack":"Error: Email is required\n    at C:\\Users\\mdsai\\Downloads\\Kimi_Agent_Flipkart-Style Frontend\\server\\controllers\\otpController.js:447:21\n    at asyncUtilWrap (C:\\Users\\mdsai\\Downloads\\Kimi_Agent_Flipkart-Style Frontend\\server\\node_modules\\express-async-handler\\index.js:3:20)\n    at Layer.handleRequest (C:\\Users\\mdsai\\Downloads\\Kimi_Agent_Flipkart-Style Frontend\\server\\node_modules\\router\\lib\\layer.js:152:17)\n    at next (C:\\Users\\mdsai\\Downloads\\Kimi_Agent_Flipkart-Style Frontend\\server\\node_modules\\router\\lib\\route.js:157:13)\n    at next (C:\\Users\\mdsai\\Downloads\\Kimi_Agent_Flipkart-Style Frontend\\server\\middleware\\distributedRateLimit.js:103:53)\n    at Layer.handleRequest (C:\\Users\\mdsai\\Downloads\\Kimi_Agent_Flipkart-Style Frontend\\server\\node_modules\\router\\lib\\layer.js:152:17)\n    at next (C:\\Users\\mdsai\\Downloads\\Kimi_Agent_Flipkart-Style Frontend\\server\\node_modules\\router\\lib\\route.js:157:13)\n    at Route.dispatch (C:\\Users\\mdsai\\Downloads\\Kimi_Agent_Flipkart-Style Frontend\\server\\node_modules\\router\\lib\\route.js:117:3)\n    at handle (C:\\Users\\mdsai\\Downloads\\Kimi_Agent_Flipkart-Style Frontend\\server\\node_modules\\router\\index.js:435:11)\n    at Layer.handleRequest (C:\\Users\\mdsai\\Downloads\\Kimi_Agent_Flipkart-Style Frontend\\server\\node_modules\\router\\lib\\layer.js:152:17)\n    at C:\\Users\\mdsai\\Downloads\\Kimi_Agent_Flipkart-Style Frontend\\server\\node_modules\\router\\index.js:295:15\n    at processParams (C:\\Users\\mdsai\\Downloads\\Kimi_Agent_Flipkart-Style Frontend\\server\\node_modules\\router\\index.js:582:12)\n    at next (C:\\Users\\mdsai\\Downloads\\Kimi_Agent_Flipkart-Style Frontend\\server\\node_modules\\router\\index.js:291:5)\n    at router.handle (C:\\Users\\mdsai\\Downloads\\Kimi_Agent_Flipkart-Style Frontend\\server\\node_modules\\router\\index.js:186:3)\n    at router (C:\\Users\\mdsai\\Downloads\\Kimi_Agent_Flipkart-Style Frontend\\server\\node_modules\\router\\index.js:60:12)\n    at Layer.handleRequest (C:\\Users\\mdsai\\Downloads\\Kimi_Agent_Flipkart-Style Frontend\\server\\node_modules\\router\\lib\\layer.js:152:17)\n    at trimPrefix (C:\\Users\\mdsai\\Downloads\\Kimi_Agent_Flipkart-Style Frontend\\server\\node_modules\\router\\index.js:342:13)\n    at C:\\Users\\mdsai\\Downloads\\Kimi_Agent_Flipkart-Style Frontend\\server\\node_modules\\router\\index.js:297:9\n    at processParams (C:\\Users\\mdsai\\Downloads\\Kimi_Agent_Flipkart-Style Frontend\\server\\node_modules\\router\\index.js:582:12)\n    at next (C:\\Users\\mdsai\\Downloads\\Kimi_Agent_Flipkart-Style Frontend\\server\\node_modules\\router\\index.js:291:5)\n    at next (C:\\Users\\mdsai\\Downloads\\Kimi_Agent_Flipkart-Style Frontend\\server\\middleware\\adminNotificationMiddleware.js:11:16)\n    at Layer.handleRequest (C:\\Users\\mdsai\\Downloads\\Kimi_Agent_Flipkart-Style Frontend\\server\\node_modules\\router\\lib\\layer.js:152:17)\n    at trimPrefix (C:\\Users\\mdsai\\Downloads\\Kimi_Agent_Flipkart-Style Frontend\\server\\node_modules\\router\\index.js:342:13)\n    at C:\\Users\\mdsai\\Downloads\\Kimi_Agent_Flipkart-Style Frontend\\server\\node_modules\\router\\index.js:297:9\n    at processParams (C:\\Users\\mdsai\\Downloads\\Kimi_Agent_Flipkart-Style Frontend\\server\\node_modules\\router\\index.js:582:12)\n    at next (C:\\Users\\mdsai\\Downloads\\Kimi_Agent_Flipkart-Style Frontend\\server\\node_modules\\router\\index.js:291:5)\n    at next (C:\\Users\\mdsai\\Downloads\\Kimi_Agent_Flipkart-Style Frontend\\server\\middleware\\activityEmailMiddleware.js:11:16)\n    at Layer.handleRequest (C:\\Users\\mdsai\\Downloads\\Kimi_Agent_Flipkart-Style Frontend\\server\\node_modules\\router\\lib\\layer.js:152:17)\n    at trimPrefix (C:\\Users\\mdsai\\Downloads\\Kimi_Agent_Flipkart-Style Frontend\\server\\node_modules\\router\\index.js:342:13)\n    at C:\\Users\\mdsai\\Downloads\\Kimi_Agent_Flipkart-Style Frontend\\server\\node_modules\\router\\index.js:297:9\n    at processParams (C:\\Users\\mdsai\\Downloads\\Kimi_Agent_Flipkart-Style Frontend\\server\\node_modules\\router\\index.js:582:12)\n    at next (C:\\Users\\mdsai\\Downloads\\Kimi_Agent_Flipkart-Style Frontend\\server\\node_modules\\router\\index.js:291:5)\n    at next (C:\\Users\\mdsai\\Downloads\\Kimi_Agent_Flipkart-Style Frontend\\server\\middleware\\xssSanitizer.js:36:5)\n    at Layer.handleRequest (C:\\Users\\mdsai\\Downloads\\Kimi_Agent_Flipkart-Style Frontend\\server\\node_modules\\router\\lib\\layer.js:152:17)\n    at trimPrefix (C:\\Users\\mdsai\\Downloads\\Kimi_Agent_Flipkart-Style Frontend\\server\\node_modules\\router\\index.js:342:13)\n    at C:\\Users\\mdsai\\Downloads\\Kimi_Agent_Flipkart-Style Frontend\\server\\node_modules\\router\\index.js:297:9\n    at processParams (C:\\Users\\mdsai\\Downloads\\Kimi_Agent_Flipkart-Style Frontend\\server\\node_modules\\router\\index.js:582:12)\n    at next (C:\\Users\\mdsai\\Downloads\\Kimi_Agent_Flipkart-Style Frontend\\server\\node_modules\\router\\index.js:291:5)\n    at next (C:\\Users\\mdsai\\Downloads\\Kimi_Agent_Flipkart-Style Frontend\\server\\middleware\\securityMiddleware.js:37:9)\n    at Layer.handleRequest (C:\\Users\\mdsai\\Downloads\\Kimi_Agent_Flipkart-Style Frontend\\server\\node_modules\\router\\lib\\layer.js:152:17)\n    at trimPrefix (C:\\Users\\mdsai\\Downloads\\Kimi_Agent_Flipkart-Style Frontend\\server\\node_modules\\router\\index.js:342:13)\n    at C:\\Users\\mdsai\\Downloads\\Kimi_Agent_Flipkart-Style Frontend\\server\\node_modules\\router\\index.js:297:9\n    at processParams (C:\\Users\\mdsai\\Downloads\\Kimi_Agent_Flipkart-Style Frontend\\server\\node_modules\\router\\index.js:582:12)\n    at next (C:\\Users\\mdsai\\Downloads\\Kimi_Agent_Flipkart-Style Frontend\\server\\node_modules\\router\\index.js:291:5)\n    at C:\\Users\\mdsai\\Downloads\\Kimi_Agent_Flipkart-Style Frontend\\server\\node_modules\\body-parser\\lib\\read.js:171:5\n    at AsyncResource.runInAsyncScope (node:async_hooks:214:14)\n    at invokeCallback (C:\\Users\\mdsai\\Downloads\\Kimi_Agent_Flipkart-Style Frontend\\server\\node_modules\\raw-body\\index.js:238:16)\n    at done (C:\\Users\\mdsai\\Downloads\\Kimi_Agent_Flipkart-Style Frontend\\server\\node_modules\\raw-body\\index.js:227:7)\n    at IncomingMessage.onEnd (C:\\Users\\mdsai\\Downloads\\Kimi_Agent_Flipkart-Style Frontend\\server\\node_modules\\raw-body\\index.js:287:7)\n    at IncomingMessage.emit (node:events:508:28)\n    at endReadableNT (node:internal/streams/readable:1701:12)\n    at processTicksAndRejections (node:internal/process/task_queues:89:21)","name":"Error"},"type":"AppError","method":"POST","url":"/api/otp/send","statusCode":400,"requestId":"4fc539ec-de78-4c0f-8e15-90f9fd9914e4","clientSessionId":"","clientRoute":""}

    [0m [90m 24 |[39m     info[33m:[39m (message[33m,[39m meta) [33m=>[39m console[33m.[39mlog(formatMessage([32m'info'[39m[33m,[39m message[33m,[39m meta))[33m,[39m
     [90m 25 |[39m     warn[33m:[39m (message[33m,[39m meta) [33m=>[39m console[33m.[39mwarn(formatMessage([32m'warn'[39m[33m,[39m message[33m,[39m meta))[33m,[39m
    [31m[1m>[22m[39m[90m 26 |[39m     error[33m:[39m (message[33m,[39m meta) [33m=>[39m console[33m.[39merror(formatMessage([32m'error'[39m[33m,[39m message[33m,[39m meta))[33m,[39m
     [90m    |[39m                                       [31m[1m^[22m[39m
     [90m 27 |[39m     debug[33m:[39m (message[33m,[39m meta) [33m=>[39m {
     [90m 28 |[39m         [36mif[39m (process[33m.[39menv[33m.[39m[33mNODE_ENV[39m [33m!==[39m [32m'production'[39m) {
     [90m 29 |[39m             console[33m.[39mdebug(formatMessage([32m'debug'[39m[33m,[39m message[33m,[39m meta))[33m;[39m[0m

      at Object.error (utils/logger.js:26:39)
      at error (middleware/errorMiddleware.js:34:12)
      at Layer.handleError (node_modules/router/lib/layer.js:116:17)
      at trimPrefix (node_modules/router/index.js:340:13)
      at node_modules/router/index.js:297:9
      at processParams (node_modules/router/index.js:582:12)
      at next (node_modules/router/index.js:291:5)
      at Layer.handleError (node_modules/router/lib/layer.js:111:12)
      at trimPrefix (node_modules/router/index.js:340:13)
      at node_modules/router/index.js:297:9
      at processParams (node_modules/router/index.js:582:12)
      at next (node_modules/router/index.js:291:5)
      at node_modules/router/index.js:688:15
      at next (node_modules/router/index.js:276:14)
      at next (node_modules/router/lib/route.js:132:14)
      at next (controllers/otpController.js:447:16)
      at asyncUtilWrap (node_modules/express-async-handler/index.js:3:20)
      at Layer.handleRequest (node_modules/router/lib/layer.js:152:17)
      at next (node_modules/router/lib/route.js:157:13)
      at next (middleware/distributedRateLimit.js:103:53)
      at Layer.handleRequest (node_modules/router/lib/layer.js:152:17)
      at next (node_modules/router/lib/route.js:157:13)
      at Route.dispatch (node_modules/router/lib/route.js:117:3)
      at handle (node_modules/router/index.js:435:11)
      at Layer.handleRequest (node_modules/router/lib/layer.js:152:17)
      at node_modules/router/index.js:295:15
      at processParams (node_modules/router/index.js:582:12)
      at next (node_modules/router/index.js:291:5)
      at router.handle (node_modules/router/index.js:186:3)
      at router (node_modules/router/index.js:60:12)
      at Layer.handleRequest (node_modules/router/lib/layer.js:152:17)
      at trimPrefix (node_modules/router/index.js:342:13)
      at node_modules/router/index.js:297:9
      at processParams (node_modules/router/index.js:582:12)
      at next (node_modules/router/index.js:291:5)
      at next (middleware/adminNotificationMiddleware.js:11:16)
      at Layer.handleRequest (node_modules/router/lib/layer.js:152:17)
      at trimPrefix (node_modules/router/index.js:342:13)
      at node_modules/router/index.js:297:9
      at processParams (node_modules/router/index.js:582:12)
      at next (node_modules/router/index.js:291:5)
      at next (middleware/activityEmailMiddleware.js:11:16)
      at Layer.handleRequest (node_modules/router/lib/layer.js:152:17)
      at trimPrefix (node_modules/router/index.js:342:13)
      at node_modules/router/index.js:297:9
      at processParams (node_modules/router/index.js:582:12)
      at next (node_modules/router/index.js:291:5)
      at next (middleware/xssSanitizer.js:36:5)
      at Layer.handleRequest (node_modules/router/lib/layer.js:152:17)
      at trimPrefix (node_modules/router/index.js:342:13)
      at node_modules/router/index.js:297:9
      at processParams (node_modules/router/index.js:582:12)
      at next (node_modules/router/index.js:291:5)
      at next (middleware/securityMiddleware.js:37:9)
      at Layer.handleRequest (node_modules/router/lib/layer.js:152:17)
      at trimPrefix (node_modules/router/index.js:342:13)
      at node_modules/router/index.js:297:9
      at processParams (node_modules/router/index.js:582:12)
      at next (node_modules/router/index.js:291:5)
      at node_modules/body-parser/lib/read.js:171:5
      at invokeCallback (node_modules/raw-body/index.js:238:16)
      at done (node_modules/raw-body/index.js:227:7)
      at IncomingMessage.onEnd (node_modules/raw-body/index.js:287:7)

  console.log
    {"timestamp":"2026-03-16T16:46:58.274Z","level":"info","message":"HTTP Request","hostname":"LAPTOP-2S5UTCOT","pid":14884,"method":"POST","url":"/api/otp/send","status":400,"durationMs":13,"requestId":"4fc539ec-de78-4c0f-8e15-90f9fd9914e4","clientSessionId":"","clientRoute":"","ip":"::ffff:127.0.0.1"}

      at Object.log [as info] (utils/logger.js:24:38)

  console.error
    {"timestamp":"2026-03-16T16:46:58.309Z","level":"error","message":"OTP purpose is required","hostname":"LAPTOP-2S5UTCOT","pid":14884,"error":{"message":"OTP purpose is required","stack":"Error: OTP purpose is required\n    at C:\\Users\\mdsai\\Downloads\\Kimi_Agent_Flipkart-Style Frontend\\server\\controllers\\otpController.js:453:21\n    at asyncUtilWrap (C:\\Users\\mdsai\\Downloads\\Kimi_Agent_Flipkart-Style Frontend\\server\\node_modules\\express-async-handler\\index.js:3:20)\n    at Layer.handleRequest (C:\\Users\\mdsai\\Downloads\\Kimi_Agent_Flipkart-Style Frontend\\server\\node_modules\\router\\lib\\layer.js:152:17)\n    at next (C:\\Users\\mdsai\\Downloads\\Kimi_Agent_Flipkart-Style Frontend\\server\\node_modules\\router\\lib\\route.js:157:13)\n    at next (C:\\Users\\mdsai\\Downloads\\Kimi_Agent_Flipkart-Style Frontend\\server\\middleware\\distributedRateLimit.js:103:53)\n    at Layer.handleRequest (C:\\Users\\mdsai\\Downloads\\Kimi_Agent_Flipkart-Style Frontend\\server\\node_modules\\router\\lib\\layer.js:152:17)\n    at next (C:\\Users\\mdsai\\Downloads\\Kimi_Agent_Flipkart-Style Frontend\\server\\node_modules\\router\\lib\\route.js:157:13)\n    at Route.dispatch (C:\\Users\\mdsai\\Downloads\\Kimi_Agent_Flipkart-Style Frontend\\server\\node_modules\\router\\lib\\route.js:117:3)\n    at handle (C:\\Users\\mdsai\\Downloads\\Kimi_Agent_Flipkart-Style Frontend\\server\\node_modules\\router\\index.js:435:11)\n    at Layer.handleRequest (C:\\Users\\mdsai\\Downloads\\Kimi_Agent_Flipkart-Style Frontend\\server\\node_modules\\router\\lib\\layer.js:152:17)\n    at C:\\Users\\mdsai\\Downloads\\Kimi_Agent_Flipkart-Style Frontend\\server\\node_modules\\router\\index.js:295:15\n    at processParams (C:\\Users\\mdsai\\Downloads\\Kimi_Agent_Flipkart-Style Frontend\\server\\node_modules\\router\\index.js:582:12)\n    at next (C:\\Users\\mdsai\\Downloads\\Kimi_Agent_Flipkart-Style Frontend\\server\\node_modules\\router\\index.js:291:5)\n    at router.handle (C:\\Users\\mdsai\\Downloads\\Kimi_Agent_Flipkart-Style Frontend\\server\\node_modules\\router\\index.js:186:3)\n    at router (C:\\Users\\mdsai\\Downloads\\Kimi_Agent_Flipkart-Style Frontend\\server\\node_modules\\router\\index.js:60:12)\n    at Layer.handleRequest (C:\\Users\\mdsai\\Downloads\\Kimi_Agent_Flipkart-Style Frontend\\server\\node_modules\\router\\lib\\layer.js:152:17)\n    at trimPrefix (C:\\Users\\mdsai\\Downloads\\Kimi_Agent_Flipkart-Style Frontend\\server\\node_modules\\router\\index.js:342:13)\n    at C:\\Users\\mdsai\\Downloads\\Kimi_Agent_Flipkart-Style Frontend\\server\\node_modules\\router\\index.js:297:9\n    at processParams (C:\\Users\\mdsai\\Downloads\\Kimi_Agent_Flipkart-Style Frontend\\server\\node_modules\\router\\index.js:582:12)\n    at next (C:\\Users\\mdsai\\Downloads\\Kimi_Agent_Flipkart-Style Frontend\\server\\node_modules\\router\\index.js:291:5)\n    at next (C:\\Users\\mdsai\\Downloads\\Kimi_Agent_Flipkart-Style Frontend\\server\\middleware\\adminNotificationMiddleware.js:11:16)\n    at Layer.handleRequest (C:\\Users\\mdsai\\Downloads\\Kimi_Agent_Flipkart-Style Frontend\\server\\node_modules\\router\\lib\\layer.js:152:17)\n    at trimPrefix (C:\\Users\\mdsai\\Downloads\\Kimi_Agent_Flipkart-Style Frontend\\server\\node_modules\\router\\index.js:342:13)\n    at C:\\Users\\mdsai\\Downloads\\Kimi_Agent_Flipkart-Style Frontend\\server\\node_modules\\router\\index.js:297:9\n    at processParams (C:\\Users\\mdsai\\Downloads\\Kimi_Agent_Flipkart-Style Frontend\\server\\node_modules\\router\\index.js:582:12)\n    at next (C:\\Users\\mdsai\\Downloads\\Kimi_Agent_Flipkart-Style Frontend\\server\\node_modules\\router\\index.js:291:5)\n    at next (C:\\Users\\mdsai\\Downloads\\Kimi_Agent_Flipkart-Style Frontend\\server\\middleware\\activityEmailMiddleware.js:11:16)\n    at Layer.handleRequest (C:\\Users\\mdsai\\Downloads\\Kimi_Agent_Flipkart-Style Frontend\\server\\node_modules\\router\\lib\\layer.js:152:17)\n    at trimPrefix (C:\\Users\\mdsai\\Downloads\\Kimi_Agent_Flipkart-Style Frontend\\server\\node_modules\\router\\index.js:342:13)\n    at C:\\Users\\mdsai\\Downloads\\Kimi_Agent_Flipkart-Style Frontend\\server\\node_modules\\router\\index.js:297:9\n    at processParams (C:\\Users\\mdsai\\Downloads\\Kimi_Agent_Flipkart-Style Frontend\\server\\node_modules\\router\\index.js:582:12)\n    at next (C:\\Users\\mdsai\\Downloads\\Kimi_Agent_Flipkart-Style Frontend\\server\\node_modules\\router\\index.js:291:5)\n    at next (C:\\Users\\mdsai\\Downloads\\Kimi_Agent_Flipkart-Style Frontend\\server\\middleware\\xssSanitizer.js:36:5)\n    at Layer.handleRequest (C:\\Users\\mdsai\\Downloads\\Kimi_Agent_Flipkart-Style Frontend\\server\\node_modules\\router\\lib\\layer.js:152:17)\n    at trimPrefix (C:\\Users\\mdsai\\Downloads\\Kimi_Agent_Flipkart-Style Frontend\\server\\node_modules\\router\\index.js:342:13)\n    at C:\\Users\\mdsai\\Downloads\\Kimi_Agent_Flipkart-Style Frontend\\server\\node_modules\\router\\index.js:297:9\n    at processParams (C:\\Users\\mdsai\\Downloads\\Kimi_Agent_Flipkart-Style Frontend\\server\\node_modules\\router\\index.js:582:12)\n    at next (C:\\Users\\mdsai\\Downloads\\Kimi_Agent_Flipkart-Style Frontend\\server\\node_modules\\router\\index.js:291:5)\n    at next (C:\\Users\\mdsai\\Downloads\\Kimi_Agent_Flipkart-Style Frontend\\server\\middleware\\securityMiddleware.js:37:9)\n    at Layer.handleRequest (C:\\Users\\mdsai\\Downloads\\Kimi_Agent_Flipkart-Style Frontend\\server\\node_modules\\router\\lib\\layer.js:152:17)\n    at trimPrefix (C:\\Users\\mdsai\\Downloads\\Kimi_Agent_Flipkart-Style Frontend\\server\\node_modules\\router\\index.js:342:13)\n    at C:\\Users\\mdsai\\Downloads\\Kimi_Agent_Flipkart-Style Frontend\\server\\node_modules\\router\\index.js:297:9\n    at processParams (C:\\Users\\mdsai\\Downloads\\Kimi_Agent_Flipkart-Style Frontend\\server\\node_modules\\router\\index.js:582:12)\n    at next (C:\\Users\\mdsai\\Downloads\\Kimi_Agent_Flipkart-Style Frontend\\server\\node_modules\\router\\index.js:291:5)\n    at C:\\Users\\mdsai\\Downloads\\Kimi_Agent_Flipkart-Style Frontend\\server\\node_modules\\body-parser\\lib\\read.js:171:5\n    at AsyncResource.runInAsyncScope (node:async_hooks:214:14)\n    at invokeCallback (C:\\Users\\mdsai\\Downloads\\Kimi_Agent_Flipkart-Style Frontend\\server\\node_modules\\raw-body\\index.js:238:16)\n    at done (C:\\Users\\mdsai\\Downloads\\Kimi_Agent_Flipkart-Style Frontend\\server\\node_modules\\raw-body\\index.js:227:7)\n    at IncomingMessage.onEnd (C:\\Users\\mdsai\\Downloads\\Kimi_Agent_Flipkart-Style Frontend\\server\\node_modules\\raw-body\\index.js:287:7)\n    at IncomingMessage.emit (node:events:508:28)\n    at endReadableNT (node:internal/streams/readable:1701:12)\n    at processTicksAndRejections (node:internal/process/task_queues:89:21)","name":"Error"},"type":"AppError","method":"POST","url":"/api/otp/send","statusCode":400,"requestId":"8309f3d2-8ab9-4324-9d63-6b6425fa31ff","clientSessionId":"","clientRoute":""}

    [0m [90m 24 |[39m     info[33m:[39m (message[33m,[39m meta) [33m=>[39m console[33m.[39mlog(formatMessage([32m'info'[39m[33m,[39m message[33m,[39m meta))[33m,[39m
     [90m 25 |[39m     warn[33m:[39m (message[33m,[39m meta) [33m=>[39m console[33m.[39mwarn(formatMessage([32m'warn'[39m[33m,[39m message[33m,[39m meta))[33m,[39m
    [31m[1m>[22m[39m[90m 26 |[39m     error[33m:[39m (message[33m,[39m meta) [33m=>[39m console[33m.[39merror(formatMessage([32m'error'[39m[33m,[39m message[33m,[39m meta))[33m,[39m
     [90m    |[39m                                       [31m[1m^[22m[39m
     [90m 27 |[39m     debug[33m:[39m (message[33m,[39m meta) [33m=>[39m {
     [90m 28 |[39m         [36mif[39m (process[33m.[39menv[33m.[39m[33mNODE_ENV[39m [33m!==[39m [32m'production'[39m) {
     [90m 29 |[39m             console[33m.[39mdebug(formatMessage([32m'debug'[39m[33m,[39m message[33m,[39m meta))[33m;[39m[0m

      at Object.error (utils/logger.js:26:39)
      at error (middleware/errorMiddleware.js:34:12)
      at Layer.handleError (node_modules/router/lib/layer.js:116:17)
      at trimPrefix (node_modules/router/index.js:340:13)
      at node_modules/router/index.js:297:9
      at processParams (node_modules/router/index.js:582:12)
      at next (node_modules/router/index.js:291:5)
      at Layer.handleError (node_modules/router/lib/layer.js:111:12)
      at trimPrefix (node_modules/router/index.js:340:13)
      at node_modules/router/index.js:297:9
      at processParams (node_modules/router/index.js:582:12)
      at next (node_modules/router/index.js:291:5)
      at node_modules/router/index.js:688:15
      at next (node_modules/router/index.js:276:14)
      at next (node_modules/router/lib/route.js:132:14)
      at next (controllers/otpController.js:453:16)
      at asyncUtilWrap (node_modules/express-async-handler/index.js:3:20)
      at Layer.handleRequest (node_modules/router/lib/layer.js:152:17)
      at next (node_modules/router/lib/route.js:157:13)
      at next (middleware/distributedRateLimit.js:103:53)
      at Layer.handleRequest (node_modules/router/lib/layer.js:152:17)
      at next (node_modules/router/lib/route.js:157:13)
      at Route.dispatch (node_modules/router/lib/route.js:117:3)
      at handle (node_modules/router/index.js:435:11)
      at Layer.handleRequest (node_modules/router/lib/layer.js:152:17)
      at node_modules/router/index.js:295:15
      at processParams (node_modules/router/index.js:582:12)
      at next (node_modules/router/index.js:291:5)
      at router.handle (node_modules/router/index.js:186:3)
      at router (node_modules/router/index.js:60:12)
      at Layer.handleRequest (node_modules/router/lib/layer.js:152:17)
      at trimPrefix (node_modules/router/index.js:342:13)
      at node_modules/router/index.js:297:9
      at processParams (node_modules/router/index.js:582:12)
      at next (node_modules/router/index.js:291:5)
      at next (middleware/adminNotificationMiddleware.js:11:16)
      at Layer.handleRequest (node_modules/router/lib/layer.js:152:17)
      at trimPrefix (node_modules/router/index.js:342:13)
      at node_modules/router/index.js:297:9
      at processParams (node_modules/router/index.js:582:12)
      at next (node_modules/router/index.js:291:5)
      at next (middleware/activityEmailMiddleware.js:11:16)
      at Layer.handleRequest (node_modules/router/lib/layer.js:152:17)
      at trimPrefix (node_modules/router/index.js:342:13)
      at node_modules/router/index.js:297:9
      at processParams (node_modules/router/index.js:582:12)
      at next (node_modules/router/index.js:291:5)
      at next (middleware/xssSanitizer.js:36:5)
      at Layer.handleRequest (node_modules/router/lib/layer.js:152:17)
      at trimPrefix (node_modules/router/index.js:342:13)
      at node_modules/router/index.js:297:9
      at processParams (node_modules/router/index.js:582:12)
      at next (node_modules/router/index.js:291:5)
      at next (middleware/securityMiddleware.js:37:9)
      at Layer.handleRequest (node_modules/router/lib/layer.js:152:17)
      at trimPrefix (node_modules/router/index.js:342:13)
      at node_modules/router/index.js:297:9
      at processParams (node_modules/router/index.js:582:12)
      at next (node_modules/router/index.js:291:5)
      at node_modules/body-parser/lib/read.js:171:5
      at invokeCallback (node_modules/raw-body/index.js:238:16)
      at done (node_modules/raw-body/index.js:227:7)
      at IncomingMessage.onEnd (node_modules/raw-body/index.js:287:7)

  console.log
    {"timestamp":"2026-03-16T16:46:58.317Z","level":"info","message":"HTTP Request","hostname":"LAPTOP-2S5UTCOT","pid":14884,"method":"POST","url":"/api/otp/send","status":400,"durationMs":9,"requestId":"8309f3d2-8ab9-4324-9d63-6b6425fa31ff","clientSessionId":"","clientRoute":"","ip":"::ffff:127.0.0.1"}

      at Object.log [as info] (utils/logger.js:24:38)

  console.error
    {"timestamp":"2026-03-16T16:46:58.350Z","level":"error","message":"Valid phone number is required","hostname":"LAPTOP-2S5UTCOT","pid":14884,"error":{"message":"Valid phone number is required","stack":"Error: Valid phone number is required\n    at C:\\Users\\mdsai\\Downloads\\Kimi_Agent_Flipkart-Style Frontend\\server\\controllers\\otpController.js:481:21\n    at asyncUtilWrap (C:\\Users\\mdsai\\Downloads\\Kimi_Agent_Flipkart-Style Frontend\\server\\node_modules\\express-async-handler\\index.js:3:20)\n    at Layer.handleRequest (C:\\Users\\mdsai\\Downloads\\Kimi_Agent_Flipkart-Style Frontend\\server\\node_modules\\router\\lib\\layer.js:152:17)\n    at next (C:\\Users\\mdsai\\Downloads\\Kimi_Agent_Flipkart-Style Frontend\\server\\node_modules\\router\\lib\\route.js:157:13)\n    at next (C:\\Users\\mdsai\\Downloads\\Kimi_Agent_Flipkart-Style Frontend\\server\\middleware\\distributedRateLimit.js:103:53)\n    at Layer.handleRequest (C:\\Users\\mdsai\\Downloads\\Kimi_Agent_Flipkart-Style Frontend\\server\\node_modules\\router\\lib\\layer.js:152:17)\n    at next (C:\\Users\\mdsai\\Downloads\\Kimi_Agent_Flipkart-Style Frontend\\server\\node_modules\\router\\lib\\route.js:157:13)\n    at Route.dispatch (C:\\Users\\mdsai\\Downloads\\Kimi_Agent_Flipkart-Style Frontend\\server\\node_modules\\router\\lib\\route.js:117:3)\n    at handle (C:\\Users\\mdsai\\Downloads\\Kimi_Agent_Flipkart-Style Frontend\\server\\node_modules\\router\\index.js:435:11)\n    at Layer.handleRequest (C:\\Users\\mdsai\\Downloads\\Kimi_Agent_Flipkart-Style Frontend\\server\\node_modules\\router\\lib\\layer.js:152:17)\n    at C:\\Users\\mdsai\\Downloads\\Kimi_Agent_Flipkart-Style Frontend\\server\\node_modules\\router\\index.js:295:15\n    at processParams (C:\\Users\\mdsai\\Downloads\\Kimi_Agent_Flipkart-Style Frontend\\server\\node_modules\\router\\index.js:582:12)\n    at next (C:\\Users\\mdsai\\Downloads\\Kimi_Agent_Flipkart-Style Frontend\\server\\node_modules\\router\\index.js:291:5)\n    at router.handle (C:\\Users\\mdsai\\Downloads\\Kimi_Agent_Flipkart-Style Frontend\\server\\node_modules\\router\\index.js:186:3)\n    at router (C:\\Users\\mdsai\\Downloads\\Kimi_Agent_Flipkart-Style Frontend\\server\\node_modules\\router\\index.js:60:12)\n    at Layer.handleRequest (C:\\Users\\mdsai\\Downloads\\Kimi_Agent_Flipkart-Style Frontend\\server\\node_modules\\router\\lib\\layer.js:152:17)\n    at trimPrefix (C:\\Users\\mdsai\\Downloads\\Kimi_Agent_Flipkart-Style Frontend\\server\\node_modules\\router\\index.js:342:13)\n    at C:\\Users\\mdsai\\Downloads\\Kimi_Agent_Flipkart-Style Frontend\\server\\node_modules\\router\\index.js:297:9\n    at processParams (C:\\Users\\mdsai\\Downloads\\Kimi_Agent_Flipkart-Style Frontend\\server\\node_modules\\router\\index.js:582:12)\n    at next (C:\\Users\\mdsai\\Downloads\\Kimi_Agent_Flipkart-Style Frontend\\server\\node_modules\\router\\index.js:291:5)\n    at next (C:\\Users\\mdsai\\Downloads\\Kimi_Agent_Flipkart-Style Frontend\\server\\middleware\\adminNotificationMiddleware.js:11:16)\n    at Layer.handleRequest (C:\\Users\\mdsai\\Downloads\\Kimi_Agent_Flipkart-Style Frontend\\server\\node_modules\\router\\lib\\layer.js:152:17)\n    at trimPrefix (C:\\Users\\mdsai\\Downloads\\Kimi_Agent_Flipkart-Style Frontend\\server\\node_modules\\router\\index.js:342:13)\n    at C:\\Users\\mdsai\\Downloads\\Kimi_Agent_Flipkart-Style Frontend\\server\\node_modules\\router\\index.js:297:9\n    at processParams (C:\\Users\\mdsai\\Downloads\\Kimi_Agent_Flipkart-Style Frontend\\server\\node_modules\\router\\index.js:582:12)\n    at next (C:\\Users\\mdsai\\Downloads\\Kimi_Agent_Flipkart-Style Frontend\\server\\node_modules\\router\\index.js:291:5)\n    at next (C:\\Users\\mdsai\\Downloads\\Kimi_Agent_Flipkart-Style Frontend\\server\\middleware\\activityEmailMiddleware.js:11:16)\n    at Layer.handleRequest (C:\\Users\\mdsai\\Downloads\\Kimi_Agent_Flipkart-Style Frontend\\server\\node_modules\\router\\lib\\layer.js:152:17)\n    at trimPrefix (C:\\Users\\mdsai\\Downloads\\Kimi_Agent_Flipkart-Style Frontend\\server\\node_modules\\router\\index.js:342:13)\n    at C:\\Users\\mdsai\\Downloads\\Kimi_Agent_Flipkart-Style Frontend\\server\\node_modules\\router\\index.js:297:9\n    at processParams (C:\\Users\\mdsai\\Downloads\\Kimi_Agent_Flipkart-Style Frontend\\server\\node_modules\\router\\index.js:582:12)\n    at next (C:\\Users\\mdsai\\Downloads\\Kimi_Agent_Flipkart-Style Frontend\\server\\node_modules\\router\\index.js:291:5)\n    at next (C:\\Users\\mdsai\\Downloads\\Kimi_Agent_Flipkart-Style Frontend\\server\\middleware\\xssSanitizer.js:36:5)\n    at Layer.handleRequest (C:\\Users\\mdsai\\Downloads\\Kimi_Agent_Flipkart-Style Frontend\\server\\node_modules\\router\\lib\\layer.js:152:17)\n    at trimPrefix (C:\\Users\\mdsai\\Downloads\\Kimi_Agent_Flipkart-Style Frontend\\server\\node_modules\\router\\index.js:342:13)\n    at C:\\Users\\mdsai\\Downloads\\Kimi_Agent_Flipkart-Style Frontend\\server\\node_modules\\router\\index.js:297:9\n    at processParams (C:\\Users\\mdsai\\Downloads\\Kimi_Agent_Flipkart-Style Frontend\\server\\node_modules\\router\\index.js:582:12)\n    at next (C:\\Users\\mdsai\\Downloads\\Kimi_Agent_Flipkart-Style Frontend\\server\\node_modules\\router\\index.js:291:5)\n    at next (C:\\Users\\mdsai\\Downloads\\Kimi_Agent_Flipkart-Style Frontend\\server\\middleware\\securityMiddleware.js:37:9)\n    at Layer.handleRequest (C:\\Users\\mdsai\\Downloads\\Kimi_Agent_Flipkart-Style Frontend\\server\\node_modules\\router\\lib\\layer.js:152:17)\n    at trimPrefix (C:\\Users\\mdsai\\Downloads\\Kimi_Agent_Flipkart-Style Frontend\\server\\node_modules\\router\\index.js:342:13)\n    at C:\\Users\\mdsai\\Downloads\\Kimi_Agent_Flipkart-Style Frontend\\server\\node_modules\\router\\index.js:297:9\n    at processParams (C:\\Users\\mdsai\\Downloads\\Kimi_Agent_Flipkart-Style Frontend\\server\\node_modules\\router\\index.js:582:12)\n    at next (C:\\Users\\mdsai\\Downloads\\Kimi_Agent_Flipkart-Style Frontend\\server\\node_modules\\router\\index.js:291:5)\n    at C:\\Users\\mdsai\\Downloads\\Kimi_Agent_Flipkart-Style Frontend\\server\\node_modules\\body-parser\\lib\\read.js:171:5\n    at AsyncResource.runInAsyncScope (node:async_hooks:214:14)\n    at invokeCallback (C:\\Users\\mdsai\\Downloads\\Kimi_Agent_Flipkart-Style Frontend\\server\\node_modules\\raw-body\\index.js:238:16)\n    at done (C:\\Users\\mdsai\\Downloads\\Kimi_Agent_Flipkart-Style Frontend\\server\\node_modules\\raw-body\\index.js:227:7)\n    at IncomingMessage.onEnd (C:\\Users\\mdsai\\Downloads\\Kimi_Agent_Flipkart-Style Frontend\\server\\node_modules\\raw-body\\index.js:287:7)\n    at IncomingMessage.emit (node:events:508:28)\n    at endReadableNT (node:internal/streams/readable:1701:12)\n    at processTicksAndRejections (node:internal/process/task_queues:89:21)","name":"Error"},"type":"AppError","method":"POST","url":"/api/otp/send","statusCode":400,"requestId":"5a3f96c8-f2e2-408d-8f45-970fad109bef","clientSessionId":"","clientRoute":""}

    [0m [90m 24 |[39m     info[33m:[39m (message[33m,[39m meta) [33m=>[39m console[33m.[39mlog(formatMessage([32m'info'[39m[33m,[39m message[33m,[39m meta))[33m,[39m
     [90m 25 |[39m     warn[33m:[39m (message[33m,[39m meta) [33m=>[39m console[33m.[39mwarn(formatMessage([32m'warn'[39m[33m,[39m message[33m,[39m meta))[33m,[39m
    [31m[1m>[22m[39m[90m 26 |[39m     error[33m:[39m (message[33m,[39m meta) [33m=>[39m console[33m.[39merror(formatMessage([32m'error'[39m[33m,[39m message[33m,[39m meta))[33m,[39m
     [90m    |[39m                                       [31m[1m^[22m[39m
     [90m 27 |[39m     debug[33m:[39m (message[33m,[39m meta) [33m=>[39m {
     [90m 28 |[39m         [36mif[39m (process[33m.[39menv[33m.[39m[33mNODE_ENV[39m [33m!==[39m [32m'production'[39m) {
     [90m 29 |[39m             console[33m.[39mdebug(formatMessage([32m'debug'[39m[33m,[39m message[33m,[39m meta))[33m;[39m[0m

      at Object.error (utils/logger.js:26:39)
      at error (middleware/errorMiddleware.js:34:12)
      at Layer.handleError (node_modules/router/lib/layer.js:116:17)
      at trimPrefix (node_modules/router/index.js:340:13)
      at node_modules/router/index.js:297:9
      at processParams (node_modules/router/index.js:582:12)
      at next (node_modules/router/index.js:291:5)
      at Layer.handleError (node_modules/router/lib/layer.js:111:12)
      at trimPrefix (node_modules/router/index.js:340:13)
      at node_modules/router/index.js:297:9
      at processParams (node_modules/router/index.js:582:12)
      at next (node_modules/router/index.js:291:5)
      at node_modules/router/index.js:688:15
      at next (node_modules/router/index.js:276:14)
      at next (node_modules/router/lib/route.js:132:14)
      at next (controllers/otpController.js:481:16)
      at asyncUtilWrap (node_modules/express-async-handler/index.js:3:20)
      at Layer.handleRequest (node_modules/router/lib/layer.js:152:17)
      at next (node_modules/router/lib/route.js:157:13)
      at next (middleware/distributedRateLimit.js:103:53)
      at Layer.handleRequest (node_modules/router/lib/layer.js:152:17)
      at next (node_modules/router/lib/route.js:157:13)
      at Route.dispatch (node_modules/router/lib/route.js:117:3)
      at handle (node_modules/router/index.js:435:11)
      at Layer.handleRequest (node_modules/router/lib/layer.js:152:17)
      at node_modules/router/index.js:295:15
      at processParams (node_modules/router/index.js:582:12)
      at next (node_modules/router/index.js:291:5)
      at router.handle (node_modules/router/index.js:186:3)
      at router (node_modules/router/index.js:60:12)
      at Layer.handleRequest (node_modules/router/lib/layer.js:152:17)
      at trimPrefix (node_modules/router/index.js:342:13)
      at node_modules/router/index.js:297:9
      at processParams (node_modules/router/index.js:582:12)
      at next (node_modules/router/index.js:291:5)
      at next (middleware/adminNotificationMiddleware.js:11:16)
      at Layer.handleRequest (node_modules/router/lib/layer.js:152:17)
      at trimPrefix (node_modules/router/index.js:342:13)
      at node_modules/router/index.js:297:9
      at processParams (node_modules/router/index.js:582:12)
      at next (node_modules/router/index.js:291:5)
      at next (middleware/activityEmailMiddleware.js:11:16)
      at Layer.handleRequest (node_modules/router/lib/layer.js:152:17)
      at trimPrefix (node_modules/router/index.js:342:13)
      at node_modules/router/index.js:297:9
      at processParams (node_modules/router/index.js:582:12)
      at next (node_modules/router/index.js:291:5)
      at next (middleware/xssSanitizer.js:36:5)
      at Layer.handleRequest (node_modules/router/lib/layer.js:152:17)
      at trimPrefix (node_modules/router/index.js:342:13)
      at node_modules/router/index.js:297:9
      at processParams (node_modules/router/index.js:582:12)
      at next (node_modules/router/index.js:291:5)
      at next (middleware/securityMiddleware.js:37:9)
      at Layer.handleRequest (node_modules/router/lib/layer.js:152:17)
      at trimPrefix (node_modules/router/index.js:342:13)
      at node_modules/router/index.js:297:9
      at processParams (node_modules/router/index.js:582:12)
      at next (node_modules/router/index.js:291:5)
      at node_modules/body-parser/lib/read.js:171:5
      at invokeCallback (node_modules/raw-body/index.js:238:16)
      at done (node_modules/raw-body/index.js:227:7)
      at IncomingMessage.onEnd (node_modules/raw-body/index.js:287:7)

  console.log
    {"timestamp":"2026-03-16T16:46:58.359Z","level":"info","message":"HTTP Request","hostname":"LAPTOP-2S5UTCOT","pid":14884,"method":"POST","url":"/api/otp/send","status":400,"durationMs":12,"requestId":"5a3f96c8-f2e2-408d-8f45-970fad109bef","clientSessionId":"","clientRoute":"","ip":"::ffff:127.0.0.1"}

      at Object.log [as info] (utils/logger.js:24:38)

  console.error
    {"timestamp":"2026-03-16T16:46:58.398Z","level":"error","message":"Valid phone number is required","hostname":"LAPTOP-2S5UTCOT","pid":14884,"error":{"message":"Valid phone number is required","stack":"Error: Valid phone number is required\n    at C:\\Users\\mdsai\\Downloads\\Kimi_Agent_Flipkart-Style Frontend\\server\\controllers\\otpController.js:481:21\n    at asyncUtilWrap (C:\\Users\\mdsai\\Downloads\\Kimi_Agent_Flipkart-Style Frontend\\server\\node_modules\\express-async-handler\\index.js:3:20)\n    at Layer.handleRequest (C:\\Users\\mdsai\\Downloads\\Kimi_Agent_Flipkart-Style Frontend\\server\\node_modules\\router\\lib\\layer.js:152:17)\n    at next (C:\\Users\\mdsai\\Downloads\\Kimi_Agent_Flipkart-Style Frontend\\server\\node_modules\\router\\lib\\route.js:157:13)\n    at next (C:\\Users\\mdsai\\Downloads\\Kimi_Agent_Flipkart-Style Frontend\\server\\middleware\\distributedRateLimit.js:103:53)\n    at Layer.handleRequest (C:\\Users\\mdsai\\Downloads\\Kimi_Agent_Flipkart-Style Frontend\\server\\node_modules\\router\\lib\\layer.js:152:17)\n    at next (C:\\Users\\mdsai\\Downloads\\Kimi_Agent_Flipkart-Style Frontend\\server\\node_modules\\router\\lib\\route.js:157:13)\n    at Route.dispatch (C:\\Users\\mdsai\\Downloads\\Kimi_Agent_Flipkart-Style Frontend\\server\\node_modules\\router\\lib\\route.js:117:3)\n    at handle (C:\\Users\\mdsai\\Downloads\\Kimi_Agent_Flipkart-Style Frontend\\server\\node_modules\\router\\index.js:435:11)\n    at Layer.handleRequest (C:\\Users\\mdsai\\Downloads\\Kimi_Agent_Flipkart-Style Frontend\\server\\node_modules\\router\\lib\\layer.js:152:17)\n    at C:\\Users\\mdsai\\Downloads\\Kimi_Agent_Flipkart-Style Frontend\\server\\node_modules\\router\\index.js:295:15\n    at processParams (C:\\Users\\mdsai\\Downloads\\Kimi_Agent_Flipkart-Style Frontend\\server\\node_modules\\router\\index.js:582:12)\n    at next (C:\\Users\\mdsai\\Downloads\\Kimi_Agent_Flipkart-Style Frontend\\server\\node_modules\\router\\index.js:291:5)\n    at router.handle (C:\\Users\\mdsai\\Downloads\\Kimi_Agent_Flipkart-Style Frontend\\server\\node_modules\\router\\index.js:186:3)\n    at router (C:\\Users\\mdsai\\Downloads\\Kimi_Agent_Flipkart-Style Frontend\\server\\node_modules\\router\\index.js:60:12)\n    at Layer.handleRequest (C:\\Users\\mdsai\\Downloads\\Kimi_Agent_Flipkart-Style Frontend\\server\\node_modules\\router\\lib\\layer.js:152:17)\n    at trimPrefix (C:\\Users\\mdsai\\Downloads\\Kimi_Agent_Flipkart-Style Frontend\\server\\node_modules\\router\\index.js:342:13)\n    at C:\\Users\\mdsai\\Downloads\\Kimi_Agent_Flipkart-Style Frontend\\server\\node_modules\\router\\index.js:297:9\n    at processParams (C:\\Users\\mdsai\\Downloads\\Kimi_Agent_Flipkart-Style Frontend\\server\\node_modules\\router\\index.js:582:12)\n    at next (C:\\Users\\mdsai\\Downloads\\Kimi_Agent_Flipkart-Style Frontend\\server\\node_modules\\router\\index.js:291:5)\n    at next (C:\\Users\\mdsai\\Downloads\\Kimi_Agent_Flipkart-Style Frontend\\server\\middleware\\adminNotificationMiddleware.js:11:16)\n    at Layer.handleRequest (C:\\Users\\mdsai\\Downloads\\Kimi_Agent_Flipkart-Style Frontend\\server\\node_modules\\router\\lib\\layer.js:152:17)\n    at trimPrefix (C:\\Users\\mdsai\\Downloads\\Kimi_Agent_Flipkart-Style Frontend\\server\\node_modules\\router\\index.js:342:13)\n    at C:\\Users\\mdsai\\Downloads\\Kimi_Agent_Flipkart-Style Frontend\\server\\node_modules\\router\\index.js:297:9\n    at processParams (C:\\Users\\mdsai\\Downloads\\Kimi_Agent_Flipkart-Style Frontend\\server\\node_modules\\router\\index.js:582:12)\n    at next (C:\\Users\\mdsai\\Downloads\\Kimi_Agent_Flipkart-Style Frontend\\server\\node_modules\\router\\index.js:291:5)\n    at next (C:\\Users\\mdsai\\Downloads\\Kimi_Agent_Flipkart-Style Frontend\\server\\middleware\\activityEmailMiddleware.js:11:16)\n    at Layer.handleRequest (C:\\Users\\mdsai\\Downloads\\Kimi_Agent_Flipkart-Style Frontend\\server\\node_modules\\router\\lib\\layer.js:152:17)\n    at trimPrefix (C:\\Users\\mdsai\\Downloads\\Kimi_Agent_Flipkart-Style Frontend\\server\\node_modules\\router\\index.js:342:13)\n    at C:\\Users\\mdsai\\Downloads\\Kimi_Agent_Flipkart-Style Frontend\\server\\node_modules\\router\\index.js:297:9\n    at processParams (C:\\Users\\mdsai\\Downloads\\Kimi_Agent_Flipkart-Style Frontend\\server\\node_modules\\router\\index.js:582:12)\n    at next (C:\\Users\\mdsai\\Downloads\\Kimi_Agent_Flipkart-Style Frontend\\server\\node_modules\\router\\index.js:291:5)\n    at next (C:\\Users\\mdsai\\Downloads\\Kimi_Agent_Flipkart-Style Frontend\\server\\middleware\\xssSanitizer.js:36:5)\n    at Layer.handleRequest (C:\\Users\\mdsai\\Downloads\\Kimi_Agent_Flipkart-Style Frontend\\server\\node_modules\\router\\lib\\layer.js:152:17)\n    at trimPrefix (C:\\Users\\mdsai\\Downloads\\Kimi_Agent_Flipkart-Style Frontend\\server\\node_modules\\router\\index.js:342:13)\n    at C:\\Users\\mdsai\\Downloads\\Kimi_Agent_Flipkart-Style Frontend\\server\\node_modules\\router\\index.js:297:9\n    at processParams (C:\\Users\\mdsai\\Downloads\\Kimi_Agent_Flipkart-Style Frontend\\server\\node_modules\\router\\index.js:582:12)\n    at next (C:\\Users\\mdsai\\Downloads\\Kimi_Agent_Flipkart-Style Frontend\\server\\node_modules\\router\\index.js:291:5)\n    at next (C:\\Users\\mdsai\\Downloads\\Kimi_Agent_Flipkart-Style Frontend\\server\\middleware\\securityMiddleware.js:37:9)\n    at Layer.handleRequest (C:\\Users\\mdsai\\Downloads\\Kimi_Agent_Flipkart-Style Frontend\\server\\node_modules\\router\\lib\\layer.js:152:17)\n    at trimPrefix (C:\\Users\\mdsai\\Downloads\\Kimi_Agent_Flipkart-Style Frontend\\server\\node_modules\\router\\index.js:342:13)\n    at C:\\Users\\mdsai\\Downloads\\Kimi_Agent_Flipkart-Style Frontend\\server\\node_modules\\router\\index.js:297:9\n    at processParams (C:\\Users\\mdsai\\Downloads\\Kimi_Agent_Flipkart-Style Frontend\\server\\node_modules\\router\\index.js:582:12)\n    at next (C:\\Users\\mdsai\\Downloads\\Kimi_Agent_Flipkart-Style Frontend\\server\\node_modules\\router\\index.js:291:5)\n    at C:\\Users\\mdsai\\Downloads\\Kimi_Agent_Flipkart-Style Frontend\\server\\node_modules\\body-parser\\lib\\read.js:171:5\n    at AsyncResource.runInAsyncScope (node:async_hooks:214:14)\n    at invokeCallback (C:\\Users\\mdsai\\Downloads\\Kimi_Agent_Flipkart-Style Frontend\\server\\node_modules\\raw-body\\index.js:238:16)\n    at done (C:\\Users\\mdsai\\Downloads\\Kimi_Agent_Flipkart-Style Frontend\\server\\node_modules\\raw-body\\index.js:227:7)\n    at IncomingMessage.onEnd (C:\\Users\\mdsai\\Downloads\\Kimi_Agent_Flipkart-Style Frontend\\server\\node_modules\\raw-body\\index.js:287:7)\n    at IncomingMessage.emit (node:events:508:28)\n    at endReadableNT (node:internal/streams/readable:1701:12)\n    at processTicksAndRejections (node:internal/process/task_queues:89:21)","name":"Error"},"type":"AppError","method":"POST","url":"/api/otp/send","statusCode":400,"requestId":"a9437d54-0928-43a0-b689-9c864bdb67d5","clientSessionId":"","clientRoute":""}

    [0m [90m 24 |[39m     info[33m:[39m (message[33m,[39m meta) [33m=>[39m console[33m.[39mlog(formatMessage([32m'info'[39m[33m,[39m message[33m,[39m meta))[33m,[39m
     [90m 25 |[39m     warn[33m:[39m (message[33m,[39m meta) [33m=>[39m console[33m.[39mwarn(formatMessage([32m'warn'[39m[33m,[39m message[33m,[39m meta))[33m,[39m
    [31m[1m>[22m[39m[90m 26 |[39m     error[33m:[39m (message[33m,[39m meta) [33m=>[39m console[33m.[39merror(formatMessage([32m'error'[39m[33m,[39m message[33m,[39m meta))[33m,[39m
     [90m    |[39m                                       [31m[1m^[22m[39m
     [90m 27 |[39m     debug[33m:[39m (message[33m,[39m meta) [33m=>[39m {
     [90m 28 |[39m         [36mif[39m (process[33m.[39menv[33m.[39m[33mNODE_ENV[39m [33m!==[39m [32m'production'[39m) {
     [90m 29 |[39m             console[33m.[39mdebug(formatMessage([32m'debug'[39m[33m,[39m message[33m,[39m meta))[33m;[39m[0m

      at Object.error (utils/logger.js:26:39)
      at error (middleware/errorMiddleware.js:34:12)
      at Layer.handleError (node_modules/router/lib/layer.js:116:17)
      at trimPrefix (node_modules/router/index.js:340:13)
      at node_modules/router/index.js:297:9
      at processParams (node_modules/router/index.js:582:12)
      at next (node_modules/router/index.js:291:5)
      at Layer.handleError (node_modules/router/lib/layer.js:111:12)
      at trimPrefix (node_modules/router/index.js:340:13)
      at node_modules/router/index.js:297:9
      at processParams (node_modules/router/index.js:582:12)
      at next (node_modules/router/index.js:291:5)
      at node_modules/router/index.js:688:15
      at next (node_modules/router/index.js:276:14)
      at next (node_modules/router/lib/route.js:132:14)
      at next (controllers/otpController.js:481:16)
      at asyncUtilWrap (node_modules/express-async-handler/index.js:3:20)
      at Layer.handleRequest (node_modules/router/lib/layer.js:152:17)
      at next (node_modules/router/lib/route.js:157:13)
      at next (middleware/distributedRateLimit.js:103:53)
      at Layer.handleRequest (node_modules/router/lib/layer.js:152:17)
      at next (node_modules/router/lib/route.js:157:13)
      at Route.dispatch (node_modules/router/lib/route.js:117:3)
      at handle (node_modules/router/index.js:435:11)
      at Layer.handleRequest (node_modules/router/lib/layer.js:152:17)
      at node_modules/router/index.js:295:15
      at processParams (node_modules/router/index.js:582:12)
      at next (node_modules/router/index.js:291:5)
      at router.handle (node_modules/router/index.js:186:3)
      at router (node_modules/router/index.js:60:12)
      at Layer.handleRequest (node_modules/router/lib/layer.js:152:17)
      at trimPrefix (node_modules/router/index.js:342:13)
      at node_modules/router/index.js:297:9
      at processParams (node_modules/router/index.js:582:12)
      at next (node_modules/router/index.js:291:5)
      at next (middleware/adminNotificationMiddleware.js:11:16)
      at Layer.handleRequest (node_modules/router/lib/layer.js:152:17)
      at trimPrefix (node_modules/router/index.js:342:13)
      at node_modules/router/index.js:297:9
      at processParams (node_modules/router/index.js:582:12)
      at next (node_modules/router/index.js:291:5)
      at next (middleware/activityEmailMiddleware.js:11:16)
      at Layer.handleRequest (node_modules/router/lib/layer.js:152:17)
      at trimPrefix (node_modules/router/index.js:342:13)
      at node_modules/router/index.js:297:9
      at processParams (node_modules/router/index.js:582:12)
      at next (node_modules/router/index.js:291:5)
      at next (middleware/xssSanitizer.js:36:5)
      at Layer.handleRequest (node_modules/router/lib/layer.js:152:17)
      at trimPrefix (node_modules/router/index.js:342:13)
      at node_modules/router/index.js:297:9
      at processParams (node_modules/router/index.js:582:12)
      at next (node_modules/router/index.js:291:5)
      at next (middleware/securityMiddleware.js:37:9)
      at Layer.handleRequest (node_modules/router/lib/layer.js:152:17)
      at trimPrefix (node_modules/router/index.js:342:13)
      at node_modules/router/index.js:297:9
      at processParams (node_modules/router/index.js:582:12)
      at next (node_modules/router/index.js:291:5)
      at node_modules/body-parser/lib/read.js:171:5
      at invokeCallback (node_modules/raw-body/index.js:238:16)
      at done (node_modules/raw-body/index.js:227:7)
      at IncomingMessage.onEnd (node_modules/raw-body/index.js:287:7)

  console.log
    {"timestamp":"2026-03-16T16:46:58.404Z","level":"info","message":"HTTP Request","hostname":"LAPTOP-2S5UTCOT","pid":14884,"method":"POST","url":"/api/otp/send","status":400,"durationMs":7,"requestId":"a9437d54-0928-43a0-b689-9c864bdb67d5","clientSessionId":"","clientRoute":"","ip":"::ffff:127.0.0.1"}

      at Object.log [as info] (utils/logger.js:24:38)

  console.error
    {"timestamp":"2026-03-16T16:46:58.419Z","level":"error","message":"Valid phone number is required","hostname":"LAPTOP-2S5UTCOT","pid":14884,"error":{"message":"Valid phone number is required","stack":"Error: Valid phone number is required\n    at C:\\Users\\mdsai\\Downloads\\Kimi_Agent_Flipkart-Style Frontend\\server\\controllers\\otpController.js:481:21\n    at asyncUtilWrap (C:\\Users\\mdsai\\Downloads\\Kimi_Agent_Flipkart-Style Frontend\\server\\node_modules\\express-async-handler\\index.js:3:20)\n    at Layer.handleRequest (C:\\Users\\mdsai\\Downloads\\Kimi_Agent_Flipkart-Style Frontend\\server\\node_modules\\router\\lib\\layer.js:152:17)\n    at next (C:\\Users\\mdsai\\Downloads\\Kimi_Agent_Flipkart-Style Frontend\\server\\node_modules\\router\\lib\\route.js:157:13)\n    at next (C:\\Users\\mdsai\\Downloads\\Kimi_Agent_Flipkart-Style Frontend\\server\\middleware\\distributedRateLimit.js:103:53)\n    at Layer.handleRequest (C:\\Users\\mdsai\\Downloads\\Kimi_Agent_Flipkart-Style Frontend\\server\\node_modules\\router\\lib\\layer.js:152:17)\n    at next (C:\\Users\\mdsai\\Downloads\\Kimi_Agent_Flipkart-Style Frontend\\server\\node_modules\\router\\lib\\route.js:157:13)\n    at Route.dispatch (C:\\Users\\mdsai\\Downloads\\Kimi_Agent_Flipkart-Style Frontend\\server\\node_modules\\router\\lib\\route.js:117:3)\n    at handle (C:\\Users\\mdsai\\Downloads\\Kimi_Agent_Flipkart-Style Frontend\\server\\node_modules\\router\\index.js:435:11)\n    at Layer.handleRequest (C:\\Users\\mdsai\\Downloads\\Kimi_Agent_Flipkart-Style Frontend\\server\\node_modules\\router\\lib\\layer.js:152:17)\n    at C:\\Users\\mdsai\\Downloads\\Kimi_Agent_Flipkart-Style Frontend\\server\\node_modules\\router\\index.js:295:15\n    at processParams (C:\\Users\\mdsai\\Downloads\\Kimi_Agent_Flipkart-Style Frontend\\server\\node_modules\\router\\index.js:582:12)\n    at next (C:\\Users\\mdsai\\Downloads\\Kimi_Agent_Flipkart-Style Frontend\\server\\node_modules\\router\\index.js:291:5)\n    at router.handle (C:\\Users\\mdsai\\Downloads\\Kimi_Agent_Flipkart-Style Frontend\\server\\node_modules\\router\\index.js:186:3)\n    at router (C:\\Users\\mdsai\\Downloads\\Kimi_Agent_Flipkart-Style Frontend\\server\\node_modules\\router\\index.js:60:12)\n    at Layer.handleRequest (C:\\Users\\mdsai\\Downloads\\Kimi_Agent_Flipkart-Style Frontend\\server\\node_modules\\router\\lib\\layer.js:152:17)\n    at trimPrefix (C:\\Users\\mdsai\\Downloads\\Kimi_Agent_Flipkart-Style Frontend\\server\\node_modules\\router\\index.js:342:13)\n    at C:\\Users\\mdsai\\Downloads\\Kimi_Agent_Flipkart-Style Frontend\\server\\node_modules\\router\\index.js:297:9\n    at processParams (C:\\Users\\mdsai\\Downloads\\Kimi_Agent_Flipkart-Style Frontend\\server\\node_modules\\router\\index.js:582:12)\n    at next (C:\\Users\\mdsai\\Downloads\\Kimi_Agent_Flipkart-Style Frontend\\server\\node_modules\\router\\index.js:291:5)\n    at next (C:\\Users\\mdsai\\Downloads\\Kimi_Agent_Flipkart-Style Frontend\\server\\middleware\\adminNotificationMiddleware.js:11:16)\n    at Layer.handleRequest (C:\\Users\\mdsai\\Downloads\\Kimi_Agent_Flipkart-Style Frontend\\server\\node_modules\\router\\lib\\layer.js:152:17)\n    at trimPrefix (C:\\Users\\mdsai\\Downloads\\Kimi_Agent_Flipkart-Style Frontend\\server\\node_modules\\router\\index.js:342:13)\n    at C:\\Users\\mdsai\\Downloads\\Kimi_Agent_Flipkart-Style Frontend\\server\\node_modules\\router\\index.js:297:9\n    at processParams (C:\\Users\\mdsai\\Downloads\\Kimi_Agent_Flipkart-Style Frontend\\server\\node_modules\\router\\index.js:582:12)\n    at next (C:\\Users\\mdsai\\Downloads\\Kimi_Agent_Flipkart-Style Frontend\\server\\node_modules\\router\\index.js:291:5)\n    at next (C:\\Users\\mdsai\\Downloads\\Kimi_Agent_Flipkart-Style Frontend\\server\\middleware\\activityEmailMiddleware.js:11:16)\n    at Layer.handleRequest (C:\\Users\\mdsai\\Downloads\\Kimi_Agent_Flipkart-Style Frontend\\server\\node_modules\\router\\lib\\layer.js:152:17)\n    at trimPrefix (C:\\Users\\mdsai\\Downloads\\Kimi_Agent_Flipkart-Style Frontend\\server\\node_modules\\router\\index.js:342:13)\n    at C:\\Users\\mdsai\\Downloads\\Kimi_Agent_Flipkart-Style Frontend\\server\\node_modules\\router\\index.js:297:9\n    at processParams (C:\\Users\\mdsai\\Downloads\\Kimi_Agent_Flipkart-Style Frontend\\server\\node_modules\\router\\index.js:582:12)\n    at next (C:\\Users\\mdsai\\Downloads\\Kimi_Agent_Flipkart-Style Frontend\\server\\node_modules\\router\\index.js:291:5)\n    at next (C:\\Users\\mdsai\\Downloads\\Kimi_Agent_Flipkart-Style Frontend\\server\\middleware\\xssSanitizer.js:36:5)\n    at Layer.handleRequest (C:\\Users\\mdsai\\Downloads\\Kimi_Agent_Flipkart-Style Frontend\\server\\node_modules\\router\\lib\\layer.js:152:17)\n    at trimPrefix (C:\\Users\\mdsai\\Downloads\\Kimi_Agent_Flipkart-Style Frontend\\server\\node_modules\\router\\index.js:342:13)\n    at C:\\Users\\mdsai\\Downloads\\Kimi_Agent_Flipkart-Style Frontend\\server\\node_modules\\router\\index.js:297:9\n    at processParams (C:\\Users\\mdsai\\Downloads\\Kimi_Agent_Flipkart-Style Frontend\\server\\node_modules\\router\\index.js:582:12)\n    at next (C:\\Users\\mdsai\\Downloads\\Kimi_Agent_Flipkart-Style Frontend\\server\\node_modules\\router\\index.js:291:5)\n    at next (C:\\Users\\mdsai\\Downloads\\Kimi_Agent_Flipkart-Style Frontend\\server\\middleware\\securityMiddleware.js:37:9)\n    at Layer.handleRequest (C:\\Users\\mdsai\\Downloads\\Kimi_Agent_Flipkart-Style Frontend\\server\\node_modules\\router\\lib\\layer.js:152:17)\n    at trimPrefix (C:\\Users\\mdsai\\Downloads\\Kimi_Agent_Flipkart-Style Frontend\\server\\node_modules\\router\\index.js:342:13)\n    at C:\\Users\\mdsai\\Downloads\\Kimi_Agent_Flipkart-Style Frontend\\server\\node_modules\\router\\index.js:297:9\n    at processParams (C:\\Users\\mdsai\\Downloads\\Kimi_Agent_Flipkart-Style Frontend\\server\\node_modules\\router\\index.js:582:12)\n    at next (C:\\Users\\mdsai\\Downloads\\Kimi_Agent_Flipkart-Style Frontend\\server\\node_modules\\router\\index.js:291:5)\n    at C:\\Users\\mdsai\\Downloads\\Kimi_Agent_Flipkart-Style Frontend\\server\\node_modules\\body-parser\\lib\\read.js:171:5\n    at AsyncResource.runInAsyncScope (node:async_hooks:214:14)\n    at invokeCallback (C:\\Users\\mdsai\\Downloads\\Kimi_Agent_Flipkart-Style Frontend\\server\\node_modules\\raw-body\\index.js:238:16)\n    at done (C:\\Users\\mdsai\\Downloads\\Kimi_Agent_Flipkart-Style Frontend\\server\\node_modules\\raw-body\\index.js:227:7)\n    at IncomingMessage.onEnd (C:\\Users\\mdsai\\Downloads\\Kimi_Agent_Flipkart-Style Frontend\\server\\node_modules\\raw-body\\index.js:287:7)\n    at IncomingMessage.emit (node:events:508:28)\n    at endReadableNT (node:internal/streams/readable:1701:12)\n    at processTicksAndRejections (node:internal/process/task_queues:89:21)","name":"Error"},"type":"AppError","method":"POST","url":"/api/otp/send","statusCode":400,"requestId":"823f6e6b-3ad3-43e6-a918-56c7345013ad","clientSessionId":"","clientRoute":""}

    [0m [90m 24 |[39m     info[33m:[39m (message[33m,[39m meta) [33m=>[39m console[33m.[39mlog(formatMessage([32m'info'[39m[33m,[39m message[33m,[39m meta))[33m,[39m
     [90m 25 |[39m     warn[33m:[39m (message[33m,[39m meta) [33m=>[39m console[33m.[39mwarn(formatMessage([32m'warn'[39m[33m,[39m message[33m,[39m meta))[33m,[39m
    [31m[1m>[22m[39m[90m 26 |[39m     error[33m:[39m (message[33m,[39m meta) [33m=>[39m console[33m.[39merror(formatMessage([32m'error'[39m[33m,[39m message[33m,[39m meta))[33m,[39m
     [90m    |[39m                                       [31m[1m^[22m[39m
     [90m 27 |[39m     debug[33m:[39m (message[33m,[39m meta) [33m=>[39m {
     [90m 28 |[39m         [36mif[39m (process[33m.[39menv[33m.[39m[33mNODE_ENV[39m [33m!==[39m [32m'production'[39m) {
     [90m 29 |[39m             console[33m.[39mdebug(formatMessage([32m'debug'[39m[33m,[39m message[33m,[39m meta))[33m;[39m[0m

      at Object.error (utils/logger.js:26:39)
      at error (middleware/errorMiddleware.js:34:12)
      at Layer.handleError (node_modules/router/lib/layer.js:116:17)
      at trimPrefix (node_modules/router/index.js:340:13)
      at node_modules/router/index.js:297:9
      at processParams (node_modules/router/index.js:582:12)
      at next (node_modules/router/index.js:291:5)
      at Layer.handleError (node_modules/router/lib/layer.js:111:12)
      at trimPrefix (node_modules/router/index.js:340:13)
      at node_modules/router/index.js:297:9
      at processParams (node_modules/router/index.js:582:12)
      at next (node_modules/router/index.js:291:5)
      at node_modules/router/index.js:688:15
      at next (node_modules/router/index.js:276:14)
      at next (node_modules/router/lib/route.js:132:14)
      at next (controllers/otpController.js:481:16)
      at asyncUtilWrap (node_modules/express-async-handler/index.js:3:20)
      at Layer.handleRequest (node_modules/router/lib/layer.js:152:17)
      at next (node_modules/router/lib/route.js:157:13)
      at next (middleware/distributedRateLimit.js:103:53)
      at Layer.handleRequest (node_modules/router/lib/layer.js:152:17)
      at next (node_modules/router/lib/route.js:157:13)
      at Route.dispatch (node_modules/router/lib/route.js:117:3)
      at handle (node_modules/router/index.js:435:11)
      at Layer.handleRequest (node_modules/router/lib/layer.js:152:17)
      at node_modules/router/index.js:295:15
      at processParams (node_modules/router/index.js:582:12)
      at next (node_modules/router/index.js:291:5)
      at router.handle (node_modules/router/index.js:186:3)
      at router (node_modules/router/index.js:60:12)
      at Layer.handleRequest (node_modules/router/lib/layer.js:152:17)
      at trimPrefix (node_modules/router/index.js:342:13)
      at node_modules/router/index.js:297:9
      at processParams (node_modules/router/index.js:582:12)
      at next (node_modules/router/index.js:291:5)
      at next (middleware/adminNotificationMiddleware.js:11:16)
      at Layer.handleRequest (node_modules/router/lib/layer.js:152:17)
      at trimPrefix (node_modules/router/index.js:342:13)
      at node_modules/router/index.js:297:9
      at processParams (node_modules/router/index.js:582:12)
      at next (node_modules/router/index.js:291:5)
      at next (middleware/activityEmailMiddleware.js:11:16)
      at Layer.handleRequest (node_modules/router/lib/layer.js:152:17)
      at trimPrefix (node_modules/router/index.js:342:13)
      at node_modules/router/index.js:297:9
      at processParams (node_modules/router/index.js:582:12)
      at next (node_modules/router/index.js:291:5)
      at next (middleware/xssSanitizer.js:36:5)
      at Layer.handleRequest (node_modules/router/lib/layer.js:152:17)
      at trimPrefix (node_modules/router/index.js:342:13)
      at node_modules/router/index.js:297:9
      at processParams (node_modules/router/index.js:582:12)
      at next (node_modules/router/index.js:291:5)
      at next (middleware/securityMiddleware.js:37:9)
      at Layer.handleRequest (node_modules/router/lib/layer.js:152:17)
      at trimPrefix (node_modules/router/index.js:342:13)
      at node_modules/router/index.js:297:9
      at processParams (node_modules/router/index.js:582:12)
      at next (node_modules/router/index.js:291:5)
      at node_modules/body-parser/lib/read.js:171:5
      at invokeCallback (node_modules/raw-body/index.js:238:16)
      at done (node_modules/raw-body/index.js:227:7)
      at IncomingMessage.onEnd (node_modules/raw-body/index.js:287:7)

  console.log
    {"timestamp":"2026-03-16T16:46:58.427Z","level":"info","message":"HTTP Request","hostname":"LAPTOP-2S5UTCOT","pid":14884,"method":"POST","url":"/api/otp/send","status":400,"durationMs":9,"requestId":"823f6e6b-3ad3-43e6-a918-56c7345013ad","clientSessionId":"","clientRoute":"","ip":"::ffff:127.0.0.1"}

      at Object.log [as info] (utils/logger.js:24:38)

  console.error
    {"timestamp":"2026-03-16T16:46:58.442Z","level":"error","message":"Email is required","hostname":"LAPTOP-2S5UTCOT","pid":14884,"error":{"message":"Email is required","stack":"Error: Email is required\n    at C:\\Users\\mdsai\\Downloads\\Kimi_Agent_Flipkart-Style Frontend\\server\\controllers\\otpController.js:447:21\n    at asyncUtilWrap (C:\\Users\\mdsai\\Downloads\\Kimi_Agent_Flipkart-Style Frontend\\server\\node_modules\\express-async-handler\\index.js:3:20)\n    at Layer.handleRequest (C:\\Users\\mdsai\\Downloads\\Kimi_Agent_Flipkart-Style Frontend\\server\\node_modules\\router\\lib\\layer.js:152:17)\n    at next (C:\\Users\\mdsai\\Downloads\\Kimi_Agent_Flipkart-Style Frontend\\server\\node_modules\\router\\lib\\route.js:157:13)\n    at next (C:\\Users\\mdsai\\Downloads\\Kimi_Agent_Flipkart-Style Frontend\\server\\middleware\\distributedRateLimit.js:103:53)\n    at Layer.handleRequest (C:\\Users\\mdsai\\Downloads\\Kimi_Agent_Flipkart-Style Frontend\\server\\node_modules\\router\\lib\\layer.js:152:17)\n    at next (C:\\Users\\mdsai\\Downloads\\Kimi_Agent_Flipkart-Style Frontend\\server\\node_modules\\router\\lib\\route.js:157:13)\n    at Route.dispatch (C:\\Users\\mdsai\\Downloads\\Kimi_Agent_Flipkart-Style Frontend\\server\\node_modules\\router\\lib\\route.js:117:3)\n    at handle (C:\\Users\\mdsai\\Downloads\\Kimi_Agent_Flipkart-Style Frontend\\server\\node_modules\\router\\index.js:435:11)\n    at Layer.handleRequest (C:\\Users\\mdsai\\Downloads\\Kimi_Agent_Flipkart-Style Frontend\\server\\node_modules\\router\\lib\\layer.js:152:17)\n    at C:\\Users\\mdsai\\Downloads\\Kimi_Agent_Flipkart-Style Frontend\\server\\node_modules\\router\\index.js:295:15\n    at processParams (C:\\Users\\mdsai\\Downloads\\Kimi_Agent_Flipkart-Style Frontend\\server\\node_modules\\router\\index.js:582:12)\n    at next (C:\\Users\\mdsai\\Downloads\\Kimi_Agent_Flipkart-Style Frontend\\server\\node_modules\\router\\index.js:291:5)\n    at router.handle (C:\\Users\\mdsai\\Downloads\\Kimi_Agent_Flipkart-Style Frontend\\server\\node_modules\\router\\index.js:186:3)\n    at router (C:\\Users\\mdsai\\Downloads\\Kimi_Agent_Flipkart-Style Frontend\\server\\node_modules\\router\\index.js:60:12)\n    at Layer.handleRequest (C:\\Users\\mdsai\\Downloads\\Kimi_Agent_Flipkart-Style Frontend\\server\\node_modules\\router\\lib\\layer.js:152:17)\n    at trimPrefix (C:\\Users\\mdsai\\Downloads\\Kimi_Agent_Flipkart-Style Frontend\\server\\node_modules\\router\\index.js:342:13)\n    at C:\\Users\\mdsai\\Downloads\\Kimi_Agent_Flipkart-Style Frontend\\server\\node_modules\\router\\index.js:297:9\n    at processParams (C:\\Users\\mdsai\\Downloads\\Kimi_Agent_Flipkart-Style Frontend\\server\\node_modules\\router\\index.js:582:12)\n    at next (C:\\Users\\mdsai\\Downloads\\Kimi_Agent_Flipkart-Style Frontend\\server\\node_modules\\router\\index.js:291:5)\n    at next (C:\\Users\\mdsai\\Downloads\\Kimi_Agent_Flipkart-Style Frontend\\server\\middleware\\adminNotificationMiddleware.js:11:16)\n    at Layer.handleRequest (C:\\Users\\mdsai\\Downloads\\Kimi_Agent_Flipkart-Style Frontend\\server\\node_modules\\router\\lib\\layer.js:152:17)\n    at trimPrefix (C:\\Users\\mdsai\\Downloads\\Kimi_Agent_Flipkart-Style Frontend\\server\\node_modules\\router\\index.js:342:13)\n    at C:\\Users\\mdsai\\Downloads\\Kimi_Agent_Flipkart-Style Frontend\\server\\node_modules\\router\\index.js:297:9\n    at processParams (C:\\Users\\mdsai\\Downloads\\Kimi_Agent_Flipkart-Style Frontend\\server\\node_modules\\router\\index.js:582:12)\n    at next (C:\\Users\\mdsai\\Downloads\\Kimi_Agent_Flipkart-Style Frontend\\server\\node_modules\\router\\index.js:291:5)\n    at next (C:\\Users\\mdsai\\Downloads\\Kimi_Agent_Flipkart-Style Frontend\\server\\middleware\\activityEmailMiddleware.js:11:16)\n    at Layer.handleRequest (C:\\Users\\mdsai\\Downloads\\Kimi_Agent_Flipkart-Style Frontend\\server\\node_modules\\router\\lib\\layer.js:152:17)\n    at trimPrefix (C:\\Users\\mdsai\\Downloads\\Kimi_Agent_Flipkart-Style Frontend\\server\\node_modules\\router\\index.js:342:13)\n    at C:\\Users\\mdsai\\Downloads\\Kimi_Agent_Flipkart-Style Frontend\\server\\node_modules\\router\\index.js:297:9\n    at processParams (C:\\Users\\mdsai\\Downloads\\Kimi_Agent_Flipkart-Style Frontend\\server\\node_modules\\router\\index.js:582:12)\n    at next (C:\\Users\\mdsai\\Downloads\\Kimi_Agent_Flipkart-Style Frontend\\server\\node_modules\\router\\index.js:291:5)\n    at next (C:\\Users\\mdsai\\Downloads\\Kimi_Agent_Flipkart-Style Frontend\\server\\middleware\\xssSanitizer.js:36:5)\n    at Layer.handleRequest (C:\\Users\\mdsai\\Downloads\\Kimi_Agent_Flipkart-Style Frontend\\server\\node_modules\\router\\lib\\layer.js:152:17)\n    at trimPrefix (C:\\Users\\mdsai\\Downloads\\Kimi_Agent_Flipkart-Style Frontend\\server\\node_modules\\router\\index.js:342:13)\n    at C:\\Users\\mdsai\\Downloads\\Kimi_Agent_Flipkart-Style Frontend\\server\\node_modules\\router\\index.js:297:9\n    at processParams (C:\\Users\\mdsai\\Downloads\\Kimi_Agent_Flipkart-Style Frontend\\server\\node_modules\\router\\index.js:582:12)\n    at next (C:\\Users\\mdsai\\Downloads\\Kimi_Agent_Flipkart-Style Frontend\\server\\node_modules\\router\\index.js:291:5)\n    at next (C:\\Users\\mdsai\\Downloads\\Kimi_Agent_Flipkart-Style Frontend\\server\\middleware\\securityMiddleware.js:37:9)\n    at Layer.handleRequest (C:\\Users\\mdsai\\Downloads\\Kimi_Agent_Flipkart-Style Frontend\\server\\node_modules\\router\\lib\\layer.js:152:17)\n    at trimPrefix (C:\\Users\\mdsai\\Downloads\\Kimi_Agent_Flipkart-Style Frontend\\server\\node_modules\\router\\index.js:342:13)\n    at C:\\Users\\mdsai\\Downloads\\Kimi_Agent_Flipkart-Style Frontend\\server\\node_modules\\router\\index.js:297:9\n    at processParams (C:\\Users\\mdsai\\Downloads\\Kimi_Agent_Flipkart-Style Frontend\\server\\node_modules\\router\\index.js:582:12)\n    at next (C:\\Users\\mdsai\\Downloads\\Kimi_Agent_Flipkart-Style Frontend\\server\\node_modules\\router\\index.js:291:5)\n    at C:\\Users\\mdsai\\Downloads\\Kimi_Agent_Flipkart-Style Frontend\\server\\node_modules\\body-parser\\lib\\read.js:171:5\n    at AsyncResource.runInAsyncScope (node:async_hooks:214:14)\n    at invokeCallback (C:\\Users\\mdsai\\Downloads\\Kimi_Agent_Flipkart-Style Frontend\\server\\node_modules\\raw-body\\index.js:238:16)\n    at done (C:\\Users\\mdsai\\Downloads\\Kimi_Agent_Flipkart-Style Frontend\\server\\node_modules\\raw-body\\index.js:227:7)\n    at IncomingMessage.onEnd (C:\\Users\\mdsai\\Downloads\\Kimi_Agent_Flipkart-Style Frontend\\server\\node_modules\\raw-body\\index.js:287:7)\n    at IncomingMessage.emit (node:events:508:28)\n    at endReadableNT (node:internal/streams/readable:1701:12)\n    at processTicksAndRejections (node:internal/process/task_queues:89:21)","name":"Error"},"type":"AppError","method":"POST","url":"/api/otp/send","statusCode":400,"requestId":"a990dfdf-f7e6-402c-8815-2df22bc76188","clientSessionId":"","clientRoute":""}

    [0m [90m 24 |[39m     info[33m:[39m (message[33m,[39m meta) [33m=>[39m console[33m.[39mlog(formatMessage([32m'info'[39m[33m,[39m message[33m,[39m meta))[33m,[39m
     [90m 25 |[39m     warn[33m:[39m (message[33m,[39m meta) [33m=>[39m console[33m.[39mwarn(formatMessage([32m'warn'[39m[33m,[39m message[33m,[39m meta))[33m,[39m
    [31m[1m>[22m[39m[90m 26 |[39m     error[33m:[39m (message[33m,[39m meta) [33m=>[39m console[33m.[39merror(formatMessage([32m'error'[39m[33m,[39m message[33m,[39m meta))[33m,[39m
     [90m    |[39m                                       [31m[1m^[22m[39m
     [90m 27 |[39m     debug[33m:[39m (message[33m,[39m meta) [33m=>[39m {
     [90m 28 |[39m         [36mif[39m (process[33m.[39menv[33m.[39m[33mNODE_ENV[39m [33m!==[39m [32m'production'[39m) {
     [90m 29 |[39m             console[33m.[39mdebug(formatMessage([32m'debug'[39m[33m,[39m message[33m,[39m meta))[33m;[39m[0m

      at Object.error (utils/logger.js:26:39)
      at error (middleware/errorMiddleware.js:34:12)
      at Layer.handleError (node_modules/router/lib/layer.js:116:17)
      at trimPrefix (node_modules/router/index.js:340:13)
      at node_modules/router/index.js:297:9
      at processParams (node_modules/router/index.js:582:12)
      at next (node_modules/router/index.js:291:5)
      at Layer.handleError (node_modules/router/lib/layer.js:111:12)
      at trimPrefix (node_modules/router/index.js:340:13)
      at node_modules/router/index.js:297:9
      at processParams (node_modules/router/index.js:582:12)
      at next (node_modules/router/index.js:291:5)
      at node_modules/router/index.js:688:15
      at next (node_modules/router/index.js:276:14)
      at next (node_modules/router/lib/route.js:132:14)
      at next (controllers/otpController.js:447:16)
      at asyncUtilWrap (node_modules/express-async-handler/index.js:3:20)
      at Layer.handleRequest (node_modules/router/lib/layer.js:152:17)
      at next (node_modules/router/lib/route.js:157:13)
      at next (middleware/distributedRateLimit.js:103:53)
      at Layer.handleRequest (node_modules/router/lib/layer.js:152:17)
      at next (node_modules/router/lib/route.js:157:13)
      at Route.dispatch (node_modules/router/lib/route.js:117:3)
      at handle (node_modules/router/index.js:435:11)
      at Layer.handleRequest (node_modules/router/lib/layer.js:152:17)
      at node_modules/router/index.js:295:15
      at processParams (node_modules/router/index.js:582:12)
      at next (node_modules/router/index.js:291:5)
      at router.handle (node_modules/router/index.js:186:3)
      at router (node_modules/router/index.js:60:12)
      at Layer.handleRequest (node_modules/router/lib/layer.js:152:17)
      at trimPrefix (node_modules/router/index.js:342:13)
      at node_modules/router/index.js:297:9
      at processParams (node_modules/router/index.js:582:12)
      at next (node_modules/router/index.js:291:5)
      at next (middleware/adminNotificationMiddleware.js:11:16)
      at Layer.handleRequest (node_modules/router/lib/layer.js:152:17)
      at trimPrefix (node_modules/router/index.js:342:13)
      at node_modules/router/index.js:297:9
      at processParams (node_modules/router/index.js:582:12)
      at next (node_modules/router/index.js:291:5)
      at next (middleware/activityEmailMiddleware.js:11:16)
      at Layer.handleRequest (node_modules/router/lib/layer.js:152:17)
      at trimPrefix (node_modules/router/index.js:342:13)
      at node_modules/router/index.js:297:9
      at processParams (node_modules/router/index.js:582:12)
      at next (node_modules/router/index.js:291:5)
      at next (middleware/xssSanitizer.js:36:5)
      at Layer.handleRequest (node_modules/router/lib/layer.js:152:17)
      at trimPrefix (node_modules/router/index.js:342:13)
      at node_modules/router/index.js:297:9
      at processParams (node_modules/router/index.js:582:12)
      at next (node_modules/router/index.js:291:5)
      at next (middleware/securityMiddleware.js:37:9)
      at Layer.handleRequest (node_modules/router/lib/layer.js:152:17)
      at trimPrefix (node_modules/router/index.js:342:13)
      at node_modules/router/index.js:297:9
      at processParams (node_modules/router/index.js:582:12)
      at next (node_modules/router/index.js:291:5)
      at node_modules/body-parser/lib/read.js:171:5
      at invokeCallback (node_modules/raw-body/index.js:238:16)
      at done (node_modules/raw-body/index.js:227:7)
      at IncomingMessage.onEnd (node_modules/raw-body/index.js:287:7)

  console.log
    {"timestamp":"2026-03-16T16:46:58.446Z","level":"info","message":"HTTP Request","hostname":"LAPTOP-2S5UTCOT","pid":14884,"method":"POST","url":"/api/otp/send","status":400,"durationMs":5,"requestId":"a990dfdf-f7e6-402c-8815-2df22bc76188","clientSessionId":"","clientRoute":"","ip":"::ffff:127.0.0.1"}

      at Object.log [as info] (utils/logger.js:24:38)

  console.error
    {"timestamp":"2026-03-16T16:46:58.458Z","level":"error","message":"Email is required","hostname":"LAPTOP-2S5UTCOT","pid":14884,"error":{"message":"Email is required","stack":"Error: Email is required\n    at C:\\Users\\mdsai\\Downloads\\Kimi_Agent_Flipkart-Style Frontend\\server\\controllers\\otpController.js:447:21\n    at asyncUtilWrap (C:\\Users\\mdsai\\Downloads\\Kimi_Agent_Flipkart-Style Frontend\\server\\node_modules\\express-async-handler\\index.js:3:20)\n    at Layer.handleRequest (C:\\Users\\mdsai\\Downloads\\Kimi_Agent_Flipkart-Style Frontend\\server\\node_modules\\router\\lib\\layer.js:152:17)\n    at next (C:\\Users\\mdsai\\Downloads\\Kimi_Agent_Flipkart-Style Frontend\\server\\node_modules\\router\\lib\\route.js:157:13)\n    at next (C:\\Users\\mdsai\\Downloads\\Kimi_Agent_Flipkart-Style Frontend\\server\\middleware\\distributedRateLimit.js:103:53)\n    at Layer.handleRequest (C:\\Users\\mdsai\\Downloads\\Kimi_Agent_Flipkart-Style Frontend\\server\\node_modules\\router\\lib\\layer.js:152:17)\n    at next (C:\\Users\\mdsai\\Downloads\\Kimi_Agent_Flipkart-Style Frontend\\server\\node_modules\\router\\lib\\route.js:157:13)\n    at Route.dispatch (C:\\Users\\mdsai\\Downloads\\Kimi_Agent_Flipkart-Style Frontend\\server\\node_modules\\router\\lib\\route.js:117:3)\n    at handle (C:\\Users\\mdsai\\Downloads\\Kimi_Agent_Flipkart-Style Frontend\\server\\node_modules\\router\\index.js:435:11)\n    at Layer.handleRequest (C:\\Users\\mdsai\\Downloads\\Kimi_Agent_Flipkart-Style Frontend\\server\\node_modules\\router\\lib\\layer.js:152:17)\n    at C:\\Users\\mdsai\\Downloads\\Kimi_Agent_Flipkart-Style Frontend\\server\\node_modules\\router\\index.js:295:15\n    at processParams (C:\\Users\\mdsai\\Downloads\\Kimi_Agent_Flipkart-Style Frontend\\server\\node_modules\\router\\index.js:582:12)\n    at next (C:\\Users\\mdsai\\Downloads\\Kimi_Agent_Flipkart-Style Frontend\\server\\node_modules\\router\\index.js:291:5)\n    at router.handle (C:\\Users\\mdsai\\Downloads\\Kimi_Agent_Flipkart-Style Frontend\\server\\node_modules\\router\\index.js:186:3)\n    at router (C:\\Users\\mdsai\\Downloads\\Kimi_Agent_Flipkart-Style Frontend\\server\\node_modules\\router\\index.js:60:12)\n    at Layer.handleRequest (C:\\Users\\mdsai\\Downloads\\Kimi_Agent_Flipkart-Style Frontend\\server\\node_modules\\router\\lib\\layer.js:152:17)\n    at trimPrefix (C:\\Users\\mdsai\\Downloads\\Kimi_Agent_Flipkart-Style Frontend\\server\\node_modules\\router\\index.js:342:13)\n    at C:\\Users\\mdsai\\Downloads\\Kimi_Agent_Flipkart-Style Frontend\\server\\node_modules\\router\\index.js:297:9\n    at processParams (C:\\Users\\mdsai\\Downloads\\Kimi_Agent_Flipkart-Style Frontend\\server\\node_modules\\router\\index.js:582:12)\n    at next (C:\\Users\\mdsai\\Downloads\\Kimi_Agent_Flipkart-Style Frontend\\server\\node_modules\\router\\index.js:291:5)\n    at next (C:\\Users\\mdsai\\Downloads\\Kimi_Agent_Flipkart-Style Frontend\\server\\middleware\\adminNotificationMiddleware.js:11:16)\n    at Layer.handleRequest (C:\\Users\\mdsai\\Downloads\\Kimi_Agent_Flipkart-Style Frontend\\server\\node_modules\\router\\lib\\layer.js:152:17)\n    at trimPrefix (C:\\Users\\mdsai\\Downloads\\Kimi_Agent_Flipkart-Style Frontend\\server\\node_modules\\router\\index.js:342:13)\n    at C:\\Users\\mdsai\\Downloads\\Kimi_Agent_Flipkart-Style Frontend\\server\\node_modules\\router\\index.js:297:9\n    at processParams (C:\\Users\\mdsai\\Downloads\\Kimi_Agent_Flipkart-Style Frontend\\server\\node_modules\\router\\index.js:582:12)\n    at next (C:\\Users\\mdsai\\Downloads\\Kimi_Agent_Flipkart-Style Frontend\\server\\node_modules\\router\\index.js:291:5)\n    at next (C:\\Users\\mdsai\\Downloads\\Kimi_Agent_Flipkart-Style Frontend\\server\\middleware\\activityEmailMiddleware.js:11:16)\n    at Layer.handleRequest (C:\\Users\\mdsai\\Downloads\\Kimi_Agent_Flipkart-Style Frontend\\server\\node_modules\\router\\lib\\layer.js:152:17)\n    at trimPrefix (C:\\Users\\mdsai\\Downloads\\Kimi_Agent_Flipkart-Style Frontend\\server\\node_modules\\router\\index.js:342:13)\n    at C:\\Users\\mdsai\\Downloads\\Kimi_Agent_Flipkart-Style Frontend\\server\\node_modules\\router\\index.js:297:9\n    at processParams (C:\\Users\\mdsai\\Downloads\\Kimi_Agent_Flipkart-Style Frontend\\server\\node_modules\\router\\index.js:582:12)\n    at next (C:\\Users\\mdsai\\Downloads\\Kimi_Agent_Flipkart-Style Frontend\\server\\node_modules\\router\\index.js:291:5)\n    at next (C:\\Users\\mdsai\\Downloads\\Kimi_Agent_Flipkart-Style Frontend\\server\\middleware\\xssSanitizer.js:36:5)\n    at Layer.handleRequest (C:\\Users\\mdsai\\Downloads\\Kimi_Agent_Flipkart-Style Frontend\\server\\node_modules\\router\\lib\\layer.js:152:17)\n    at trimPrefix (C:\\Users\\mdsai\\Downloads\\Kimi_Agent_Flipkart-Style Frontend\\server\\node_modules\\router\\index.js:342:13)\n    at C:\\Users\\mdsai\\Downloads\\Kimi_Agent_Flipkart-Style Frontend\\server\\node_modules\\router\\index.js:297:9\n    at processParams (C:\\Users\\mdsai\\Downloads\\Kimi_Agent_Flipkart-Style Frontend\\server\\node_modules\\router\\index.js:582:12)\n    at next (C:\\Users\\mdsai\\Downloads\\Kimi_Agent_Flipkart-Style Frontend\\server\\node_modules\\router\\index.js:291:5)\n    at next (C:\\Users\\mdsai\\Downloads\\Kimi_Agent_Flipkart-Style Frontend\\server\\middleware\\securityMiddleware.js:37:9)\n    at Layer.handleRequest (C:\\Users\\mdsai\\Downloads\\Kimi_Agent_Flipkart-Style Frontend\\server\\node_modules\\router\\lib\\layer.js:152:17)\n    at trimPrefix (C:\\Users\\mdsai\\Downloads\\Kimi_Agent_Flipkart-Style Frontend\\server\\node_modules\\router\\index.js:342:13)\n    at C:\\Users\\mdsai\\Downloads\\Kimi_Agent_Flipkart-Style Frontend\\server\\node_modules\\router\\index.js:297:9\n    at processParams (C:\\Users\\mdsai\\Downloads\\Kimi_Agent_Flipkart-Style Frontend\\server\\node_modules\\router\\index.js:582:12)\n    at next (C:\\Users\\mdsai\\Downloads\\Kimi_Agent_Flipkart-Style Frontend\\server\\node_modules\\router\\index.js:291:5)\n    at C:\\Users\\mdsai\\Downloads\\Kimi_Agent_Flipkart-Style Frontend\\server\\node_modules\\body-parser\\lib\\read.js:171:5\n    at AsyncResource.runInAsyncScope (node:async_hooks:214:14)\n    at invokeCallback (C:\\Users\\mdsai\\Downloads\\Kimi_Agent_Flipkart-Style Frontend\\server\\node_modules\\raw-body\\index.js:238:16)\n    at done (C:\\Users\\mdsai\\Downloads\\Kimi_Agent_Flipkart-Style Frontend\\server\\node_modules\\raw-body\\index.js:227:7)\n    at IncomingMessage.onEnd (C:\\Users\\mdsai\\Downloads\\Kimi_Agent_Flipkart-Style Frontend\\server\\node_modules\\raw-body\\index.js:287:7)\n    at IncomingMessage.emit (node:events:508:28)\n    at endReadableNT (node:internal/streams/readable:1701:12)\n    at processTicksAndRejections (node:internal/process/task_queues:89:21)","name":"Error"},"type":"AppError","method":"POST","url":"/api/otp/send","statusCode":400,"requestId":"ae701c27-5c55-4911-b199-044c238ccb63","clientSessionId":"","clientRoute":""}

    [0m [90m 24 |[39m     info[33m:[39m (message[33m,[39m meta) [33m=>[39m console[33m.[39mlog(formatMessage([32m'info'[39m[33m,[39m message[33m,[39m meta))[33m,[39m
     [90m 25 |[39m     warn[33m:[39m (message[33m,[39m meta) [33m=>[39m console[33m.[39mwarn(formatMessage([32m'warn'[39m[33m,[39m message[33m,[39m meta))[33m,[39m
    [31m[1m>[22m[39m[90m 26 |[39m     error[33m:[39m (message[33m,[39m meta) [33m=>[39m console[33m.[39merror(formatMessage([32m'error'[39m[33m,[39m message[33m,[39m meta))[33m,[39m
     [90m    |[39m                                       [31m[1m^[22m[39m
     [90m 27 |[39m     debug[33m:[39m (message[33m,[39m meta) [33m=>[39m {
     [90m 28 |[39m         [36mif[39m (process[33m.[39menv[33m.[39m[33mNODE_ENV[39m [33m!==[39m [32m'production'[39m) {
     [90m 29 |[39m             console[33m.[39mdebug(formatMessage([32m'debug'[39m[33m,[39m message[33m,[39m meta))[33m;[39m[0m

      at Object.error (utils/logger.js:26:39)
      at error (middleware/errorMiddleware.js:34:12)
      at Layer.handleError (node_modules/router/lib/layer.js:116:17)
      at trimPrefix (node_modules/router/index.js:340:13)
      at node_modules/router/index.js:297:9
      at processParams (node_modules/router/index.js:582:12)
      at next (node_modules/router/index.js:291:5)
      at Layer.handleError (node_modules/router/lib/layer.js:111:12)
      at trimPrefix (node_modules/router/index.js:340:13)
      at node_modules/router/index.js:297:9
      at processParams (node_modules/router/index.js:582:12)
      at next (node_modules/router/index.js:291:5)
      at node_modules/router/index.js:688:15
      at next (node_modules/router/index.js:276:14)
      at next (node_modules/router/lib/route.js:132:14)
      at next (controllers/otpController.js:447:16)
      at asyncUtilWrap (node_modules/express-async-handler/index.js:3:20)
      at Layer.handleRequest (node_modules/router/lib/layer.js:152:17)
      at next (node_modules/router/lib/route.js:157:13)
      at next (middleware/distributedRateLimit.js:103:53)
      at Layer.handleRequest (node_modules/router/lib/layer.js:152:17)
      at next (node_modules/router/lib/route.js:157:13)
      at Route.dispatch (node_modules/router/lib/route.js:117:3)
      at handle (node_modules/router/index.js:435:11)
      at Layer.handleRequest (node_modules/router/lib/layer.js:152:17)
      at node_modules/router/index.js:295:15
      at processParams (node_modules/router/index.js:582:12)
      at next (node_modules/router/index.js:291:5)
      at router.handle (node_modules/router/index.js:186:3)
      at router (node_modules/router/index.js:60:12)
      at Layer.handleRequest (node_modules/router/lib/layer.js:152:17)
      at trimPrefix (node_modules/router/index.js:342:13)
      at node_modules/router/index.js:297:9
      at processParams (node_modules/router/index.js:582:12)
      at next (node_modules/router/index.js:291:5)
      at next (middleware/adminNotificationMiddleware.js:11:16)
      at Layer.handleRequest (node_modules/router/lib/layer.js:152:17)
      at trimPrefix (node_modules/router/index.js:342:13)
      at node_modules/router/index.js:297:9
      at processParams (node_modules/router/index.js:582:12)
      at next (node_modules/router/index.js:291:5)
      at next (middleware/activityEmailMiddleware.js:11:16)
      at Layer.handleRequest (node_modules/router/lib/layer.js:152:17)
      at trimPrefix (node_modules/router/index.js:342:13)
      at node_modules/router/index.js:297:9
      at processParams (node_modules/router/index.js:582:12)
      at next (node_modules/router/index.js:291:5)
      at next (middleware/xssSanitizer.js:36:5)
      at Layer.handleRequest (node_modules/router/lib/layer.js:152:17)
      at trimPrefix (node_modules/router/index.js:342:13)
      at node_modules/router/index.js:297:9
      at processParams (node_modules/router/index.js:582:12)
      at next (node_modules/router/index.js:291:5)
      at next (middleware/securityMiddleware.js:37:9)
      at Layer.handleRequest (node_modules/router/lib/layer.js:152:17)
      at trimPrefix (node_modules/router/index.js:342:13)
      at node_modules/router/index.js:297:9
      at processParams (node_modules/router/index.js:582:12)
      at next (node_modules/router/index.js:291:5)
      at node_modules/body-parser/lib/read.js:171:5
      at invokeCallback (node_modules/raw-body/index.js:238:16)
      at done (node_modules/raw-body/index.js:227:7)
      at IncomingMessage.onEnd (node_modules/raw-body/index.js:287:7)

  console.log
    {"timestamp":"2026-03-16T16:46:58.461Z","level":"info","message":"HTTP Request","hostname":"LAPTOP-2S5UTCOT","pid":14884,"method":"POST","url":"/api/otp/send","status":400,"durationMs":4,"requestId":"ae701c27-5c55-4911-b199-044c238ccb63","clientSessionId":"","clientRoute":"","ip":"::ffff:127.0.0.1"}

      at Object.log [as info] (utils/logger.js:24:38)

  console.error
    {"timestamp":"2026-03-16T16:46:58.476Z","level":"error","message":"Phone number is required","hostname":"LAPTOP-2S5UTCOT","pid":14884,"error":{"message":"Phone number is required","stack":"Error: Phone number is required\n    at C:\\Users\\mdsai\\Downloads\\Kimi_Agent_Flipkart-Style Frontend\\server\\controllers\\otpController.js:450:21\n    at asyncUtilWrap (C:\\Users\\mdsai\\Downloads\\Kimi_Agent_Flipkart-Style Frontend\\server\\node_modules\\express-async-handler\\index.js:3:20)\n    at Layer.handleRequest (C:\\Users\\mdsai\\Downloads\\Kimi_Agent_Flipkart-Style Frontend\\server\\node_modules\\router\\lib\\layer.js:152:17)\n    at next (C:\\Users\\mdsai\\Downloads\\Kimi_Agent_Flipkart-Style Frontend\\server\\node_modules\\router\\lib\\route.js:157:13)\n    at next (C:\\Users\\mdsai\\Downloads\\Kimi_Agent_Flipkart-Style Frontend\\server\\middleware\\distributedRateLimit.js:103:53)\n    at Layer.handleRequest (C:\\Users\\mdsai\\Downloads\\Kimi_Agent_Flipkart-Style Frontend\\server\\node_modules\\router\\lib\\layer.js:152:17)\n    at next (C:\\Users\\mdsai\\Downloads\\Kimi_Agent_Flipkart-Style Frontend\\server\\node_modules\\router\\lib\\route.js:157:13)\n    at Route.dispatch (C:\\Users\\mdsai\\Downloads\\Kimi_Agent_Flipkart-Style Frontend\\server\\node_modules\\router\\lib\\route.js:117:3)\n    at handle (C:\\Users\\mdsai\\Downloads\\Kimi_Agent_Flipkart-Style Frontend\\server\\node_modules\\router\\index.js:435:11)\n    at Layer.handleRequest (C:\\Users\\mdsai\\Downloads\\Kimi_Agent_Flipkart-Style Frontend\\server\\node_modules\\router\\lib\\layer.js:152:17)\n    at C:\\Users\\mdsai\\Downloads\\Kimi_Agent_Flipkart-Style Frontend\\server\\node_modules\\router\\index.js:295:15\n    at processParams (C:\\Users\\mdsai\\Downloads\\Kimi_Agent_Flipkart-Style Frontend\\server\\node_modules\\router\\index.js:582:12)\n    at next (C:\\Users\\mdsai\\Downloads\\Kimi_Agent_Flipkart-Style Frontend\\server\\node_modules\\router\\index.js:291:5)\n    at router.handle (C:\\Users\\mdsai\\Downloads\\Kimi_Agent_Flipkart-Style Frontend\\server\\node_modules\\router\\index.js:186:3)\n    at router (C:\\Users\\mdsai\\Downloads\\Kimi_Agent_Flipkart-Style Frontend\\server\\node_modules\\router\\index.js:60:12)\n    at Layer.handleRequest (C:\\Users\\mdsai\\Downloads\\Kimi_Agent_Flipkart-Style Frontend\\server\\node_modules\\router\\lib\\layer.js:152:17)\n    at trimPrefix (C:\\Users\\mdsai\\Downloads\\Kimi_Agent_Flipkart-Style Frontend\\server\\node_modules\\router\\index.js:342:13)\n    at C:\\Users\\mdsai\\Downloads\\Kimi_Agent_Flipkart-Style Frontend\\server\\node_modules\\router\\index.js:297:9\n    at processParams (C:\\Users\\mdsai\\Downloads\\Kimi_Agent_Flipkart-Style Frontend\\server\\node_modules\\router\\index.js:582:12)\n    at next (C:\\Users\\mdsai\\Downloads\\Kimi_Agent_Flipkart-Style Frontend\\server\\node_modules\\router\\index.js:291:5)\n    at next (C:\\Users\\mdsai\\Downloads\\Kimi_Agent_Flipkart-Style Frontend\\server\\middleware\\adminNotificationMiddleware.js:11:16)\n    at Layer.handleRequest (C:\\Users\\mdsai\\Downloads\\Kimi_Agent_Flipkart-Style Frontend\\server\\node_modules\\router\\lib\\layer.js:152:17)\n    at trimPrefix (C:\\Users\\mdsai\\Downloads\\Kimi_Agent_Flipkart-Style Frontend\\server\\node_modules\\router\\index.js:342:13)\n    at C:\\Users\\mdsai\\Downloads\\Kimi_Agent_Flipkart-Style Frontend\\server\\node_modules\\router\\index.js:297:9\n    at processParams (C:\\Users\\mdsai\\Downloads\\Kimi_Agent_Flipkart-Style Frontend\\server\\node_modules\\router\\index.js:582:12)\n    at next (C:\\Users\\mdsai\\Downloads\\Kimi_Agent_Flipkart-Style Frontend\\server\\node_modules\\router\\index.js:291:5)\n    at next (C:\\Users\\mdsai\\Downloads\\Kimi_Agent_Flipkart-Style Frontend\\server\\middleware\\activityEmailMiddleware.js:11:16)\n    at Layer.handleRequest (C:\\Users\\mdsai\\Downloads\\Kimi_Agent_Flipkart-Style Frontend\\server\\node_modules\\router\\lib\\layer.js:152:17)\n    at trimPrefix (C:\\Users\\mdsai\\Downloads\\Kimi_Agent_Flipkart-Style Frontend\\server\\node_modules\\router\\index.js:342:13)\n    at C:\\Users\\mdsai\\Downloads\\Kimi_Agent_Flipkart-Style Frontend\\server\\node_modules\\router\\index.js:297:9\n    at processParams (C:\\Users\\mdsai\\Downloads\\Kimi_Agent_Flipkart-Style Frontend\\server\\node_modules\\router\\index.js:582:12)\n    at next (C:\\Users\\mdsai\\Downloads\\Kimi_Agent_Flipkart-Style Frontend\\server\\node_modules\\router\\index.js:291:5)\n    at next (C:\\Users\\mdsai\\Downloads\\Kimi_Agent_Flipkart-Style Frontend\\server\\middleware\\xssSanitizer.js:36:5)\n    at Layer.handleRequest (C:\\Users\\mdsai\\Downloads\\Kimi_Agent_Flipkart-Style Frontend\\server\\node_modules\\router\\lib\\layer.js:152:17)\n    at trimPrefix (C:\\Users\\mdsai\\Downloads\\Kimi_Agent_Flipkart-Style Frontend\\server\\node_modules\\router\\index.js:342:13)\n    at C:\\Users\\mdsai\\Downloads\\Kimi_Agent_Flipkart-Style Frontend\\server\\node_modules\\router\\index.js:297:9\n    at processParams (C:\\Users\\mdsai\\Downloads\\Kimi_Agent_Flipkart-Style Frontend\\server\\node_modules\\router\\index.js:582:12)\n    at next (C:\\Users\\mdsai\\Downloads\\Kimi_Agent_Flipkart-Style Frontend\\server\\node_modules\\router\\index.js:291:5)\n    at next (C:\\Users\\mdsai\\Downloads\\Kimi_Agent_Flipkart-Style Frontend\\server\\middleware\\securityMiddleware.js:37:9)\n    at Layer.handleRequest (C:\\Users\\mdsai\\Downloads\\Kimi_Agent_Flipkart-Style Frontend\\server\\node_modules\\router\\lib\\layer.js:152:17)\n    at trimPrefix (C:\\Users\\mdsai\\Downloads\\Kimi_Agent_Flipkart-Style Frontend\\server\\node_modules\\router\\index.js:342:13)\n    at C:\\Users\\mdsai\\Downloads\\Kimi_Agent_Flipkart-Style Frontend\\server\\node_modules\\router\\index.js:297:9\n    at processParams (C:\\Users\\mdsai\\Downloads\\Kimi_Agent_Flipkart-Style Frontend\\server\\node_modules\\router\\index.js:582:12)\n    at next (C:\\Users\\mdsai\\Downloads\\Kimi_Agent_Flipkart-Style Frontend\\server\\node_modules\\router\\index.js:291:5)\n    at C:\\Users\\mdsai\\Downloads\\Kimi_Agent_Flipkart-Style Frontend\\server\\node_modules\\body-parser\\lib\\read.js:171:5\n    at AsyncResource.runInAsyncScope (node:async_hooks:214:14)\n    at invokeCallback (C:\\Users\\mdsai\\Downloads\\Kimi_Agent_Flipkart-Style Frontend\\server\\node_modules\\raw-body\\index.js:238:16)\n    at done (C:\\Users\\mdsai\\Downloads\\Kimi_Agent_Flipkart-Style Frontend\\server\\node_modules\\raw-body\\index.js:227:7)\n    at IncomingMessage.onEnd (C:\\Users\\mdsai\\Downloads\\Kimi_Agent_Flipkart-Style Frontend\\server\\node_modules\\raw-body\\index.js:287:7)\n    at IncomingMessage.emit (node:events:508:28)\n    at endReadableNT (node:internal/streams/readable:1701:12)\n    at processTicksAndRejections (node:internal/process/task_queues:89:21)","name":"Error"},"type":"AppError","method":"POST","url":"/api/otp/send","statusCode":400,"requestId":"6e6e74f0-52ef-4318-91f2-8e221adf1365","clientSessionId":"","clientRoute":""}

    [0m [90m 24 |[39m     info[33m:[39m (message[33m,[39m meta) [33m=>[39m console[33m.[39mlog(formatMessage([32m'info'[39m[33m,[39m message[33m,[39m meta))[33m,[39m
     [90m 25 |[39m     warn[33m:[39m (message[33m,[39m meta) [33m=>[39m console[33m.[39mwarn(formatMessage([32m'warn'[39m[33m,[39m message[33m,[39m meta))[33m,[39m
    [31m[1m>[22m[39m[90m 26 |[39m     error[33m:[39m (message[33m,[39m meta) [33m=>[39m console[33m.[39merror(formatMessage([32m'error'[39m[33m,[39m message[33m,[39m meta))[33m,[39m
     [90m    |[39m                                       [31m[1m^[22m[39m
     [90m 27 |[39m     debug[33m:[39m (message[33m,[39m meta) [33m=>[39m {
     [90m 28 |[39m         [36mif[39m (process[33m.[39menv[33m.[39m[33mNODE_ENV[39m [33m!==[39m [32m'production'[39m) {
     [90m 29 |[39m             console[33m.[39mdebug(formatMessage([32m'debug'[39m[33m,[39m message[33m,[39m meta))[33m;[39m[0m

      at Object.error (utils/logger.js:26:39)
      at error (middleware/errorMiddleware.js:34:12)
      at Layer.handleError (node_modules/router/lib/layer.js:116:17)
      at trimPrefix (node_modules/router/index.js:340:13)
      at node_modules/router/index.js:297:9
      at processParams (node_modules/router/index.js:582:12)
      at next (node_modules/router/index.js:291:5)
      at Layer.handleError (node_modules/router/lib/layer.js:111:12)
      at trimPrefix (node_modules/router/index.js:340:13)
      at node_modules/router/index.js:297:9
      at processParams (node_modules/router/index.js:582:12)
      at next (node_modules/router/index.js:291:5)
      at node_modules/router/index.js:688:15
      at next (node_modules/router/index.js:276:14)
      at next (node_modules/router/lib/route.js:132:14)
      at next (controllers/otpController.js:450:16)
      at asyncUtilWrap (node_modules/express-async-handler/index.js:3:20)
      at Layer.handleRequest (node_modules/router/lib/layer.js:152:17)
      at next (node_modules/router/lib/route.js:157:13)
      at next (middleware/distributedRateLimit.js:103:53)
      at Layer.handleRequest (node_modules/router/lib/layer.js:152:17)
      at next (node_modules/router/lib/route.js:157:13)
      at Route.dispatch (node_modules/router/lib/route.js:117:3)
      at handle (node_modules/router/index.js:435:11)
      at Layer.handleRequest (node_modules/router/lib/layer.js:152:17)
      at node_modules/router/index.js:295:15
      at processParams (node_modules/router/index.js:582:12)
      at next (node_modules/router/index.js:291:5)
      at router.handle (node_modules/router/index.js:186:3)
      at router (node_modules/router/index.js:60:12)
      at Layer.handleRequest (node_modules/router/lib/layer.js:152:17)
      at trimPrefix (node_modules/router/index.js:342:13)
      at node_modules/router/index.js:297:9
      at processParams (node_modules/router/index.js:582:12)
      at next (node_modules/router/index.js:291:5)
      at next (middleware/adminNotificationMiddleware.js:11:16)
      at Layer.handleRequest (node_modules/router/lib/layer.js:152:17)
      at trimPrefix (node_modules/router/index.js:342:13)
      at node_modules/router/index.js:297:9
      at processParams (node_modules/router/index.js:582:12)
      at next (node_modules/router/index.js:291:5)
      at next (middleware/activityEmailMiddleware.js:11:16)
      at Layer.handleRequest (node_modules/router/lib/layer.js:152:17)
      at trimPrefix (node_modules/router/index.js:342:13)
      at node_modules/router/index.js:297:9
      at processParams (node_modules/router/index.js:582:12)
      at next (node_modules/router/index.js:291:5)
      at next (middleware/xssSanitizer.js:36:5)
      at Layer.handleRequest (node_modules/router/lib/layer.js:152:17)
      at trimPrefix (node_modules/router/index.js:342:13)
      at node_modules/router/index.js:297:9
      at processParams (node_modules/router/index.js:582:12)
      at next (node_modules/router/index.js:291:5)
      at next (middleware/securityMiddleware.js:37:9)
      at Layer.handleRequest (node_modules/router/lib/layer.js:152:17)
      at trimPrefix (node_modules/router/index.js:342:13)
      at node_modules/router/index.js:297:9
      at processParams (node_modules/router/index.js:582:12)
      at next (node_modules/router/index.js:291:5)
      at node_modules/body-parser/lib/read.js:171:5
      at invokeCallback (node_modules/raw-body/index.js:238:16)
      at done (node_modules/raw-body/index.js:227:7)
      at IncomingMessage.onEnd (node_modules/raw-body/index.js:287:7)

  console.log
    {"timestamp":"2026-03-16T16:46:58.479Z","level":"info","message":"HTTP Request","hostname":"LAPTOP-2S5UTCOT","pid":14884,"method":"POST","url":"/api/otp/send","status":400,"durationMs":4,"requestId":"6e6e74f0-52ef-4318-91f2-8e221adf1365","clientSessionId":"","clientRoute":"","ip":"::ffff:127.0.0.1"}

      at Object.log [as info] (utils/logger.js:24:38)

  console.error
    {"timestamp":"2026-03-16T16:46:58.683Z","level":"error","message":"createdPendingUser is not defined","hostname":"LAPTOP-2S5UTCOT","pid":14884,"error":{"message":"createdPendingUser is not defined","stack":"ReferenceError: createdPendingUser is not defined\n    at createdPendingUser (C:\\Users\\mdsai\\Downloads\\Kimi_Agent_Flipkart-Style Frontend\\server\\controllers\\otpController.js:882:17)\n    at processTicksAndRejections (node:internal/process/task_queues:103:5)","name":"ReferenceError"},"type":"ReferenceError","method":"POST","url":"/api/otp/send","statusCode":500,"requestId":"6e03beb2-9ae3-4446-99c2-f984b04475a8","clientSessionId":"","clientRoute":""}

    [0m [90m 24 |[39m     info[33m:[39m (message[33m,[39m meta) [33m=>[39m console[33m.[39mlog(formatMessage([32m'info'[39m[33m,[39m message[33m,[39m meta))[33m,[39m
     [90m 25 |[39m     warn[33m:[39m (message[33m,[39m meta) [33m=>[39m console[33m.[39mwarn(formatMessage([32m'warn'[39m[33m,[39m message[33m,[39m meta))[33m,[39m
    [31m[1m>[22m[39m[90m 26 |[39m     error[33m:[39m (message[33m,[39m meta) [33m=>[39m console[33m.[39merror(formatMessage([32m'error'[39m[33m,[39m message[33m,[39m meta))[33m,[39m
     [90m    |[39m                                       [31m[1m^[22m[39m
     [90m 27 |[39m     debug[33m:[39m (message[33m,[39m meta) [33m=>[39m {
     [90m 28 |[39m         [36mif[39m (process[33m.[39menv[33m.[39m[33mNODE_ENV[39m [33m!==[39m [32m'production'[39m) {
     [90m 29 |[39m             console[33m.[39mdebug(formatMessage([32m'debug'[39m[33m,[39m message[33m,[39m meta))[33m;[39m[0m

      at Object.error (utils/logger.js:26:39)
      at error (middleware/errorMiddleware.js:34:12)
      at Layer.handleError (node_modules/router/lib/layer.js:116:17)
      at trimPrefix (node_modules/router/index.js:340:13)
      at node_modules/router/index.js:297:9
      at processParams (node_modules/router/index.js:582:12)
      at next (node_modules/router/index.js:291:5)
      at Layer.handleError (node_modules/router/lib/layer.js:111:12)
      at trimPrefix (node_modules/router/index.js:340:13)
      at node_modules/router/index.js:297:9
      at processParams (node_modules/router/index.js:582:12)
      at next (node_modules/router/index.js:291:5)
      at node_modules/router/index.js:688:15
      at next (node_modules/router/index.js:276:14)
      at next (node_modules/router/lib/route.js:132:14)

  console.log
    {"timestamp":"2026-03-16T16:46:58.685Z","level":"info","message":"HTTP Request","hostname":"LAPTOP-2S5UTCOT","pid":14884,"method":"POST","url":"/api/otp/send","status":500,"durationMs":193,"requestId":"6e03beb2-9ae3-4446-99c2-f984b04475a8","clientSessionId":"","clientRoute":"","ip":"::ffff:127.0.0.1"}

      at Object.log [as info] (utils/logger.js:24:38)

  console.error
    {"timestamp":"2026-03-16T16:46:58.744Z","level":"error","message":"createdPendingUser is not defined","hostname":"LAPTOP-2S5UTCOT","pid":14884,"error":{"message":"createdPendingUser is not defined","stack":"ReferenceError: createdPendingUser is not defined\n    at createdPendingUser (C:\\Users\\mdsai\\Downloads\\Kimi_Agent_Flipkart-Style Frontend\\server\\controllers\\otpController.js:882:17)\n    at processTicksAndRejections (node:internal/process/task_queues:103:5)","name":"ReferenceError"},"type":"ReferenceError","method":"POST","url":"/api/otp/send","statusCode":500,"requestId":"f74567e7-10e5-4df2-b735-37601417b0c6","clientSessionId":"","clientRoute":""}

    [0m [90m 24 |[39m     info[33m:[39m (message[33m,[39m meta) [33m=>[39m console[33m.[39mlog(formatMessage([32m'info'[39m[33m,[39m message[33m,[39m meta))[33m,[39m
     [90m 25 |[39m     warn[33m:[39m (message[33m,[39m meta) [33m=>[39m console[33m.[39mwarn(formatMessage([32m'warn'[39m[33m,[39m message[33m,[39m meta))[33m,[39m
    [31m[1m>[22m[39m[90m 26 |[39m     error[33m:[39m (message[33m,[39m meta) [33m=>[39m console[33m.[39merror(formatMessage([32m'error'[39m[33m,[39m message[33m,[39m meta))[33m,[39m
     [90m    |[39m                                       [31m[1m^[22m[39m
     [90m 27 |[39m     debug[33m:[39m (message[33m,[39m meta) [33m=>[39m {
     [90m 28 |[39m         [36mif[39m (process[33m.[39menv[33m.[39m[33mNODE_ENV[39m [33m!==[39m [32m'production'[39m) {
     [90m 29 |[39m             console[33m.[39mdebug(formatMessage([32m'debug'[39m[33m,[39m message[33m,[39m meta))[33m;[39m[0m

      at Object.error (utils/logger.js:26:39)
      at error (middleware/errorMiddleware.js:34:12)
      at Layer.handleError (node_modules/router/lib/layer.js:116:17)
      at trimPrefix (node_modules/router/index.js:340:13)
      at node_modules/router/index.js:297:9
      at processParams (node_modules/router/index.js:582:12)
      at next (node_modules/router/index.js:291:5)
      at Layer.handleError (node_modules/router/lib/layer.js:111:12)
      at trimPrefix (node_modules/router/index.js:340:13)
      at node_modules/router/index.js:297:9
      at processParams (node_modules/router/index.js:582:12)
      at next (node_modules/router/index.js:291:5)
      at node_modules/router/index.js:688:15
      at next (node_modules/router/index.js:276:14)
      at next (node_modules/router/lib/route.js:132:14)

  console.log
    {"timestamp":"2026-03-16T16:46:58.746Z","level":"info","message":"HTTP Request","hostname":"LAPTOP-2S5UTCOT","pid":14884,"method":"POST","url":"/api/otp/send","status":500,"durationMs":23,"requestId":"f74567e7-10e5-4df2-b735-37601417b0c6","clientSessionId":"","clientRoute":"","ip":"::ffff:127.0.0.1"}

      at Object.log [as info] (utils/logger.js:24:38)

  console.error
    {"timestamp":"2026-03-16T16:46:58.789Z","level":"error","message":"createdPendingUser is not defined","hostname":"LAPTOP-2S5UTCOT","pid":14884,"error":{"message":"createdPendingUser is not defined","stack":"ReferenceError: createdPendingUser is not defined\n    at createdPendingUser (C:\\Users\\mdsai\\Downloads\\Kimi_Agent_Flipkart-Style Frontend\\server\\controllers\\otpController.js:882:17)\n    at processTicksAndRejections (node:internal/process/task_queues:103:5)","name":"ReferenceError"},"type":"ReferenceError","method":"POST","url":"/api/otp/send","statusCode":500,"requestId":"2bcb7592-5c7e-4613-95c0-2b7f6398f51c","clientSessionId":"","clientRoute":""}

    [0m [90m 24 |[39m     info[33m:[39m (message[33m,[39m meta) [33m=>[39m console[33m.[39mlog(formatMessage([32m'info'[39m[33m,[39m message[33m,[39m meta))[33m,[39m
     [90m 25 |[39m     warn[33m:[39m (message[33m,[39m meta) [33m=>[39m console[33m.[39mwarn(formatMessage([32m'warn'[39m[33m,[39m message[33m,[39m meta))[33m,[39m
    [31m[1m>[22m[39m[90m 26 |[39m     error[33m:[39m (message[33m,[39m meta) [33m=>[39m console[33m.[39merror(formatMessage([32m'error'[39m[33m,[39m message[33m,[39m meta))[33m,[39m
     [90m    |[39m                                       [31m[1m^[22m[39m
     [90m 27 |[39m     debug[33m:[39m (message[33m,[39m meta) [33m=>[39m {
     [90m 28 |[39m         [36mif[39m (process[33m.[39menv[33m.[39m[33mNODE_ENV[39m [33m!==[39m [32m'production'[39m) {
     [90m 29 |[39m             console[33m.[39mdebug(formatMessage([32m'debug'[39m[33m,[39m message[33m,[39m meta))[33m;[39m[0m

      at Object.error (utils/logger.js:26:39)
      at error (middleware/errorMiddleware.js:34:12)
      at Layer.handleError (node_modules/router/lib/layer.js:116:17)
      at trimPrefix (node_modules/router/index.js:340:13)
      at node_modules/router/index.js:297:9
      at processParams (node_modules/router/index.js:582:12)
      at next (node_modules/router/index.js:291:5)
      at Layer.handleError (node_modules/router/lib/layer.js:111:12)
      at trimPrefix (node_modules/router/index.js:340:13)
      at node_modules/router/index.js:297:9
      at processParams (node_modules/router/index.js:582:12)
      at next (node_modules/router/index.js:291:5)
      at node_modules/router/index.js:688:15
      at next (node_modules/router/index.js:276:14)
      at next (node_modules/router/lib/route.js:132:14)

  console.log
    {"timestamp":"2026-03-16T16:46:58.791Z","level":"info","message":"HTTP Request","hostname":"LAPTOP-2S5UTCOT","pid":14884,"method":"POST","url":"/api/otp/send","status":500,"durationMs":30,"requestId":"2bcb7592-5c7e-4613-95c0-2b7f6398f51c","clientSessionId":"","clientRoute":"","ip":"::ffff:127.0.0.1"}

      at Object.log [as info] (utils/logger.js:24:38)

  console.error
    {"timestamp":"2026-03-16T16:46:58.802Z","level":"error","message":"Valid phone number is required","hostname":"LAPTOP-2S5UTCOT","pid":14884,"error":{"message":"Valid phone number is required","stack":"Error: Valid phone number is required\n    at C:\\Users\\mdsai\\Downloads\\Kimi_Agent_Flipkart-Style Frontend\\server\\controllers\\otpController.js:481:21\n    at asyncUtilWrap (C:\\Users\\mdsai\\Downloads\\Kimi_Agent_Flipkart-Style Frontend\\server\\node_modules\\express-async-handler\\index.js:3:20)\n    at Layer.handleRequest (C:\\Users\\mdsai\\Downloads\\Kimi_Agent_Flipkart-Style Frontend\\server\\node_modules\\router\\lib\\layer.js:152:17)\n    at next (C:\\Users\\mdsai\\Downloads\\Kimi_Agent_Flipkart-Style Frontend\\server\\node_modules\\router\\lib\\route.js:157:13)\n    at next (C:\\Users\\mdsai\\Downloads\\Kimi_Agent_Flipkart-Style Frontend\\server\\middleware\\distributedRateLimit.js:103:53)\n    at Layer.handleRequest (C:\\Users\\mdsai\\Downloads\\Kimi_Agent_Flipkart-Style Frontend\\server\\node_modules\\router\\lib\\layer.js:152:17)\n    at next (C:\\Users\\mdsai\\Downloads\\Kimi_Agent_Flipkart-Style Frontend\\server\\node_modules\\router\\lib\\route.js:157:13)\n    at Route.dispatch (C:\\Users\\mdsai\\Downloads\\Kimi_Agent_Flipkart-Style Frontend\\server\\node_modules\\router\\lib\\route.js:117:3)\n    at handle (C:\\Users\\mdsai\\Downloads\\Kimi_Agent_Flipkart-Style Frontend\\server\\node_modules\\router\\index.js:435:11)\n    at Layer.handleRequest (C:\\Users\\mdsai\\Downloads\\Kimi_Agent_Flipkart-Style Frontend\\server\\node_modules\\router\\lib\\layer.js:152:17)\n    at C:\\Users\\mdsai\\Downloads\\Kimi_Agent_Flipkart-Style Frontend\\server\\node_modules\\router\\index.js:295:15\n    at processParams (C:\\Users\\mdsai\\Downloads\\Kimi_Agent_Flipkart-Style Frontend\\server\\node_modules\\router\\index.js:582:12)\n    at next (C:\\Users\\mdsai\\Downloads\\Kimi_Agent_Flipkart-Style Frontend\\server\\node_modules\\router\\index.js:291:5)\n    at router.handle (C:\\Users\\mdsai\\Downloads\\Kimi_Agent_Flipkart-Style Frontend\\server\\node_modules\\router\\index.js:186:3)\n    at router (C:\\Users\\mdsai\\Downloads\\Kimi_Agent_Flipkart-Style Frontend\\server\\node_modules\\router\\index.js:60:12)\n    at Layer.handleRequest (C:\\Users\\mdsai\\Downloads\\Kimi_Agent_Flipkart-Style Frontend\\server\\node_modules\\router\\lib\\layer.js:152:17)\n    at trimPrefix (C:\\Users\\mdsai\\Downloads\\Kimi_Agent_Flipkart-Style Frontend\\server\\node_modules\\router\\index.js:342:13)\n    at C:\\Users\\mdsai\\Downloads\\Kimi_Agent_Flipkart-Style Frontend\\server\\node_modules\\router\\index.js:297:9\n    at processParams (C:\\Users\\mdsai\\Downloads\\Kimi_Agent_Flipkart-Style Frontend\\server\\node_modules\\router\\index.js:582:12)\n    at next (C:\\Users\\mdsai\\Downloads\\Kimi_Agent_Flipkart-Style Frontend\\server\\node_modules\\router\\index.js:291:5)\n    at next (C:\\Users\\mdsai\\Downloads\\Kimi_Agent_Flipkart-Style Frontend\\server\\middleware\\adminNotificationMiddleware.js:11:16)\n    at Layer.handleRequest (C:\\Users\\mdsai\\Downloads\\Kimi_Agent_Flipkart-Style Frontend\\server\\node_modules\\router\\lib\\layer.js:152:17)\n    at trimPrefix (C:\\Users\\mdsai\\Downloads\\Kimi_Agent_Flipkart-Style Frontend\\server\\node_modules\\router\\index.js:342:13)\n    at C:\\Users\\mdsai\\Downloads\\Kimi_Agent_Flipkart-Style Frontend\\server\\node_modules\\router\\index.js:297:9\n    at processParams (C:\\Users\\mdsai\\Downloads\\Kimi_Agent_Flipkart-Style Frontend\\server\\node_modules\\router\\index.js:582:12)\n    at next (C:\\Users\\mdsai\\Downloads\\Kimi_Agent_Flipkart-Style Frontend\\server\\node_modules\\router\\index.js:291:5)\n    at next (C:\\Users\\mdsai\\Downloads\\Kimi_Agent_Flipkart-Style Frontend\\server\\middleware\\activityEmailMiddleware.js:11:16)\n    at Layer.handleRequest (C:\\Users\\mdsai\\Downloads\\Kimi_Agent_Flipkart-Style Frontend\\server\\node_modules\\router\\lib\\layer.js:152:17)\n    at trimPrefix (C:\\Users\\mdsai\\Downloads\\Kimi_Agent_Flipkart-Style Frontend\\server\\node_modules\\router\\index.js:342:13)\n    at C:\\Users\\mdsai\\Downloads\\Kimi_Agent_Flipkart-Style Frontend\\server\\node_modules\\router\\index.js:297:9\n    at processParams (C:\\Users\\mdsai\\Downloads\\Kimi_Agent_Flipkart-Style Frontend\\server\\node_modules\\router\\index.js:582:12)\n    at next (C:\\Users\\mdsai\\Downloads\\Kimi_Agent_Flipkart-Style Frontend\\server\\node_modules\\router\\index.js:291:5)\n    at next (C:\\Users\\mdsai\\Downloads\\Kimi_Agent_Flipkart-Style Frontend\\server\\middleware\\xssSanitizer.js:36:5)\n    at Layer.handleRequest (C:\\Users\\mdsai\\Downloads\\Kimi_Agent_Flipkart-Style Frontend\\server\\node_modules\\router\\lib\\layer.js:152:17)\n    at trimPrefix (C:\\Users\\mdsai\\Downloads\\Kimi_Agent_Flipkart-Style Frontend\\server\\node_modules\\router\\index.js:342:13)\n    at C:\\Users\\mdsai\\Downloads\\Kimi_Agent_Flipkart-Style Frontend\\server\\node_modules\\router\\index.js:297:9\n    at processParams (C:\\Users\\mdsai\\Downloads\\Kimi_Agent_Flipkart-Style Frontend\\server\\node_modules\\router\\index.js:582:12)\n    at next (C:\\Users\\mdsai\\Downloads\\Kimi_Agent_Flipkart-Style Frontend\\server\\node_modules\\router\\index.js:291:5)\n    at next (C:\\Users\\mdsai\\Downloads\\Kimi_Agent_Flipkart-Style Frontend\\server\\middleware\\securityMiddleware.js:37:9)\n    at Layer.handleRequest (C:\\Users\\mdsai\\Downloads\\Kimi_Agent_Flipkart-Style Frontend\\server\\node_modules\\router\\lib\\layer.js:152:17)\n    at trimPrefix (C:\\Users\\mdsai\\Downloads\\Kimi_Agent_Flipkart-Style Frontend\\server\\node_modules\\router\\index.js:342:13)\n    at C:\\Users\\mdsai\\Downloads\\Kimi_Agent_Flipkart-Style Frontend\\server\\node_modules\\router\\index.js:297:9\n    at processParams (C:\\Users\\mdsai\\Downloads\\Kimi_Agent_Flipkart-Style Frontend\\server\\node_modules\\router\\index.js:582:12)\n    at next (C:\\Users\\mdsai\\Downloads\\Kimi_Agent_Flipkart-Style Frontend\\server\\node_modules\\router\\index.js:291:5)\n    at C:\\Users\\mdsai\\Downloads\\Kimi_Agent_Flipkart-Style Frontend\\server\\node_modules\\body-parser\\lib\\read.js:171:5\n    at AsyncResource.runInAsyncScope (node:async_hooks:214:14)\n    at invokeCallback (C:\\Users\\mdsai\\Downloads\\Kimi_Agent_Flipkart-Style Frontend\\server\\node_modules\\raw-body\\index.js:238:16)\n    at done (C:\\Users\\mdsai\\Downloads\\Kimi_Agent_Flipkart-Style Frontend\\server\\node_modules\\raw-body\\index.js:227:7)\n    at IncomingMessage.onEnd (C:\\Users\\mdsai\\Downloads\\Kimi_Agent_Flipkart-Style Frontend\\server\\node_modules\\raw-body\\index.js:287:7)\n    at IncomingMessage.emit (node:events:508:28)\n    at endReadableNT (node:internal/streams/readable:1701:12)\n    at processTicksAndRejections (node:internal/process/task_queues:89:21)","name":"Error"},"type":"AppError","method":"POST","url":"/api/otp/send","statusCode":400,"requestId":"9872598f-6576-422c-b1e1-a987898f5174","clientSessionId":"","clientRoute":""}

    [0m [90m 24 |[39m     info[33m:[39m (message[33m,[39m meta) [33m=>[39m console[33m.[39mlog(formatMessage([32m'info'[39m[33m,[39m message[33m,[39m meta))[33m,[39m
     [90m 25 |[39m     warn[33m:[39m (message[33m,[39m meta) [33m=>[39m console[33m.[39mwarn(formatMessage([32m'warn'[39m[33m,[39m message[33m,[39m meta))[33m,[39m
    [31m[1m>[22m[39m[90m 26 |[39m     error[33m:[39m (message[33m,[39m meta) [33m=>[39m console[33m.[39merror(formatMessage([32m'error'[39m[33m,[39m message[33m,[39m meta))[33m,[39m
     [90m    |[39m                                       [31m[1m^[22m[39m
     [90m 27 |[39m     debug[33m:[39m (message[33m,[39m meta) [33m=>[39m {
     [90m 28 |[39m         [36mif[39m (process[33m.[39menv[33m.[39m[33mNODE_ENV[39m [33m!==[39m [32m'production'[39m) {
     [90m 29 |[39m             console[33m.[39mdebug(formatMessage([32m'debug'[39m[33m,[39m message[33m,[39m meta))[33m;[39m[0m

      at Object.error (utils/logger.js:26:39)
      at error (middleware/errorMiddleware.js:34:12)
      at Layer.handleError (node_modules/router/lib/layer.js:116:17)
      at trimPrefix (node_modules/router/index.js:340:13)
      at node_modules/router/index.js:297:9
      at processParams (node_modules/router/index.js:582:12)
      at next (node_modules/router/index.js:291:5)
      at Layer.handleError (node_modules/router/lib/layer.js:111:12)
      at trimPrefix (node_modules/router/index.js:340:13)
      at node_modules/router/index.js:297:9
      at processParams (node_modules/router/index.js:582:12)
      at next (node_modules/router/index.js:291:5)
      at node_modules/router/index.js:688:15
      at next (node_modules/router/index.js:276:14)
      at next (node_modules/router/lib/route.js:132:14)
      at next (controllers/otpController.js:481:16)
      at asyncUtilWrap (node_modules/express-async-handler/index.js:3:20)
      at Layer.handleRequest (node_modules/router/lib/layer.js:152:17)
      at next (node_modules/router/lib/route.js:157:13)
      at next (middleware/distributedRateLimit.js:103:53)
      at Layer.handleRequest (node_modules/router/lib/layer.js:152:17)
      at next (node_modules/router/lib/route.js:157:13)
      at Route.dispatch (node_modules/router/lib/route.js:117:3)
      at handle (node_modules/router/index.js:435:11)
      at Layer.handleRequest (node_modules/router/lib/layer.js:152:17)
      at node_modules/router/index.js:295:15
      at processParams (node_modules/router/index.js:582:12)
      at next (node_modules/router/index.js:291:5)
      at router.handle (node_modules/router/index.js:186:3)
      at router (node_modules/router/index.js:60:12)
      at Layer.handleRequest (node_modules/router/lib/layer.js:152:17)
      at trimPrefix (node_modules/router/index.js:342:13)
      at node_modules/router/index.js:297:9
      at processParams (node_modules/router/index.js:582:12)
      at next (node_modules/router/index.js:291:5)
      at next (middleware/adminNotificationMiddleware.js:11:16)
      at Layer.handleRequest (node_modules/router/lib/layer.js:152:17)
      at trimPrefix (node_modules/router/index.js:342:13)
      at node_modules/router/index.js:297:9
      at processParams (node_modules/router/index.js:582:12)
      at next (node_modules/router/index.js:291:5)
      at next (middleware/activityEmailMiddleware.js:11:16)
      at Layer.handleRequest (node_modules/router/lib/layer.js:152:17)
      at trimPrefix (node_modules/router/index.js:342:13)
      at node_modules/router/index.js:297:9
      at processParams (node_modules/router/index.js:582:12)
      at next (node_modules/router/index.js:291:5)
      at next (middleware/xssSanitizer.js:36:5)
      at Layer.handleRequest (node_modules/router/lib/layer.js:152:17)
      at trimPrefix (node_modules/router/index.js:342:13)
      at node_modules/router/index.js:297:9
      at processParams (node_modules/router/index.js:582:12)
      at next (node_modules/router/index.js:291:5)
      at next (middleware/securityMiddleware.js:37:9)
      at Layer.handleRequest (node_modules/router/lib/layer.js:152:17)
      at trimPrefix (node_modules/router/index.js:342:13)
      at node_modules/router/index.js:297:9
      at processParams (node_modules/router/index.js:582:12)
      at next (node_modules/router/index.js:291:5)
      at node_modules/body-parser/lib/read.js:171:5
      at invokeCallback (node_modules/raw-body/index.js:238:16)
      at done (node_modules/raw-body/index.js:227:7)
      at IncomingMessage.onEnd (node_modules/raw-body/index.js:287:7)

  console.log
    {"timestamp":"2026-03-16T16:46:58.805Z","level":"info","message":"HTTP Request","hostname":"LAPTOP-2S5UTCOT","pid":14884,"method":"POST","url":"/api/otp/send","status":400,"durationMs":4,"requestId":"9872598f-6576-422c-b1e1-a987898f5174","clientSessionId":"","clientRoute":"","ip":"::ffff:127.0.0.1"}

      at Object.log [as info] (utils/logger.js:24:38)

  console.error
    {"timestamp":"2026-03-16T16:46:58.817Z","level":"error","message":"Valid phone number is required","hostname":"LAPTOP-2S5UTCOT","pid":14884,"error":{"message":"Valid phone number is required","stack":"Error: Valid phone number is required\n    at C:\\Users\\mdsai\\Downloads\\Kimi_Agent_Flipkart-Style Frontend\\server\\controllers\\otpController.js:481:21\n    at asyncUtilWrap (C:\\Users\\mdsai\\Downloads\\Kimi_Agent_Flipkart-Style Frontend\\server\\node_modules\\express-async-handler\\index.js:3:20)\n    at Layer.handleRequest (C:\\Users\\mdsai\\Downloads\\Kimi_Agent_Flipkart-Style Frontend\\server\\node_modules\\router\\lib\\layer.js:152:17)\n    at next (C:\\Users\\mdsai\\Downloads\\Kimi_Agent_Flipkart-Style Frontend\\server\\node_modules\\router\\lib\\route.js:157:13)\n    at next (C:\\Users\\mdsai\\Downloads\\Kimi_Agent_Flipkart-Style Frontend\\server\\middleware\\distributedRateLimit.js:103:53)\n    at Layer.handleRequest (C:\\Users\\mdsai\\Downloads\\Kimi_Agent_Flipkart-Style Frontend\\server\\node_modules\\router\\lib\\layer.js:152:17)\n    at next (C:\\Users\\mdsai\\Downloads\\Kimi_Agent_Flipkart-Style Frontend\\server\\node_modules\\router\\lib\\route.js:157:13)\n    at Route.dispatch (C:\\Users\\mdsai\\Downloads\\Kimi_Agent_Flipkart-Style Frontend\\server\\node_modules\\router\\lib\\route.js:117:3)\n    at handle (C:\\Users\\mdsai\\Downloads\\Kimi_Agent_Flipkart-Style Frontend\\server\\node_modules\\router\\index.js:435:11)\n    at Layer.handleRequest (C:\\Users\\mdsai\\Downloads\\Kimi_Agent_Flipkart-Style Frontend\\server\\node_modules\\router\\lib\\layer.js:152:17)\n    at C:\\Users\\mdsai\\Downloads\\Kimi_Agent_Flipkart-Style Frontend\\server\\node_modules\\router\\index.js:295:15\n    at processParams (C:\\Users\\mdsai\\Downloads\\Kimi_Agent_Flipkart-Style Frontend\\server\\node_modules\\router\\index.js:582:12)\n    at next (C:\\Users\\mdsai\\Downloads\\Kimi_Agent_Flipkart-Style Frontend\\server\\node_modules\\router\\index.js:291:5)\n    at router.handle (C:\\Users\\mdsai\\Downloads\\Kimi_Agent_Flipkart-Style Frontend\\server\\node_modules\\router\\index.js:186:3)\n    at router (C:\\Users\\mdsai\\Downloads\\Kimi_Agent_Flipkart-Style Frontend\\server\\node_modules\\router\\index.js:60:12)\n    at Layer.handleRequest (C:\\Users\\mdsai\\Downloads\\Kimi_Agent_Flipkart-Style Frontend\\server\\node_modules\\router\\lib\\layer.js:152:17)\n    at trimPrefix (C:\\Users\\mdsai\\Downloads\\Kimi_Agent_Flipkart-Style Frontend\\server\\node_modules\\router\\index.js:342:13)\n    at C:\\Users\\mdsai\\Downloads\\Kimi_Agent_Flipkart-Style Frontend\\server\\node_modules\\router\\index.js:297:9\n    at processParams (C:\\Users\\mdsai\\Downloads\\Kimi_Agent_Flipkart-Style Frontend\\server\\node_modules\\router\\index.js:582:12)\n    at next (C:\\Users\\mdsai\\Downloads\\Kimi_Agent_Flipkart-Style Frontend\\server\\node_modules\\router\\index.js:291:5)\n    at next (C:\\Users\\mdsai\\Downloads\\Kimi_Agent_Flipkart-Style Frontend\\server\\middleware\\adminNotificationMiddleware.js:11:16)\n    at Layer.handleRequest (C:\\Users\\mdsai\\Downloads\\Kimi_Agent_Flipkart-Style Frontend\\server\\node_modules\\router\\lib\\layer.js:152:17)\n    at trimPrefix (C:\\Users\\mdsai\\Downloads\\Kimi_Agent_Flipkart-Style Frontend\\server\\node_modules\\router\\index.js:342:13)\n    at C:\\Users\\mdsai\\Downloads\\Kimi_Agent_Flipkart-Style Frontend\\server\\node_modules\\router\\index.js:297:9\n    at processParams (C:\\Users\\mdsai\\Downloads\\Kimi_Agent_Flipkart-Style Frontend\\server\\node_modules\\router\\index.js:582:12)\n    at next (C:\\Users\\mdsai\\Downloads\\Kimi_Agent_Flipkart-Style Frontend\\server\\node_modules\\router\\index.js:291:5)\n    at next (C:\\Users\\mdsai\\Downloads\\Kimi_Agent_Flipkart-Style Frontend\\server\\middleware\\activityEmailMiddleware.js:11:16)\n    at Layer.handleRequest (C:\\Users\\mdsai\\Downloads\\Kimi_Agent_Flipkart-Style Frontend\\server\\node_modules\\router\\lib\\layer.js:152:17)\n    at trimPrefix (C:\\Users\\mdsai\\Downloads\\Kimi_Agent_Flipkart-Style Frontend\\server\\node_modules\\router\\index.js:342:13)\n    at C:\\Users\\mdsai\\Downloads\\Kimi_Agent_Flipkart-Style Frontend\\server\\node_modules\\router\\index.js:297:9\n    at processParams (C:\\Users\\mdsai\\Downloads\\Kimi_Agent_Flipkart-Style Frontend\\server\\node_modules\\router\\index.js:582:12)\n    at next (C:\\Users\\mdsai\\Downloads\\Kimi_Agent_Flipkart-Style Frontend\\server\\node_modules\\router\\index.js:291:5)\n    at next (C:\\Users\\mdsai\\Downloads\\Kimi_Agent_Flipkart-Style Frontend\\server\\middleware\\xssSanitizer.js:36:5)\n    at Layer.handleRequest (C:\\Users\\mdsai\\Downloads\\Kimi_Agent_Flipkart-Style Frontend\\server\\node_modules\\router\\lib\\layer.js:152:17)\n    at trimPrefix (C:\\Users\\mdsai\\Downloads\\Kimi_Agent_Flipkart-Style Frontend\\server\\node_modules\\router\\index.js:342:13)\n    at C:\\Users\\mdsai\\Downloads\\Kimi_Agent_Flipkart-Style Frontend\\server\\node_modules\\router\\index.js:297:9\n    at processParams (C:\\Users\\mdsai\\Downloads\\Kimi_Agent_Flipkart-Style Frontend\\server\\node_modules\\router\\index.js:582:12)\n    at next (C:\\Users\\mdsai\\Downloads\\Kimi_Agent_Flipkart-Style Frontend\\server\\node_modules\\router\\index.js:291:5)\n    at next (C:\\Users\\mdsai\\Downloads\\Kimi_Agent_Flipkart-Style Frontend\\server\\middleware\\securityMiddleware.js:37:9)\n    at Layer.handleRequest (C:\\Users\\mdsai\\Downloads\\Kimi_Agent_Flipkart-Style Frontend\\server\\node_modules\\router\\lib\\layer.js:152:17)\n    at trimPrefix (C:\\Users\\mdsai\\Downloads\\Kimi_Agent_Flipkart-Style Frontend\\server\\node_modules\\router\\index.js:342:13)\n    at C:\\Users\\mdsai\\Downloads\\Kimi_Agent_Flipkart-Style Frontend\\server\\node_modules\\router\\index.js:297:9\n    at processParams (C:\\Users\\mdsai\\Downloads\\Kimi_Agent_Flipkart-Style Frontend\\server\\node_modules\\router\\index.js:582:12)\n    at next (C:\\Users\\mdsai\\Downloads\\Kimi_Agent_Flipkart-Style Frontend\\server\\node_modules\\router\\index.js:291:5)\n    at C:\\Users\\mdsai\\Downloads\\Kimi_Agent_Flipkart-Style Frontend\\server\\node_modules\\body-parser\\lib\\read.js:171:5\n    at AsyncResource.runInAsyncScope (node:async_hooks:214:14)\n    at invokeCallback (C:\\Users\\mdsai\\Downloads\\Kimi_Agent_Flipkart-Style Frontend\\server\\node_modules\\raw-body\\index.js:238:16)\n    at done (C:\\Users\\mdsai\\Downloads\\Kimi_Agent_Flipkart-Style Frontend\\server\\node_modules\\raw-body\\index.js:227:7)\n    at IncomingMessage.onEnd (C:\\Users\\mdsai\\Downloads\\Kimi_Agent_Flipkart-Style Frontend\\server\\node_modules\\raw-body\\index.js:287:7)\n    at IncomingMessage.emit (node:events:508:28)\n    at endReadableNT (node:internal/streams/readable:1701:12)\n    at processTicksAndRejections (node:internal/process/task_queues:89:21)","name":"Error"},"type":"AppError","method":"POST","url":"/api/otp/send","statusCode":400,"requestId":"c17e5836-8d91-49ad-8724-cb041e3ffb3e","clientSessionId":"","clientRoute":""}

    [0m [90m 24 |[39m     info[33m:[39m (message[33m,[39m meta) [33m=>[39m console[33m.[39mlog(formatMessage([32m'info'[39m[33m,[39m message[33m,[39m meta))[33m,[39m
     [90m 25 |[39m     warn[33m:[39m (message[33m,[39m meta) [33m=>[39m console[33m.[39mwarn(formatMessage([32m'warn'[39m[33m,[39m message[33m,[39m meta))[33m,[39m
    [31m[1m>[22m[39m[90m 26 |[39m     error[33m:[39m (message[33m,[39m meta) [33m=>[39m console[33m.[39merror(formatMessage([32m'error'[39m[33m,[39m message[33m,[39m meta))[33m,[39m
     [90m    |[39m                                       [31m[1m^[22m[39m
     [90m 27 |[39m     debug[33m:[39m (message[33m,[39m meta) [33m=>[39m {
     [90m 28 |[39m         [36mif[39m (process[33m.[39menv[33m.[39m[33mNODE_ENV[39m [33m!==[39m [32m'production'[39m) {
     [90m 29 |[39m             console[33m.[39mdebug(formatMessage([32m'debug'[39m[33m,[39m message[33m,[39m meta))[33m;[39m[0m

      at Object.error (utils/logger.js:26:39)
      at error (middleware/errorMiddleware.js:34:12)
      at Layer.handleError (node_modules/router/lib/layer.js:116:17)
      at trimPrefix (node_modules/router/index.js:340:13)
      at node_modules/router/index.js:297:9
      at processParams (node_modules/router/index.js:582:12)
      at next (node_modules/router/index.js:291:5)
      at Layer.handleError (node_modules/router/lib/layer.js:111:12)
      at trimPrefix (node_modules/router/index.js:340:13)
      at node_modules/router/index.js:297:9
      at processParams (node_modules/router/index.js:582:12)
      at next (node_modules/router/index.js:291:5)
      at node_modules/router/index.js:688:15
      at next (node_modules/router/index.js:276:14)
      at next (node_modules/router/lib/route.js:132:14)
      at next (controllers/otpController.js:481:16)
      at asyncUtilWrap (node_modules/express-async-handler/index.js:3:20)
      at Layer.handleRequest (node_modules/router/lib/layer.js:152:17)
      at next (node_modules/router/lib/route.js:157:13)
      at next (middleware/distributedRateLimit.js:103:53)
      at Layer.handleRequest (node_modules/router/lib/layer.js:152:17)
      at next (node_modules/router/lib/route.js:157:13)
      at Route.dispatch (node_modules/router/lib/route.js:117:3)
      at handle (node_modules/router/index.js:435:11)
      at Layer.handleRequest (node_modules/router/lib/layer.js:152:17)
      at node_modules/router/index.js:295:15
      at processParams (node_modules/router/index.js:582:12)
      at next (node_modules/router/index.js:291:5)
      at router.handle (node_modules/router/index.js:186:3)
      at router (node_modules/router/index.js:60:12)
      at Layer.handleRequest (node_modules/router/lib/layer.js:152:17)
      at trimPrefix (node_modules/router/index.js:342:13)
      at node_modules/router/index.js:297:9
      at processParams (node_modules/router/index.js:582:12)
      at next (node_modules/router/index.js:291:5)
      at next (middleware/adminNotificationMiddleware.js:11:16)
      at Layer.handleRequest (node_modules/router/lib/layer.js:152:17)
      at trimPrefix (node_modules/router/index.js:342:13)
      at node_modules/router/index.js:297:9
      at processParams (node_modules/router/index.js:582:12)
      at next (node_modules/router/index.js:291:5)
      at next (middleware/activityEmailMiddleware.js:11:16)
      at Layer.handleRequest (node_modules/router/lib/layer.js:152:17)
      at trimPrefix (node_modules/router/index.js:342:13)
      at node_modules/router/index.js:297:9
      at processParams (node_modules/router/index.js:582:12)
      at next (node_modules/router/index.js:291:5)
      at next (middleware/xssSanitizer.js:36:5)
      at Layer.handleRequest (node_modules/router/lib/layer.js:152:17)
      at trimPrefix (node_modules/router/index.js:342:13)
      at node_modules/router/index.js:297:9
      at processParams (node_modules/router/index.js:582:12)
      at next (node_modules/router/index.js:291:5)
      at next (middleware/securityMiddleware.js:37:9)
      at Layer.handleRequest (node_modules/router/lib/layer.js:152:17)
      at trimPrefix (node_modules/router/index.js:342:13)
      at node_modules/router/index.js:297:9
      at processParams (node_modules/router/index.js:582:12)
      at next (node_modules/router/index.js:291:5)
      at node_modules/body-parser/lib/read.js:171:5
      at invokeCallback (node_modules/raw-body/index.js:238:16)
      at done (node_modules/raw-body/index.js:227:7)
      at IncomingMessage.onEnd (node_modules/raw-body/index.js:287:7)

  console.log
    {"timestamp":"2026-03-16T16:46:58.821Z","level":"info","message":"HTTP Request","hostname":"LAPTOP-2S5UTCOT","pid":14884,"method":"POST","url":"/api/otp/send","status":400,"durationMs":5,"requestId":"c17e5836-8d91-49ad-8724-cb041e3ffb3e","clientSessionId":"","clientRoute":"","ip":"::ffff:127.0.0.1"}

      at Object.log [as info] (utils/logger.js:24:38)

  console.error
    {"timestamp":"2026-03-16T16:46:58.830Z","level":"error","message":"Email is required","hostname":"LAPTOP-2S5UTCOT","pid":14884,"error":{"message":"Email is required","stack":"Error: Email is required\n    at C:\\Users\\mdsai\\Downloads\\Kimi_Agent_Flipkart-Style Frontend\\server\\controllers\\otpController.js:447:21\n    at asyncUtilWrap (C:\\Users\\mdsai\\Downloads\\Kimi_Agent_Flipkart-Style Frontend\\server\\node_modules\\express-async-handler\\index.js:3:20)\n    at Layer.handleRequest (C:\\Users\\mdsai\\Downloads\\Kimi_Agent_Flipkart-Style Frontend\\server\\node_modules\\router\\lib\\layer.js:152:17)\n    at next (C:\\Users\\mdsai\\Downloads\\Kimi_Agent_Flipkart-Style Frontend\\server\\node_modules\\router\\lib\\route.js:157:13)\n    at next (C:\\Users\\mdsai\\Downloads\\Kimi_Agent_Flipkart-Style Frontend\\server\\middleware\\distributedRateLimit.js:103:53)\n    at Layer.handleRequest (C:\\Users\\mdsai\\Downloads\\Kimi_Agent_Flipkart-Style Frontend\\server\\node_modules\\router\\lib\\layer.js:152:17)\n    at next (C:\\Users\\mdsai\\Downloads\\Kimi_Agent_Flipkart-Style Frontend\\server\\node_modules\\router\\lib\\route.js:157:13)\n    at Route.dispatch (C:\\Users\\mdsai\\Downloads\\Kimi_Agent_Flipkart-Style Frontend\\server\\node_modules\\router\\lib\\route.js:117:3)\n    at handle (C:\\Users\\mdsai\\Downloads\\Kimi_Agent_Flipkart-Style Frontend\\server\\node_modules\\router\\index.js:435:11)\n    at Layer.handleRequest (C:\\Users\\mdsai\\Downloads\\Kimi_Agent_Flipkart-Style Frontend\\server\\node_modules\\router\\lib\\layer.js:152:17)\n    at C:\\Users\\mdsai\\Downloads\\Kimi_Agent_Flipkart-Style Frontend\\server\\node_modules\\router\\index.js:295:15\n    at processParams (C:\\Users\\mdsai\\Downloads\\Kimi_Agent_Flipkart-Style Frontend\\server\\node_modules\\router\\index.js:582:12)\n    at next (C:\\Users\\mdsai\\Downloads\\Kimi_Agent_Flipkart-Style Frontend\\server\\node_modules\\router\\index.js:291:5)\n    at router.handle (C:\\Users\\mdsai\\Downloads\\Kimi_Agent_Flipkart-Style Frontend\\server\\node_modules\\router\\index.js:186:3)\n    at router (C:\\Users\\mdsai\\Downloads\\Kimi_Agent_Flipkart-Style Frontend\\server\\node_modules\\router\\index.js:60:12)\n    at Layer.handleRequest (C:\\Users\\mdsai\\Downloads\\Kimi_Agent_Flipkart-Style Frontend\\server\\node_modules\\router\\lib\\layer.js:152:17)\n    at trimPrefix (C:\\Users\\mdsai\\Downloads\\Kimi_Agent_Flipkart-Style Frontend\\server\\node_modules\\router\\index.js:342:13)\n    at C:\\Users\\mdsai\\Downloads\\Kimi_Agent_Flipkart-Style Frontend\\server\\node_modules\\router\\index.js:297:9\n    at processParams (C:\\Users\\mdsai\\Downloads\\Kimi_Agent_Flipkart-Style Frontend\\server\\node_modules\\router\\index.js:582:12)\n    at next (C:\\Users\\mdsai\\Downloads\\Kimi_Agent_Flipkart-Style Frontend\\server\\node_modules\\router\\index.js:291:5)\n    at next (C:\\Users\\mdsai\\Downloads\\Kimi_Agent_Flipkart-Style Frontend\\server\\middleware\\adminNotificationMiddleware.js:11:16)\n    at Layer.handleRequest (C:\\Users\\mdsai\\Downloads\\Kimi_Agent_Flipkart-Style Frontend\\server\\node_modules\\router\\lib\\layer.js:152:17)\n    at trimPrefix (C:\\Users\\mdsai\\Downloads\\Kimi_Agent_Flipkart-Style Frontend\\server\\node_modules\\router\\index.js:342:13)\n    at C:\\Users\\mdsai\\Downloads\\Kimi_Agent_Flipkart-Style Frontend\\server\\node_modules\\router\\index.js:297:9\n    at processParams (C:\\Users\\mdsai\\Downloads\\Kimi_Agent_Flipkart-Style Frontend\\server\\node_modules\\router\\index.js:582:12)\n    at next (C:\\Users\\mdsai\\Downloads\\Kimi_Agent_Flipkart-Style Frontend\\server\\node_modules\\router\\index.js:291:5)\n    at next (C:\\Users\\mdsai\\Downloads\\Kimi_Agent_Flipkart-Style Frontend\\server\\middleware\\activityEmailMiddleware.js:11:16)\n    at Layer.handleRequest (C:\\Users\\mdsai\\Downloads\\Kimi_Agent_Flipkart-Style Frontend\\server\\node_modules\\router\\lib\\layer.js:152:17)\n    at trimPrefix (C:\\Users\\mdsai\\Downloads\\Kimi_Agent_Flipkart-Style Frontend\\server\\node_modules\\router\\index.js:342:13)\n    at C:\\Users\\mdsai\\Downloads\\Kimi_Agent_Flipkart-Style Frontend\\server\\node_modules\\router\\index.js:297:9\n    at processParams (C:\\Users\\mdsai\\Downloads\\Kimi_Agent_Flipkart-Style Frontend\\server\\node_modules\\router\\index.js:582:12)\n    at next (C:\\Users\\mdsai\\Downloads\\Kimi_Agent_Flipkart-Style Frontend\\server\\node_modules\\router\\index.js:291:5)\n    at next (C:\\Users\\mdsai\\Downloads\\Kimi_Agent_Flipkart-Style Frontend\\server\\middleware\\xssSanitizer.js:36:5)\n    at Layer.handleRequest (C:\\Users\\mdsai\\Downloads\\Kimi_Agent_Flipkart-Style Frontend\\server\\node_modules\\router\\lib\\layer.js:152:17)\n    at trimPrefix (C:\\Users\\mdsai\\Downloads\\Kimi_Agent_Flipkart-Style Frontend\\server\\node_modules\\router\\index.js:342:13)\n    at C:\\Users\\mdsai\\Downloads\\Kimi_Agent_Flipkart-Style Frontend\\server\\node_modules\\router\\index.js:297:9\n    at processParams (C:\\Users\\mdsai\\Downloads\\Kimi_Agent_Flipkart-Style Frontend\\server\\node_modules\\router\\index.js:582:12)\n    at next (C:\\Users\\mdsai\\Downloads\\Kimi_Agent_Flipkart-Style Frontend\\server\\node_modules\\router\\index.js:291:5)\n    at next (C:\\Users\\mdsai\\Downloads\\Kimi_Agent_Flipkart-Style Frontend\\server\\middleware\\securityMiddleware.js:37:9)\n    at Layer.handleRequest (C:\\Users\\mdsai\\Downloads\\Kimi_Agent_Flipkart-Style Frontend\\server\\node_modules\\router\\lib\\layer.js:152:17)\n    at trimPrefix (C:\\Users\\mdsai\\Downloads\\Kimi_Agent_Flipkart-Style Frontend\\server\\node_modules\\router\\index.js:342:13)\n    at C:\\Users\\mdsai\\Downloads\\Kimi_Agent_Flipkart-Style Frontend\\server\\node_modules\\router\\index.js:297:9\n    at processParams (C:\\Users\\mdsai\\Downloads\\Kimi_Agent_Flipkart-Style Frontend\\server\\node_modules\\router\\index.js:582:12)\n    at next (C:\\Users\\mdsai\\Downloads\\Kimi_Agent_Flipkart-Style Frontend\\server\\node_modules\\router\\index.js:291:5)\n    at C:\\Users\\mdsai\\Downloads\\Kimi_Agent_Flipkart-Style Frontend\\server\\node_modules\\body-parser\\lib\\read.js:171:5\n    at AsyncResource.runInAsyncScope (node:async_hooks:214:14)\n    at invokeCallback (C:\\Users\\mdsai\\Downloads\\Kimi_Agent_Flipkart-Style Frontend\\server\\node_modules\\raw-body\\index.js:238:16)\n    at done (C:\\Users\\mdsai\\Downloads\\Kimi_Agent_Flipkart-Style Frontend\\server\\node_modules\\raw-body\\index.js:227:7)\n    at IncomingMessage.onEnd (C:\\Users\\mdsai\\Downloads\\Kimi_Agent_Flipkart-Style Frontend\\server\\node_modules\\raw-body\\index.js:287:7)\n    at IncomingMessage.emit (node:events:508:28)\n    at endReadableNT (node:internal/streams/readable:1701:12)\n    at processTicksAndRejections (node:internal/process/task_queues:89:21)","name":"Error"},"type":"AppError","method":"POST","url":"/api/otp/send","statusCode":400,"requestId":"60e59c2b-a89d-4981-8ed0-73705e1645c7","clientSessionId":"","clientRoute":""}

    [0m [90m 24 |[39m     info[33m:[39m (message[33m,[39m meta) [33m=>[39m console[33m.[39mlog(formatMessage([32m'info'[39m[33m,[39m message[33m,[39m meta))[33m,[39m
     [90m 25 |[39m     warn[33m:[39m (message[33m,[39m meta) [33m=>[39m console[33m.[39mwarn(formatMessage([32m'warn'[39m[33m,[39m message[33m,[39m meta))[33m,[39m
    [31m[1m>[22m[39m[90m 26 |[39m     error[33m:[39m (message[33m,[39m meta) [33m=>[39m console[33m.[39merror(formatMessage([32m'error'[39m[33m,[39m message[33m,[39m meta))[33m,[39m
     [90m    |[39m                                       [31m[1m^[22m[39m
     [90m 27 |[39m     debug[33m:[39m (message[33m,[39m meta) [33m=>[39m {
     [90m 28 |[39m         [36mif[39m (process[33m.[39menv[33m.[39m[33mNODE_ENV[39m [33m!==[39m [32m'production'[39m) {
     [90m 29 |[39m             console[33m.[39mdebug(formatMessage([32m'debug'[39m[33m,[39m message[33m,[39m meta))[33m;[39m[0m

      at Object.error (utils/logger.js:26:39)
      at error (middleware/errorMiddleware.js:34:12)
      at Layer.handleError (node_modules/router/lib/layer.js:116:17)
      at trimPrefix (node_modules/router/index.js:340:13)
      at node_modules/router/index.js:297:9
      at processParams (node_modules/router/index.js:582:12)
      at next (node_modules/router/index.js:291:5)
      at Layer.handleError (node_modules/router/lib/layer.js:111:12)
      at trimPrefix (node_modules/router/index.js:340:13)
      at node_modules/router/index.js:297:9
      at processParams (node_modules/router/index.js:582:12)
      at next (node_modules/router/index.js:291:5)
      at node_modules/router/index.js:688:15
      at next (node_modules/router/index.js:276:14)
      at next (node_modules/router/lib/route.js:132:14)
      at next (controllers/otpController.js:447:16)
      at asyncUtilWrap (node_modules/express-async-handler/index.js:3:20)
      at Layer.handleRequest (node_modules/router/lib/layer.js:152:17)
      at next (node_modules/router/lib/route.js:157:13)
      at next (middleware/distributedRateLimit.js:103:53)
      at Layer.handleRequest (node_modules/router/lib/layer.js:152:17)
      at next (node_modules/router/lib/route.js:157:13)
      at Route.dispatch (node_modules/router/lib/route.js:117:3)
      at handle (node_modules/router/index.js:435:11)
      at Layer.handleRequest (node_modules/router/lib/layer.js:152:17)
      at node_modules/router/index.js:295:15
      at processParams (node_modules/router/index.js:582:12)
      at next (node_modules/router/index.js:291:5)
      at router.handle (node_modules/router/index.js:186:3)
      at router (node_modules/router/index.js:60:12)
      at Layer.handleRequest (node_modules/router/lib/layer.js:152:17)
      at trimPrefix (node_modules/router/index.js:342:13)
      at node_modules/router/index.js:297:9
      at processParams (node_modules/router/index.js:582:12)
      at next (node_modules/router/index.js:291:5)
      at next (middleware/adminNotificationMiddleware.js:11:16)
      at Layer.handleRequest (node_modules/router/lib/layer.js:152:17)
      at trimPrefix (node_modules/router/index.js:342:13)
      at node_modules/router/index.js:297:9
      at processParams (node_modules/router/index.js:582:12)
      at next (node_modules/router/index.js:291:5)
      at next (middleware/activityEmailMiddleware.js:11:16)
      at Layer.handleRequest (node_modules/router/lib/layer.js:152:17)
      at trimPrefix (node_modules/router/index.js:342:13)
      at node_modules/router/index.js:297:9
      at processParams (node_modules/router/index.js:582:12)
      at next (node_modules/router/index.js:291:5)
      at next (middleware/xssSanitizer.js:36:5)
      at Layer.handleRequest (node_modules/router/lib/layer.js:152:17)
      at trimPrefix (node_modules/router/index.js:342:13)
      at node_modules/router/index.js:297:9
      at processParams (node_modules/router/index.js:582:12)
      at next (node_modules/router/index.js:291:5)
      at next (middleware/securityMiddleware.js:37:9)
      at Layer.handleRequest (node_modules/router/lib/layer.js:152:17)
      at trimPrefix (node_modules/router/index.js:342:13)
      at node_modules/router/index.js:297:9
      at processParams (node_modules/router/index.js:582:12)
      at next (node_modules/router/index.js:291:5)
      at node_modules/body-parser/lib/read.js:171:5
      at invokeCallback (node_modules/raw-body/index.js:238:16)
      at done (node_modules/raw-body/index.js:227:7)
      at IncomingMessage.onEnd (node_modules/raw-body/index.js:287:7)

  console.log
    {"timestamp":"2026-03-16T16:46:58.834Z","level":"info","message":"HTTP Request","hostname":"LAPTOP-2S5UTCOT","pid":14884,"method":"POST","url":"/api/otp/send","status":400,"durationMs":5,"requestId":"60e59c2b-a89d-4981-8ed0-73705e1645c7","clientSessionId":"","clientRoute":"","ip":"::ffff:127.0.0.1"}

      at Object.log [as info] (utils/logger.js:24:38)

  console.error
    {"timestamp":"2026-03-16T16:46:58.847Z","level":"error","message":"Valid phone number is required","hostname":"LAPTOP-2S5UTCOT","pid":14884,"error":{"message":"Valid phone number is required","stack":"Error: Valid phone number is required\n    at C:\\Users\\mdsai\\Downloads\\Kimi_Agent_Flipkart-Style Frontend\\server\\controllers\\otpController.js:481:21\n    at asyncUtilWrap (C:\\Users\\mdsai\\Downloads\\Kimi_Agent_Flipkart-Style Frontend\\server\\node_modules\\express-async-handler\\index.js:3:20)\n    at Layer.handleRequest (C:\\Users\\mdsai\\Downloads\\Kimi_Agent_Flipkart-Style Frontend\\server\\node_modules\\router\\lib\\layer.js:152:17)\n    at next (C:\\Users\\mdsai\\Downloads\\Kimi_Agent_Flipkart-Style Frontend\\server\\node_modules\\router\\lib\\route.js:157:13)\n    at next (C:\\Users\\mdsai\\Downloads\\Kimi_Agent_Flipkart-Style Frontend\\server\\middleware\\distributedRateLimit.js:103:53)\n    at Layer.handleRequest (C:\\Users\\mdsai\\Downloads\\Kimi_Agent_Flipkart-Style Frontend\\server\\node_modules\\router\\lib\\layer.js:152:17)\n    at next (C:\\Users\\mdsai\\Downloads\\Kimi_Agent_Flipkart-Style Frontend\\server\\node_modules\\router\\lib\\route.js:157:13)\n    at Route.dispatch (C:\\Users\\mdsai\\Downloads\\Kimi_Agent_Flipkart-Style Frontend\\server\\node_modules\\router\\lib\\route.js:117:3)\n    at handle (C:\\Users\\mdsai\\Downloads\\Kimi_Agent_Flipkart-Style Frontend\\server\\node_modules\\router\\index.js:435:11)\n    at Layer.handleRequest (C:\\Users\\mdsai\\Downloads\\Kimi_Agent_Flipkart-Style Frontend\\server\\node_modules\\router\\lib\\layer.js:152:17)\n    at C:\\Users\\mdsai\\Downloads\\Kimi_Agent_Flipkart-Style Frontend\\server\\node_modules\\router\\index.js:295:15\n    at processParams (C:\\Users\\mdsai\\Downloads\\Kimi_Agent_Flipkart-Style Frontend\\server\\node_modules\\router\\index.js:582:12)\n    at next (C:\\Users\\mdsai\\Downloads\\Kimi_Agent_Flipkart-Style Frontend\\server\\node_modules\\router\\index.js:291:5)\n    at router.handle (C:\\Users\\mdsai\\Downloads\\Kimi_Agent_Flipkart-Style Frontend\\server\\node_modules\\router\\index.js:186:3)\n    at router (C:\\Users\\mdsai\\Downloads\\Kimi_Agent_Flipkart-Style Frontend\\server\\node_modules\\router\\index.js:60:12)\n    at Layer.handleRequest (C:\\Users\\mdsai\\Downloads\\Kimi_Agent_Flipkart-Style Frontend\\server\\node_modules\\router\\lib\\layer.js:152:17)\n    at trimPrefix (C:\\Users\\mdsai\\Downloads\\Kimi_Agent_Flipkart-Style Frontend\\server\\node_modules\\router\\index.js:342:13)\n    at C:\\Users\\mdsai\\Downloads\\Kimi_Agent_Flipkart-Style Frontend\\server\\node_modules\\router\\index.js:297:9\n    at processParams (C:\\Users\\mdsai\\Downloads\\Kimi_Agent_Flipkart-Style Frontend\\server\\node_modules\\router\\index.js:582:12)\n    at next (C:\\Users\\mdsai\\Downloads\\Kimi_Agent_Flipkart-Style Frontend\\server\\node_modules\\router\\index.js:291:5)\n    at next (C:\\Users\\mdsai\\Downloads\\Kimi_Agent_Flipkart-Style Frontend\\server\\middleware\\adminNotificationMiddleware.js:11:16)\n    at Layer.handleRequest (C:\\Users\\mdsai\\Downloads\\Kimi_Agent_Flipkart-Style Frontend\\server\\node_modules\\router\\lib\\layer.js:152:17)\n    at trimPrefix (C:\\Users\\mdsai\\Downloads\\Kimi_Agent_Flipkart-Style Frontend\\server\\node_modules\\router\\index.js:342:13)\n    at C:\\Users\\mdsai\\Downloads\\Kimi_Agent_Flipkart-Style Frontend\\server\\node_modules\\router\\index.js:297:9\n    at processParams (C:\\Users\\mdsai\\Downloads\\Kimi_Agent_Flipkart-Style Frontend\\server\\node_modules\\router\\index.js:582:12)\n    at next (C:\\Users\\mdsai\\Downloads\\Kimi_Agent_Flipkart-Style Frontend\\server\\node_modules\\router\\index.js:291:5)\n    at next (C:\\Users\\mdsai\\Downloads\\Kimi_Agent_Flipkart-Style Frontend\\server\\middleware\\activityEmailMiddleware.js:11:16)\n    at Layer.handleRequest (C:\\Users\\mdsai\\Downloads\\Kimi_Agent_Flipkart-Style Frontend\\server\\node_modules\\router\\lib\\layer.js:152:17)\n    at trimPrefix (C:\\Users\\mdsai\\Downloads\\Kimi_Agent_Flipkart-Style Frontend\\server\\node_modules\\router\\index.js:342:13)\n    at C:\\Users\\mdsai\\Downloads\\Kimi_Agent_Flipkart-Style Frontend\\server\\node_modules\\router\\index.js:297:9\n    at processParams (C:\\Users\\mdsai\\Downloads\\Kimi_Agent_Flipkart-Style Frontend\\server\\node_modules\\router\\index.js:582:12)\n    at next (C:\\Users\\mdsai\\Downloads\\Kimi_Agent_Flipkart-Style Frontend\\server\\node_modules\\router\\index.js:291:5)\n    at next (C:\\Users\\mdsai\\Downloads\\Kimi_Agent_Flipkart-Style Frontend\\server\\middleware\\xssSanitizer.js:36:5)\n    at Layer.handleRequest (C:\\Users\\mdsai\\Downloads\\Kimi_Agent_Flipkart-Style Frontend\\server\\node_modules\\router\\lib\\layer.js:152:17)\n    at trimPrefix (C:\\Users\\mdsai\\Downloads\\Kimi_Agent_Flipkart-Style Frontend\\server\\node_modules\\router\\index.js:342:13)\n    at C:\\Users\\mdsai\\Downloads\\Kimi_Agent_Flipkart-Style Frontend\\server\\node_modules\\router\\index.js:297:9\n    at processParams (C:\\Users\\mdsai\\Downloads\\Kimi_Agent_Flipkart-Style Frontend\\server\\node_modules\\router\\index.js:582:12)\n    at next (C:\\Users\\mdsai\\Downloads\\Kimi_Agent_Flipkart-Style Frontend\\server\\node_modules\\router\\index.js:291:5)\n    at next (C:\\Users\\mdsai\\Downloads\\Kimi_Agent_Flipkart-Style Frontend\\server\\middleware\\securityMiddleware.js:37:9)\n    at Layer.handleRequest (C:\\Users\\mdsai\\Downloads\\Kimi_Agent_Flipkart-Style Frontend\\server\\node_modules\\router\\lib\\layer.js:152:17)\n    at trimPrefix (C:\\Users\\mdsai\\Downloads\\Kimi_Agent_Flipkart-Style Frontend\\server\\node_modules\\router\\index.js:342:13)\n    at C:\\Users\\mdsai\\Downloads\\Kimi_Agent_Flipkart-Style Frontend\\server\\node_modules\\router\\index.js:297:9\n    at processParams (C:\\Users\\mdsai\\Downloads\\Kimi_Agent_Flipkart-Style Frontend\\server\\node_modules\\router\\index.js:582:12)\n    at next (C:\\Users\\mdsai\\Downloads\\Kimi_Agent_Flipkart-Style Frontend\\server\\node_modules\\router\\index.js:291:5)\n    at C:\\Users\\mdsai\\Downloads\\Kimi_Agent_Flipkart-Style Frontend\\server\\node_modules\\body-parser\\lib\\read.js:171:5\n    at AsyncResource.runInAsyncScope (node:async_hooks:214:14)\n    at invokeCallback (C:\\Users\\mdsai\\Downloads\\Kimi_Agent_Flipkart-Style Frontend\\server\\node_modules\\raw-body\\index.js:238:16)\n    at done (C:\\Users\\mdsai\\Downloads\\Kimi_Agent_Flipkart-Style Frontend\\server\\node_modules\\raw-body\\index.js:227:7)\n    at IncomingMessage.onEnd (C:\\Users\\mdsai\\Downloads\\Kimi_Agent_Flipkart-Style Frontend\\server\\node_modules\\raw-body\\index.js:287:7)\n    at IncomingMessage.emit (node:events:508:28)\n    at endReadableNT (node:internal/streams/readable:1701:12)\n    at processTicksAndRejections (node:internal/process/task_queues:89:21)","name":"Error"},"type":"AppError","method":"POST","url":"/api/otp/send","statusCode":400,"requestId":"d0e8d276-7be0-4197-9685-ce546ac392e3","clientSessionId":"","clientRoute":""}

    [0m [90m 24 |[39m     info[33m:[39m (message[33m,[39m meta) [33m=>[39m console[33m.[39mlog(formatMessage([32m'info'[39m[33m,[39m message[33m,[39m meta))[33m,[39m
     [90m 25 |[39m     warn[33m:[39m (message[33m,[39m meta) [33m=>[39m console[33m.[39mwarn(formatMessage([32m'warn'[39m[33m,[39m message[33m,[39m meta))[33m,[39m
    [31m[1m>[22m[39m[90m 26 |[39m     error[33m:[39m (message[33m,[39m meta) [33m=>[39m console[33m.[39merror(formatMessage([32m'error'[39m[33m,[39m message[33m,[39m meta))[33m,[39m
     [90m    |[39m                                       [31m[1m^[22m[39m
     [90m 27 |[39m     debug[33m:[39m (message[33m,[39m meta) [33m=>[39m {
     [90m 28 |[39m         [36mif[39m (process[33m.[39menv[33m.[39m[33mNODE_ENV[39m [33m!==[39m [32m'production'[39m) {
     [90m 29 |[39m             console[33m.[39mdebug(formatMessage([32m'debug'[39m[33m,[39m message[33m,[39m meta))[33m;[39m[0m

      at Object.error (utils/logger.js:26:39)
      at error (middleware/errorMiddleware.js:34:12)
      at Layer.handleError (node_modules/router/lib/layer.js:116:17)
      at trimPrefix (node_modules/router/index.js:340:13)
      at node_modules/router/index.js:297:9
      at processParams (node_modules/router/index.js:582:12)
      at next (node_modules/router/index.js:291:5)
      at Layer.handleError (node_modules/router/lib/layer.js:111:12)
      at trimPrefix (node_modules/router/index.js:340:13)
      at node_modules/router/index.js:297:9
      at processParams (node_modules/router/index.js:582:12)
      at next (node_modules/router/index.js:291:5)
      at node_modules/router/index.js:688:15
      at next (node_modules/router/index.js:276:14)
      at next (node_modules/router/lib/route.js:132:14)
      at next (controllers/otpController.js:481:16)
      at asyncUtilWrap (node_modules/express-async-handler/index.js:3:20)
      at Layer.handleRequest (node_modules/router/lib/layer.js:152:17)
      at next (node_modules/router/lib/route.js:157:13)
      at next (middleware/distributedRateLimit.js:103:53)
      at Layer.handleRequest (node_modules/router/lib/layer.js:152:17)
      at next (node_modules/router/lib/route.js:157:13)
      at Route.dispatch (node_modules/router/lib/route.js:117:3)
      at handle (node_modules/router/index.js:435:11)
      at Layer.handleRequest (node_modules/router/lib/layer.js:152:17)
      at node_modules/router/index.js:295:15
      at processParams (node_modules/router/index.js:582:12)
      at next (node_modules/router/index.js:291:5)
      at router.handle (node_modules/router/index.js:186:3)
      at router (node_modules/router/index.js:60:12)
      at Layer.handleRequest (node_modules/router/lib/layer.js:152:17)
      at trimPrefix (node_modules/router/index.js:342:13)
      at node_modules/router/index.js:297:9
      at processParams (node_modules/router/index.js:582:12)
      at next (node_modules/router/index.js:291:5)
      at next (middleware/adminNotificationMiddleware.js:11:16)
      at Layer.handleRequest (node_modules/router/lib/layer.js:152:17)
      at trimPrefix (node_modules/router/index.js:342:13)
      at node_modules/router/index.js:297:9
      at processParams (node_modules/router/index.js:582:12)
      at next (node_modules/router/index.js:291:5)
      at next (middleware/activityEmailMiddleware.js:11:16)
      at Layer.handleRequest (node_modules/router/lib/layer.js:152:17)
      at trimPrefix (node_modules/router/index.js:342:13)
      at node_modules/router/index.js:297:9
      at processParams (node_modules/router/index.js:582:12)
      at next (node_modules/router/index.js:291:5)
      at next (middleware/xssSanitizer.js:36:5)
      at Layer.handleRequest (node_modules/router/lib/layer.js:152:17)
      at trimPrefix (node_modules/router/index.js:342:13)
      at node_modules/router/index.js:297:9
      at processParams (node_modules/router/index.js:582:12)
      at next (node_modules/router/index.js:291:5)
      at next (middleware/securityMiddleware.js:37:9)
      at Layer.handleRequest (node_modules/router/lib/layer.js:152:17)
      at trimPrefix (node_modules/router/index.js:342:13)
      at node_modules/router/index.js:297:9
      at processParams (node_modules/router/index.js:582:12)
      at next (node_modules/router/index.js:291:5)
      at node_modules/body-parser/lib/read.js:171:5
      at invokeCallback (node_modules/raw-body/index.js:238:16)
      at done (node_modules/raw-body/index.js:227:7)
      at IncomingMessage.onEnd (node_modules/raw-body/index.js:287:7)

  console.log
    {"timestamp":"2026-03-16T16:46:58.853Z","level":"info","message":"HTTP Request","hostname":"LAPTOP-2S5UTCOT","pid":14884,"method":"POST","url":"/api/otp/send","status":400,"durationMs":7,"requestId":"d0e8d276-7be0-4197-9685-ce546ac392e3","clientSessionId":"","clientRoute":"","ip":"::ffff:127.0.0.1"}

      at Object.log [as info] (utils/logger.js:24:38)

  console.error
    {"timestamp":"2026-03-16T16:46:58.868Z","level":"error","message":"Valid phone number is required","hostname":"LAPTOP-2S5UTCOT","pid":14884,"error":{"message":"Valid phone number is required","stack":"Error: Valid phone number is required\n    at C:\\Users\\mdsai\\Downloads\\Kimi_Agent_Flipkart-Style Frontend\\server\\controllers\\otpController.js:481:21\n    at asyncUtilWrap (C:\\Users\\mdsai\\Downloads\\Kimi_Agent_Flipkart-Style Frontend\\server\\node_modules\\express-async-handler\\index.js:3:20)\n    at Layer.handleRequest (C:\\Users\\mdsai\\Downloads\\Kimi_Agent_Flipkart-Style Frontend\\server\\node_modules\\router\\lib\\layer.js:152:17)\n    at next (C:\\Users\\mdsai\\Downloads\\Kimi_Agent_Flipkart-Style Frontend\\server\\node_modules\\router\\lib\\route.js:157:13)\n    at next (C:\\Users\\mdsai\\Downloads\\Kimi_Agent_Flipkart-Style Frontend\\server\\middleware\\distributedRateLimit.js:103:53)\n    at Layer.handleRequest (C:\\Users\\mdsai\\Downloads\\Kimi_Agent_Flipkart-Style Frontend\\server\\node_modules\\router\\lib\\layer.js:152:17)\n    at next (C:\\Users\\mdsai\\Downloads\\Kimi_Agent_Flipkart-Style Frontend\\server\\node_modules\\router\\lib\\route.js:157:13)\n    at Route.dispatch (C:\\Users\\mdsai\\Downloads\\Kimi_Agent_Flipkart-Style Frontend\\server\\node_modules\\router\\lib\\route.js:117:3)\n    at handle (C:\\Users\\mdsai\\Downloads\\Kimi_Agent_Flipkart-Style Frontend\\server\\node_modules\\router\\index.js:435:11)\n    at Layer.handleRequest (C:\\Users\\mdsai\\Downloads\\Kimi_Agent_Flipkart-Style Frontend\\server\\node_modules\\router\\lib\\layer.js:152:17)\n    at C:\\Users\\mdsai\\Downloads\\Kimi_Agent_Flipkart-Style Frontend\\server\\node_modules\\router\\index.js:295:15\n    at processParams (C:\\Users\\mdsai\\Downloads\\Kimi_Agent_Flipkart-Style Frontend\\server\\node_modules\\router\\index.js:582:12)\n    at next (C:\\Users\\mdsai\\Downloads\\Kimi_Agent_Flipkart-Style Frontend\\server\\node_modules\\router\\index.js:291:5)\n    at router.handle (C:\\Users\\mdsai\\Downloads\\Kimi_Agent_Flipkart-Style Frontend\\server\\node_modules\\router\\index.js:186:3)\n    at router (C:\\Users\\mdsai\\Downloads\\Kimi_Agent_Flipkart-Style Frontend\\server\\node_modules\\router\\index.js:60:12)\n    at Layer.handleRequest (C:\\Users\\mdsai\\Downloads\\Kimi_Agent_Flipkart-Style Frontend\\server\\node_modules\\router\\lib\\layer.js:152:17)\n    at trimPrefix (C:\\Users\\mdsai\\Downloads\\Kimi_Agent_Flipkart-Style Frontend\\server\\node_modules\\router\\index.js:342:13)\n    at C:\\Users\\mdsai\\Downloads\\Kimi_Agent_Flipkart-Style Frontend\\server\\node_modules\\router\\index.js:297:9\n    at processParams (C:\\Users\\mdsai\\Downloads\\Kimi_Agent_Flipkart-Style Frontend\\server\\node_modules\\router\\index.js:582:12)\n    at next (C:\\Users\\mdsai\\Downloads\\Kimi_Agent_Flipkart-Style Frontend\\server\\node_modules\\router\\index.js:291:5)\n    at next (C:\\Users\\mdsai\\Downloads\\Kimi_Agent_Flipkart-Style Frontend\\server\\middleware\\adminNotificationMiddleware.js:11:16)\n    at Layer.handleRequest (C:\\Users\\mdsai\\Downloads\\Kimi_Agent_Flipkart-Style Frontend\\server\\node_modules\\router\\lib\\layer.js:152:17)\n    at trimPrefix (C:\\Users\\mdsai\\Downloads\\Kimi_Agent_Flipkart-Style Frontend\\server\\node_modules\\router\\index.js:342:13)\n    at C:\\Users\\mdsai\\Downloads\\Kimi_Agent_Flipkart-Style Frontend\\server\\node_modules\\router\\index.js:297:9\n    at processParams (C:\\Users\\mdsai\\Downloads\\Kimi_Agent_Flipkart-Style Frontend\\server\\node_modules\\router\\index.js:582:12)\n    at next (C:\\Users\\mdsai\\Downloads\\Kimi_Agent_Flipkart-Style Frontend\\server\\node_modules\\router\\index.js:291:5)\n    at next (C:\\Users\\mdsai\\Downloads\\Kimi_Agent_Flipkart-Style Frontend\\server\\middleware\\activityEmailMiddleware.js:11:16)\n    at Layer.handleRequest (C:\\Users\\mdsai\\Downloads\\Kimi_Agent_Flipkart-Style Frontend\\server\\node_modules\\router\\lib\\layer.js:152:17)\n    at trimPrefix (C:\\Users\\mdsai\\Downloads\\Kimi_Agent_Flipkart-Style Frontend\\server\\node_modules\\router\\index.js:342:13)\n    at C:\\Users\\mdsai\\Downloads\\Kimi_Agent_Flipkart-Style Frontend\\server\\node_modules\\router\\index.js:297:9\n    at processParams (C:\\Users\\mdsai\\Downloads\\Kimi_Agent_Flipkart-Style Frontend\\server\\node_modules\\router\\index.js:582:12)\n    at next (C:\\Users\\mdsai\\Downloads\\Kimi_Agent_Flipkart-Style Frontend\\server\\node_modules\\router\\index.js:291:5)\n    at next (C:\\Users\\mdsai\\Downloads\\Kimi_Agent_Flipkart-Style Frontend\\server\\middleware\\xssSanitizer.js:36:5)\n    at Layer.handleRequest (C:\\Users\\mdsai\\Downloads\\Kimi_Agent_Flipkart-Style Frontend\\server\\node_modules\\router\\lib\\layer.js:152:17)\n    at trimPrefix (C:\\Users\\mdsai\\Downloads\\Kimi_Agent_Flipkart-Style Frontend\\server\\node_modules\\router\\index.js:342:13)\n    at C:\\Users\\mdsai\\Downloads\\Kimi_Agent_Flipkart-Style Frontend\\server\\node_modules\\router\\index.js:297:9\n    at processParams (C:\\Users\\mdsai\\Downloads\\Kimi_Agent_Flipkart-Style Frontend\\server\\node_modules\\router\\index.js:582:12)\n    at next (C:\\Users\\mdsai\\Downloads\\Kimi_Agent_Flipkart-Style Frontend\\server\\node_modules\\router\\index.js:291:5)\n    at next (C:\\Users\\mdsai\\Downloads\\Kimi_Agent_Flipkart-Style Frontend\\server\\middleware\\securityMiddleware.js:37:9)\n    at Layer.handleRequest (C:\\Users\\mdsai\\Downloads\\Kimi_Agent_Flipkart-Style Frontend\\server\\node_modules\\router\\lib\\layer.js:152:17)\n    at trimPrefix (C:\\Users\\mdsai\\Downloads\\Kimi_Agent_Flipkart-Style Frontend\\server\\node_modules\\router\\index.js:342:13)\n    at C:\\Users\\mdsai\\Downloads\\Kimi_Agent_Flipkart-Style Frontend\\server\\node_modules\\router\\index.js:297:9\n    at processParams (C:\\Users\\mdsai\\Downloads\\Kimi_Agent_Flipkart-Style Frontend\\server\\node_modules\\router\\index.js:582:12)\n    at next (C:\\Users\\mdsai\\Downloads\\Kimi_Agent_Flipkart-Style Frontend\\server\\node_modules\\router\\index.js:291:5)\n    at C:\\Users\\mdsai\\Downloads\\Kimi_Agent_Flipkart-Style Frontend\\server\\node_modules\\body-parser\\lib\\read.js:171:5\n    at AsyncResource.runInAsyncScope (node:async_hooks:214:14)\n    at invokeCallback (C:\\Users\\mdsai\\Downloads\\Kimi_Agent_Flipkart-Style Frontend\\server\\node_modules\\raw-body\\index.js:238:16)\n    at done (C:\\Users\\mdsai\\Downloads\\Kimi_Agent_Flipkart-Style Frontend\\server\\node_modules\\raw-body\\index.js:227:7)\n    at IncomingMessage.onEnd (C:\\Users\\mdsai\\Downloads\\Kimi_Agent_Flipkart-Style Frontend\\server\\node_modules\\raw-body\\index.js:287:7)\n    at IncomingMessage.emit (node:events:508:28)\n    at endReadableNT (node:internal/streams/readable:1701:12)\n    at processTicksAndRejections (node:internal/process/task_queues:89:21)","name":"Error"},"type":"AppError","method":"POST","url":"/api/otp/send","statusCode":400,"requestId":"6839cfff-349c-4f76-b799-e9561917041e","clientSessionId":"","clientRoute":""}

    [0m [90m 24 |[39m     info[33m:[39m (message[33m,[39m meta) [33m=>[39m console[33m.[39mlog(formatMessage([32m'info'[39m[33m,[39m message[33m,[39m meta))[33m,[39m
     [90m 25 |[39m     warn[33m:[39m (message[33m,[39m meta) [33m=>[39m console[33m.[39mwarn(formatMessage([32m'warn'[39m[33m,[39m message[33m,[39m meta))[33m,[39m
    [31m[1m>[22m[39m[90m 26 |[39m     error[33m:[39m (message[33m,[39m meta) [33m=>[39m console[33m.[39merror(formatMessage([32m'error'[39m[33m,[39m message[33m,[39m meta))[33m,[39m
     [90m    |[39m                                       [31m[1m^[22m[39m
     [90m 27 |[39m     debug[33m:[39m (message[33m,[39m meta) [33m=>[39m {
     [90m 28 |[39m         [36mif[39m (process[33m.[39menv[33m.[39m[33mNODE_ENV[39m [33m!==[39m [32m'production'[39m) {
     [90m 29 |[39m             console[33m.[39mdebug(formatMessage([32m'debug'[39m[33m,[39m message[33m,[39m meta))[33m;[39m[0m

      at Object.error (utils/logger.js:26:39)
      at error (middleware/errorMiddleware.js:34:12)
      at Layer.handleError (node_modules/router/lib/layer.js:116:17)
      at trimPrefix (node_modules/router/index.js:340:13)
      at node_modules/router/index.js:297:9
      at processParams (node_modules/router/index.js:582:12)
      at next (node_modules/router/index.js:291:5)
      at Layer.handleError (node_modules/router/lib/layer.js:111:12)
      at trimPrefix (node_modules/router/index.js:340:13)
      at node_modules/router/index.js:297:9
      at processParams (node_modules/router/index.js:582:12)
      at next (node_modules/router/index.js:291:5)
      at node_modules/router/index.js:688:15
      at next (node_modules/router/index.js:276:14)
      at next (node_modules/router/lib/route.js:132:14)
      at next (controllers/otpController.js:481:16)
      at asyncUtilWrap (node_modules/express-async-handler/index.js:3:20)
      at Layer.handleRequest (node_modules/router/lib/layer.js:152:17)
      at next (node_modules/router/lib/route.js:157:13)
      at next (middleware/distributedRateLimit.js:103:53)
      at Layer.handleRequest (node_modules/router/lib/layer.js:152:17)
      at next (node_modules/router/lib/route.js:157:13)
      at Route.dispatch (node_modules/router/lib/route.js:117:3)
      at handle (node_modules/router/index.js:435:11)
      at Layer.handleRequest (node_modules/router/lib/layer.js:152:17)
      at node_modules/router/index.js:295:15
      at processParams (node_modules/router/index.js:582:12)
      at next (node_modules/router/index.js:291:5)
      at router.handle (node_modules/router/index.js:186:3)
      at router (node_modules/router/index.js:60:12)
      at Layer.handleRequest (node_modules/router/lib/layer.js:152:17)
      at trimPrefix (node_modules/router/index.js:342:13)
      at node_modules/router/index.js:297:9
      at processParams (node_modules/router/index.js:582:12)
      at next (node_modules/router/index.js:291:5)
      at next (middleware/adminNotificationMiddleware.js:11:16)
      at Layer.handleRequest (node_modules/router/lib/layer.js:152:17)
      at trimPrefix (node_modules/router/index.js:342:13)
      at node_modules/router/index.js:297:9
      at processParams (node_modules/router/index.js:582:12)
      at next (node_modules/router/index.js:291:5)
      at next (middleware/activityEmailMiddleware.js:11:16)
      at Layer.handleRequest (node_modules/router/lib/layer.js:152:17)
      at trimPrefix (node_modules/router/index.js:342:13)
      at node_modules/router/index.js:297:9
      at processParams (node_modules/router/index.js:582:12)
      at next (node_modules/router/index.js:291:5)
      at next (middleware/xssSanitizer.js:36:5)
      at Layer.handleRequest (node_modules/router/lib/layer.js:152:17)
      at trimPrefix (node_modules/router/index.js:342:13)
      at node_modules/router/index.js:297:9
      at processParams (node_modules/router/index.js:582:12)
      at next (node_modules/router/index.js:291:5)
      at next (middleware/securityMiddleware.js:37:9)
      at Layer.handleRequest (node_modules/router/lib/layer.js:152:17)
      at trimPrefix (node_modules/router/index.js:342:13)
      at node_modules/router/index.js:297:9
      at processParams (node_modules/router/index.js:582:12)
      at next (node_modules/router/index.js:291:5)
      at node_modules/body-parser/lib/read.js:171:5
      at invokeCallback (node_modules/raw-body/index.js:238:16)
      at done (node_modules/raw-body/index.js:227:7)
      at IncomingMessage.onEnd (node_modules/raw-body/index.js:287:7)

  console.log
    {"timestamp":"2026-03-16T16:46:58.871Z","level":"info","message":"HTTP Request","hostname":"LAPTOP-2S5UTCOT","pid":14884,"method":"POST","url":"/api/otp/send","status":400,"durationMs":5,"requestId":"6839cfff-349c-4f76-b799-e9561917041e","clientSessionId":"","clientRoute":"","ip":"::ffff:127.0.0.1"}

      at Object.log [as info] (utils/logger.js:24:38)

  console.error
    {"timestamp":"2026-03-16T16:46:58.879Z","level":"error","message":"Email is required","hostname":"LAPTOP-2S5UTCOT","pid":14884,"error":{"message":"Email is required","stack":"Error: Email is required\n    at C:\\Users\\mdsai\\Downloads\\Kimi_Agent_Flipkart-Style Frontend\\server\\controllers\\otpController.js:447:21\n    at asyncUtilWrap (C:\\Users\\mdsai\\Downloads\\Kimi_Agent_Flipkart-Style Frontend\\server\\node_modules\\express-async-handler\\index.js:3:20)\n    at Layer.handleRequest (C:\\Users\\mdsai\\Downloads\\Kimi_Agent_Flipkart-Style Frontend\\server\\node_modules\\router\\lib\\layer.js:152:17)\n    at next (C:\\Users\\mdsai\\Downloads\\Kimi_Agent_Flipkart-Style Frontend\\server\\node_modules\\router\\lib\\route.js:157:13)\n    at next (C:\\Users\\mdsai\\Downloads\\Kimi_Agent_Flipkart-Style Frontend\\server\\middleware\\distributedRateLimit.js:103:53)\n    at Layer.handleRequest (C:\\Users\\mdsai\\Downloads\\Kimi_Agent_Flipkart-Style Frontend\\server\\node_modules\\router\\lib\\layer.js:152:17)\n    at next (C:\\Users\\mdsai\\Downloads\\Kimi_Agent_Flipkart-Style Frontend\\server\\node_modules\\router\\lib\\route.js:157:13)\n    at Route.dispatch (C:\\Users\\mdsai\\Downloads\\Kimi_Agent_Flipkart-Style Frontend\\server\\node_modules\\router\\lib\\route.js:117:3)\n    at handle (C:\\Users\\mdsai\\Downloads\\Kimi_Agent_Flipkart-Style Frontend\\server\\node_modules\\router\\index.js:435:11)\n    at Layer.handleRequest (C:\\Users\\mdsai\\Downloads\\Kimi_Agent_Flipkart-Style Frontend\\server\\node_modules\\router\\lib\\layer.js:152:17)\n    at C:\\Users\\mdsai\\Downloads\\Kimi_Agent_Flipkart-Style Frontend\\server\\node_modules\\router\\index.js:295:15\n    at processParams (C:\\Users\\mdsai\\Downloads\\Kimi_Agent_Flipkart-Style Frontend\\server\\node_modules\\router\\index.js:582:12)\n    at next (C:\\Users\\mdsai\\Downloads\\Kimi_Agent_Flipkart-Style Frontend\\server\\node_modules\\router\\index.js:291:5)\n    at router.handle (C:\\Users\\mdsai\\Downloads\\Kimi_Agent_Flipkart-Style Frontend\\server\\node_modules\\router\\index.js:186:3)\n    at router (C:\\Users\\mdsai\\Downloads\\Kimi_Agent_Flipkart-Style Frontend\\server\\node_modules\\router\\index.js:60:12)\n    at Layer.handleRequest (C:\\Users\\mdsai\\Downloads\\Kimi_Agent_Flipkart-Style Frontend\\server\\node_modules\\router\\lib\\layer.js:152:17)\n    at trimPrefix (C:\\Users\\mdsai\\Downloads\\Kimi_Agent_Flipkart-Style Frontend\\server\\node_modules\\router\\index.js:342:13)\n    at C:\\Users\\mdsai\\Downloads\\Kimi_Agent_Flipkart-Style Frontend\\server\\node_modules\\router\\index.js:297:9\n    at processParams (C:\\Users\\mdsai\\Downloads\\Kimi_Agent_Flipkart-Style Frontend\\server\\node_modules\\router\\index.js:582:12)\n    at next (C:\\Users\\mdsai\\Downloads\\Kimi_Agent_Flipkart-Style Frontend\\server\\node_modules\\router\\index.js:291:5)\n    at next (C:\\Users\\mdsai\\Downloads\\Kimi_Agent_Flipkart-Style Frontend\\server\\middleware\\adminNotificationMiddleware.js:11:16)\n    at Layer.handleRequest (C:\\Users\\mdsai\\Downloads\\Kimi_Agent_Flipkart-Style Frontend\\server\\node_modules\\router\\lib\\layer.js:152:17)\n    at trimPrefix (C:\\Users\\mdsai\\Downloads\\Kimi_Agent_Flipkart-Style Frontend\\server\\node_modules\\router\\index.js:342:13)\n    at C:\\Users\\mdsai\\Downloads\\Kimi_Agent_Flipkart-Style Frontend\\server\\node_modules\\router\\index.js:297:9\n    at processParams (C:\\Users\\mdsai\\Downloads\\Kimi_Agent_Flipkart-Style Frontend\\server\\node_modules\\router\\index.js:582:12)\n    at next (C:\\Users\\mdsai\\Downloads\\Kimi_Agent_Flipkart-Style Frontend\\server\\node_modules\\router\\index.js:291:5)\n    at next (C:\\Users\\mdsai\\Downloads\\Kimi_Agent_Flipkart-Style Frontend\\server\\middleware\\activityEmailMiddleware.js:11:16)\n    at Layer.handleRequest (C:\\Users\\mdsai\\Downloads\\Kimi_Agent_Flipkart-Style Frontend\\server\\node_modules\\router\\lib\\layer.js:152:17)\n    at trimPrefix (C:\\Users\\mdsai\\Downloads\\Kimi_Agent_Flipkart-Style Frontend\\server\\node_modules\\router\\index.js:342:13)\n    at C:\\Users\\mdsai\\Downloads\\Kimi_Agent_Flipkart-Style Frontend\\server\\node_modules\\router\\index.js:297:9\n    at processParams (C:\\Users\\mdsai\\Downloads\\Kimi_Agent_Flipkart-Style Frontend\\server\\node_modules\\router\\index.js:582:12)\n    at next (C:\\Users\\mdsai\\Downloads\\Kimi_Agent_Flipkart-Style Frontend\\server\\node_modules\\router\\index.js:291:5)\n    at next (C:\\Users\\mdsai\\Downloads\\Kimi_Agent_Flipkart-Style Frontend\\server\\middleware\\xssSanitizer.js:36:5)\n    at Layer.handleRequest (C:\\Users\\mdsai\\Downloads\\Kimi_Agent_Flipkart-Style Frontend\\server\\node_modules\\router\\lib\\layer.js:152:17)\n    at trimPrefix (C:\\Users\\mdsai\\Downloads\\Kimi_Agent_Flipkart-Style Frontend\\server\\node_modules\\router\\index.js:342:13)\n    at C:\\Users\\mdsai\\Downloads\\Kimi_Agent_Flipkart-Style Frontend\\server\\node_modules\\router\\index.js:297:9\n    at processParams (C:\\Users\\mdsai\\Downloads\\Kimi_Agent_Flipkart-Style Frontend\\server\\node_modules\\router\\index.js:582:12)\n    at next (C:\\Users\\mdsai\\Downloads\\Kimi_Agent_Flipkart-Style Frontend\\server\\node_modules\\router\\index.js:291:5)\n    at next (C:\\Users\\mdsai\\Downloads\\Kimi_Agent_Flipkart-Style Frontend\\server\\middleware\\securityMiddleware.js:37:9)\n    at Layer.handleRequest (C:\\Users\\mdsai\\Downloads\\Kimi_Agent_Flipkart-Style Frontend\\server\\node_modules\\router\\lib\\layer.js:152:17)\n    at trimPrefix (C:\\Users\\mdsai\\Downloads\\Kimi_Agent_Flipkart-Style Frontend\\server\\node_modules\\router\\index.js:342:13)\n    at C:\\Users\\mdsai\\Downloads\\Kimi_Agent_Flipkart-Style Frontend\\server\\node_modules\\router\\index.js:297:9\n    at processParams (C:\\Users\\mdsai\\Downloads\\Kimi_Agent_Flipkart-Style Frontend\\server\\node_modules\\router\\index.js:582:12)\n    at next (C:\\Users\\mdsai\\Downloads\\Kimi_Agent_Flipkart-Style Frontend\\server\\node_modules\\router\\index.js:291:5)\n    at C:\\Users\\mdsai\\Downloads\\Kimi_Agent_Flipkart-Style Frontend\\server\\node_modules\\body-parser\\lib\\read.js:171:5\n    at AsyncResource.runInAsyncScope (node:async_hooks:214:14)\n    at invokeCallback (C:\\Users\\mdsai\\Downloads\\Kimi_Agent_Flipkart-Style Frontend\\server\\node_modules\\raw-body\\index.js:238:16)\n    at done (C:\\Users\\mdsai\\Downloads\\Kimi_Agent_Flipkart-Style Frontend\\server\\node_modules\\raw-body\\index.js:227:7)\n    at IncomingMessage.onEnd (C:\\Users\\mdsai\\Downloads\\Kimi_Agent_Flipkart-Style Frontend\\server\\node_modules\\raw-body\\index.js:287:7)\n    at IncomingMessage.emit (node:events:508:28)\n    at endReadableNT (node:internal/streams/readable:1701:12)\n    at processTicksAndRejections (node:internal/process/task_queues:89:21)","name":"Error"},"type":"AppError","method":"POST","url":"/api/otp/send","statusCode":400,"requestId":"a98b57db-0c69-464a-b5a1-3037f87c3233","clientSessionId":"","clientRoute":""}

    [0m [90m 24 |[39m     info[33m:[39m (message[33m,[39m meta) [33m=>[39m console[33m.[39mlog(formatMessage([32m'info'[39m[33m,[39m message[33m,[39m meta))[33m,[39m
     [90m 25 |[39m     warn[33m:[39m (message[33m,[39m meta) [33m=>[39m console[33m.[39mwarn(formatMessage([32m'warn'[39m[33m,[39m message[33m,[39m meta))[33m,[39m
    [31m[1m>[22m[39m[90m 26 |[39m     error[33m:[39m (message[33m,[39m meta) [33m=>[39m console[33m.[39merror(formatMessage([32m'error'[39m[33m,[39m message[33m,[39m meta))[33m,[39m
     [90m    |[39m                                       [31m[1m^[22m[39m
     [90m 27 |[39m     debug[33m:[39m (message[33m,[39m meta) [33m=>[39m {
     [90m 28 |[39m         [36mif[39m (process[33m.[39menv[33m.[39m[33mNODE_ENV[39m [33m!==[39m [32m'production'[39m) {
     [90m 29 |[39m             console[33m.[39mdebug(formatMessage([32m'debug'[39m[33m,[39m message[33m,[39m meta))[33m;[39m[0m

      at Object.error (utils/logger.js:26:39)
      at error (middleware/errorMiddleware.js:34:12)
      at Layer.handleError (node_modules/router/lib/layer.js:116:17)
      at trimPrefix (node_modules/router/index.js:340:13)
      at node_modules/router/index.js:297:9
      at processParams (node_modules/router/index.js:582:12)
      at next (node_modules/router/index.js:291:5)
      at Layer.handleError (node_modules/router/lib/layer.js:111:12)
      at trimPrefix (node_modules/router/index.js:340:13)
      at node_modules/router/index.js:297:9
      at processParams (node_modules/router/index.js:582:12)
      at next (node_modules/router/index.js:291:5)
      at node_modules/router/index.js:688:15
      at next (node_modules/router/index.js:276:14)
      at next (node_modules/router/lib/route.js:132:14)
      at next (controllers/otpController.js:447:16)
      at asyncUtilWrap (node_modules/express-async-handler/index.js:3:20)
      at Layer.handleRequest (node_modules/router/lib/layer.js:152:17)
      at next (node_modules/router/lib/route.js:157:13)
      at next (middleware/distributedRateLimit.js:103:53)
      at Layer.handleRequest (node_modules/router/lib/layer.js:152:17)
      at next (node_modules/router/lib/route.js:157:13)
      at Route.dispatch (node_modules/router/lib/route.js:117:3)
      at handle (node_modules/router/index.js:435:11)
      at Layer.handleRequest (node_modules/router/lib/layer.js:152:17)
      at node_modules/router/index.js:295:15
      at processParams (node_modules/router/index.js:582:12)
      at next (node_modules/router/index.js:291:5)
      at router.handle (node_modules/router/index.js:186:3)
      at router (node_modules/router/index.js:60:12)
      at Layer.handleRequest (node_modules/router/lib/layer.js:152:17)
      at trimPrefix (node_modules/router/index.js:342:13)
      at node_modules/router/index.js:297:9
      at processParams (node_modules/router/index.js:582:12)
      at next (node_modules/router/index.js:291:5)
      at next (middleware/adminNotificationMiddleware.js:11:16)
      at Layer.handleRequest (node_modules/router/lib/layer.js:152:17)
      at trimPrefix (node_modules/router/index.js:342:13)
      at node_modules/router/index.js:297:9
      at processParams (node_modules/router/index.js:582:12)
      at next (node_modules/router/index.js:291:5)
      at next (middleware/activityEmailMiddleware.js:11:16)
      at Layer.handleRequest (node_modules/router/lib/layer.js:152:17)
      at trimPrefix (node_modules/router/index.js:342:13)
      at node_modules/router/index.js:297:9
      at processParams (node_modules/router/index.js:582:12)
      at next (node_modules/router/index.js:291:5)
      at next (middleware/xssSanitizer.js:36:5)
      at Layer.handleRequest (node_modules/router/lib/layer.js:152:17)
      at trimPrefix (node_modules/router/index.js:342:13)
      at node_modules/router/index.js:297:9
      at processParams (node_modules/router/index.js:582:12)
      at next (node_modules/router/index.js:291:5)
      at next (middleware/securityMiddleware.js:37:9)
      at Layer.handleRequest (node_modules/router/lib/layer.js:152:17)
      at trimPrefix (node_modules/router/index.js:342:13)
      at node_modules/router/index.js:297:9
      at processParams (node_modules/router/index.js:582:12)
      at next (node_modules/router/index.js:291:5)
      at node_modules/body-parser/lib/read.js:171:5
      at invokeCallback (node_modules/raw-body/index.js:238:16)
      at done (node_modules/raw-body/index.js:227:7)
      at IncomingMessage.onEnd (node_modules/raw-body/index.js:287:7)

  console.log
    {"timestamp":"2026-03-16T16:46:58.881Z","level":"info","message":"HTTP Request","hostname":"LAPTOP-2S5UTCOT","pid":14884,"method":"POST","url":"/api/otp/send","status":400,"durationMs":3,"requestId":"a98b57db-0c69-464a-b5a1-3037f87c3233","clientSessionId":"","clientRoute":"","ip":"::ffff:127.0.0.1"}

      at Object.log [as info] (utils/logger.js:24:38)

  console.error
    {"timestamp":"2026-03-16T16:46:58.890Z","level":"error","message":"Email must be a string","hostname":"LAPTOP-2S5UTCOT","pid":14884,"error":{"message":"Email must be a string","stack":"Error: Email must be a string\n    at C:\\Users\\mdsai\\Downloads\\Kimi_Agent_Flipkart-Style Frontend\\server\\controllers\\otpController.js:457:21\n    at asyncUtilWrap (C:\\Users\\mdsai\\Downloads\\Kimi_Agent_Flipkart-Style Frontend\\server\\node_modules\\express-async-handler\\index.js:3:20)\n    at Layer.handleRequest (C:\\Users\\mdsai\\Downloads\\Kimi_Agent_Flipkart-Style Frontend\\server\\node_modules\\router\\lib\\layer.js:152:17)\n    at next (C:\\Users\\mdsai\\Downloads\\Kimi_Agent_Flipkart-Style Frontend\\server\\node_modules\\router\\lib\\route.js:157:13)\n    at next (C:\\Users\\mdsai\\Downloads\\Kimi_Agent_Flipkart-Style Frontend\\server\\middleware\\distributedRateLimit.js:103:53)\n    at Layer.handleRequest (C:\\Users\\mdsai\\Downloads\\Kimi_Agent_Flipkart-Style Frontend\\server\\node_modules\\router\\lib\\layer.js:152:17)\n    at next (C:\\Users\\mdsai\\Downloads\\Kimi_Agent_Flipkart-Style Frontend\\server\\node_modules\\router\\lib\\route.js:157:13)\n    at Route.dispatch (C:\\Users\\mdsai\\Downloads\\Kimi_Agent_Flipkart-Style Frontend\\server\\node_modules\\router\\lib\\route.js:117:3)\n    at handle (C:\\Users\\mdsai\\Downloads\\Kimi_Agent_Flipkart-Style Frontend\\server\\node_modules\\router\\index.js:435:11)\n    at Layer.handleRequest (C:\\Users\\mdsai\\Downloads\\Kimi_Agent_Flipkart-Style Frontend\\server\\node_modules\\router\\lib\\layer.js:152:17)\n    at C:\\Users\\mdsai\\Downloads\\Kimi_Agent_Flipkart-Style Frontend\\server\\node_modules\\router\\index.js:295:15\n    at processParams (C:\\Users\\mdsai\\Downloads\\Kimi_Agent_Flipkart-Style Frontend\\server\\node_modules\\router\\index.js:582:12)\n    at next (C:\\Users\\mdsai\\Downloads\\Kimi_Agent_Flipkart-Style Frontend\\server\\node_modules\\router\\index.js:291:5)\n    at router.handle (C:\\Users\\mdsai\\Downloads\\Kimi_Agent_Flipkart-Style Frontend\\server\\node_modules\\router\\index.js:186:3)\n    at router (C:\\Users\\mdsai\\Downloads\\Kimi_Agent_Flipkart-Style Frontend\\server\\node_modules\\router\\index.js:60:12)\n    at Layer.handleRequest (C:\\Users\\mdsai\\Downloads\\Kimi_Agent_Flipkart-Style Frontend\\server\\node_modules\\router\\lib\\layer.js:152:17)\n    at trimPrefix (C:\\Users\\mdsai\\Downloads\\Kimi_Agent_Flipkart-Style Frontend\\server\\node_modules\\router\\index.js:342:13)\n    at C:\\Users\\mdsai\\Downloads\\Kimi_Agent_Flipkart-Style Frontend\\server\\node_modules\\router\\index.js:297:9\n    at processParams (C:\\Users\\mdsai\\Downloads\\Kimi_Agent_Flipkart-Style Frontend\\server\\node_modules\\router\\index.js:582:12)\n    at next (C:\\Users\\mdsai\\Downloads\\Kimi_Agent_Flipkart-Style Frontend\\server\\node_modules\\router\\index.js:291:5)\n    at next (C:\\Users\\mdsai\\Downloads\\Kimi_Agent_Flipkart-Style Frontend\\server\\middleware\\adminNotificationMiddleware.js:11:16)\n    at Layer.handleRequest (C:\\Users\\mdsai\\Downloads\\Kimi_Agent_Flipkart-Style Frontend\\server\\node_modules\\router\\lib\\layer.js:152:17)\n    at trimPrefix (C:\\Users\\mdsai\\Downloads\\Kimi_Agent_Flipkart-Style Frontend\\server\\node_modules\\router\\index.js:342:13)\n    at C:\\Users\\mdsai\\Downloads\\Kimi_Agent_Flipkart-Style Frontend\\server\\node_modules\\router\\index.js:297:9\n    at processParams (C:\\Users\\mdsai\\Downloads\\Kimi_Agent_Flipkart-Style Frontend\\server\\node_modules\\router\\index.js:582:12)\n    at next (C:\\Users\\mdsai\\Downloads\\Kimi_Agent_Flipkart-Style Frontend\\server\\node_modules\\router\\index.js:291:5)\n    at next (C:\\Users\\mdsai\\Downloads\\Kimi_Agent_Flipkart-Style Frontend\\server\\middleware\\activityEmailMiddleware.js:11:16)\n    at Layer.handleRequest (C:\\Users\\mdsai\\Downloads\\Kimi_Agent_Flipkart-Style Frontend\\server\\node_modules\\router\\lib\\layer.js:152:17)\n    at trimPrefix (C:\\Users\\mdsai\\Downloads\\Kimi_Agent_Flipkart-Style Frontend\\server\\node_modules\\router\\index.js:342:13)\n    at C:\\Users\\mdsai\\Downloads\\Kimi_Agent_Flipkart-Style Frontend\\server\\node_modules\\router\\index.js:297:9\n    at processParams (C:\\Users\\mdsai\\Downloads\\Kimi_Agent_Flipkart-Style Frontend\\server\\node_modules\\router\\index.js:582:12)\n    at next (C:\\Users\\mdsai\\Downloads\\Kimi_Agent_Flipkart-Style Frontend\\server\\node_modules\\router\\index.js:291:5)\n    at next (C:\\Users\\mdsai\\Downloads\\Kimi_Agent_Flipkart-Style Frontend\\server\\middleware\\xssSanitizer.js:36:5)\n    at Layer.handleRequest (C:\\Users\\mdsai\\Downloads\\Kimi_Agent_Flipkart-Style Frontend\\server\\node_modules\\router\\lib\\layer.js:152:17)\n    at trimPrefix (C:\\Users\\mdsai\\Downloads\\Kimi_Agent_Flipkart-Style Frontend\\server\\node_modules\\router\\index.js:342:13)\n    at C:\\Users\\mdsai\\Downloads\\Kimi_Agent_Flipkart-Style Frontend\\server\\node_modules\\router\\index.js:297:9\n    at processParams (C:\\Users\\mdsai\\Downloads\\Kimi_Agent_Flipkart-Style Frontend\\server\\node_modules\\router\\index.js:582:12)\n    at next (C:\\Users\\mdsai\\Downloads\\Kimi_Agent_Flipkart-Style Frontend\\server\\node_modules\\router\\index.js:291:5)\n    at next (C:\\Users\\mdsai\\Downloads\\Kimi_Agent_Flipkart-Style Frontend\\server\\middleware\\securityMiddleware.js:37:9)\n    at Layer.handleRequest (C:\\Users\\mdsai\\Downloads\\Kimi_Agent_Flipkart-Style Frontend\\server\\node_modules\\router\\lib\\layer.js:152:17)\n    at trimPrefix (C:\\Users\\mdsai\\Downloads\\Kimi_Agent_Flipkart-Style Frontend\\server\\node_modules\\router\\index.js:342:13)\n    at C:\\Users\\mdsai\\Downloads\\Kimi_Agent_Flipkart-Style Frontend\\server\\node_modules\\router\\index.js:297:9\n    at processParams (C:\\Users\\mdsai\\Downloads\\Kimi_Agent_Flipkart-Style Frontend\\server\\node_modules\\router\\index.js:582:12)\n    at next (C:\\Users\\mdsai\\Downloads\\Kimi_Agent_Flipkart-Style Frontend\\server\\node_modules\\router\\index.js:291:5)\n    at C:\\Users\\mdsai\\Downloads\\Kimi_Agent_Flipkart-Style Frontend\\server\\node_modules\\body-parser\\lib\\read.js:171:5\n    at AsyncResource.runInAsyncScope (node:async_hooks:214:14)\n    at invokeCallback (C:\\Users\\mdsai\\Downloads\\Kimi_Agent_Flipkart-Style Frontend\\server\\node_modules\\raw-body\\index.js:238:16)\n    at done (C:\\Users\\mdsai\\Downloads\\Kimi_Agent_Flipkart-Style Frontend\\server\\node_modules\\raw-body\\index.js:227:7)\n    at IncomingMessage.onEnd (C:\\Users\\mdsai\\Downloads\\Kimi_Agent_Flipkart-Style Frontend\\server\\node_modules\\raw-body\\index.js:287:7)\n    at IncomingMessage.emit (node:events:508:28)\n    at endReadableNT (node:internal/streams/readable:1701:12)\n    at processTicksAndRejections (node:internal/process/task_queues:89:21)","name":"Error"},"type":"AppError","method":"POST","url":"/api/otp/send","statusCode":400,"requestId":"aeb61751-82fc-46ec-8a68-7bd0e47be9b2","clientSessionId":"","clientRoute":""}

    [0m [90m 24 |[39m     info[33m:[39m (message[33m,[39m meta) [33m=>[39m console[33m.[39mlog(formatMessage([32m'info'[39m[33m,[39m message[33m,[39m meta))[33m,[39m
     [90m 25 |[39m     warn[33m:[39m (message[33m,[39m meta) [33m=>[39m console[33m.[39mwarn(formatMessage([32m'warn'[39m[33m,[39m message[33m,[39m meta))[33m,[39m
    [31m[1m>[22m[39m[90m 26 |[39m     error[33m:[39m (message[33m,[39m meta) [33m=>[39m console[33m.[39merror(formatMessage([32m'error'[39m[33m,[39m message[33m,[39m meta))[33m,[39m
     [90m    |[39m                                       [31m[1m^[22m[39m
     [90m 27 |[39m     debug[33m:[39m (message[33m,[39m meta) [33m=>[39m {
     [90m 28 |[39m         [36mif[39m (process[33m.[39menv[33m.[39m[33mNODE_ENV[39m [33m!==[39m [32m'production'[39m) {
     [90m 29 |[39m             console[33m.[39mdebug(formatMessage([32m'debug'[39m[33m,[39m message[33m,[39m meta))[33m;[39m[0m

      at Object.error (utils/logger.js:26:39)
      at error (middleware/errorMiddleware.js:34:12)
      at Layer.handleError (node_modules/router/lib/layer.js:116:17)
      at trimPrefix (node_modules/router/index.js:340:13)
      at node_modules/router/index.js:297:9
      at processParams (node_modules/router/index.js:582:12)
      at next (node_modules/router/index.js:291:5)
      at Layer.handleError (node_modules/router/lib/layer.js:111:12)
      at trimPrefix (node_modules/router/index.js:340:13)
      at node_modules/router/index.js:297:9
      at processParams (node_modules/router/index.js:582:12)
      at next (node_modules/router/index.js:291:5)
      at node_modules/router/index.js:688:15
      at next (node_modules/router/index.js:276:14)
      at next (node_modules/router/lib/route.js:132:14)
      at next (controllers/otpController.js:457:16)
      at asyncUtilWrap (node_modules/express-async-handler/index.js:3:20)
      at Layer.handleRequest (node_modules/router/lib/layer.js:152:17)
      at next (node_modules/router/lib/route.js:157:13)
      at next (middleware/distributedRateLimit.js:103:53)
      at Layer.handleRequest (node_modules/router/lib/layer.js:152:17)
      at next (node_modules/router/lib/route.js:157:13)
      at Route.dispatch (node_modules/router/lib/route.js:117:3)
      at handle (node_modules/router/index.js:435:11)
      at Layer.handleRequest (node_modules/router/lib/layer.js:152:17)
      at node_modules/router/index.js:295:15
      at processParams (node_modules/router/index.js:582:12)
      at next (node_modules/router/index.js:291:5)
      at router.handle (node_modules/router/index.js:186:3)
      at router (node_modules/router/index.js:60:12)
      at Layer.handleRequest (node_modules/router/lib/layer.js:152:17)
      at trimPrefix (node_modules/router/index.js:342:13)
      at node_modules/router/index.js:297:9
      at processParams (node_modules/router/index.js:582:12)
      at next (node_modules/router/index.js:291:5)
      at next (middleware/adminNotificationMiddleware.js:11:16)
      at Layer.handleRequest (node_modules/router/lib/layer.js:152:17)
      at trimPrefix (node_modules/router/index.js:342:13)
      at node_modules/router/index.js:297:9
      at processParams (node_modules/router/index.js:582:12)
      at next (node_modules/router/index.js:291:5)
      at next (middleware/activityEmailMiddleware.js:11:16)
      at Layer.handleRequest (node_modules/router/lib/layer.js:152:17)
      at trimPrefix (node_modules/router/index.js:342:13)
      at node_modules/router/index.js:297:9
      at processParams (node_modules/router/index.js:582:12)
      at next (node_modules/router/index.js:291:5)
      at next (middleware/xssSanitizer.js:36:5)
      at Layer.handleRequest (node_modules/router/lib/layer.js:152:17)
      at trimPrefix (node_modules/router/index.js:342:13)
      at node_modules/router/index.js:297:9
      at processParams (node_modules/router/index.js:582:12)
      at next (node_modules/router/index.js:291:5)
      at next (middleware/securityMiddleware.js:37:9)
      at Layer.handleRequest (node_modules/router/lib/layer.js:152:17)
      at trimPrefix (node_modules/router/index.js:342:13)
      at node_modules/router/index.js:297:9
      at processParams (node_modules/router/index.js:582:12)
      at next (node_modules/router/index.js:291:5)
      at node_modules/body-parser/lib/read.js:171:5
      at invokeCallback (node_modules/raw-body/index.js:238:16)
      at done (node_modules/raw-body/index.js:227:7)
      at IncomingMessage.onEnd (node_modules/raw-body/index.js:287:7)

  console.log
    {"timestamp":"2026-03-16T16:46:58.893Z","level":"info","message":"HTTP Request","hostname":"LAPTOP-2S5UTCOT","pid":14884,"method":"POST","url":"/api/otp/send","status":400,"durationMs":3,"requestId":"aeb61751-82fc-46ec-8a68-7bd0e47be9b2","clientSessionId":"","clientRoute":"","ip":"::ffff:127.0.0.1"}

      at Object.log [as info] (utils/logger.js:24:38)

  console.error
    {"timestamp":"2026-03-16T16:46:58.905Z","level":"error","message":"Phone number must be a string","hostname":"LAPTOP-2S5UTCOT","pid":14884,"error":{"message":"Phone number must be a string","stack":"Error: Phone number must be a string\n    at C:\\Users\\mdsai\\Downloads\\Kimi_Agent_Flipkart-Style Frontend\\server\\controllers\\otpController.js:460:21\n    at asyncUtilWrap (C:\\Users\\mdsai\\Downloads\\Kimi_Agent_Flipkart-Style Frontend\\server\\node_modules\\express-async-handler\\index.js:3:20)\n    at Layer.handleRequest (C:\\Users\\mdsai\\Downloads\\Kimi_Agent_Flipkart-Style Frontend\\server\\node_modules\\router\\lib\\layer.js:152:17)\n    at next (C:\\Users\\mdsai\\Downloads\\Kimi_Agent_Flipkart-Style Frontend\\server\\node_modules\\router\\lib\\route.js:157:13)\n    at next (C:\\Users\\mdsai\\Downloads\\Kimi_Agent_Flipkart-Style Frontend\\server\\middleware\\distributedRateLimit.js:103:53)\n    at Layer.handleRequest (C:\\Users\\mdsai\\Downloads\\Kimi_Agent_Flipkart-Style Frontend\\server\\node_modules\\router\\lib\\layer.js:152:17)\n    at next (C:\\Users\\mdsai\\Downloads\\Kimi_Agent_Flipkart-Style Frontend\\server\\node_modules\\router\\lib\\route.js:157:13)\n    at Route.dispatch (C:\\Users\\mdsai\\Downloads\\Kimi_Agent_Flipkart-Style Frontend\\server\\node_modules\\router\\lib\\route.js:117:3)\n    at handle (C:\\Users\\mdsai\\Downloads\\Kimi_Agent_Flipkart-Style Frontend\\server\\node_modules\\router\\index.js:435:11)\n    at Layer.handleRequest (C:\\Users\\mdsai\\Downloads\\Kimi_Agent_Flipkart-Style Frontend\\server\\node_modules\\router\\lib\\layer.js:152:17)\n    at C:\\Users\\mdsai\\Downloads\\Kimi_Agent_Flipkart-Style Frontend\\server\\node_modules\\router\\index.js:295:15\n    at processParams (C:\\Users\\mdsai\\Downloads\\Kimi_Agent_Flipkart-Style Frontend\\server\\node_modules\\router\\index.js:582:12)\n    at next (C:\\Users\\mdsai\\Downloads\\Kimi_Agent_Flipkart-Style Frontend\\server\\node_modules\\router\\index.js:291:5)\n    at router.handle (C:\\Users\\mdsai\\Downloads\\Kimi_Agent_Flipkart-Style Frontend\\server\\node_modules\\router\\index.js:186:3)\n    at router (C:\\Users\\mdsai\\Downloads\\Kimi_Agent_Flipkart-Style Frontend\\server\\node_modules\\router\\index.js:60:12)\n    at Layer.handleRequest (C:\\Users\\mdsai\\Downloads\\Kimi_Agent_Flipkart-Style Frontend\\server\\node_modules\\router\\lib\\layer.js:152:17)\n    at trimPrefix (C:\\Users\\mdsai\\Downloads\\Kimi_Agent_Flipkart-Style Frontend\\server\\node_modules\\router\\index.js:342:13)\n    at C:\\Users\\mdsai\\Downloads\\Kimi_Agent_Flipkart-Style Frontend\\server\\node_modules\\router\\index.js:297:9\n    at processParams (C:\\Users\\mdsai\\Downloads\\Kimi_Agent_Flipkart-Style Frontend\\server\\node_modules\\router\\index.js:582:12)\n    at next (C:\\Users\\mdsai\\Downloads\\Kimi_Agent_Flipkart-Style Frontend\\server\\node_modules\\router\\index.js:291:5)\n    at next (C:\\Users\\mdsai\\Downloads\\Kimi_Agent_Flipkart-Style Frontend\\server\\middleware\\adminNotificationMiddleware.js:11:16)\n    at Layer.handleRequest (C:\\Users\\mdsai\\Downloads\\Kimi_Agent_Flipkart-Style Frontend\\server\\node_modules\\router\\lib\\layer.js:152:17)\n    at trimPrefix (C:\\Users\\mdsai\\Downloads\\Kimi_Agent_Flipkart-Style Frontend\\server\\node_modules\\router\\index.js:342:13)\n    at C:\\Users\\mdsai\\Downloads\\Kimi_Agent_Flipkart-Style Frontend\\server\\node_modules\\router\\index.js:297:9\n    at processParams (C:\\Users\\mdsai\\Downloads\\Kimi_Agent_Flipkart-Style Frontend\\server\\node_modules\\router\\index.js:582:12)\n    at next (C:\\Users\\mdsai\\Downloads\\Kimi_Agent_Flipkart-Style Frontend\\server\\node_modules\\router\\index.js:291:5)\n    at next (C:\\Users\\mdsai\\Downloads\\Kimi_Agent_Flipkart-Style Frontend\\server\\middleware\\activityEmailMiddleware.js:11:16)\n    at Layer.handleRequest (C:\\Users\\mdsai\\Downloads\\Kimi_Agent_Flipkart-Style Frontend\\server\\node_modules\\router\\lib\\layer.js:152:17)\n    at trimPrefix (C:\\Users\\mdsai\\Downloads\\Kimi_Agent_Flipkart-Style Frontend\\server\\node_modules\\router\\index.js:342:13)\n    at C:\\Users\\mdsai\\Downloads\\Kimi_Agent_Flipkart-Style Frontend\\server\\node_modules\\router\\index.js:297:9\n    at processParams (C:\\Users\\mdsai\\Downloads\\Kimi_Agent_Flipkart-Style Frontend\\server\\node_modules\\router\\index.js:582:12)\n    at next (C:\\Users\\mdsai\\Downloads\\Kimi_Agent_Flipkart-Style Frontend\\server\\node_modules\\router\\index.js:291:5)\n    at next (C:\\Users\\mdsai\\Downloads\\Kimi_Agent_Flipkart-Style Frontend\\server\\middleware\\xssSanitizer.js:36:5)\n    at Layer.handleRequest (C:\\Users\\mdsai\\Downloads\\Kimi_Agent_Flipkart-Style Frontend\\server\\node_modules\\router\\lib\\layer.js:152:17)\n    at trimPrefix (C:\\Users\\mdsai\\Downloads\\Kimi_Agent_Flipkart-Style Frontend\\server\\node_modules\\router\\index.js:342:13)\n    at C:\\Users\\mdsai\\Downloads\\Kimi_Agent_Flipkart-Style Frontend\\server\\node_modules\\router\\index.js:297:9\n    at processParams (C:\\Users\\mdsai\\Downloads\\Kimi_Agent_Flipkart-Style Frontend\\server\\node_modules\\router\\index.js:582:12)\n    at next (C:\\Users\\mdsai\\Downloads\\Kimi_Agent_Flipkart-Style Frontend\\server\\node_modules\\router\\index.js:291:5)\n    at next (C:\\Users\\mdsai\\Downloads\\Kimi_Agent_Flipkart-Style Frontend\\server\\middleware\\securityMiddleware.js:37:9)\n    at Layer.handleRequest (C:\\Users\\mdsai\\Downloads\\Kimi_Agent_Flipkart-Style Frontend\\server\\node_modules\\router\\lib\\layer.js:152:17)\n    at trimPrefix (C:\\Users\\mdsai\\Downloads\\Kimi_Agent_Flipkart-Style Frontend\\server\\node_modules\\router\\index.js:342:13)\n    at C:\\Users\\mdsai\\Downloads\\Kimi_Agent_Flipkart-Style Frontend\\server\\node_modules\\router\\index.js:297:9\n    at processParams (C:\\Users\\mdsai\\Downloads\\Kimi_Agent_Flipkart-Style Frontend\\server\\node_modules\\router\\index.js:582:12)\n    at next (C:\\Users\\mdsai\\Downloads\\Kimi_Agent_Flipkart-Style Frontend\\server\\node_modules\\router\\index.js:291:5)\n    at C:\\Users\\mdsai\\Downloads\\Kimi_Agent_Flipkart-Style Frontend\\server\\node_modules\\body-parser\\lib\\read.js:171:5\n    at AsyncResource.runInAsyncScope (node:async_hooks:214:14)\n    at invokeCallback (C:\\Users\\mdsai\\Downloads\\Kimi_Agent_Flipkart-Style Frontend\\server\\node_modules\\raw-body\\index.js:238:16)\n    at done (C:\\Users\\mdsai\\Downloads\\Kimi_Agent_Flipkart-Style Frontend\\server\\node_modules\\raw-body\\index.js:227:7)\n    at IncomingMessage.onEnd (C:\\Users\\mdsai\\Downloads\\Kimi_Agent_Flipkart-Style Frontend\\server\\node_modules\\raw-body\\index.js:287:7)\n    at IncomingMessage.emit (node:events:508:28)\n    at endReadableNT (node:internal/streams/readable:1701:12)\n    at processTicksAndRejections (node:internal/process/task_queues:89:21)","name":"Error"},"type":"AppError","method":"POST","url":"/api/otp/send","statusCode":400,"requestId":"813532a3-2f12-4d0d-ae65-ebd2985bcce7","clientSessionId":"","clientRoute":""}

    [0m [90m 24 |[39m     info[33m:[39m (message[33m,[39m meta) [33m=>[39m console[33m.[39mlog(formatMessage([32m'info'[39m[33m,[39m message[33m,[39m meta))[33m,[39m
     [90m 25 |[39m     warn[33m:[39m (message[33m,[39m meta) [33m=>[39m console[33m.[39mwarn(formatMessage([32m'warn'[39m[33m,[39m message[33m,[39m meta))[33m,[39m
    [31m[1m>[22m[39m[90m 26 |[39m     error[33m:[39m (message[33m,[39m meta) [33m=>[39m console[33m.[39merror(formatMessage([32m'error'[39m[33m,[39m message[33m,[39m meta))[33m,[39m
     [90m    |[39m                                       [31m[1m^[22m[39m
     [90m 27 |[39m     debug[33m:[39m (message[33m,[39m meta) [33m=>[39m {
     [90m 28 |[39m         [36mif[39m (process[33m.[39menv[33m.[39m[33mNODE_ENV[39m [33m!==[39m [32m'production'[39m) {
     [90m 29 |[39m             console[33m.[39mdebug(formatMessage([32m'debug'[39m[33m,[39m message[33m,[39m meta))[33m;[39m[0m

      at Object.error (utils/logger.js:26:39)
      at error (middleware/errorMiddleware.js:34:12)
      at Layer.handleError (node_modules/router/lib/layer.js:116:17)
      at trimPrefix (node_modules/router/index.js:340:13)
      at node_modules/router/index.js:297:9
      at processParams (node_modules/router/index.js:582:12)
      at next (node_modules/router/index.js:291:5)
      at Layer.handleError (node_modules/router/lib/layer.js:111:12)
      at trimPrefix (node_modules/router/index.js:340:13)
      at node_modules/router/index.js:297:9
      at processParams (node_modules/router/index.js:582:12)
      at next (node_modules/router/index.js:291:5)
      at node_modules/router/index.js:688:15
      at next (node_modules/router/index.js:276:14)
      at next (node_modules/router/lib/route.js:132:14)
      at next (controllers/otpController.js:460:16)
      at asyncUtilWrap (node_modules/express-async-handler/index.js:3:20)
      at Layer.handleRequest (node_modules/router/lib/layer.js:152:17)
      at next (node_modules/router/lib/route.js:157:13)
      at next (middleware/distributedRateLimit.js:103:53)
      at Layer.handleRequest (node_modules/router/lib/layer.js:152:17)
      at next (node_modules/router/lib/route.js:157:13)
      at Route.dispatch (node_modules/router/lib/route.js:117:3)
      at handle (node_modules/router/index.js:435:11)
      at Layer.handleRequest (node_modules/router/lib/layer.js:152:17)
      at node_modules/router/index.js:295:15
      at processParams (node_modules/router/index.js:582:12)
      at next (node_modules/router/index.js:291:5)
      at router.handle (node_modules/router/index.js:186:3)
      at router (node_modules/router/index.js:60:12)
      at Layer.handleRequest (node_modules/router/lib/layer.js:152:17)
      at trimPrefix (node_modules/router/index.js:342:13)
      at node_modules/router/index.js:297:9
      at processParams (node_modules/router/index.js:582:12)
      at next (node_modules/router/index.js:291:5)
      at next (middleware/adminNotificationMiddleware.js:11:16)
      at Layer.handleRequest (node_modules/router/lib/layer.js:152:17)
      at trimPrefix (node_modules/router/index.js:342:13)
      at node_modules/router/index.js:297:9
      at processParams (node_modules/router/index.js:582:12)
      at next (node_modules/router/index.js:291:5)
      at next (middleware/activityEmailMiddleware.js:11:16)
      at Layer.handleRequest (node_modules/router/lib/layer.js:152:17)
      at trimPrefix (node_modules/router/index.js:342:13)
      at node_modules/router/index.js:297:9
      at processParams (node_modules/router/index.js:582:12)
      at next (node_modules/router/index.js:291:5)
      at next (middleware/xssSanitizer.js:36:5)
      at Layer.handleRequest (node_modules/router/lib/layer.js:152:17)
      at trimPrefix (node_modules/router/index.js:342:13)
      at node_modules/router/index.js:297:9
      at processParams (node_modules/router/index.js:582:12)
      at next (node_modules/router/index.js:291:5)
      at next (middleware/securityMiddleware.js:37:9)
      at Layer.handleRequest (node_modules/router/lib/layer.js:152:17)
      at trimPrefix (node_modules/router/index.js:342:13)
      at node_modules/router/index.js:297:9
      at processParams (node_modules/router/index.js:582:12)
      at next (node_modules/router/index.js:291:5)
      at node_modules/body-parser/lib/read.js:171:5
      at invokeCallback (node_modules/raw-body/index.js:238:16)
      at done (node_modules/raw-body/index.js:227:7)
      at IncomingMessage.onEnd (node_modules/raw-body/index.js:287:7)

  console.log
    {"timestamp":"2026-03-16T16:46:58.908Z","level":"info","message":"HTTP Request","hostname":"LAPTOP-2S5UTCOT","pid":14884,"method":"POST","url":"/api/otp/send","status":400,"durationMs":4,"requestId":"813532a3-2f12-4d0d-ae65-ebd2985bcce7","clientSessionId":"","clientRoute":"","ip":"::ffff:127.0.0.1"}

      at Object.log [as info] (utils/logger.js:24:38)

  console.error
    {"timestamp":"2026-03-16T16:46:58.916Z","level":"error","message":"Valid email address is required","hostname":"LAPTOP-2S5UTCOT","pid":14884,"error":{"message":"Valid email address is required","stack":"Error: Valid email address is required\n    at C:\\Users\\mdsai\\Downloads\\Kimi_Agent_Flipkart-Style Frontend\\server\\controllers\\otpController.js:478:21\n    at asyncUtilWrap (C:\\Users\\mdsai\\Downloads\\Kimi_Agent_Flipkart-Style Frontend\\server\\node_modules\\express-async-handler\\index.js:3:20)\n    at Layer.handleRequest (C:\\Users\\mdsai\\Downloads\\Kimi_Agent_Flipkart-Style Frontend\\server\\node_modules\\router\\lib\\layer.js:152:17)\n    at next (C:\\Users\\mdsai\\Downloads\\Kimi_Agent_Flipkart-Style Frontend\\server\\node_modules\\router\\lib\\route.js:157:13)\n    at next (C:\\Users\\mdsai\\Downloads\\Kimi_Agent_Flipkart-Style Frontend\\server\\middleware\\distributedRateLimit.js:103:53)\n    at Layer.handleRequest (C:\\Users\\mdsai\\Downloads\\Kimi_Agent_Flipkart-Style Frontend\\server\\node_modules\\router\\lib\\layer.js:152:17)\n    at next (C:\\Users\\mdsai\\Downloads\\Kimi_Agent_Flipkart-Style Frontend\\server\\node_modules\\router\\lib\\route.js:157:13)\n    at Route.dispatch (C:\\Users\\mdsai\\Downloads\\Kimi_Agent_Flipkart-Style Frontend\\server\\node_modules\\router\\lib\\route.js:117:3)\n    at handle (C:\\Users\\mdsai\\Downloads\\Kimi_Agent_Flipkart-Style Frontend\\server\\node_modules\\router\\index.js:435:11)\n    at Layer.handleRequest (C:\\Users\\mdsai\\Downloads\\Kimi_Agent_Flipkart-Style Frontend\\server\\node_modules\\router\\lib\\layer.js:152:17)\n    at C:\\Users\\mdsai\\Downloads\\Kimi_Agent_Flipkart-Style Frontend\\server\\node_modules\\router\\index.js:295:15\n    at processParams (C:\\Users\\mdsai\\Downloads\\Kimi_Agent_Flipkart-Style Frontend\\server\\node_modules\\router\\index.js:582:12)\n    at next (C:\\Users\\mdsai\\Downloads\\Kimi_Agent_Flipkart-Style Frontend\\server\\node_modules\\router\\index.js:291:5)\n    at router.handle (C:\\Users\\mdsai\\Downloads\\Kimi_Agent_Flipkart-Style Frontend\\server\\node_modules\\router\\index.js:186:3)\n    at router (C:\\Users\\mdsai\\Downloads\\Kimi_Agent_Flipkart-Style Frontend\\server\\node_modules\\router\\index.js:60:12)\n    at Layer.handleRequest (C:\\Users\\mdsai\\Downloads\\Kimi_Agent_Flipkart-Style Frontend\\server\\node_modules\\router\\lib\\layer.js:152:17)\n    at trimPrefix (C:\\Users\\mdsai\\Downloads\\Kimi_Agent_Flipkart-Style Frontend\\server\\node_modules\\router\\index.js:342:13)\n    at C:\\Users\\mdsai\\Downloads\\Kimi_Agent_Flipkart-Style Frontend\\server\\node_modules\\router\\index.js:297:9\n    at processParams (C:\\Users\\mdsai\\Downloads\\Kimi_Agent_Flipkart-Style Frontend\\server\\node_modules\\router\\index.js:582:12)\n    at next (C:\\Users\\mdsai\\Downloads\\Kimi_Agent_Flipkart-Style Frontend\\server\\node_modules\\router\\index.js:291:5)\n    at next (C:\\Users\\mdsai\\Downloads\\Kimi_Agent_Flipkart-Style Frontend\\server\\middleware\\adminNotificationMiddleware.js:11:16)\n    at Layer.handleRequest (C:\\Users\\mdsai\\Downloads\\Kimi_Agent_Flipkart-Style Frontend\\server\\node_modules\\router\\lib\\layer.js:152:17)\n    at trimPrefix (C:\\Users\\mdsai\\Downloads\\Kimi_Agent_Flipkart-Style Frontend\\server\\node_modules\\router\\index.js:342:13)\n    at C:\\Users\\mdsai\\Downloads\\Kimi_Agent_Flipkart-Style Frontend\\server\\node_modules\\router\\index.js:297:9\n    at processParams (C:\\Users\\mdsai\\Downloads\\Kimi_Agent_Flipkart-Style Frontend\\server\\node_modules\\router\\index.js:582:12)\n    at next (C:\\Users\\mdsai\\Downloads\\Kimi_Agent_Flipkart-Style Frontend\\server\\node_modules\\router\\index.js:291:5)\n    at next (C:\\Users\\mdsai\\Downloads\\Kimi_Agent_Flipkart-Style Frontend\\server\\middleware\\activityEmailMiddleware.js:11:16)\n    at Layer.handleRequest (C:\\Users\\mdsai\\Downloads\\Kimi_Agent_Flipkart-Style Frontend\\server\\node_modules\\router\\lib\\layer.js:152:17)\n    at trimPrefix (C:\\Users\\mdsai\\Downloads\\Kimi_Agent_Flipkart-Style Frontend\\server\\node_modules\\router\\index.js:342:13)\n    at C:\\Users\\mdsai\\Downloads\\Kimi_Agent_Flipkart-Style Frontend\\server\\node_modules\\router\\index.js:297:9\n    at processParams (C:\\Users\\mdsai\\Downloads\\Kimi_Agent_Flipkart-Style Frontend\\server\\node_modules\\router\\index.js:582:12)\n    at next (C:\\Users\\mdsai\\Downloads\\Kimi_Agent_Flipkart-Style Frontend\\server\\node_modules\\router\\index.js:291:5)\n    at next (C:\\Users\\mdsai\\Downloads\\Kimi_Agent_Flipkart-Style Frontend\\server\\middleware\\xssSanitizer.js:36:5)\n    at Layer.handleRequest (C:\\Users\\mdsai\\Downloads\\Kimi_Agent_Flipkart-Style Frontend\\server\\node_modules\\router\\lib\\layer.js:152:17)\n    at trimPrefix (C:\\Users\\mdsai\\Downloads\\Kimi_Agent_Flipkart-Style Frontend\\server\\node_modules\\router\\index.js:342:13)\n    at C:\\Users\\mdsai\\Downloads\\Kimi_Agent_Flipkart-Style Frontend\\server\\node_modules\\router\\index.js:297:9\n    at processParams (C:\\Users\\mdsai\\Downloads\\Kimi_Agent_Flipkart-Style Frontend\\server\\node_modules\\router\\index.js:582:12)\n    at next (C:\\Users\\mdsai\\Downloads\\Kimi_Agent_Flipkart-Style Frontend\\server\\node_modules\\router\\index.js:291:5)\n    at next (C:\\Users\\mdsai\\Downloads\\Kimi_Agent_Flipkart-Style Frontend\\server\\middleware\\securityMiddleware.js:37:9)\n    at Layer.handleRequest (C:\\Users\\mdsai\\Downloads\\Kimi_Agent_Flipkart-Style Frontend\\server\\node_modules\\router\\lib\\layer.js:152:17)\n    at trimPrefix (C:\\Users\\mdsai\\Downloads\\Kimi_Agent_Flipkart-Style Frontend\\server\\node_modules\\router\\index.js:342:13)\n    at C:\\Users\\mdsai\\Downloads\\Kimi_Agent_Flipkart-Style Frontend\\server\\node_modules\\router\\index.js:297:9\n    at processParams (C:\\Users\\mdsai\\Downloads\\Kimi_Agent_Flipkart-Style Frontend\\server\\node_modules\\router\\index.js:582:12)\n    at next (C:\\Users\\mdsai\\Downloads\\Kimi_Agent_Flipkart-Style Frontend\\server\\node_modules\\router\\index.js:291:5)\n    at C:\\Users\\mdsai\\Downloads\\Kimi_Agent_Flipkart-Style Frontend\\server\\node_modules\\body-parser\\lib\\read.js:171:5\n    at AsyncResource.runInAsyncScope (node:async_hooks:214:14)\n    at invokeCallback (C:\\Users\\mdsai\\Downloads\\Kimi_Agent_Flipkart-Style Frontend\\server\\node_modules\\raw-body\\index.js:238:16)\n    at done (C:\\Users\\mdsai\\Downloads\\Kimi_Agent_Flipkart-Style Frontend\\server\\node_modules\\raw-body\\index.js:227:7)\n    at IncomingMessage.onEnd (C:\\Users\\mdsai\\Downloads\\Kimi_Agent_Flipkart-Style Frontend\\server\\node_modules\\raw-body\\index.js:287:7)\n    at IncomingMessage.emit (node:events:508:28)\n    at endReadableNT (node:internal/streams/readable:1701:12)\n    at processTicksAndRejections (node:internal/process/task_queues:89:21)","name":"Error"},"type":"AppError","method":"POST","url":"/api/otp/send","statusCode":400,"requestId":"3ce1c36e-5a6a-4d0a-829b-9daaab33d269","clientSessionId":"","clientRoute":""}

    [0m [90m 24 |[39m     info[33m:[39m (message[33m,[39m meta) [33m=>[39m console[33m.[39mlog(formatMessage([32m'info'[39m[33m,[39m message[33m,[39m meta))[33m,[39m
     [90m 25 |[39m     warn[33m:[39m (message[33m,[39m meta) [33m=>[39m console[33m.[39mwarn(formatMessage([32m'warn'[39m[33m,[39m message[33m,[39m meta))[33m,[39m
    [31m[1m>[22m[39m[90m 26 |[39m     error[33m:[39m (message[33m,[39m meta) [33m=>[39m console[33m.[39merror(formatMessage([32m'error'[39m[33m,[39m message[33m,[39m meta))[33m,[39m
     [90m    |[39m                                       [31m[1m^[22m[39m
     [90m 27 |[39m     debug[33m:[39m (message[33m,[39m meta) [33m=>[39m {
     [90m 28 |[39m         [36mif[39m (process[33m.[39menv[33m.[39m[33mNODE_ENV[39m [33m!==[39m [32m'production'[39m) {
     [90m 29 |[39m             console[33m.[39mdebug(formatMessage([32m'debug'[39m[33m,[39m message[33m,[39m meta))[33m;[39m[0m

      at Object.error (utils/logger.js:26:39)
      at error (middleware/errorMiddleware.js:34:12)
      at Layer.handleError (node_modules/router/lib/layer.js:116:17)
      at trimPrefix (node_modules/router/index.js:340:13)
      at node_modules/router/index.js:297:9
      at processParams (node_modules/router/index.js:582:12)
      at next (node_modules/router/index.js:291:5)
      at Layer.handleError (node_modules/router/lib/layer.js:111:12)
      at trimPrefix (node_modules/router/index.js:340:13)
      at node_modules/router/index.js:297:9
      at processParams (node_modules/router/index.js:582:12)
      at next (node_modules/router/index.js:291:5)
      at node_modules/router/index.js:688:15
      at next (node_modules/router/index.js:276:14)
      at next (node_modules/router/lib/route.js:132:14)
      at next (controllers/otpController.js:478:16)
      at asyncUtilWrap (node_modules/express-async-handler/index.js:3:20)
      at Layer.handleRequest (node_modules/router/lib/layer.js:152:17)
      at next (node_modules/router/lib/route.js:157:13)
      at next (middleware/distributedRateLimit.js:103:53)
      at Layer.handleRequest (node_modules/router/lib/layer.js:152:17)
      at next (node_modules/router/lib/route.js:157:13)
      at Route.dispatch (node_modules/router/lib/route.js:117:3)
      at handle (node_modules/router/index.js:435:11)
      at Layer.handleRequest (node_modules/router/lib/layer.js:152:17)
      at node_modules/router/index.js:295:15
      at processParams (node_modules/router/index.js:582:12)
      at next (node_modules/router/index.js:291:5)
      at router.handle (node_modules/router/index.js:186:3)
      at router (node_modules/router/index.js:60:12)
      at Layer.handleRequest (node_modules/router/lib/layer.js:152:17)
      at trimPrefix (node_modules/router/index.js:342:13)
      at node_modules/router/index.js:297:9
      at processParams (node_modules/router/index.js:582:12)
      at next (node_modules/router/index.js:291:5)
      at next (middleware/adminNotificationMiddleware.js:11:16)
      at Layer.handleRequest (node_modules/router/lib/layer.js:152:17)
      at trimPrefix (node_modules/router/index.js:342:13)
      at node_modules/router/index.js:297:9
      at processParams (node_modules/router/index.js:582:12)
      at next (node_modules/router/index.js:291:5)
      at next (middleware/activityEmailMiddleware.js:11:16)
      at Layer.handleRequest (node_modules/router/lib/layer.js:152:17)
      at trimPrefix (node_modules/router/index.js:342:13)
      at node_modules/router/index.js:297:9
      at processParams (node_modules/router/index.js:582:12)
      at next (node_modules/router/index.js:291:5)
      at next (middleware/xssSanitizer.js:36:5)
      at Layer.handleRequest (node_modules/router/lib/layer.js:152:17)
      at trimPrefix (node_modules/router/index.js:342:13)
      at node_modules/router/index.js:297:9
      at processParams (node_modules/router/index.js:582:12)
      at next (node_modules/router/index.js:291:5)
      at next (middleware/securityMiddleware.js:37:9)
      at Layer.handleRequest (node_modules/router/lib/layer.js:152:17)
      at trimPrefix (node_modules/router/index.js:342:13)
      at node_modules/router/index.js:297:9
      at processParams (node_modules/router/index.js:582:12)
      at next (node_modules/router/index.js:291:5)
      at node_modules/body-parser/lib/read.js:171:5
      at invokeCallback (node_modules/raw-body/index.js:238:16)
      at done (node_modules/raw-body/index.js:227:7)
      at IncomingMessage.onEnd (node_modules/raw-body/index.js:287:7)

  console.log
    {"timestamp":"2026-03-16T16:46:58.919Z","level":"info","message":"HTTP Request","hostname":"LAPTOP-2S5UTCOT","pid":14884,"method":"POST","url":"/api/otp/send","status":400,"durationMs":4,"requestId":"3ce1c36e-5a6a-4d0a-829b-9daaab33d269","clientSessionId":"","clientRoute":"","ip":"::ffff:127.0.0.1"}

      at Object.log [as info] (utils/logger.js:24:38)

  console.error
    {"timestamp":"2026-03-16T16:46:58.952Z","level":"error","message":"createdPendingUser is not defined","hostname":"LAPTOP-2S5UTCOT","pid":14884,"error":{"message":"createdPendingUser is not defined","stack":"ReferenceError: createdPendingUser is not defined\n    at createdPendingUser (C:\\Users\\mdsai\\Downloads\\Kimi_Agent_Flipkart-Style Frontend\\server\\controllers\\otpController.js:882:17)\n    at processTicksAndRejections (node:internal/process/task_queues:103:5)","name":"ReferenceError"},"type":"ReferenceError","method":"POST","url":"/api/otp/send","statusCode":500,"requestId":"ae08d5fc-ddad-4dd3-8ad6-e90e02365e96","clientSessionId":"","clientRoute":""}

    [0m [90m 24 |[39m     info[33m:[39m (message[33m,[39m meta) [33m=>[39m console[33m.[39mlog(formatMessage([32m'info'[39m[33m,[39m message[33m,[39m meta))[33m,[39m
     [90m 25 |[39m     warn[33m:[39m (message[33m,[39m meta) [33m=>[39m console[33m.[39mwarn(formatMessage([32m'warn'[39m[33m,[39m message[33m,[39m meta))[33m,[39m
    [31m[1m>[22m[39m[90m 26 |[39m     error[33m:[39m (message[33m,[39m meta) [33m=>[39m console[33m.[39merror(formatMessage([32m'error'[39m[33m,[39m message[33m,[39m meta))[33m,[39m
     [90m    |[39m                                       [31m[1m^[22m[39m
     [90m 27 |[39m     debug[33m:[39m (message[33m,[39m meta) [33m=>[39m {
     [90m 28 |[39m         [36mif[39m (process[33m.[39menv[33m.[39m[33mNODE_ENV[39m [33m!==[39m [32m'production'[39m) {
     [90m 29 |[39m             console[33m.[39mdebug(formatMessage([32m'debug'[39m[33m,[39m message[33m,[39m meta))[33m;[39m[0m

      at Object.error (utils/logger.js:26:39)
      at error (middleware/errorMiddleware.js:34:12)
      at Layer.handleError (node_modules/router/lib/layer.js:116:17)
      at trimPrefix (node_modules/router/index.js:340:13)
      at node_modules/router/index.js:297:9
      at processParams (node_modules/router/index.js:582:12)
      at next (node_modules/router/index.js:291:5)
      at Layer.handleError (node_modules/router/lib/layer.js:111:12)
      at trimPrefix (node_modules/router/index.js:340:13)
      at node_modules/router/index.js:297:9
      at processParams (node_modules/router/index.js:582:12)
      at next (node_modules/router/index.js:291:5)
      at node_modules/router/index.js:688:15
      at next (node_modules/router/index.js:276:14)
      at next (node_modules/router/lib/route.js:132:14)

  console.log
    {"timestamp":"2026-03-16T16:46:58.954Z","level":"info","message":"HTTP Request","hostname":"LAPTOP-2S5UTCOT","pid":14884,"method":"POST","url":"/api/otp/send","status":500,"durationMs":27,"requestId":"ae08d5fc-ddad-4dd3-8ad6-e90e02365e96","clientSessionId":"","clientRoute":"","ip":"::ffff:127.0.0.1"}

      at Object.log [as info] (utils/logger.js:24:38)

  console.error
    {"timestamp":"2026-03-16T16:46:58.990Z","level":"error","message":"createdPendingUser is not defined","hostname":"LAPTOP-2S5UTCOT","pid":14884,"error":{"message":"createdPendingUser is not defined","stack":"ReferenceError: createdPendingUser is not defined\n    at createdPendingUser (C:\\Users\\mdsai\\Downloads\\Kimi_Agent_Flipkart-Style Frontend\\server\\controllers\\otpController.js:882:17)\n    at processTicksAndRejections (node:internal/process/task_queues:103:5)","name":"ReferenceError"},"type":"ReferenceError","method":"POST","url":"/api/otp/send","statusCode":500,"requestId":"23d21fc4-e737-493f-804c-199d2e7f4e1b","clientSessionId":"","clientRoute":""}

    [0m [90m 24 |[39m     info[33m:[39m (message[33m,[39m meta) [33m=>[39m console[33m.[39mlog(formatMessage([32m'info'[39m[33m,[39m message[33m,[39m meta))[33m,[39m
     [90m 25 |[39m     warn[33m:[39m (message[33m,[39m meta) [33m=>[39m console[33m.[39mwarn(formatMessage([32m'warn'[39m[33m,[39m message[33m,[39m meta))[33m,[39m
    [31m[1m>[22m[39m[90m 26 |[39m     error[33m:[39m (message[33m,[39m meta) [33m=>[39m console[33m.[39merror(formatMessage([32m'error'[39m[33m,[39m message[33m,[39m meta))[33m,[39m
     [90m    |[39m                                       [31m[1m^[22m[39m
     [90m 27 |[39m     debug[33m:[39m (message[33m,[39m meta) [33m=>[39m {
     [90m 28 |[39m         [36mif[39m (process[33m.[39menv[33m.[39m[33mNODE_ENV[39m [33m!==[39m [32m'production'[39m) {
     [90m 29 |[39m             console[33m.[39mdebug(formatMessage([32m'debug'[39m[33m,[39m message[33m,[39m meta))[33m;[39m[0m

      at Object.error (utils/logger.js:26:39)
      at error (middleware/errorMiddleware.js:34:12)
      at Layer.handleError (node_modules/router/lib/layer.js:116:17)
      at trimPrefix (node_modules/router/index.js:340:13)
      at node_modules/router/index.js:297:9
      at processParams (node_modules/router/index.js:582:12)
      at next (node_modules/router/index.js:291:5)
      at Layer.handleError (node_modules/router/lib/layer.js:111:12)
      at trimPrefix (node_modules/router/index.js:340:13)
      at node_modules/router/index.js:297:9
      at processParams (node_modules/router/index.js:582:12)
      at next (node_modules/router/index.js:291:5)
      at node_modules/router/index.js:688:15
      at next (node_modules/router/index.js:276:14)
      at next (node_modules/router/lib/route.js:132:14)

  console.log
    {"timestamp":"2026-03-16T16:46:58.992Z","level":"info","message":"HTTP Request","hostname":"LAPTOP-2S5UTCOT","pid":14884,"method":"POST","url":"/api/otp/send","status":500,"durationMs":28,"requestId":"23d21fc4-e737-493f-804c-199d2e7f4e1b","clientSessionId":"","clientRoute":"","ip":"::ffff:127.0.0.1"}

      at Object.log [as info] (utils/logger.js:24:38)

  console.error
    {"timestamp":"2026-03-16T16:46:59.026Z","level":"error","message":"createdPendingUser is not defined","hostname":"LAPTOP-2S5UTCOT","pid":14884,"error":{"message":"createdPendingUser is not defined","stack":"ReferenceError: createdPendingUser is not defined\n    at createdPendingUser (C:\\Users\\mdsai\\Downloads\\Kimi_Agent_Flipkart-Style Frontend\\server\\controllers\\otpController.js:882:17)\n    at processTicksAndRejections (node:internal/process/task_queues:103:5)","name":"ReferenceError"},"type":"ReferenceError","method":"POST","url":"/api/otp/send","statusCode":500,"requestId":"0dacbcb2-38e2-4e55-969b-75480d2b3a94","clientSessionId":"","clientRoute":""}

    [0m [90m 24 |[39m     info[33m:[39m (message[33m,[39m meta) [33m=>[39m console[33m.[39mlog(formatMessage([32m'info'[39m[33m,[39m message[33m,[39m meta))[33m,[39m
     [90m 25 |[39m     warn[33m:[39m (message[33m,[39m meta) [33m=>[39m console[33m.[39mwarn(formatMessage([32m'warn'[39m[33m,[39m message[33m,[39m meta))[33m,[39m
    [31m[1m>[22m[39m[90m 26 |[39m     error[33m:[39m (message[33m,[39m meta) [33m=>[39m console[33m.[39merror(formatMessage([32m'error'[39m[33m,[39m message[33m,[39m meta))[33m,[39m
     [90m    |[39m                                       [31m[1m^[22m[39m
     [90m 27 |[39m     debug[33m:[39m (message[33m,[39m meta) [33m=>[39m {
     [90m 28 |[39m         [36mif[39m (process[33m.[39menv[33m.[39m[33mNODE_ENV[39m [33m!==[39m [32m'production'[39m) {
     [90m 29 |[39m             console[33m.[39mdebug(formatMessage([32m'debug'[39m[33m,[39m message[33m,[39m meta))[33m;[39m[0m

      at Object.error (utils/logger.js:26:39)
      at error (middleware/errorMiddleware.js:34:12)
      at Layer.handleError (node_modules/router/lib/layer.js:116:17)
      at trimPrefix (node_modules/router/index.js:340:13)
      at node_modules/router/index.js:297:9
      at processParams (node_modules/router/index.js:582:12)
      at next (node_modules/router/index.js:291:5)
      at Layer.handleError (node_modules/router/lib/layer.js:111:12)
      at trimPrefix (node_modules/router/index.js:340:13)
      at node_modules/router/index.js:297:9
      at processParams (node_modules/router/index.js:582:12)
      at next (node_modules/router/index.js:291:5)
      at node_modules/router/index.js:688:15
      at next (node_modules/router/index.js:276:14)
      at next (node_modules/router/lib/route.js:132:14)

  console.log
    {"timestamp":"2026-03-16T16:46:59.027Z","level":"info","message":"HTTP Request","hostname":"LAPTOP-2S5UTCOT","pid":14884,"method":"POST","url":"/api/otp/send","status":500,"durationMs":26,"requestId":"0dacbcb2-38e2-4e55-969b-75480d2b3a94","clientSessionId":"","clientRoute":"","ip":"::ffff:127.0.0.1"}

      at Object.log [as info] (utils/logger.js:24:38)

  console.error
    {"timestamp":"2026-03-16T16:46:59.059Z","level":"error","message":"createdPendingUser is not defined","hostname":"LAPTOP-2S5UTCOT","pid":14884,"error":{"message":"createdPendingUser is not defined","stack":"ReferenceError: createdPendingUser is not defined\n    at createdPendingUser (C:\\Users\\mdsai\\Downloads\\Kimi_Agent_Flipkart-Style Frontend\\server\\controllers\\otpController.js:882:17)\n    at processTicksAndRejections (node:internal/process/task_queues:103:5)","name":"ReferenceError"},"type":"ReferenceError","method":"POST","url":"/api/otp/send","statusCode":500,"requestId":"03ef0a49-febf-497b-a2c8-99eb834c8dae","clientSessionId":"","clientRoute":""}

    [0m [90m 24 |[39m     info[33m:[39m (message[33m,[39m meta) [33m=>[39m console[33m.[39mlog(formatMessage([32m'info'[39m[33m,[39m message[33m,[39m meta))[33m,[39m
     [90m 25 |[39m     warn[33m:[39m (message[33m,[39m meta) [33m=>[39m console[33m.[39mwarn(formatMessage([32m'warn'[39m[33m,[39m message[33m,[39m meta))[33m,[39m
    [31m[1m>[22m[39m[90m 26 |[39m     error[33m:[39m (message[33m,[39m meta) [33m=>[39m console[33m.[39merror(formatMessage([32m'error'[39m[33m,[39m message[33m,[39m meta))[33m,[39m
     [90m    |[39m                                       [31m[1m^[22m[39m
     [90m 27 |[39m     debug[33m:[39m (message[33m,[39m meta) [33m=>[39m {
     [90m 28 |[39m         [36mif[39m (process[33m.[39menv[33m.[39m[33mNODE_ENV[39m [33m!==[39m [32m'production'[39m) {
     [90m 29 |[39m             console[33m.[39mdebug(formatMessage([32m'debug'[39m[33m,[39m message[33m,[39m meta))[33m;[39m[0m

      at Object.error (utils/logger.js:26:39)
      at error (middleware/errorMiddleware.js:34:12)
      at Layer.handleError (node_modules/router/lib/layer.js:116:17)
      at trimPrefix (node_modules/router/index.js:340:13)
      at node_modules/router/index.js:297:9
      at processParams (node_modules/router/index.js:582:12)
      at next (node_modules/router/index.js:291:5)
      at Layer.handleError (node_modules/router/lib/layer.js:111:12)
      at trimPrefix (node_modules/router/index.js:340:13)
      at node_modules/router/index.js:297:9
      at processParams (node_modules/router/index.js:582:12)
      at next (node_modules/router/index.js:291:5)
      at node_modules/router/index.js:688:15
      at next (node_modules/router/index.js:276:14)
      at next (node_modules/router/lib/route.js:132:14)

  console.log
    {"timestamp":"2026-03-16T16:46:59.061Z","level":"info","message":"HTTP Request","hostname":"LAPTOP-2S5UTCOT","pid":14884,"method":"POST","url":"/api/otp/send","status":500,"durationMs":24,"requestId":"03ef0a49-febf-497b-a2c8-99eb834c8dae","clientSessionId":"","clientRoute":"","ip":"::ffff:127.0.0.1"}

      at Object.log [as info] (utils/logger.js:24:38)

  console.error
    {"timestamp":"2026-03-16T16:46:59.095Z","level":"error","message":"createdPendingUser is not defined","hostname":"LAPTOP-2S5UTCOT","pid":14884,"error":{"message":"createdPendingUser is not defined","stack":"ReferenceError: createdPendingUser is not defined\n    at createdPendingUser (C:\\Users\\mdsai\\Downloads\\Kimi_Agent_Flipkart-Style Frontend\\server\\controllers\\otpController.js:882:17)\n    at processTicksAndRejections (node:internal/process/task_queues:103:5)","name":"ReferenceError"},"type":"ReferenceError","method":"POST","url":"/api/otp/send","statusCode":500,"requestId":"1350df3d-e0f8-4f5f-aa21-f22e5a2dcf01","clientSessionId":"","clientRoute":""}

    [0m [90m 24 |[39m     info[33m:[39m (message[33m,[39m meta) [33m=>[39m console[33m.[39mlog(formatMessage([32m'info'[39m[33m,[39m message[33m,[39m meta))[33m,[39m
     [90m 25 |[39m     warn[33m:[39m (message[33m,[39m meta) [33m=>[39m console[33m.[39mwarn(formatMessage([32m'warn'[39m[33m,[39m message[33m,[39m meta))[33m,[39m
    [31m[1m>[22m[39m[90m 26 |[39m     error[33m:[39m (message[33m,[39m meta) [33m=>[39m console[33m.[39merror(formatMessage([32m'error'[39m[33m,[39m message[33m,[39m meta))[33m,[39m
     [90m    |[39m                                       [31m[1m^[22m[39m
     [90m 27 |[39m     debug[33m:[39m (message[33m,[39m meta) [33m=>[39m {
     [90m 28 |[39m         [36mif[39m (process[33m.[39menv[33m.[39m[33mNODE_ENV[39m [33m!==[39m [32m'production'[39m) {
     [90m 29 |[39m             console[33m.[39mdebug(formatMessage([32m'debug'[39m[33m,[39m message[33m,[39m meta))[33m;[39m[0m

      at Object.error (utils/logger.js:26:39)
      at error (middleware/errorMiddleware.js:34:12)
      at Layer.handleError (node_modules/router/lib/layer.js:116:17)
      at trimPrefix (node_modules/router/index.js:340:13)
      at node_modules/router/index.js:297:9
      at processParams (node_modules/router/index.js:582:12)
      at next (node_modules/router/index.js:291:5)
      at Layer.handleError (node_modules/router/lib/layer.js:111:12)
      at trimPrefix (node_modules/router/index.js:340:13)
      at node_modules/router/index.js:297:9
      at processParams (node_modules/router/index.js:582:12)
      at next (node_modules/router/index.js:291:5)
      at node_modules/router/index.js:688:15
      at next (node_modules/router/index.js:276:14)
      at next (node_modules/router/lib/route.js:132:14)

  console.log
    {"timestamp":"2026-03-16T16:46:59.097Z","level":"info","message":"HTTP Request","hostname":"LAPTOP-2S5UTCOT","pid":14884,"method":"POST","url":"/api/otp/send","status":500,"durationMs":26,"requestId":"1350df3d-e0f8-4f5f-aa21-f22e5a2dcf01","clientSessionId":"","clientRoute":"","ip":"::ffff:127.0.0.1"}

      at Object.log [as info] (utils/logger.js:24:38)

  console.log
    {"timestamp":"2026-03-16T16:46:59.127Z","level":"info","message":"otp.send_blocked","hostname":"LAPTOP-2S5UTCOT","pid":14884,"event":"SEND_BLOCKED","phone":"+919437200010","email":"ot***@test.com","purpose":"signup","ip":"127.0.0.1","requestId":"87bff43b-f9c1-4fd1-8cee-cef85e0c55c2","success":false,"reason":"email already exists"}

      at Object.log [as info] (utils/logger.js:24:38)

  console.error
    {"timestamp":"2026-03-16T16:46:59.128Z","level":"error","message":"An account with this email already exists. Please sign in.","hostname":"LAPTOP-2S5UTCOT","pid":14884,"error":{"message":"An account with this email already exists. Please sign in.","stack":"Error: An account with this email already exists. Please sign in.\n    at C:\\Users\\mdsai\\Downloads\\Kimi_Agent_Flipkart-Style Frontend\\server\\controllers\\otpController.js:553:25\n    at processTicksAndRejections (node:internal/process/task_queues:103:5)","name":"Error"},"type":"AppError","method":"POST","url":"/api/otp/send","statusCode":409,"requestId":"87bff43b-f9c1-4fd1-8cee-cef85e0c55c2","clientSessionId":"","clientRoute":""}

    [0m [90m 24 |[39m     info[33m:[39m (message[33m,[39m meta) [33m=>[39m console[33m.[39mlog(formatMessage([32m'info'[39m[33m,[39m message[33m,[39m meta))[33m,[39m
     [90m 25 |[39m     warn[33m:[39m (message[33m,[39m meta) [33m=>[39m console[33m.[39mwarn(formatMessage([32m'warn'[39m[33m,[39m message[33m,[39m meta))[33m,[39m
    [31m[1m>[22m[39m[90m 26 |[39m     error[33m:[39m (message[33m,[39m meta) [33m=>[39m console[33m.[39merror(formatMessage([32m'error'[39m[33m,[39m message[33m,[39m meta))[33m,[39m
     [90m    |[39m                                       [31m[1m^[22m[39m
     [90m 27 |[39m     debug[33m:[39m (message[33m,[39m meta) [33m=>[39m {
     [90m 28 |[39m         [36mif[39m (process[33m.[39menv[33m.[39m[33mNODE_ENV[39m [33m!==[39m [32m'production'[39m) {
     [90m 29 |[39m             console[33m.[39mdebug(formatMessage([32m'debug'[39m[33m,[39m message[33m,[39m meta))[33m;[39m[0m

      at Object.error (utils/logger.js:26:39)
      at error (middleware/errorMiddleware.js:34:12)
      at Layer.handleError (node_modules/router/lib/layer.js:116:17)
      at trimPrefix (node_modules/router/index.js:340:13)
      at node_modules/router/index.js:297:9
      at processParams (node_modules/router/index.js:582:12)
      at next (node_modules/router/index.js:291:5)
      at Layer.handleError (node_modules/router/lib/layer.js:111:12)
      at trimPrefix (node_modules/router/index.js:340:13)
      at node_modules/router/index.js:297:9
      at processParams (node_modules/router/index.js:582:12)
      at next (node_modules/router/index.js:291:5)
      at node_modules/router/index.js:688:15
      at next (node_modules/router/index.js:276:14)
      at next (node_modules/router/lib/route.js:132:14)
      at next (controllers/otpController.js:553:20)

  console.log
    {"timestamp":"2026-03-16T16:46:59.129Z","level":"info","message":"HTTP Request","hostname":"LAPTOP-2S5UTCOT","pid":14884,"method":"POST","url":"/api/otp/send","status":409,"durationMs":20,"requestId":"87bff43b-f9c1-4fd1-8cee-cef85e0c55c2","clientSessionId":"","clientRoute":"","ip":"::ffff:127.0.0.1"}

      at Object.log [as info] (utils/logger.js:24:38)

  console.error
    {"timestamp":"2026-03-16T16:46:59.164Z","level":"error","message":"createdPendingUser is not defined","hostname":"LAPTOP-2S5UTCOT","pid":14884,"error":{"message":"createdPendingUser is not defined","stack":"ReferenceError: createdPendingUser is not defined\n    at createdPendingUser (C:\\Users\\mdsai\\Downloads\\Kimi_Agent_Flipkart-Style Frontend\\server\\controllers\\otpController.js:882:17)\n    at processTicksAndRejections (node:internal/process/task_queues:103:5)","name":"ReferenceError"},"type":"ReferenceError","method":"POST","url":"/api/otp/send","statusCode":500,"requestId":"6b09d90d-d92f-49d5-bf24-905fe6f56fd2","clientSessionId":"","clientRoute":""}

    [0m [90m 24 |[39m     info[33m:[39m (message[33m,[39m meta) [33m=>[39m console[33m.[39mlog(formatMessage([32m'info'[39m[33m,[39m message[33m,[39m meta))[33m,[39m
     [90m 25 |[39m     warn[33m:[39m (message[33m,[39m meta) [33m=>[39m console[33m.[39mwarn(formatMessage([32m'warn'[39m[33m,[39m message[33m,[39m meta))[33m,[39m
    [31m[1m>[22m[39m[90m 26 |[39m     error[33m:[39m (message[33m,[39m meta) [33m=>[39m console[33m.[39merror(formatMessage([32m'error'[39m[33m,[39m message[33m,[39m meta))[33m,[39m
     [90m    |[39m                                       [31m[1m^[22m[39m
     [90m 27 |[39m     debug[33m:[39m (message[33m,[39m meta) [33m=>[39m {
     [90m 28 |[39m         [36mif[39m (process[33m.[39menv[33m.[39m[33mNODE_ENV[39m [33m!==[39m [32m'production'[39m) {
     [90m 29 |[39m             console[33m.[39mdebug(formatMessage([32m'debug'[39m[33m,[39m message[33m,[39m meta))[33m;[39m[0m

      at Object.error (utils/logger.js:26:39)
      at error (middleware/errorMiddleware.js:34:12)
      at Layer.handleError (node_modules/router/lib/layer.js:116:17)
      at trimPrefix (node_modules/router/index.js:340:13)
      at node_modules/router/index.js:297:9
      at processParams (node_modules/router/index.js:582:12)
      at next (node_modules/router/index.js:291:5)
      at Layer.handleError (node_modules/router/lib/layer.js:111:12)
      at trimPrefix (node_modules/router/index.js:340:13)
      at node_modules/router/index.js:297:9
      at processParams (node_modules/router/index.js:582:12)
      at next (node_modules/router/index.js:291:5)
      at node_modules/router/index.js:688:15
      at next (node_modules/router/index.js:276:14)
      at next (node_modules/router/lib/route.js:132:14)

  console.log
    {"timestamp":"2026-03-16T16:46:59.165Z","level":"info","message":"HTTP Request","hostname":"LAPTOP-2S5UTCOT","pid":14884,"method":"POST","url":"/api/otp/send","status":500,"durationMs":24,"requestId":"6b09d90d-d92f-49d5-bf24-905fe6f56fd2","clientSessionId":"","clientRoute":"","ip":"::ffff:127.0.0.1"}

      at Object.log [as info] (utils/logger.js:24:38)

  console.error
    {"timestamp":"2026-03-16T16:46:59.198Z","level":"error","message":"createdPendingUser is not defined","hostname":"LAPTOP-2S5UTCOT","pid":14884,"error":{"message":"createdPendingUser is not defined","stack":"ReferenceError: createdPendingUser is not defined\n    at createdPendingUser (C:\\Users\\mdsai\\Downloads\\Kimi_Agent_Flipkart-Style Frontend\\server\\controllers\\otpController.js:882:17)\n    at processTicksAndRejections (node:internal/process/task_queues:103:5)","name":"ReferenceError"},"type":"ReferenceError","method":"POST","url":"/api/otp/send","statusCode":500,"requestId":"b0a41e58-9e0d-46a5-bfa0-a18f0939d156","clientSessionId":"","clientRoute":""}

    [0m [90m 24 |[39m     info[33m:[39m (message[33m,[39m meta) [33m=>[39m console[33m.[39mlog(formatMessage([32m'info'[39m[33m,[39m message[33m,[39m meta))[33m,[39m
     [90m 25 |[39m     warn[33m:[39m (message[33m,[39m meta) [33m=>[39m console[33m.[39mwarn(formatMessage([32m'warn'[39m[33m,[39m message[33m,[39m meta))[33m,[39m
    [31m[1m>[22m[39m[90m 26 |[39m     error[33m:[39m (message[33m,[39m meta) [33m=>[39m console[33m.[39merror(formatMessage([32m'error'[39m[33m,[39m message[33m,[39m meta))[33m,[39m
     [90m    |[39m                                       [31m[1m^[22m[39m
     [90m 27 |[39m     debug[33m:[39m (message[33m,[39m meta) [33m=>[39m {
     [90m 28 |[39m         [36mif[39m (process[33m.[39menv[33m.[39m[33mNODE_ENV[39m [33m!==[39m [32m'production'[39m) {
     [90m 29 |[39m             console[33m.[39mdebug(formatMessage([32m'debug'[39m[33m,[39m message[33m,[39m meta))[33m;[39m[0m

      at Object.error (utils/logger.js:26:39)
      at error (middleware/errorMiddleware.js:34:12)
      at Layer.handleError (node_modules/router/lib/layer.js:116:17)
      at trimPrefix (node_modules/router/index.js:340:13)
      at node_modules/router/index.js:297:9
      at processParams (node_modules/router/index.js:582:12)
      at next (node_modules/router/index.js:291:5)
      at Layer.handleError (node_modules/router/lib/layer.js:111:12)
      at trimPrefix (node_modules/router/index.js:340:13)
      at node_modules/router/index.js:297:9
      at processParams (node_modules/router/index.js:582:12)
      at next (node_modules/router/index.js:291:5)
      at node_modules/router/index.js:688:15
      at next (node_modules/router/index.js:276:14)
      at next (node_modules/router/lib/route.js:132:14)

  console.log
    {"timestamp":"2026-03-16T16:46:59.201Z","level":"info","message":"HTTP Request","hostname":"LAPTOP-2S5UTCOT","pid":14884,"method":"POST","url":"/api/otp/send","status":500,"durationMs":27,"requestId":"b0a41e58-9e0d-46a5-bfa0-a18f0939d156","clientSessionId":"","clientRoute":"","ip":"::ffff:127.0.0.1"}

      at Object.log [as info] (utils/logger.js:24:38)

  console.error
    {"timestamp":"2026-03-16T16:46:59.247Z","level":"error","message":"createdPendingUser is not defined","hostname":"LAPTOP-2S5UTCOT","pid":14884,"error":{"message":"createdPendingUser is not defined","stack":"ReferenceError: createdPendingUser is not defined\n    at createdPendingUser (C:\\Users\\mdsai\\Downloads\\Kimi_Agent_Flipkart-Style Frontend\\server\\controllers\\otpController.js:882:17)\n    at processTicksAndRejections (node:internal/process/task_queues:103:5)","name":"ReferenceError"},"type":"ReferenceError","method":"POST","url":"/api/otp/send","statusCode":500,"requestId":"3a19761f-6d61-4ddf-9f24-926757d70e68","clientSessionId":"","clientRoute":""}

    [0m [90m 24 |[39m     info[33m:[39m (message[33m,[39m meta) [33m=>[39m console[33m.[39mlog(formatMessage([32m'info'[39m[33m,[39m message[33m,[39m meta))[33m,[39m
     [90m 25 |[39m     warn[33m:[39m (message[33m,[39m meta) [33m=>[39m console[33m.[39mwarn(formatMessage([32m'warn'[39m[33m,[39m message[33m,[39m meta))[33m,[39m
    [31m[1m>[22m[39m[90m 26 |[39m     error[33m:[39m (message[33m,[39m meta) [33m=>[39m console[33m.[39merror(formatMessage([32m'error'[39m[33m,[39m message[33m,[39m meta))[33m,[39m
     [90m    |[39m                                       [31m[1m^[22m[39m
     [90m 27 |[39m     debug[33m:[39m (message[33m,[39m meta) [33m=>[39m {
     [90m 28 |[39m         [36mif[39m (process[33m.[39menv[33m.[39m[33mNODE_ENV[39m [33m!==[39m [32m'production'[39m) {
     [90m 29 |[39m             console[33m.[39mdebug(formatMessage([32m'debug'[39m[33m,[39m message[33m,[39m meta))[33m;[39m[0m

      at Object.error (utils/logger.js:26:39)
      at error (middleware/errorMiddleware.js:34:12)
      at Layer.handleError (node_modules/router/lib/layer.js:116:17)
      at trimPrefix (node_modules/router/index.js:340:13)
      at node_modules/router/index.js:297:9
      at processParams (node_modules/router/index.js:582:12)
      at next (node_modules/router/index.js:291:5)
      at Layer.handleError (node_modules/router/lib/layer.js:111:12)
      at trimPrefix (node_modules/router/index.js:340:13)
      at node_modules/router/index.js:297:9
      at processParams (node_modules/router/index.js:582:12)
      at next (node_modules/router/index.js:291:5)
      at node_modules/router/index.js:688:15
      at next (node_modules/router/index.js:276:14)
      at next (node_modules/router/lib/route.js:132:14)

  console.log
    {"timestamp":"2026-03-16T16:46:59.248Z","level":"info","message":"HTTP Request","hostname":"LAPTOP-2S5UTCOT","pid":14884,"method":"POST","url":"/api/otp/send","status":500,"durationMs":44,"requestId":"3a19761f-6d61-4ddf-9f24-926757d70e68","clientSessionId":"","clientRoute":"","ip":"::ffff:127.0.0.1"}

      at Object.log [as info] (utils/logger.js:24:38)

  console.error
    {"timestamp":"2026-03-16T16:46:59.324Z","level":"error","message":"createdPendingUser is not defined","hostname":"LAPTOP-2S5UTCOT","pid":14884,"error":{"message":"createdPendingUser is not defined","stack":"ReferenceError: createdPendingUser is not defined\n    at createdPendingUser (C:\\Users\\mdsai\\Downloads\\Kimi_Agent_Flipkart-Style Frontend\\server\\controllers\\otpController.js:882:17)\n    at processTicksAndRejections (node:internal/process/task_queues:103:5)","name":"ReferenceError"},"type":"ReferenceError","method":"POST","url":"/api/otp/send","statusCode":500,"requestId":"c2b21892-b0f1-4d9f-8c73-e3f11e0edd56","clientSessionId":"","clientRoute":""}

    [0m [90m 24 |[39m     info[33m:[39m (message[33m,[39m meta) [33m=>[39m console[33m.[39mlog(formatMessage([32m'info'[39m[33m,[39m message[33m,[39m meta))[33m,[39m
     [90m 25 |[39m     warn[33m:[39m (message[33m,[39m meta) [33m=>[39m console[33m.[39mwarn(formatMessage([32m'warn'[39m[33m,[39m message[33m,[39m meta))[33m,[39m
    [31m[1m>[22m[39m[90m 26 |[39m     error[33m:[39m (message[33m,[39m meta) [33m=>[39m console[33m.[39merror(formatMessage([32m'error'[39m[33m,[39m message[33m,[39m meta))[33m,[39m
     [90m    |[39m                                       [31m[1m^[22m[39m
     [90m 27 |[39m     debug[33m:[39m (message[33m,[39m meta) [33m=>[39m {
     [90m 28 |[39m         [36mif[39m (process[33m.[39menv[33m.[39m[33mNODE_ENV[39m [33m!==[39m [32m'production'[39m) {
     [90m 29 |[39m             console[33m.[39mdebug(formatMessage([32m'debug'[39m[33m,[39m message[33m,[39m meta))[33m;[39m[0m

      at Object.error (utils/logger.js:26:39)
      at error (middleware/errorMiddleware.js:34:12)
      at Layer.handleError (node_modules/router/lib/layer.js:116:17)
      at trimPrefix (node_modules/router/index.js:340:13)
      at node_modules/router/index.js:297:9
      at processParams (node_modules/router/index.js:582:12)
      at next (node_modules/router/index.js:291:5)
      at Layer.handleError (node_modules/router/lib/layer.js:111:12)
      at trimPrefix (node_modules/router/index.js:340:13)
      at node_modules/router/index.js:297:9
      at processParams (node_modules/router/index.js:582:12)
      at next (node_modules/router/index.js:291:5)
      at node_modules/router/index.js:688:15
      at next (node_modules/router/index.js:276:14)
      at next (node_modules/router/lib/route.js:132:14)

  console.log
    {"timestamp":"2026-03-16T16:46:59.325Z","level":"info","message":"HTTP Request","hostname":"LAPTOP-2S5UTCOT","pid":14884,"method":"POST","url":"/api/otp/send","status":500,"durationMs":26,"requestId":"c2b21892-b0f1-4d9f-8c73-e3f11e0edd56","clientSessionId":"","clientRoute":"","ip":"::ffff:127.0.0.1"}

      at Object.log [as info] (utils/logger.js:24:38)

  console.error
    {"timestamp":"2026-03-16T16:46:59.354Z","level":"error","message":"createdPendingUser is not defined","hostname":"LAPTOP-2S5UTCOT","pid":14884,"error":{"message":"createdPendingUser is not defined","stack":"ReferenceError: createdPendingUser is not defined\n    at createdPendingUser (C:\\Users\\mdsai\\Downloads\\Kimi_Agent_Flipkart-Style Frontend\\server\\controllers\\otpController.js:882:17)\n    at processTicksAndRejections (node:internal/process/task_queues:103:5)","name":"ReferenceError"},"type":"ReferenceError","method":"POST","url":"/api/otp/send","statusCode":500,"requestId":"57a4dca7-e2ba-4329-b591-fc62aafbaed5","clientSessionId":"","clientRoute":""}

    [0m [90m 24 |[39m     info[33m:[39m (message[33m,[39m meta) [33m=>[39m console[33m.[39mlog(formatMessage([32m'info'[39m[33m,[39m message[33m,[39m meta))[33m,[39m
     [90m 25 |[39m     warn[33m:[39m (message[33m,[39m meta) [33m=>[39m console[33m.[39mwarn(formatMessage([32m'warn'[39m[33m,[39m message[33m,[39m meta))[33m,[39m
    [31m[1m>[22m[39m[90m 26 |[39m     error[33m:[39m (message[33m,[39m meta) [33m=>[39m console[33m.[39merror(formatMessage([32m'error'[39m[33m,[39m message[33m,[39m meta))[33m,[39m
     [90m    |[39m                                       [31m[1m^[22m[39m
     [90m 27 |[39m     debug[33m:[39m (message[33m,[39m meta) [33m=>[39m {
     [90m 28 |[39m         [36mif[39m (process[33m.[39menv[33m.[39m[33mNODE_ENV[39m [33m!==[39m [32m'production'[39m) {
     [90m 29 |[39m             console[33m.[39mdebug(formatMessage([32m'debug'[39m[33m,[39m message[33m,[39m meta))[33m;[39m[0m

      at Object.error (utils/logger.js:26:39)
      at error (middleware/errorMiddleware.js:34:12)
      at Layer.handleError (node_modules/router/lib/layer.js:116:17)
      at trimPrefix (node_modules/router/index.js:340:13)
      at node_modules/router/index.js:297:9
      at processParams (node_modules/router/index.js:582:12)
      at next (node_modules/router/index.js:291:5)
      at Layer.handleError (node_modules/router/lib/layer.js:111:12)
      at trimPrefix (node_modules/router/index.js:340:13)
      at node_modules/router/index.js:297:9
      at processParams (node_modules/router/index.js:582:12)
      at next (node_modules/router/index.js:291:5)
      at node_modules/router/index.js:688:15
      at next (node_modules/router/index.js:276:14)
      at next (node_modules/router/lib/route.js:132:14)

  console.log
    {"timestamp":"2026-03-16T16:46:59.356Z","level":"info","message":"HTTP Request","hostname":"LAPTOP-2S5UTCOT","pid":14884,"method":"POST","url":"/api/otp/send","status":500,"durationMs":28,"requestId":"57a4dca7-e2ba-4329-b591-fc62aafbaed5","clientSessionId":"","clientRoute":"","ip":"::ffff:127.0.0.1"}

      at Object.log [as info] (utils/logger.js:24:38)

  console.error
    {"timestamp":"2026-03-16T16:46:59.403Z","level":"error","message":"Account already exists. Please sign in.","hostname":"LAPTOP-2S5UTCOT","pid":14884,"error":{"message":"Account already exists. Please sign in.","stack":"Error: Account already exists. Please sign in.\n    at C:\\Users\\mdsai\\Downloads\\Kimi_Agent_Flipkart-Style Frontend\\server\\controllers\\otpController.js:580:29\n    at processTicksAndRejections (node:internal/process/task_queues:103:5)","name":"Error"},"type":"AppError","method":"POST","url":"/api/otp/send","statusCode":409,"requestId":"f435c738-fa34-499f-9993-3a14fd9e020a","clientSessionId":"","clientRoute":""}

    [0m [90m 24 |[39m     info[33m:[39m (message[33m,[39m meta) [33m=>[39m console[33m.[39mlog(formatMessage([32m'info'[39m[33m,[39m message[33m,[39m meta))[33m,[39m
     [90m 25 |[39m     warn[33m:[39m (message[33m,[39m meta) [33m=>[39m console[33m.[39mwarn(formatMessage([32m'warn'[39m[33m,[39m message[33m,[39m meta))[33m,[39m
    [31m[1m>[22m[39m[90m 26 |[39m     error[33m:[39m (message[33m,[39m meta) [33m=>[39m console[33m.[39merror(formatMessage([32m'error'[39m[33m,[39m message[33m,[39m meta))[33m,[39m
     [90m    |[39m                                       [31m[1m^[22m[39m
     [90m 27 |[39m     debug[33m:[39m (message[33m,[39m meta) [33m=>[39m {
     [90m 28 |[39m         [36mif[39m (process[33m.[39menv[33m.[39m[33mNODE_ENV[39m [33m!==[39m [32m'production'[39m) {
     [90m 29 |[39m             console[33m.[39mdebug(formatMessage([32m'debug'[39m[33m,[39m message[33m,[39m meta))[33m;[39m[0m

      at Object.error (utils/logger.js:26:39)
      at error (middleware/errorMiddleware.js:34:12)
      at Layer.handleError (node_modules/router/lib/layer.js:116:17)
      at trimPrefix (node_modules/router/index.js:340:13)
      at node_modules/router/index.js:297:9
      at processParams (node_modules/router/index.js:582:12)
      at next (node_modules/router/index.js:291:5)
      at Layer.handleError (node_modules/router/lib/layer.js:111:12)
      at trimPrefix (node_modules/router/index.js:340:13)
      at node_modules/router/index.js:297:9
      at processParams (node_modules/router/index.js:582:12)
      at next (node_modules/router/index.js:291:5)
      at node_modules/router/index.js:688:15
      at next (node_modules/router/index.js:276:14)
      at next (node_modules/router/lib/route.js:132:14)
      at next (controllers/otpController.js:580:24)

  console.log
    {"timestamp":"2026-03-16T16:46:59.405Z","level":"info","message":"HTTP Request","hostname":"LAPTOP-2S5UTCOT","pid":14884,"method":"POST","url":"/api/otp/send","status":409,"durationMs":34,"requestId":"f435c738-fa34-499f-9993-3a14fd9e020a","clientSessionId":"","clientRoute":"","ip":"::ffff:127.0.0.1"}

      at Object.log [as info] (utils/logger.js:24:38)

  console.error
    {"timestamp":"2026-03-16T16:46:59.429Z","level":"error","message":"Account already exists. Please sign in.","hostname":"LAPTOP-2S5UTCOT","pid":14884,"error":{"message":"Account already exists. Please sign in.","stack":"Error: Account already exists. Please sign in.\n    at C:\\Users\\mdsai\\Downloads\\Kimi_Agent_Flipkart-Style Frontend\\server\\controllers\\otpController.js:580:29\n    at processTicksAndRejections (node:internal/process/task_queues:103:5)","name":"Error"},"type":"AppError","method":"POST","url":"/api/otp/send","statusCode":409,"requestId":"625a5509-f4ca-49a6-9896-c59ff54fcd06","clientSessionId":"","clientRoute":""}

    [0m [90m 24 |[39m     info[33m:[39m (message[33m,[39m meta) [33m=>[39m console[33m.[39mlog(formatMessage([32m'info'[39m[33m,[39m message[33m,[39m meta))[33m,[39m
     [90m 25 |[39m     warn[33m:[39m (message[33m,[39m meta) [33m=>[39m console[33m.[39mwarn(formatMessage([32m'warn'[39m[33m,[39m message[33m,[39m meta))[33m,[39m
    [31m[1m>[22m[39m[90m 26 |[39m     error[33m:[39m (message[33m,[39m meta) [33m=>[39m console[33m.[39merror(formatMessage([32m'error'[39m[33m,[39m message[33m,[39m meta))[33m,[39m
     [90m    |[39m                                       [31m[1m^[22m[39m
     [90m 27 |[39m     debug[33m:[39m (message[33m,[39m meta) [33m=>[39m {
     [90m 28 |[39m         [36mif[39m (process[33m.[39menv[33m.[39m[33mNODE_ENV[39m [33m!==[39m [32m'production'[39m) {
     [90m 29 |[39m             console[33m.[39mdebug(formatMessage([32m'debug'[39m[33m,[39m message[33m,[39m meta))[33m;[39m[0m

      at Object.error (utils/logger.js:26:39)
      at error (middleware/errorMiddleware.js:34:12)
      at Layer.handleError (node_modules/router/lib/layer.js:116:17)
      at trimPrefix (node_modules/router/index.js:340:13)
      at node_modules/router/index.js:297:9
      at processParams (node_modules/router/index.js:582:12)
      at next (node_modules/router/index.js:291:5)
      at Layer.handleError (node_modules/router/lib/layer.js:111:12)
      at trimPrefix (node_modules/router/index.js:340:13)
      at node_modules/router/index.js:297:9
      at processParams (node_modules/router/index.js:582:12)
      at next (node_modules/router/index.js:291:5)
      at node_modules/router/index.js:688:15
      at next (node_modules/router/index.js:276:14)
      at next (node_modules/router/lib/route.js:132:14)
      at next (controllers/otpController.js:580:24)

  console.log
    {"timestamp":"2026-03-16T16:46:59.430Z","level":"info","message":"HTTP Request","hostname":"LAPTOP-2S5UTCOT","pid":14884,"method":"POST","url":"/api/otp/send","status":409,"durationMs":22,"requestId":"625a5509-f4ca-49a6-9896-c59ff54fcd06","clientSessionId":"","clientRoute":"","ip":"::ffff:127.0.0.1"}

      at Object.log [as info] (utils/logger.js:24:38)

  console.error
    {"timestamp":"2026-03-16T16:46:59.464Z","level":"error","message":"createdPendingUser is not defined","hostname":"LAPTOP-2S5UTCOT","pid":14884,"error":{"message":"createdPendingUser is not defined","stack":"ReferenceError: createdPendingUser is not defined\n    at createdPendingUser (C:\\Users\\mdsai\\Downloads\\Kimi_Agent_Flipkart-Style Frontend\\server\\controllers\\otpController.js:882:17)\n    at processTicksAndRejections (node:internal/process/task_queues:103:5)","name":"ReferenceError"},"type":"ReferenceError","method":"POST","url":"/api/otp/send","statusCode":500,"requestId":"4d95e550-89a4-4997-ae05-9ab28bd54ce9","clientSessionId":"","clientRoute":""}

    [0m [90m 24 |[39m     info[33m:[39m (message[33m,[39m meta) [33m=>[39m console[33m.[39mlog(formatMessage([32m'info'[39m[33m,[39m message[33m,[39m meta))[33m,[39m
     [90m 25 |[39m     warn[33m:[39m (message[33m,[39m meta) [33m=>[39m console[33m.[39mwarn(formatMessage([32m'warn'[39m[33m,[39m message[33m,[39m meta))[33m,[39m
    [31m[1m>[22m[39m[90m 26 |[39m     error[33m:[39m (message[33m,[39m meta) [33m=>[39m console[33m.[39merror(formatMessage([32m'error'[39m[33m,[39m message[33m,[39m meta))[33m,[39m
     [90m    |[39m                                       [31m[1m^[22m[39m
     [90m 27 |[39m     debug[33m:[39m (message[33m,[39m meta) [33m=>[39m {
     [90m 28 |[39m         [36mif[39m (process[33m.[39menv[33m.[39m[33mNODE_ENV[39m [33m!==[39m [32m'production'[39m) {
     [90m 29 |[39m             console[33m.[39mdebug(formatMessage([32m'debug'[39m[33m,[39m message[33m,[39m meta))[33m;[39m[0m

      at Object.error (utils/logger.js:26:39)
      at error (middleware/errorMiddleware.js:34:12)
      at Layer.handleError (node_modules/router/lib/layer.js:116:17)
      at trimPrefix (node_modules/router/index.js:340:13)
      at node_modules/router/index.js:297:9
      at processParams (node_modules/router/index.js:582:12)
      at next (node_modules/router/index.js:291:5)
      at Layer.handleError (node_modules/router/lib/layer.js:111:12)
      at trimPrefix (node_modules/router/index.js:340:13)
      at node_modules/router/index.js:297:9
      at processParams (node_modules/router/index.js:582:12)
      at next (node_modules/router/index.js:291:5)
      at node_modules/router/index.js:688:15
      at next (node_modules/router/index.js:276:14)
      at next (node_modules/router/lib/route.js:132:14)

  console.log
    {"timestamp":"2026-03-16T16:46:59.467Z","level":"info","message":"HTTP Request","hostname":"LAPTOP-2S5UTCOT","pid":14884,"method":"POST","url":"/api/otp/send","status":500,"durationMs":27,"requestId":"4d95e550-89a4-4997-ae05-9ab28bd54ce9","clientSessionId":"","clientRoute":"","ip":"::ffff:127.0.0.1"}

      at Object.log [as info] (utils/logger.js:24:38)

  console.error
    {"timestamp":"2026-03-16T16:46:59.500Z","level":"error","message":"createdPendingUser is not defined","hostname":"LAPTOP-2S5UTCOT","pid":14884,"error":{"message":"createdPendingUser is not defined","stack":"ReferenceError: createdPendingUser is not defined\n    at createdPendingUser (C:\\Users\\mdsai\\Downloads\\Kimi_Agent_Flipkart-Style Frontend\\server\\controllers\\otpController.js:882:17)\n    at processTicksAndRejections (node:internal/process/task_queues:103:5)","name":"ReferenceError"},"type":"ReferenceError","method":"POST","url":"/api/otp/send","statusCode":500,"requestId":"c15a1d60-8b94-416d-a289-03e90f2845bd","clientSessionId":"","clientRoute":""}

    [0m [90m 24 |[39m     info[33m:[39m (message[33m,[39m meta) [33m=>[39m console[33m.[39mlog(formatMessage([32m'info'[39m[33m,[39m message[33m,[39m meta))[33m,[39m
     [90m 25 |[39m     warn[33m:[39m (message[33m,[39m meta) [33m=>[39m console[33m.[39mwarn(formatMessage([32m'warn'[39m[33m,[39m message[33m,[39m meta))[33m,[39m
    [31m[1m>[22m[39m[90m 26 |[39m     error[33m:[39m (message[33m,[39m meta) [33m=>[39m console[33m.[39merror(formatMessage([32m'error'[39m[33m,[39m message[33m,[39m meta))[33m,[39m
     [90m    |[39m                                       [31m[1m^[22m[39m
     [90m 27 |[39m     debug[33m:[39m (message[33m,[39m meta) [33m=>[39m {
     [90m 28 |[39m         [36mif[39m (process[33m.[39menv[33m.[39m[33mNODE_ENV[39m [33m!==[39m [32m'production'[39m) {
     [90m 29 |[39m             console[33m.[39mdebug(formatMessage([32m'debug'[39m[33m,[39m message[33m,[39m meta))[33m;[39m[0m

      at Object.error (utils/logger.js:26:39)
      at error (middleware/errorMiddleware.js:34:12)
      at Layer.handleError (node_modules/router/lib/layer.js:116:17)
      at trimPrefix (node_modules/router/index.js:340:13)
      at node_modules/router/index.js:297:9
      at processParams (node_modules/router/index.js:582:12)
      at next (node_modules/router/index.js:291:5)
      at Layer.handleError (node_modules/router/lib/layer.js:111:12)
      at trimPrefix (node_modules/router/index.js:340:13)
      at node_modules/router/index.js:297:9
      at processParams (node_modules/router/index.js:582:12)
      at next (node_modules/router/index.js:291:5)
      at node_modules/router/index.js:688:15
      at next (node_modules/router/index.js:276:14)
      at next (node_modules/router/lib/route.js:132:14)

  console.log
    {"timestamp":"2026-03-16T16:46:59.502Z","level":"info","message":"HTTP Request","hostname":"LAPTOP-2S5UTCOT","pid":14884,"method":"POST","url":"/api/otp/send","status":500,"durationMs":27,"requestId":"c15a1d60-8b94-416d-a289-03e90f2845bd","clientSessionId":"","clientRoute":"","ip":"::ffff:127.0.0.1"}

      at Object.log [as info] (utils/logger.js:24:38)

  console.error
    {"timestamp":"2026-03-16T16:46:59.538Z","level":"error","message":"createdPendingUser is not defined","hostname":"LAPTOP-2S5UTCOT","pid":14884,"error":{"message":"createdPendingUser is not defined","stack":"ReferenceError: createdPendingUser is not defined\n    at createdPendingUser (C:\\Users\\mdsai\\Downloads\\Kimi_Agent_Flipkart-Style Frontend\\server\\controllers\\otpController.js:882:17)\n    at processTicksAndRejections (node:internal/process/task_queues:103:5)","name":"ReferenceError"},"type":"ReferenceError","method":"POST","url":"/api/otp/send","statusCode":500,"requestId":"9fc9c66c-9f4b-40cd-92f3-46b787811617","clientSessionId":"","clientRoute":""}

    [0m [90m 24 |[39m     info[33m:[39m (message[33m,[39m meta) [33m=>[39m console[33m.[39mlog(formatMessage([32m'info'[39m[33m,[39m message[33m,[39m meta))[33m,[39m
     [90m 25 |[39m     warn[33m:[39m (message[33m,[39m meta) [33m=>[39m console[33m.[39mwarn(formatMessage([32m'warn'[39m[33m,[39m message[33m,[39m meta))[33m,[39m
    [31m[1m>[22m[39m[90m 26 |[39m     error[33m:[39m (message[33m,[39m meta) [33m=>[39m console[33m.[39merror(formatMessage([32m'error'[39m[33m,[39m message[33m,[39m meta))[33m,[39m
     [90m    |[39m                                       [31m[1m^[22m[39m
     [90m 27 |[39m     debug[33m:[39m (message[33m,[39m meta) [33m=>[39m {
     [90m 28 |[39m         [36mif[39m (process[33m.[39menv[33m.[39m[33mNODE_ENV[39m [33m!==[39m [32m'production'[39m) {
     [90m 29 |[39m             console[33m.[39mdebug(formatMessage([32m'debug'[39m[33m,[39m message[33m,[39m meta))[33m;[39m[0m

      at Object.error (utils/logger.js:26:39)
      at error (middleware/errorMiddleware.js:34:12)
      at Layer.handleError (node_modules/router/lib/layer.js:116:17)
      at trimPrefix (node_modules/router/index.js:340:13)
      at node_modules/router/index.js:297:9
      at processParams (node_modules/router/index.js:582:12)
      at next (node_modules/router/index.js:291:5)
      at Layer.handleError (node_modules/router/lib/layer.js:111:12)
      at trimPrefix (node_modules/router/index.js:340:13)
      at node_modules/router/index.js:297:9
      at processParams (node_modules/router/index.js:582:12)
      at next (node_modules/router/index.js:291:5)
      at node_modules/router/index.js:688:15
      at next (node_modules/router/index.js:276:14)
      at next (node_modules/router/lib/route.js:132:14)

  console.log
    {"timestamp":"2026-03-16T16:46:59.540Z","level":"info","message":"HTTP Request","hostname":"LAPTOP-2S5UTCOT","pid":14884,"method":"POST","url":"/api/otp/send","status":500,"durationMs":28,"requestId":"9fc9c66c-9f4b-40cd-92f3-46b787811617","clientSessionId":"","clientRoute":"","ip":"::ffff:127.0.0.1"}

      at Object.log [as info] (utils/logger.js:24:38)

  console.error
    {"timestamp":"2026-03-16T16:46:59.569Z","level":"error","message":"createdPendingUser is not defined","hostname":"LAPTOP-2S5UTCOT","pid":14884,"error":{"message":"createdPendingUser is not defined","stack":"ReferenceError: createdPendingUser is not defined\n    at createdPendingUser (C:\\Users\\mdsai\\Downloads\\Kimi_Agent_Flipkart-Style Frontend\\server\\controllers\\otpController.js:882:17)\n    at processTicksAndRejections (node:internal/process/task_queues:103:5)","name":"ReferenceError"},"type":"ReferenceError","method":"POST","url":"/api/otp/send","statusCode":500,"requestId":"5250bdf7-653d-4ff6-b7f9-31ea1ac684e6","clientSessionId":"","clientRoute":""}

    [0m [90m 24 |[39m     info[33m:[39m (message[33m,[39m meta) [33m=>[39m console[33m.[39mlog(formatMessage([32m'info'[39m[33m,[39m message[33m,[39m meta))[33m,[39m
     [90m 25 |[39m     warn[33m:[39m (message[33m,[39m meta) [33m=>[39m console[33m.[39mwarn(formatMessage([32m'warn'[39m[33m,[39m message[33m,[39m meta))[33m,[39m
    [31m[1m>[22m[39m[90m 26 |[39m     error[33m:[39m (message[33m,[39m meta) [33m=>[39m console[33m.[39merror(formatMessage([32m'error'[39m[33m,[39m message[33m,[39m meta))[33m,[39m
     [90m    |[39m                                       [31m[1m^[22m[39m
     [90m 27 |[39m     debug[33m:[39m (message[33m,[39m meta) [33m=>[39m {
     [90m 28 |[39m         [36mif[39m (process[33m.[39menv[33m.[39m[33mNODE_ENV[39m [33m!==[39m [32m'production'[39m) {
     [90m 29 |[39m             console[33m.[39mdebug(formatMessage([32m'debug'[39m[33m,[39m message[33m,[39m meta))[33m;[39m[0m

      at Object.error (utils/logger.js:26:39)
      at error (middleware/errorMiddleware.js:34:12)
      at Layer.handleError (node_modules/router/lib/layer.js:116:17)
      at trimPrefix (node_modules/router/index.js:340:13)
      at node_modules/router/index.js:297:9
      at processParams (node_modules/router/index.js:582:12)
      at next (node_modules/router/index.js:291:5)
      at Layer.handleError (node_modules/router/lib/layer.js:111:12)
      at trimPrefix (node_modules/router/index.js:340:13)
      at node_modules/router/index.js:297:9
      at processParams (node_modules/router/index.js:582:12)
      at next (node_modules/router/index.js:291:5)
      at node_modules/router/index.js:688:15
      at next (node_modules/router/index.js:276:14)
      at next (node_modules/router/lib/route.js:132:14)

  console.log
    {"timestamp":"2026-03-16T16:46:59.570Z","level":"info","message":"HTTP Request","hostname":"LAPTOP-2S5UTCOT","pid":14884,"method":"POST","url":"/api/otp/send","status":500,"durationMs":26,"requestId":"5250bdf7-653d-4ff6-b7f9-31ea1ac684e6","clientSessionId":"","clientRoute":"","ip":"::ffff:127.0.0.1"}

      at Object.log [as info] (utils/logger.js:24:38)

  console.error
    {"timestamp":"2026-03-16T16:46:59.599Z","level":"error","message":"createdPendingUser is not defined","hostname":"LAPTOP-2S5UTCOT","pid":14884,"error":{"message":"createdPendingUser is not defined","stack":"ReferenceError: createdPendingUser is not defined\n    at createdPendingUser (C:\\Users\\mdsai\\Downloads\\Kimi_Agent_Flipkart-Style Frontend\\server\\controllers\\otpController.js:882:17)\n    at processTicksAndRejections (node:internal/process/task_queues:103:5)","name":"ReferenceError"},"type":"ReferenceError","method":"POST","url":"/api/otp/send","statusCode":500,"requestId":"37c5887f-5e2b-49fe-b004-9063a1aa1a54","clientSessionId":"","clientRoute":""}

    [0m [90m 24 |[39m     info[33m:[39m (message[33m,[39m meta) [33m=>[39m console[33m.[39mlog(formatMessage([32m'info'[39m[33m,[39m message[33m,[39m meta))[33m,[39m
     [90m 25 |[39m     warn[33m:[39m (message[33m,[39m meta) [33m=>[39m console[33m.[39mwarn(formatMessage([32m'warn'[39m[33m,[39m message[33m,[39m meta))[33m,[39m
    [31m[1m>[22m[39m[90m 26 |[39m     error[33m:[39m (message[33m,[39m meta) [33m=>[39m console[33m.[39merror(formatMessage([32m'error'[39m[33m,[39m message[33m,[39m meta))[33m,[39m
     [90m    |[39m                                       [31m[1m^[22m[39m
     [90m 27 |[39m     debug[33m:[39m (message[33m,[39m meta) [33m=>[39m {
     [90m 28 |[39m         [36mif[39m (process[33m.[39menv[33m.[39m[33mNODE_ENV[39m [33m!==[39m [32m'production'[39m) {
     [90m 29 |[39m             console[33m.[39mdebug(formatMessage([32m'debug'[39m[33m,[39m message[33m,[39m meta))[33m;[39m[0m

      at Object.error (utils/logger.js:26:39)
      at error (middleware/errorMiddleware.js:34:12)
      at Layer.handleError (node_modules/router/lib/layer.js:116:17)
      at trimPrefix (node_modules/router/index.js:340:13)
      at node_modules/router/index.js:297:9
      at processParams (node_modules/router/index.js:582:12)
      at next (node_modules/router/index.js:291:5)
      at Layer.handleError (node_modules/router/lib/layer.js:111:12)
      at trimPrefix (node_modules/router/index.js:340:13)
      at node_modules/router/index.js:297:9
      at processParams (node_modules/router/index.js:582:12)
      at next (node_modules/router/index.js:291:5)
      at node_modules/router/index.js:688:15
      at next (node_modules/router/index.js:276:14)
      at next (node_modules/router/lib/route.js:132:14)

  console.log
    {"timestamp":"2026-03-16T16:46:59.601Z","level":"info","message":"HTTP Request","hostname":"LAPTOP-2S5UTCOT","pid":14884,"method":"POST","url":"/api/otp/send","status":500,"durationMs":27,"requestId":"37c5887f-5e2b-49fe-b004-9063a1aa1a54","clientSessionId":"","clientRoute":"","ip":"::ffff:127.0.0.1"}

      at Object.log [as info] (utils/logger.js:24:38)

  console.error
    {"timestamp":"2026-03-16T16:46:59.636Z","level":"error","message":"createdPendingUser is not defined","hostname":"LAPTOP-2S5UTCOT","pid":14884,"error":{"message":"createdPendingUser is not defined","stack":"ReferenceError: createdPendingUser is not defined\n    at createdPendingUser (C:\\Users\\mdsai\\Downloads\\Kimi_Agent_Flipkart-Style Frontend\\server\\controllers\\otpController.js:882:17)\n    at processTicksAndRejections (node:internal/process/task_queues:103:5)","name":"ReferenceError"},"type":"ReferenceError","method":"POST","url":"/api/otp/send","statusCode":500,"requestId":"5c76e521-a977-4334-b735-e9b0616efc05","clientSessionId":"","clientRoute":""}

    [0m [90m 24 |[39m     info[33m:[39m (message[33m,[39m meta) [33m=>[39m console[33m.[39mlog(formatMessage([32m'info'[39m[33m,[39m message[33m,[39m meta))[33m,[39m
     [90m 25 |[39m     warn[33m:[39m (message[33m,[39m meta) [33m=>[39m console[33m.[39mwarn(formatMessage([32m'warn'[39m[33m,[39m message[33m,[39m meta))[33m,[39m
    [31m[1m>[22m[39m[90m 26 |[39m     error[33m:[39m (message[33m,[39m meta) [33m=>[39m console[33m.[39merror(formatMessage([32m'error'[39m[33m,[39m message[33m,[39m meta))[33m,[39m
     [90m    |[39m                                       [31m[1m^[22m[39m
     [90m 27 |[39m     debug[33m:[39m (message[33m,[39m meta) [33m=>[39m {
     [90m 28 |[39m         [36mif[39m (process[33m.[39menv[33m.[39m[33mNODE_ENV[39m [33m!==[39m [32m'production'[39m) {
     [90m 29 |[39m             console[33m.[39mdebug(formatMessage([32m'debug'[39m[33m,[39m message[33m,[39m meta))[33m;[39m[0m

      at Object.error (utils/logger.js:26:39)
      at error (middleware/errorMiddleware.js:34:12)
      at Layer.handleError (node_modules/router/lib/layer.js:116:17)
      at trimPrefix (node_modules/router/index.js:340:13)
      at node_modules/router/index.js:297:9
      at processParams (node_modules/router/index.js:582:12)
      at next (node_modules/router/index.js:291:5)
      at Layer.handleError (node_modules/router/lib/layer.js:111:12)
      at trimPrefix (node_modules/router/index.js:340:13)
      at node_modules/router/index.js:297:9
      at processParams (node_modules/router/index.js:582:12)
      at next (node_modules/router/index.js:291:5)
      at node_modules/router/index.js:688:15
      at next (node_modules/router/index.js:276:14)
      at next (node_modules/router/lib/route.js:132:14)

  console.log
    {"timestamp":"2026-03-16T16:46:59.638Z","level":"info","message":"HTTP Request","hostname":"LAPTOP-2S5UTCOT","pid":14884,"method":"POST","url":"/api/otp/send","status":500,"durationMs":28,"requestId":"5c76e521-a977-4334-b735-e9b0616efc05","clientSessionId":"","clientRoute":"","ip":"::ffff:127.0.0.1"}

      at Object.log [as info] (utils/logger.js:24:38)

  console.error
    {"timestamp":"2026-03-16T16:46:59.671Z","level":"error","message":"createdPendingUser is not defined","hostname":"LAPTOP-2S5UTCOT","pid":14884,"error":{"message":"createdPendingUser is not defined","stack":"ReferenceError: createdPendingUser is not defined\n    at createdPendingUser (C:\\Users\\mdsai\\Downloads\\Kimi_Agent_Flipkart-Style Frontend\\server\\controllers\\otpController.js:882:17)\n    at processTicksAndRejections (node:internal/process/task_queues:103:5)","name":"ReferenceError"},"type":"ReferenceError","method":"POST","url":"/api/otp/send","statusCode":500,"requestId":"073c9156-b8ee-439e-a938-44fb98e0e687","clientSessionId":"","clientRoute":""}

    [0m [90m 24 |[39m     info[33m:[39m (message[33m,[39m meta) [33m=>[39m console[33m.[39mlog(formatMessage([32m'info'[39m[33m,[39m message[33m,[39m meta))[33m,[39m
     [90m 25 |[39m     warn[33m:[39m (message[33m,[39m meta) [33m=>[39m console[33m.[39mwarn(formatMessage([32m'warn'[39m[33m,[39m message[33m,[39m meta))[33m,[39m
    [31m[1m>[22m[39m[90m 26 |[39m     error[33m:[39m (message[33m,[39m meta) [33m=>[39m console[33m.[39merror(formatMessage([32m'error'[39m[33m,[39m message[33m,[39m meta))[33m,[39m
     [90m    |[39m                                       [31m[1m^[22m[39m
     [90m 27 |[39m     debug[33m:[39m (message[33m,[39m meta) [33m=>[39m {
     [90m 28 |[39m         [36mif[39m (process[33m.[39menv[33m.[39m[33mNODE_ENV[39m [33m!==[39m [32m'production'[39m) {
     [90m 29 |[39m             console[33m.[39mdebug(formatMessage([32m'debug'[39m[33m,[39m message[33m,[39m meta))[33m;[39m[0m

      at Object.error (utils/logger.js:26:39)
      at error (middleware/errorMiddleware.js:34:12)
      at Layer.handleError (node_modules/router/lib/layer.js:116:17)
      at trimPrefix (node_modules/router/index.js:340:13)
      at node_modules/router/index.js:297:9
      at processParams (node_modules/router/index.js:582:12)
      at next (node_modules/router/index.js:291:5)
      at Layer.handleError (node_modules/router/lib/layer.js:111:12)
      at trimPrefix (node_modules/router/index.js:340:13)
      at node_modules/router/index.js:297:9
      at processParams (node_modules/router/index.js:582:12)
      at next (node_modules/router/index.js:291:5)
      at node_modules/router/index.js:688:15
      at next (node_modules/router/index.js:276:14)
      at next (node_modules/router/lib/route.js:132:14)

  console.log
    {"timestamp":"2026-03-16T16:46:59.672Z","level":"info","message":"HTTP Request","hostname":"LAPTOP-2S5UTCOT","pid":14884,"method":"POST","url":"/api/otp/send","status":500,"durationMs":27,"requestId":"073c9156-b8ee-439e-a938-44fb98e0e687","clientSessionId":"","clientRoute":"","ip":"::ffff:127.0.0.1"}

      at Object.log [as info] (utils/logger.js:24:38)

  console.error
    {"timestamp":"2026-03-16T16:46:59.723Z","level":"error","message":"createdPendingUser is not defined","hostname":"LAPTOP-2S5UTCOT","pid":14884,"error":{"message":"createdPendingUser is not defined","stack":"ReferenceError: createdPendingUser is not defined\n    at createdPendingUser (C:\\Users\\mdsai\\Downloads\\Kimi_Agent_Flipkart-Style Frontend\\server\\controllers\\otpController.js:882:17)\n    at processTicksAndRejections (node:internal/process/task_queues:103:5)","name":"ReferenceError"},"type":"ReferenceError","method":"POST","url":"/api/otp/send","statusCode":500,"requestId":"131859e7-39b6-4064-bd63-a6d23b7f04eb","clientSessionId":"","clientRoute":""}

    [0m [90m 24 |[39m     info[33m:[39m (message[33m,[39m meta) [33m=>[39m console[33m.[39mlog(formatMessage([32m'info'[39m[33m,[39m message[33m,[39m meta))[33m,[39m
     [90m 25 |[39m     warn[33m:[39m (message[33m,[39m meta) [33m=>[39m console[33m.[39mwarn(formatMessage([32m'warn'[39m[33m,[39m message[33m,[39m meta))[33m,[39m
    [31m[1m>[22m[39m[90m 26 |[39m     error[33m:[39m (message[33m,[39m meta) [33m=>[39m console[33m.[39merror(formatMessage([32m'error'[39m[33m,[39m message[33m,[39m meta))[33m,[39m
     [90m    |[39m                                       [31m[1m^[22m[39m
     [90m 27 |[39m     debug[33m:[39m (message[33m,[39m meta) [33m=>[39m {
     [90m 28 |[39m         [36mif[39m (process[33m.[39menv[33m.[39m[33mNODE_ENV[39m [33m!==[39m [32m'production'[39m) {
     [90m 29 |[39m             console[33m.[39mdebug(formatMessage([32m'debug'[39m[33m,[39m message[33m,[39m meta))[33m;[39m[0m

      at Object.error (utils/logger.js:26:39)
      at error (middleware/errorMiddleware.js:34:12)
      at Layer.handleError (node_modules/router/lib/layer.js:116:17)
      at trimPrefix (node_modules/router/index.js:340:13)
      at node_modules/router/index.js:297:9
      at processParams (node_modules/router/index.js:582:12)
      at next (node_modules/router/index.js:291:5)
      at Layer.handleError (node_modules/router/lib/layer.js:111:12)
      at trimPrefix (node_modules/router/index.js:340:13)
      at node_modules/router/index.js:297:9
      at processParams (node_modules/router/index.js:582:12)
      at next (node_modules/router/index.js:291:5)
      at node_modules/router/index.js:688:15
      at next (node_modules/router/index.js:276:14)
      at next (node_modules/router/lib/route.js:132:14)

  console.log
    {"timestamp":"2026-03-16T16:46:59.725Z","level":"info","message":"HTTP Request","hostname":"LAPTOP-2S5UTCOT","pid":14884,"method":"POST","url":"/api/otp/send","status":500,"durationMs":45,"requestId":"131859e7-39b6-4064-bd63-a6d23b7f04eb","clientSessionId":"","clientRoute":"","ip":"::ffff:127.0.0.1"}

      at Object.log [as info] (utils/logger.js:24:38)

  console.error
    {"timestamp":"2026-03-16T16:46:59.726Z","level":"error","message":"createdPendingUser is not defined","hostname":"LAPTOP-2S5UTCOT","pid":14884,"error":{"message":"createdPendingUser is not defined","stack":"ReferenceError: createdPendingUser is not defined\n    at createdPendingUser (C:\\Users\\mdsai\\Downloads\\Kimi_Agent_Flipkart-Style Frontend\\server\\controllers\\otpController.js:882:17)\n    at processTicksAndRejections (node:internal/process/task_queues:103:5)","name":"ReferenceError"},"type":"ReferenceError","method":"POST","url":"/api/otp/send","statusCode":500,"requestId":"97294df8-d3eb-4c69-a122-2f46124d96bf","clientSessionId":"","clientRoute":""}

    [0m [90m 24 |[39m     info[33m:[39m (message[33m,[39m meta) [33m=>[39m console[33m.[39mlog(formatMessage([32m'info'[39m[33m,[39m message[33m,[39m meta))[33m,[39m
     [90m 25 |[39m     warn[33m:[39m (message[33m,[39m meta) [33m=>[39m console[33m.[39mwarn(formatMessage([32m'warn'[39m[33m,[39m message[33m,[39m meta))[33m,[39m
    [31m[1m>[22m[39m[90m 26 |[39m     error[33m:[39m (message[33m,[39m meta) [33m=>[39m console[33m.[39merror(formatMessage([32m'error'[39m[33m,[39m message[33m,[39m meta))[33m,[39m
     [90m    |[39m                                       [31m[1m^[22m[39m
     [90m 27 |[39m     debug[33m:[39m (message[33m,[39m meta) [33m=>[39m {
     [90m 28 |[39m         [36mif[39m (process[33m.[39menv[33m.[39m[33mNODE_ENV[39m [33m!==[39m [32m'production'[39m) {
     [90m 29 |[39m             console[33m.[39mdebug(formatMessage([32m'debug'[39m[33m,[39m message[33m,[39m meta))[33m;[39m[0m

      at Object.error (utils/logger.js:26:39)
      at error (middleware/errorMiddleware.js:34:12)
      at Layer.handleError (node_modules/router/lib/layer.js:116:17)
      at trimPrefix (node_modules/router/index.js:340:13)
      at node_modules/router/index.js:297:9
      at processParams (node_modules/router/index.js:582:12)
      at next (node_modules/router/index.js:291:5)
      at Layer.handleError (node_modules/router/lib/layer.js:111:12)
      at trimPrefix (node_modules/router/index.js:340:13)
      at node_modules/router/index.js:297:9
      at processParams (node_modules/router/index.js:582:12)
      at next (node_modules/router/index.js:291:5)
      at node_modules/router/index.js:688:15
      at next (node_modules/router/index.js:276:14)
      at next (node_modules/router/lib/route.js:132:14)

  console.log
    {"timestamp":"2026-03-16T16:46:59.727Z","level":"info","message":"HTTP Request","hostname":"LAPTOP-2S5UTCOT","pid":14884,"method":"POST","url":"/api/otp/send","status":500,"durationMs":46,"requestId":"97294df8-d3eb-4c69-a122-2f46124d96bf","clientSessionId":"","clientRoute":"","ip":"::ffff:127.0.0.1"}

      at Object.log [as info] (utils/logger.js:24:38)

  console.log
    {"timestamp":"2026-03-16T16:46:59.758Z","level":"info","message":"otp.send_blocked","hostname":"LAPTOP-2S5UTCOT","pid":14884,"event":"SEND_BLOCKED","phone":"+919437200027","email":"ot***@test.com","purpose":"signup","ip":"127.0.0.1","requestId":"c2974178-7ab5-4ea7-a477-c9be5a8f625f","success":false,"reason":"email already exists"}

      at Object.log [as info] (utils/logger.js:24:38)

  console.error
    {"timestamp":"2026-03-16T16:46:59.759Z","level":"error","message":"An account with this email already exists. Please sign in.","hostname":"LAPTOP-2S5UTCOT","pid":14884,"error":{"message":"An account with this email already exists. Please sign in.","stack":"Error: An account with this email already exists. Please sign in.\n    at C:\\Users\\mdsai\\Downloads\\Kimi_Agent_Flipkart-Style Frontend\\server\\controllers\\otpController.js:553:25\n    at processTicksAndRejections (node:internal/process/task_queues:103:5)","name":"Error"},"type":"AppError","method":"POST","url":"/api/otp/send","statusCode":409,"requestId":"c2974178-7ab5-4ea7-a477-c9be5a8f625f","clientSessionId":"","clientRoute":""}

    [0m [90m 24 |[39m     info[33m:[39m (message[33m,[39m meta) [33m=>[39m console[33m.[39mlog(formatMessage([32m'info'[39m[33m,[39m message[33m,[39m meta))[33m,[39m
     [90m 25 |[39m     warn[33m:[39m (message[33m,[39m meta) [33m=>[39m console[33m.[39mwarn(formatMessage([32m'warn'[39m[33m,[39m message[33m,[39m meta))[33m,[39m
    [31m[1m>[22m[39m[90m 26 |[39m     error[33m:[39m (message[33m,[39m meta) [33m=>[39m console[33m.[39merror(formatMessage([32m'error'[39m[33m,[39m message[33m,[39m meta))[33m,[39m
     [90m    |[39m                                       [31m[1m^[22m[39m
     [90m 27 |[39m     debug[33m:[39m (message[33m,[39m meta) [33m=>[39m {
     [90m 28 |[39m         [36mif[39m (process[33m.[39menv[33m.[39m[33mNODE_ENV[39m [33m!==[39m [32m'production'[39m) {
     [90m 29 |[39m             console[33m.[39mdebug(formatMessage([32m'debug'[39m[33m,[39m message[33m,[39m meta))[33m;[39m[0m

      at Object.error (utils/logger.js:26:39)
      at error (middleware/errorMiddleware.js:34:12)
      at Layer.handleError (node_modules/router/lib/layer.js:116:17)
      at trimPrefix (node_modules/router/index.js:340:13)
      at node_modules/router/index.js:297:9
      at processParams (node_modules/router/index.js:582:12)
      at next (node_modules/router/index.js:291:5)
      at Layer.handleError (node_modules/router/lib/layer.js:111:12)
      at trimPrefix (node_modules/router/index.js:340:13)
      at node_modules/router/index.js:297:9
      at processParams (node_modules/router/index.js:582:12)
      at next (node_modules/router/index.js:291:5)
      at node_modules/router/index.js:688:15
      at next (node_modules/router/index.js:276:14)
      at next (node_modules/router/lib/route.js:132:14)
      at next (controllers/otpController.js:553:20)

  console.log
    {"timestamp":"2026-03-16T16:46:59.760Z","level":"info","message":"HTTP Request","hostname":"LAPTOP-2S5UTCOT","pid":14884,"method":"POST","url":"/api/otp/send","status":409,"durationMs":20,"requestId":"c2974178-7ab5-4ea7-a477-c9be5a8f625f","clientSessionId":"","clientRoute":"","ip":"::ffff:127.0.0.1"}

      at Object.log [as info] (utils/logger.js:24:38)

  console.log
    {"timestamp":"2026-03-16T16:46:59.789Z","level":"info","message":"otp.send_404","hostname":"LAPTOP-2S5UTCOT","pid":14884,"event":"SEND_404","phone":"9437200028","email":"ot***@test.com","purpose":"login","ip":"127.0.0.1","requestId":"7e099c64-cec7-4721-a26e-61a8cb3be9b6","success":true,"reason":"verified user not found for login context"}

      at Object.log [as info] (utils/logger.js:24:38)

  console.log
    {"timestamp":"2026-03-16T16:46:59.790Z","level":"info","message":"HTTP Request","hostname":"LAPTOP-2S5UTCOT","pid":14884,"method":"POST","url":"/api/otp/send","status":200,"durationMs":19,"requestId":"7e099c64-cec7-4721-a26e-61a8cb3be9b6","clientSessionId":"","clientRoute":"","ip":"::ffff:127.0.0.1"}

      at Object.log [as info] (utils/logger.js:24:38)

  console.log
    {"timestamp":"2026-03-16T16:46:59.820Z","level":"info","message":"otp.send_404","hostname":"LAPTOP-2S5UTCOT","pid":14884,"event":"SEND_404","phone":"9437200029","email":"ot***@test.com","purpose":"forgot-password","ip":"127.0.0.1","requestId":"97b02b5e-eb99-4e29-b20d-81c7c652b392","success":true,"reason":"verified user not found for login context"}

      at Object.log [as info] (utils/logger.js:24:38)

  console.log
    {"timestamp":"2026-03-16T16:46:59.821Z","level":"info","message":"HTTP Request","hostname":"LAPTOP-2S5UTCOT","pid":14884,"method":"POST","url":"/api/otp/send","status":200,"durationMs":19,"requestId":"97b02b5e-eb99-4e29-b20d-81c7c652b392","clientSessionId":"","clientRoute":"","ip":"::ffff:127.0.0.1"}

      at Object.log [as info] (utils/logger.js:24:38)

  console.error
    {"timestamp":"2026-03-16T16:46:59.855Z","level":"error","message":"createdPendingUser is not defined","hostname":"LAPTOP-2S5UTCOT","pid":14884,"error":{"message":"createdPendingUser is not defined","stack":"ReferenceError: createdPendingUser is not defined\n    at createdPendingUser (C:\\Users\\mdsai\\Downloads\\Kimi_Agent_Flipkart-Style Frontend\\server\\controllers\\otpController.js:882:17)\n    at processTicksAndRejections (node:internal/process/task_queues:103:5)","name":"ReferenceError"},"type":"ReferenceError","method":"POST","url":"/api/otp/send","statusCode":500,"requestId":"b035c42f-f688-44ef-97c0-712f5443325f","clientSessionId":"","clientRoute":""}

    [0m [90m 24 |[39m     info[33m:[39m (message[33m,[39m meta) [33m=>[39m console[33m.[39mlog(formatMessage([32m'info'[39m[33m,[39m message[33m,[39m meta))[33m,[39m
     [90m 25 |[39m     warn[33m:[39m (message[33m,[39m meta) [33m=>[39m console[33m.[39mwarn(formatMessage([32m'warn'[39m[33m,[39m message[33m,[39m meta))[33m,[39m
    [31m[1m>[22m[39m[90m 26 |[39m     error[33m:[39m (message[33m,[39m meta) [33m=>[39m console[33m.[39merror(formatMessage([32m'error'[39m[33m,[39m message[33m,[39m meta))[33m,[39m
     [90m    |[39m                                       [31m[1m^[22m[39m
     [90m 27 |[39m     debug[33m:[39m (message[33m,[39m meta) [33m=>[39m {
     [90m 28 |[39m         [36mif[39m (process[33m.[39menv[33m.[39m[33mNODE_ENV[39m [33m!==[39m [32m'production'[39m) {
     [90m 29 |[39m             console[33m.[39mdebug(formatMessage([32m'debug'[39m[33m,[39m message[33m,[39m meta))[33m;[39m[0m

      at Object.error (utils/logger.js:26:39)
      at error (middleware/errorMiddleware.js:34:12)
      at Layer.handleError (node_modules/router/lib/layer.js:116:17)
      at trimPrefix (node_modules/router/index.js:340:13)
      at node_modules/router/index.js:297:9
      at processParams (node_modules/router/index.js:582:12)
      at next (node_modules/router/index.js:291:5)
      at Layer.handleError (node_modules/router/lib/layer.js:111:12)
      at trimPrefix (node_modules/router/index.js:340:13)
      at node_modules/router/index.js:297:9
      at processParams (node_modules/router/index.js:582:12)
      at next (node_modules/router/index.js:291:5)
      at node_modules/router/index.js:688:15
      at next (node_modules/router/index.js:276:14)
      at next (node_modules/router/lib/route.js:132:14)

  console.log
    {"timestamp":"2026-03-16T16:46:59.857Z","level":"info","message":"HTTP Request","hostname":"LAPTOP-2S5UTCOT","pid":14884,"method":"POST","url":"/api/otp/send","status":500,"durationMs":26,"requestId":"b035c42f-f688-44ef-97c0-712f5443325f","clientSessionId":"","clientRoute":"","ip":"::ffff:127.0.0.1"}

      at Object.log [as info] (utils/logger.js:24:38)

  console.error
    {"timestamp":"2026-03-16T16:46:59.890Z","level":"error","message":"createdPendingUser is not defined","hostname":"LAPTOP-2S5UTCOT","pid":14884,"error":{"message":"createdPendingUser is not defined","stack":"ReferenceError: createdPendingUser is not defined\n    at createdPendingUser (C:\\Users\\mdsai\\Downloads\\Kimi_Agent_Flipkart-Style Frontend\\server\\controllers\\otpController.js:882:17)\n    at processTicksAndRejections (node:internal/process/task_queues:103:5)","name":"ReferenceError"},"type":"ReferenceError","method":"POST","url":"/api/otp/send","statusCode":500,"requestId":"b29e269d-f9b3-4178-b9f7-7ed304beba35","clientSessionId":"","clientRoute":""}

    [0m [90m 24 |[39m     info[33m:[39m (message[33m,[39m meta) [33m=>[39m console[33m.[39mlog(formatMessage([32m'info'[39m[33m,[39m message[33m,[39m meta))[33m,[39m
     [90m 25 |[39m     warn[33m:[39m (message[33m,[39m meta) [33m=>[39m console[33m.[39mwarn(formatMessage([32m'warn'[39m[33m,[39m message[33m,[39m meta))[33m,[39m
    [31m[1m>[22m[39m[90m 26 |[39m     error[33m:[39m (message[33m,[39m meta) [33m=>[39m console[33m.[39merror(formatMessage([32m'error'[39m[33m,[39m message[33m,[39m meta))[33m,[39m
     [90m    |[39m                                       [31m[1m^[22m[39m
     [90m 27 |[39m     debug[33m:[39m (message[33m,[39m meta) [33m=>[39m {
     [90m 28 |[39m         [36mif[39m (process[33m.[39menv[33m.[39m[33mNODE_ENV[39m [33m!==[39m [32m'production'[39m) {
     [90m 29 |[39m             console[33m.[39mdebug(formatMessage([32m'debug'[39m[33m,[39m message[33m,[39m meta))[33m;[39m[0m

      at Object.error (utils/logger.js:26:39)
      at error (middleware/errorMiddleware.js:34:12)
      at Layer.handleError (node_modules/router/lib/layer.js:116:17)
      at trimPrefix (node_modules/router/index.js:340:13)
      at node_modules/router/index.js:297:9
      at processParams (node_modules/router/index.js:582:12)
      at next (node_modules/router/index.js:291:5)
      at Layer.handleError (node_modules/router/lib/layer.js:111:12)
      at trimPrefix (node_modules/router/index.js:340:13)
      at node_modules/router/index.js:297:9
      at processParams (node_modules/router/index.js:582:12)
      at next (node_modules/router/index.js:291:5)
      at node_modules/router/index.js:688:15
      at next (node_modules/router/index.js:276:14)
      at next (node_modules/router/lib/route.js:132:14)

  console.log
    {"timestamp":"2026-03-16T16:46:59.891Z","level":"info","message":"HTTP Request","hostname":"LAPTOP-2S5UTCOT","pid":14884,"method":"POST","url":"/api/otp/send","status":500,"durationMs":23,"requestId":"b29e269d-f9b3-4178-b9f7-7ed304beba35","clientSessionId":"","clientRoute":"","ip":"::ffff:127.0.0.1"}

      at Object.log [as info] (utils/logger.js:24:38)

  console.error
    {"timestamp":"2026-03-16T16:46:59.923Z","level":"error","message":"createdPendingUser is not defined","hostname":"LAPTOP-2S5UTCOT","pid":14884,"error":{"message":"createdPendingUser is not defined","stack":"ReferenceError: createdPendingUser is not defined\n    at createdPendingUser (C:\\Users\\mdsai\\Downloads\\Kimi_Agent_Flipkart-Style Frontend\\server\\controllers\\otpController.js:882:17)\n    at processTicksAndRejections (node:internal/process/task_queues:103:5)","name":"ReferenceError"},"type":"ReferenceError","method":"POST","url":"/api/otp/send","statusCode":500,"requestId":"921b7546-8312-4b4a-a726-959ecd96ebb8","clientSessionId":"","clientRoute":""}

    [0m [90m 24 |[39m     info[33m:[39m (message[33m,[39m meta) [33m=>[39m console[33m.[39mlog(formatMessage([32m'info'[39m[33m,[39m message[33m,[39m meta))[33m,[39m
     [90m 25 |[39m     warn[33m:[39m (message[33m,[39m meta) [33m=>[39m console[33m.[39mwarn(formatMessage([32m'warn'[39m[33m,[39m message[33m,[39m meta))[33m,[39m
    [31m[1m>[22m[39m[90m 26 |[39m     error[33m:[39m (message[33m,[39m meta) [33m=>[39m console[33m.[39merror(formatMessage([32m'error'[39m[33m,[39m message[33m,[39m meta))[33m,[39m
     [90m    |[39m                                       [31m[1m^[22m[39m
     [90m 27 |[39m     debug[33m:[39m (message[33m,[39m meta) [33m=>[39m {
     [90m 28 |[39m         [36mif[39m (process[33m.[39menv[33m.[39m[33mNODE_ENV[39m [33m!==[39m [32m'production'[39m) {
     [90m 29 |[39m             console[33m.[39mdebug(formatMessage([32m'debug'[39m[33m,[39m message[33m,[39m meta))[33m;[39m[0m

      at Object.error (utils/logger.js:26:39)
      at error (middleware/errorMiddleware.js:34:12)
      at Layer.handleError (node_modules/router/lib/layer.js:116:17)
      at trimPrefix (node_modules/router/index.js:340:13)
      at node_modules/router/index.js:297:9
      at processParams (node_modules/router/index.js:582:12)
      at next (node_modules/router/index.js:291:5)
      at Layer.handleError (node_modules/router/lib/layer.js:111:12)
      at trimPrefix (node_modules/router/index.js:340:13)
      at node_modules/router/index.js:297:9
      at processParams (node_modules/router/index.js:582:12)
      at next (node_modules/router/index.js:291:5)
      at node_modules/router/index.js:688:15
      at next (node_modules/router/index.js:276:14)
      at next (node_modules/router/lib/route.js:132:14)

  console.log
    {"timestamp":"2026-03-16T16:46:59.925Z","level":"info","message":"HTTP Request","hostname":"LAPTOP-2S5UTCOT","pid":14884,"method":"POST","url":"/api/otp/send","status":500,"durationMs":23,"requestId":"921b7546-8312-4b4a-a726-959ecd96ebb8","clientSessionId":"","clientRoute":"","ip":"::ffff:127.0.0.1"}

      at Object.log [as info] (utils/logger.js:24:38)

  console.error
    {"timestamp":"2026-03-16T16:46:59.958Z","level":"error","message":"createdPendingUser is not defined","hostname":"LAPTOP-2S5UTCOT","pid":14884,"error":{"message":"createdPendingUser is not defined","stack":"ReferenceError: createdPendingUser is not defined\n    at createdPendingUser (C:\\Users\\mdsai\\Downloads\\Kimi_Agent_Flipkart-Style Frontend\\server\\controllers\\otpController.js:882:17)\n    at processTicksAndRejections (node:internal/process/task_queues:103:5)","name":"ReferenceError"},"type":"ReferenceError","method":"POST","url":"/api/otp/send","statusCode":500,"requestId":"7d8b2b76-bf50-40a4-82f5-4fa0aae70040","clientSessionId":"","clientRoute":""}

    [0m [90m 24 |[39m     info[33m:[39m (message[33m,[39m meta) [33m=>[39m console[33m.[39mlog(formatMessage([32m'info'[39m[33m,[39m message[33m,[39m meta))[33m,[39m
     [90m 25 |[39m     warn[33m:[39m (message[33m,[39m meta) [33m=>[39m console[33m.[39mwarn(formatMessage([32m'warn'[39m[33m,[39m message[33m,[39m meta))[33m,[39m
    [31m[1m>[22m[39m[90m 26 |[39m     error[33m:[39m (message[33m,[39m meta) [33m=>[39m console[33m.[39merror(formatMessage([32m'error'[39m[33m,[39m message[33m,[39m meta))[33m,[39m
     [90m    |[39m                                       [31m[1m^[22m[39m
     [90m 27 |[39m     debug[33m:[39m (message[33m,[39m meta) [33m=>[39m {
     [90m 28 |[39m         [36mif[39m (process[33m.[39menv[33m.[39m[33mNODE_ENV[39m [33m!==[39m [32m'production'[39m) {
     [90m 29 |[39m             console[33m.[39mdebug(formatMessage([32m'debug'[39m[33m,[39m message[33m,[39m meta))[33m;[39m[0m

      at Object.error (utils/logger.js:26:39)
      at error (middleware/errorMiddleware.js:34:12)
      at Layer.handleError (node_modules/router/lib/layer.js:116:17)
      at trimPrefix (node_modules/router/index.js:340:13)
      at node_modules/router/index.js:297:9
      at processParams (node_modules/router/index.js:582:12)
      at next (node_modules/router/index.js:291:5)
      at Layer.handleError (node_modules/router/lib/layer.js:111:12)
      at trimPrefix (node_modules/router/index.js:340:13)
      at node_modules/router/index.js:297:9
      at processParams (node_modules/router/index.js:582:12)
      at next (node_modules/router/index.js:291:5)
      at node_modules/router/index.js:688:15
      at next (node_modules/router/index.js:276:14)
      at next (node_modules/router/lib/route.js:132:14)

  console.log
    {"timestamp":"2026-03-16T16:46:59.960Z","level":"info","message":"HTTP Request","hostname":"LAPTOP-2S5UTCOT","pid":14884,"method":"POST","url":"/api/otp/send","status":500,"durationMs":25,"requestId":"7d8b2b76-bf50-40a4-82f5-4fa0aae70040","clientSessionId":"","clientRoute":"","ip":"::ffff:127.0.0.1"}

      at Object.log [as info] (utils/logger.js:24:38)

  console.error
    {"timestamp":"2026-03-16T16:47:00.073Z","level":"error","message":"createdPendingUser is not defined","hostname":"LAPTOP-2S5UTCOT","pid":14884,"error":{"message":"createdPendingUser is not defined","stack":"ReferenceError: createdPendingUser is not defined\n    at createdPendingUser (C:\\Users\\mdsai\\Downloads\\Kimi_Agent_Flipkart-Style Frontend\\server\\controllers\\otpController.js:882:17)\n    at processTicksAndRejections (node:internal/process/task_queues:103:5)","name":"ReferenceError"},"type":"ReferenceError","method":"POST","url":"/api/otp/send","statusCode":500,"requestId":"e5e9a5eb-beeb-4325-b9e7-d1de5a66f0b7","clientSessionId":"","clientRoute":""}

    [0m [90m 24 |[39m     info[33m:[39m (message[33m,[39m meta) [33m=>[39m console[33m.[39mlog(formatMessage([32m'info'[39m[33m,[39m message[33m,[39m meta))[33m,[39m
     [90m 25 |[39m     warn[33m:[39m (message[33m,[39m meta) [33m=>[39m console[33m.[39mwarn(formatMessage([32m'warn'[39m[33m,[39m message[33m,[39m meta))[33m,[39m
    [31m[1m>[22m[39m[90m 26 |[39m     error[33m:[39m (message[33m,[39m meta) [33m=>[39m console[33m.[39merror(formatMessage([32m'error'[39m[33m,[39m message[33m,[39m meta))[33m,[39m
     [90m    |[39m                                       [31m[1m^[22m[39m
     [90m 27 |[39m     debug[33m:[39m (message[33m,[39m meta) [33m=>[39m {
     [90m 28 |[39m         [36mif[39m (process[33m.[39menv[33m.[39m[33mNODE_ENV[39m [33m!==[39m [32m'production'[39m) {
     [90m 29 |[39m             console[33m.[39mdebug(formatMessage([32m'debug'[39m[33m,[39m message[33m,[39m meta))[33m;[39m[0m

      at Object.error (utils/logger.js:26:39)
      at error (middleware/errorMiddleware.js:34:12)
      at Layer.handleError (node_modules/router/lib/layer.js:116:17)
      at trimPrefix (node_modules/router/index.js:340:13)
      at node_modules/router/index.js:297:9
      at processParams (node_modules/router/index.js:582:12)
      at next (node_modules/router/index.js:291:5)
      at Layer.handleError (node_modules/router/lib/layer.js:111:12)
      at trimPrefix (node_modules/router/index.js:340:13)
      at node_modules/router/index.js:297:9
      at processParams (node_modules/router/index.js:582:12)
      at next (node_modules/router/index.js:291:5)
      at node_modules/router/index.js:688:15
      at next (node_modules/router/index.js:276:14)
      at next (node_modules/router/lib/route.js:132:14)

  console.log
    {"timestamp":"2026-03-16T16:47:00.075Z","level":"info","message":"HTTP Request","hostname":"LAPTOP-2S5UTCOT","pid":14884,"method":"POST","url":"/api/otp/send","status":500,"durationMs":24,"requestId":"e5e9a5eb-beeb-4325-b9e7-d1de5a66f0b7","clientSessionId":"","clientRoute":"","ip":"::ffff:127.0.0.1"}

      at Object.log [as info] (utils/logger.js:24:38)

  console.log
    {"timestamp":"2026-03-16T16:47:00.101Z","level":"info","message":"otp.send_404","hostname":"LAPTOP-2S5UTCOT","pid":14884,"event":"SEND_404","phone":"9437200035","email":"ot***@test.com","purpose":"login","ip":"127.0.0.1","requestId":"81f02536-18aa-469a-bfc7-8ca429895337","success":true,"reason":"verified user not found for login context"}

      at Object.log [as info] (utils/logger.js:24:38)

  console.log
    {"timestamp":"2026-03-16T16:47:00.102Z","level":"info","message":"HTTP Request","hostname":"LAPTOP-2S5UTCOT","pid":14884,"method":"POST","url":"/api/otp/send","status":200,"durationMs":17,"requestId":"81f02536-18aa-469a-bfc7-8ca429895337","clientSessionId":"","clientRoute":"","ip":"::ffff:127.0.0.1"}

      at Object.log [as info] (utils/logger.js:24:38)

  console.log
    {"timestamp":"2026-03-16T16:47:00.146Z","level":"info","message":"otp.send_404","hostname":"LAPTOP-2S5UTCOT","pid":14884,"event":"SEND_404","phone":"9437200036","email":"ot***@test.com","purpose":"login","ip":"127.0.0.1","requestId":"5d1672a0-3774-442a-a88f-590bbb544c99","success":true,"reason":"verified user not found for login context"}

      at Object.log [as info] (utils/logger.js:24:38)

  console.log
    {"timestamp":"2026-03-16T16:47:00.147Z","level":"info","message":"HTTP Request","hostname":"LAPTOP-2S5UTCOT","pid":14884,"method":"POST","url":"/api/otp/send","status":200,"durationMs":18,"requestId":"5d1672a0-3774-442a-a88f-590bbb544c99","clientSessionId":"","clientRoute":"","ip":"::ffff:127.0.0.1"}

      at Object.log [as info] (utils/logger.js:24:38)

  console.log
    {"timestamp":"2026-03-16T16:47:00.189Z","level":"info","message":"otp.send_404","hostname":"LAPTOP-2S5UTCOT","pid":14884,"event":"SEND_404","phone":"9437200037","email":"ot***@test.com","purpose":"forgot-password","ip":"127.0.0.1","requestId":"86d73f12-1bb3-400e-abc9-a2a433807b81","success":true,"reason":"verified user not found for login context"}

      at Object.log [as info] (utils/logger.js:24:38)

  console.log
    {"timestamp":"2026-03-16T16:47:00.190Z","level":"info","message":"HTTP Request","hostname":"LAPTOP-2S5UTCOT","pid":14884,"method":"POST","url":"/api/otp/send","status":200,"durationMs":17,"requestId":"86d73f12-1bb3-400e-abc9-a2a433807b81","clientSessionId":"","clientRoute":"","ip":"::ffff:127.0.0.1"}

      at Object.log [as info] (utils/logger.js:24:38)

  console.error
    {"timestamp":"2026-03-16T16:47:00.226Z","level":"error","message":"createdPendingUser is not defined","hostname":"LAPTOP-2S5UTCOT","pid":14884,"error":{"message":"createdPendingUser is not defined","stack":"ReferenceError: createdPendingUser is not defined\n    at createdPendingUser (C:\\Users\\mdsai\\Downloads\\Kimi_Agent_Flipkart-Style Frontend\\server\\controllers\\otpController.js:882:17)\n    at processTicksAndRejections (node:internal/process/task_queues:103:5)","name":"ReferenceError"},"type":"ReferenceError","method":"POST","url":"/api/otp/send","statusCode":500,"requestId":"dccec890-7a17-46f5-97d5-8c74b2b340f8","clientSessionId":"","clientRoute":""}

    [0m [90m 24 |[39m     info[33m:[39m (message[33m,[39m meta) [33m=>[39m console[33m.[39mlog(formatMessage([32m'info'[39m[33m,[39m message[33m,[39m meta))[33m,[39m
     [90m 25 |[39m     warn[33m:[39m (message[33m,[39m meta) [33m=>[39m console[33m.[39mwarn(formatMessage([32m'warn'[39m[33m,[39m message[33m,[39m meta))[33m,[39m
    [31m[1m>[22m[39m[90m 26 |[39m     error[33m:[39m (message[33m,[39m meta) [33m=>[39m console[33m.[39merror(formatMessage([32m'error'[39m[33m,[39m message[33m,[39m meta))[33m,[39m
     [90m    |[39m                                       [31m[1m^[22m[39m
     [90m 27 |[39m     debug[33m:[39m (message[33m,[39m meta) [33m=>[39m {
     [90m 28 |[39m         [36mif[39m (process[33m.[39menv[33m.[39m[33mNODE_ENV[39m [33m!==[39m [32m'production'[39m) {
     [90m 29 |[39m             console[33m.[39mdebug(formatMessage([32m'debug'[39m[33m,[39m message[33m,[39m meta))[33m;[39m[0m

      at Object.error (utils/logger.js:26:39)
      at error (middleware/errorMiddleware.js:34:12)
      at Layer.handleError (node_modules/router/lib/layer.js:116:17)
      at trimPrefix (node_modules/router/index.js:340:13)
      at node_modules/router/index.js:297:9
      at processParams (node_modules/router/index.js:582:12)
      at next (node_modules/router/index.js:291:5)
      at Layer.handleError (node_modules/router/lib/layer.js:111:12)
      at trimPrefix (node_modules/router/index.js:340:13)
      at node_modules/router/index.js:297:9
      at processParams (node_modules/router/index.js:582:12)
      at next (node_modules/router/index.js:291:5)
      at node_modules/router/index.js:688:15
      at next (node_modules/router/index.js:276:14)
      at next (node_modules/router/lib/route.js:132:14)

  console.log
    {"timestamp":"2026-03-16T16:47:00.228Z","level":"info","message":"HTTP Request","hostname":"LAPTOP-2S5UTCOT","pid":14884,"method":"POST","url":"/api/otp/send","status":500,"durationMs":25,"requestId":"dccec890-7a17-46f5-97d5-8c74b2b340f8","clientSessionId":"","clientRoute":"","ip":"::ffff:127.0.0.1"}

      at Object.log [as info] (utils/logger.js:24:38)

  console.error
    {"timestamp":"2026-03-16T16:47:00.259Z","level":"error","message":"createdPendingUser is not defined","hostname":"LAPTOP-2S5UTCOT","pid":14884,"error":{"message":"createdPendingUser is not defined","stack":"ReferenceError: createdPendingUser is not defined\n    at createdPendingUser (C:\\Users\\mdsai\\Downloads\\Kimi_Agent_Flipkart-Style Frontend\\server\\controllers\\otpController.js:882:17)\n    at processTicksAndRejections (node:internal/process/task_queues:103:5)","name":"ReferenceError"},"type":"ReferenceError","method":"POST","url":"/api/otp/send","statusCode":500,"requestId":"578c63be-55d9-4d46-8642-a949c5619fd4","clientSessionId":"","clientRoute":""}

    [0m [90m 24 |[39m     info[33m:[39m (message[33m,[39m meta) [33m=>[39m console[33m.[39mlog(formatMessage([32m'info'[39m[33m,[39m message[33m,[39m meta))[33m,[39m
     [90m 25 |[39m     warn[33m:[39m (message[33m,[39m meta) [33m=>[39m console[33m.[39mwarn(formatMessage([32m'warn'[39m[33m,[39m message[33m,[39m meta))[33m,[39m
    [31m[1m>[22m[39m[90m 26 |[39m     error[33m:[39m (message[33m,[39m meta) [33m=>[39m console[33m.[39merror(formatMessage([32m'error'[39m[33m,[39m message[33m,[39m meta))[33m,[39m
     [90m    |[39m                                       [31m[1m^[22m[39m
     [90m 27 |[39m     debug[33m:[39m (message[33m,[39m meta) [33m=>[39m {
     [90m 28 |[39m         [36mif[39m (process[33m.[39menv[33m.[39m[33mNODE_ENV[39m [33m!==[39m [32m'production'[39m) {
     [90m 29 |[39m             console[33m.[39mdebug(formatMessage([32m'debug'[39m[33m,[39m message[33m,[39m meta))[33m;[39m[0m

      at Object.error (utils/logger.js:26:39)
      at error (middleware/errorMiddleware.js:34:12)
      at Layer.handleError (node_modules/router/lib/layer.js:116:17)
      at trimPrefix (node_modules/router/index.js:340:13)
      at node_modules/router/index.js:297:9
      at processParams (node_modules/router/index.js:582:12)
      at next (node_modules/router/index.js:291:5)
      at Layer.handleError (node_modules/router/lib/layer.js:111:12)
      at trimPrefix (node_modules/router/index.js:340:13)
      at node_modules/router/index.js:297:9
      at processParams (node_modules/router/index.js:582:12)
      at next (node_modules/router/index.js:291:5)
      at node_modules/router/index.js:688:15
      at next (node_modules/router/index.js:276:14)
      at next (node_modules/router/lib/route.js:132:14)

  console.log
    {"timestamp":"2026-03-16T16:47:00.261Z","level":"info","message":"HTTP Request","hostname":"LAPTOP-2S5UTCOT","pid":14884,"method":"POST","url":"/api/otp/send","status":500,"durationMs":23,"requestId":"578c63be-55d9-4d46-8642-a949c5619fd4","clientSessionId":"","clientRoute":"","ip":"::ffff:127.0.0.1"}

      at Object.log [as info] (utils/logger.js:24:38)

  console.error
    {"timestamp":"2026-03-16T16:47:00.293Z","level":"error","message":"createdPendingUser is not defined","hostname":"LAPTOP-2S5UTCOT","pid":14884,"error":{"message":"createdPendingUser is not defined","stack":"ReferenceError: createdPendingUser is not defined\n    at createdPendingUser (C:\\Users\\mdsai\\Downloads\\Kimi_Agent_Flipkart-Style Frontend\\server\\controllers\\otpController.js:882:17)\n    at processTicksAndRejections (node:internal/process/task_queues:103:5)","name":"ReferenceError"},"type":"ReferenceError","method":"POST","url":"/api/otp/send","statusCode":500,"requestId":"442a760e-3258-4b94-bafb-286e493bd85c","clientSessionId":"","clientRoute":""}

    [0m [90m 24 |[39m     info[33m:[39m (message[33m,[39m meta) [33m=>[39m console[33m.[39mlog(formatMessage([32m'info'[39m[33m,[39m message[33m,[39m meta))[33m,[39m
     [90m 25 |[39m     warn[33m:[39m (message[33m,[39m meta) [33m=>[39m console[33m.[39mwarn(formatMessage([32m'warn'[39m[33m,[39m message[33m,[39m meta))[33m,[39m
    [31m[1m>[22m[39m[90m 26 |[39m     error[33m:[39m (message[33m,[39m meta) [33m=>[39m console[33m.[39merror(formatMessage([32m'error'[39m[33m,[39m message[33m,[39m meta))[33m,[39m
     [90m    |[39m                                       [31m[1m^[22m[39m
     [90m 27 |[39m     debug[33m:[39m (message[33m,[39m meta) [33m=>[39m {
     [90m 28 |[39m         [36mif[39m (process[33m.[39menv[33m.[39m[33mNODE_ENV[39m [33m!==[39m [32m'production'[39m) {
     [90m 29 |[39m             console[33m.[39mdebug(formatMessage([32m'debug'[39m[33m,[39m message[33m,[39m meta))[33m;[39m[0m

      at Object.error (utils/logger.js:26:39)
      at error (middleware/errorMiddleware.js:34:12)
      at Layer.handleError (node_modules/router/lib/layer.js:116:17)
      at trimPrefix (node_modules/router/index.js:340:13)
      at node_modules/router/index.js:297:9
      at processParams (node_modules/router/index.js:582:12)
      at next (node_modules/router/index.js:291:5)
      at Layer.handleError (node_modules/router/lib/layer.js:111:12)
      at trimPrefix (node_modules/router/index.js:340:13)
      at node_modules/router/index.js:297:9
      at processParams (node_modules/router/index.js:582:12)
      at next (node_modules/router/index.js:291:5)
      at node_modules/router/index.js:688:15
      at next (node_modules/router/index.js:276:14)
      at next (node_modules/router/lib/route.js:132:14)

  console.log
    {"timestamp":"2026-03-16T16:47:00.295Z","level":"info","message":"HTTP Request","hostname":"LAPTOP-2S5UTCOT","pid":14884,"method":"POST","url":"/api/otp/send","status":500,"durationMs":23,"requestId":"442a760e-3258-4b94-bafb-286e493bd85c","clientSessionId":"","clientRoute":"","ip":"::ffff:127.0.0.1"}

      at Object.log [as info] (utils/logger.js:24:38)

  console.error
    {"timestamp":"2026-03-16T16:47:00.331Z","level":"error","message":"createdPendingUser is not defined","hostname":"LAPTOP-2S5UTCOT","pid":14884,"error":{"message":"createdPendingUser is not defined","stack":"ReferenceError: createdPendingUser is not defined\n    at createdPendingUser (C:\\Users\\mdsai\\Downloads\\Kimi_Agent_Flipkart-Style Frontend\\server\\controllers\\otpController.js:882:17)\n    at processTicksAndRejections (node:internal/process/task_queues:103:5)","name":"ReferenceError"},"type":"ReferenceError","method":"POST","url":"/api/otp/send","statusCode":500,"requestId":"eb67e5f4-eaae-4185-8cb3-e5ec2f0fe39b","clientSessionId":"","clientRoute":""}

    [0m [90m 24 |[39m     info[33m:[39m (message[33m,[39m meta) [33m=>[39m console[33m.[39mlog(formatMessage([32m'info'[39m[33m,[39m message[33m,[39m meta))[33m,[39m
     [90m 25 |[39m     warn[33m:[39m (message[33m,[39m meta) [33m=>[39m console[33m.[39mwarn(formatMessage([32m'warn'[39m[33m,[39m message[33m,[39m meta))[33m,[39m
    [31m[1m>[22m[39m[90m 26 |[39m     error[33m:[39m (message[33m,[39m meta) [33m=>[39m console[33m.[39merror(formatMessage([32m'error'[39m[33m,[39m message[33m,[39m meta))[33m,[39m
     [90m    |[39m                                       [31m[1m^[22m[39m
     [90m 27 |[39m     debug[33m:[39m (message[33m,[39m meta) [33m=>[39m {
     [90m 28 |[39m         [36mif[39m (process[33m.[39menv[33m.[39m[33mNODE_ENV[39m [33m!==[39m [32m'production'[39m) {
     [90m 29 |[39m             console[33m.[39mdebug(formatMessage([32m'debug'[39m[33m,[39m message[33m,[39m meta))[33m;[39m[0m

      at Object.error (utils/logger.js:26:39)
      at error (middleware/errorMiddleware.js:34:12)
      at Layer.handleError (node_modules/router/lib/layer.js:116:17)
      at trimPrefix (node_modules/router/index.js:340:13)
      at node_modules/router/index.js:297:9
      at processParams (node_modules/router/index.js:582:12)
      at next (node_modules/router/index.js:291:5)
      at Layer.handleError (node_modules/router/lib/layer.js:111:12)
      at trimPrefix (node_modules/router/index.js:340:13)
      at node_modules/router/index.js:297:9
      at processParams (node_modules/router/index.js:582:12)
      at next (node_modules/router/index.js:291:5)
      at node_modules/router/index.js:688:15
      at next (node_modules/router/index.js:276:14)
      at next (node_modules/router/lib/route.js:132:14)

  console.log
    {"timestamp":"2026-03-16T16:47:00.334Z","level":"info","message":"HTTP Request","hostname":"LAPTOP-2S5UTCOT","pid":14884,"method":"POST","url":"/api/otp/send","status":500,"durationMs":24,"requestId":"eb67e5f4-eaae-4185-8cb3-e5ec2f0fe39b","clientSessionId":"","clientRoute":"","ip":"::ffff:127.0.0.1"}

      at Object.log [as info] (utils/logger.js:24:38)

  console.error
    {"timestamp":"2026-03-16T16:47:00.370Z","level":"error","message":"createdPendingUser is not defined","hostname":"LAPTOP-2S5UTCOT","pid":14884,"error":{"message":"createdPendingUser is not defined","stack":"ReferenceError: createdPendingUser is not defined\n    at createdPendingUser (C:\\Users\\mdsai\\Downloads\\Kimi_Agent_Flipkart-Style Frontend\\server\\controllers\\otpController.js:882:17)\n    at processTicksAndRejections (node:internal/process/task_queues:103:5)","name":"ReferenceError"},"type":"ReferenceError","method":"POST","url":"/api/otp/send","statusCode":500,"requestId":"453d3386-b0b7-4aaf-b45c-25f34702c914","clientSessionId":"","clientRoute":""}

    [0m [90m 24 |[39m     info[33m:[39m (message[33m,[39m meta) [33m=>[39m console[33m.[39mlog(formatMessage([32m'info'[39m[33m,[39m message[33m,[39m meta))[33m,[39m
     [90m 25 |[39m     warn[33m:[39m (message[33m,[39m meta) [33m=>[39m console[33m.[39mwarn(formatMessage([32m'warn'[39m[33m,[39m message[33m,[39m meta))[33m,[39m
    [31m[1m>[22m[39m[90m 26 |[39m     error[33m:[39m (message[33m,[39m meta) [33m=>[39m console[33m.[39merror(formatMessage([32m'error'[39m[33m,[39m message[33m,[39m meta))[33m,[39m
     [90m    |[39m                                       [31m[1m^[22m[39m
     [90m 27 |[39m     debug[33m:[39m (message[33m,[39m meta) [33m=>[39m {
     [90m 28 |[39m         [36mif[39m (process[33m.[39menv[33m.[39m[33mNODE_ENV[39m [33m!==[39m [32m'production'[39m) {
     [90m 29 |[39m             console[33m.[39mdebug(formatMessage([32m'debug'[39m[33m,[39m message[33m,[39m meta))[33m;[39m[0m

      at Object.error (utils/logger.js:26:39)
      at error (middleware/errorMiddleware.js:34:12)
      at Layer.handleError (node_modules/router/lib/layer.js:116:17)
      at trimPrefix (node_modules/router/index.js:340:13)
      at node_modules/router/index.js:297:9
      at processParams (node_modules/router/index.js:582:12)
      at next (node_modules/router/index.js:291:5)
      at Layer.handleError (node_modules/router/lib/layer.js:111:12)
      at trimPrefix (node_modules/router/index.js:340:13)
      at node_modules/router/index.js:297:9
      at processParams (node_modules/router/index.js:582:12)
      at next (node_modules/router/index.js:291:5)
      at node_modules/router/index.js:688:15
      at next (node_modules/router/index.js:276:14)
      at next (node_modules/router/lib/route.js:132:14)

  console.log
    {"timestamp":"2026-03-16T16:47:00.372Z","level":"info","message":"HTTP Request","hostname":"LAPTOP-2S5UTCOT","pid":14884,"method":"POST","url":"/api/otp/send","status":500,"durationMs":28,"requestId":"453d3386-b0b7-4aaf-b45c-25f34702c914","clientSessionId":"","clientRoute":"","ip":"::ffff:127.0.0.1"}

      at Object.log [as info] (utils/logger.js:24:38)

  console.log
    {"timestamp":"2026-03-16T16:47:00.403Z","level":"info","message":"otp.send_mismatch","hostname":"LAPTOP-2S5UTCOT","pid":14884,"event":"SEND_MISMATCH","phone":"9437200044","email":"ot***@test.com","purpose":"login","ip":"127.0.0.1","requestId":"c3ee5408-da34-4e8b-ab2b-65807ec04b50","success":true,"reason":"phone mismatch expected ***0043"}

      at Object.log [as info] (utils/logger.js:24:38)

  console.log
    {"timestamp":"2026-03-16T16:47:00.404Z","level":"info","message":"HTTP Request","hostname":"LAPTOP-2S5UTCOT","pid":14884,"method":"POST","url":"/api/otp/send","status":200,"durationMs":20,"requestId":"c3ee5408-da34-4e8b-ab2b-65807ec04b50","clientSessionId":"","clientRoute":"","ip":"::ffff:127.0.0.1"}

      at Object.log [as info] (utils/logger.js:24:38)

  console.log
    {"timestamp":"2026-03-16T16:47:00.435Z","level":"info","message":"otp.send_mismatch","hostname":"LAPTOP-2S5UTCOT","pid":14884,"event":"SEND_MISMATCH","phone":"9437200046","email":"ot***@test.com","purpose":"forgot-password","ip":"127.0.0.1","requestId":"3cc1bffb-bf71-41b5-89bb-5b473fdd49f1","success":true,"reason":"phone mismatch expected ***0045"}

      at Object.log [as info] (utils/logger.js:24:38)

  console.log
    {"timestamp":"2026-03-16T16:47:00.436Z","level":"info","message":"HTTP Request","hostname":"LAPTOP-2S5UTCOT","pid":14884,"method":"POST","url":"/api/otp/send","status":200,"durationMs":20,"requestId":"3cc1bffb-bf71-41b5-89bb-5b473fdd49f1","clientSessionId":"","clientRoute":"","ip":"::ffff:127.0.0.1"}

      at Object.log [as info] (utils/logger.js:24:38)

  console.error
    {"timestamp":"2026-03-16T16:47:00.445Z","level":"error","message":"Phone number is required","hostname":"LAPTOP-2S5UTCOT","pid":14884,"error":{"message":"Phone number is required","stack":"Error: Phone number is required\n    at C:\\Users\\mdsai\\Downloads\\Kimi_Agent_Flipkart-Style Frontend\\server\\controllers\\otpController.js:947:21\n    at asyncUtilWrap (C:\\Users\\mdsai\\Downloads\\Kimi_Agent_Flipkart-Style Frontend\\server\\node_modules\\express-async-handler\\index.js:3:20)\n    at Layer.handleRequest (C:\\Users\\mdsai\\Downloads\\Kimi_Agent_Flipkart-Style Frontend\\server\\node_modules\\router\\lib\\layer.js:152:17)\n    at next (C:\\Users\\mdsai\\Downloads\\Kimi_Agent_Flipkart-Style Frontend\\server\\node_modules\\router\\lib\\route.js:157:13)\n    at next (C:\\Users\\mdsai\\Downloads\\Kimi_Agent_Flipkart-Style Frontend\\server\\middleware\\distributedRateLimit.js:103:53)\n    at Layer.handleRequest (C:\\Users\\mdsai\\Downloads\\Kimi_Agent_Flipkart-Style Frontend\\server\\node_modules\\router\\lib\\layer.js:152:17)\n    at next (C:\\Users\\mdsai\\Downloads\\Kimi_Agent_Flipkart-Style Frontend\\server\\node_modules\\router\\lib\\route.js:157:13)\n    at Route.dispatch (C:\\Users\\mdsai\\Downloads\\Kimi_Agent_Flipkart-Style Frontend\\server\\node_modules\\router\\lib\\route.js:117:3)\n    at handle (C:\\Users\\mdsai\\Downloads\\Kimi_Agent_Flipkart-Style Frontend\\server\\node_modules\\router\\index.js:435:11)\n    at Layer.handleRequest (C:\\Users\\mdsai\\Downloads\\Kimi_Agent_Flipkart-Style Frontend\\server\\node_modules\\router\\lib\\layer.js:152:17)\n    at C:\\Users\\mdsai\\Downloads\\Kimi_Agent_Flipkart-Style Frontend\\server\\node_modules\\router\\index.js:295:15\n    at processParams (C:\\Users\\mdsai\\Downloads\\Kimi_Agent_Flipkart-Style Frontend\\server\\node_modules\\router\\index.js:582:12)\n    at next (C:\\Users\\mdsai\\Downloads\\Kimi_Agent_Flipkart-Style Frontend\\server\\node_modules\\router\\index.js:291:5)\n    at router.handle (C:\\Users\\mdsai\\Downloads\\Kimi_Agent_Flipkart-Style Frontend\\server\\node_modules\\router\\index.js:186:3)\n    at router (C:\\Users\\mdsai\\Downloads\\Kimi_Agent_Flipkart-Style Frontend\\server\\node_modules\\router\\index.js:60:12)\n    at Layer.handleRequest (C:\\Users\\mdsai\\Downloads\\Kimi_Agent_Flipkart-Style Frontend\\server\\node_modules\\router\\lib\\layer.js:152:17)\n    at trimPrefix (C:\\Users\\mdsai\\Downloads\\Kimi_Agent_Flipkart-Style Frontend\\server\\node_modules\\router\\index.js:342:13)\n    at C:\\Users\\mdsai\\Downloads\\Kimi_Agent_Flipkart-Style Frontend\\server\\node_modules\\router\\index.js:297:9\n    at processParams (C:\\Users\\mdsai\\Downloads\\Kimi_Agent_Flipkart-Style Frontend\\server\\node_modules\\router\\index.js:582:12)\n    at next (C:\\Users\\mdsai\\Downloads\\Kimi_Agent_Flipkart-Style Frontend\\server\\node_modules\\router\\index.js:291:5)\n    at next (C:\\Users\\mdsai\\Downloads\\Kimi_Agent_Flipkart-Style Frontend\\server\\middleware\\adminNotificationMiddleware.js:11:16)\n    at Layer.handleRequest (C:\\Users\\mdsai\\Downloads\\Kimi_Agent_Flipkart-Style Frontend\\server\\node_modules\\router\\lib\\layer.js:152:17)\n    at trimPrefix (C:\\Users\\mdsai\\Downloads\\Kimi_Agent_Flipkart-Style Frontend\\server\\node_modules\\router\\index.js:342:13)\n    at C:\\Users\\mdsai\\Downloads\\Kimi_Agent_Flipkart-Style Frontend\\server\\node_modules\\router\\index.js:297:9\n    at processParams (C:\\Users\\mdsai\\Downloads\\Kimi_Agent_Flipkart-Style Frontend\\server\\node_modules\\router\\index.js:582:12)\n    at next (C:\\Users\\mdsai\\Downloads\\Kimi_Agent_Flipkart-Style Frontend\\server\\node_modules\\router\\index.js:291:5)\n    at next (C:\\Users\\mdsai\\Downloads\\Kimi_Agent_Flipkart-Style Frontend\\server\\middleware\\activityEmailMiddleware.js:11:16)\n    at Layer.handleRequest (C:\\Users\\mdsai\\Downloads\\Kimi_Agent_Flipkart-Style Frontend\\server\\node_modules\\router\\lib\\layer.js:152:17)\n    at trimPrefix (C:\\Users\\mdsai\\Downloads\\Kimi_Agent_Flipkart-Style Frontend\\server\\node_modules\\router\\index.js:342:13)\n    at C:\\Users\\mdsai\\Downloads\\Kimi_Agent_Flipkart-Style Frontend\\server\\node_modules\\router\\index.js:297:9\n    at processParams (C:\\Users\\mdsai\\Downloads\\Kimi_Agent_Flipkart-Style Frontend\\server\\node_modules\\router\\index.js:582:12)\n    at next (C:\\Users\\mdsai\\Downloads\\Kimi_Agent_Flipkart-Style Frontend\\server\\node_modules\\router\\index.js:291:5)\n    at next (C:\\Users\\mdsai\\Downloads\\Kimi_Agent_Flipkart-Style Frontend\\server\\middleware\\xssSanitizer.js:36:5)\n    at Layer.handleRequest (C:\\Users\\mdsai\\Downloads\\Kimi_Agent_Flipkart-Style Frontend\\server\\node_modules\\router\\lib\\layer.js:152:17)\n    at trimPrefix (C:\\Users\\mdsai\\Downloads\\Kimi_Agent_Flipkart-Style Frontend\\server\\node_modules\\router\\index.js:342:13)\n    at C:\\Users\\mdsai\\Downloads\\Kimi_Agent_Flipkart-Style Frontend\\server\\node_modules\\router\\index.js:297:9\n    at processParams (C:\\Users\\mdsai\\Downloads\\Kimi_Agent_Flipkart-Style Frontend\\server\\node_modules\\router\\index.js:582:12)\n    at next (C:\\Users\\mdsai\\Downloads\\Kimi_Agent_Flipkart-Style Frontend\\server\\node_modules\\router\\index.js:291:5)\n    at next (C:\\Users\\mdsai\\Downloads\\Kimi_Agent_Flipkart-Style Frontend\\server\\middleware\\securityMiddleware.js:37:9)\n    at Layer.handleRequest (C:\\Users\\mdsai\\Downloads\\Kimi_Agent_Flipkart-Style Frontend\\server\\node_modules\\router\\lib\\layer.js:152:17)\n    at trimPrefix (C:\\Users\\mdsai\\Downloads\\Kimi_Agent_Flipkart-Style Frontend\\server\\node_modules\\router\\index.js:342:13)\n    at C:\\Users\\mdsai\\Downloads\\Kimi_Agent_Flipkart-Style Frontend\\server\\node_modules\\router\\index.js:297:9\n    at processParams (C:\\Users\\mdsai\\Downloads\\Kimi_Agent_Flipkart-Style Frontend\\server\\node_modules\\router\\index.js:582:12)\n    at next (C:\\Users\\mdsai\\Downloads\\Kimi_Agent_Flipkart-Style Frontend\\server\\node_modules\\router\\index.js:291:5)\n    at C:\\Users\\mdsai\\Downloads\\Kimi_Agent_Flipkart-Style Frontend\\server\\node_modules\\body-parser\\lib\\read.js:171:5\n    at AsyncResource.runInAsyncScope (node:async_hooks:214:14)\n    at invokeCallback (C:\\Users\\mdsai\\Downloads\\Kimi_Agent_Flipkart-Style Frontend\\server\\node_modules\\raw-body\\index.js:238:16)\n    at done (C:\\Users\\mdsai\\Downloads\\Kimi_Agent_Flipkart-Style Frontend\\server\\node_modules\\raw-body\\index.js:227:7)\n    at IncomingMessage.onEnd (C:\\Users\\mdsai\\Downloads\\Kimi_Agent_Flipkart-Style Frontend\\server\\node_modules\\raw-body\\index.js:287:7)\n    at IncomingMessage.emit (node:events:508:28)\n    at endReadableNT (node:internal/streams/readable:1701:12)\n    at processTicksAndRejections (node:internal/process/task_queues:89:21)","name":"Error"},"type":"AppError","method":"POST","url":"/api/otp/verify","statusCode":400,"requestId":"2af2e27a-1068-4d7e-b3f8-721d85a8a88f","clientSessionId":"","clientRoute":""}

    [0m [90m 24 |[39m     info[33m:[39m (message[33m,[39m meta) [33m=>[39m console[33m.[39mlog(formatMessage([32m'info'[39m[33m,[39m message[33m,[39m meta))[33m,[39m
     [90m 25 |[39m     warn[33m:[39m (message[33m,[39m meta) [33m=>[39m console[33m.[39mwarn(formatMessage([32m'warn'[39m[33m,[39m message[33m,[39m meta))[33m,[39m
    [31m[1m>[22m[39m[90m 26 |[39m     error[33m:[39m (message[33m,[39m meta) [33m=>[39m console[33m.[39merror(formatMessage([32m'error'[39m[33m,[39m message[33m,[39m meta))[33m,[39m
     [90m    |[39m                                       [31m[1m^[22m[39m
     [90m 27 |[39m     debug[33m:[39m (message[33m,[39m meta) [33m=>[39m {
     [90m 28 |[39m         [36mif[39m (process[33m.[39menv[33m.[39m[33mNODE_ENV[39m [33m!==[39m [32m'production'[39m) {
     [90m 29 |[39m             console[33m.[39mdebug(formatMessage([32m'debug'[39m[33m,[39m message[33m,[39m meta))[33m;[39m[0m

      at Object.error (utils/logger.js:26:39)
      at error (middleware/errorMiddleware.js:34:12)
      at Layer.handleError (node_modules/router/lib/layer.js:116:17)
      at trimPrefix (node_modules/router/index.js:340:13)
      at node_modules/router/index.js:297:9
      at processParams (node_modules/router/index.js:582:12)
      at next (node_modules/router/index.js:291:5)
      at Layer.handleError (node_modules/router/lib/layer.js:111:12)
      at trimPrefix (node_modules/router/index.js:340:13)
      at node_modules/router/index.js:297:9
      at processParams (node_modules/router/index.js:582:12)
      at next (node_modules/router/index.js:291:5)
      at node_modules/router/index.js:688:15
      at next (node_modules/router/index.js:276:14)
      at next (node_modules/router/lib/route.js:132:14)
      at next (controllers/otpController.js:947:16)
      at asyncUtilWrap (node_modules/express-async-handler/index.js:3:20)
      at Layer.handleRequest (node_modules/router/lib/layer.js:152:17)
      at next (node_modules/router/lib/route.js:157:13)
      at next (middleware/distributedRateLimit.js:103:53)
      at Layer.handleRequest (node_modules/router/lib/layer.js:152:17)
      at next (node_modules/router/lib/route.js:157:13)
      at Route.dispatch (node_modules/router/lib/route.js:117:3)
      at handle (node_modules/router/index.js:435:11)
      at Layer.handleRequest (node_modules/router/lib/layer.js:152:17)
      at node_modules/router/index.js:295:15
      at processParams (node_modules/router/index.js:582:12)
      at next (node_modules/router/index.js:291:5)
      at router.handle (node_modules/router/index.js:186:3)
      at router (node_modules/router/index.js:60:12)
      at Layer.handleRequest (node_modules/router/lib/layer.js:152:17)
      at trimPrefix (node_modules/router/index.js:342:13)
      at node_modules/router/index.js:297:9
      at processParams (node_modules/router/index.js:582:12)
      at next (node_modules/router/index.js:291:5)
      at next (middleware/adminNotificationMiddleware.js:11:16)
      at Layer.handleRequest (node_modules/router/lib/layer.js:152:17)
      at trimPrefix (node_modules/router/index.js:342:13)
      at node_modules/router/index.js:297:9
      at processParams (node_modules/router/index.js:582:12)
      at next (node_modules/router/index.js:291:5)
      at next (middleware/activityEmailMiddleware.js:11:16)
      at Layer.handleRequest (node_modules/router/lib/layer.js:152:17)
      at trimPrefix (node_modules/router/index.js:342:13)
      at node_modules/router/index.js:297:9
      at processParams (node_modules/router/index.js:582:12)
      at next (node_modules/router/index.js:291:5)
      at next (middleware/xssSanitizer.js:36:5)
      at Layer.handleRequest (node_modules/router/lib/layer.js:152:17)
      at trimPrefix (node_modules/router/index.js:342:13)
      at node_modules/router/index.js:297:9
      at processParams (node_modules/router/index.js:582:12)
      at next (node_modules/router/index.js:291:5)
      at next (middleware/securityMiddleware.js:37:9)
      at Layer.handleRequest (node_modules/router/lib/layer.js:152:17)
      at trimPrefix (node_modules/router/index.js:342:13)
      at node_modules/router/index.js:297:9
      at processParams (node_modules/router/index.js:582:12)
      at next (node_modules/router/index.js:291:5)
      at node_modules/body-parser/lib/read.js:171:5
      at invokeCallback (node_modules/raw-body/index.js:238:16)
      at done (node_modules/raw-body/index.js:227:7)
      at IncomingMessage.onEnd (node_modules/raw-body/index.js:287:7)

  console.log
    {"timestamp":"2026-03-16T16:47:00.448Z","level":"info","message":"HTTP Request","hostname":"LAPTOP-2S5UTCOT","pid":14884,"method":"POST","url":"/api/otp/verify","status":400,"durationMs":4,"requestId":"2af2e27a-1068-4d7e-b3f8-721d85a8a88f","clientSessionId":"","clientRoute":"","ip":"::ffff:127.0.0.1"}

      at Object.log [as info] (utils/logger.js:24:38)

  console.error
    {"timestamp":"2026-03-16T16:47:00.457Z","level":"error","message":"OTP is required","hostname":"LAPTOP-2S5UTCOT","pid":14884,"error":{"message":"OTP is required","stack":"Error: OTP is required\n    at C:\\Users\\mdsai\\Downloads\\Kimi_Agent_Flipkart-Style Frontend\\server\\controllers\\otpController.js:950:21\n    at asyncUtilWrap (C:\\Users\\mdsai\\Downloads\\Kimi_Agent_Flipkart-Style Frontend\\server\\node_modules\\express-async-handler\\index.js:3:20)\n    at Layer.handleRequest (C:\\Users\\mdsai\\Downloads\\Kimi_Agent_Flipkart-Style Frontend\\server\\node_modules\\router\\lib\\layer.js:152:17)\n    at next (C:\\Users\\mdsai\\Downloads\\Kimi_Agent_Flipkart-Style Frontend\\server\\node_modules\\router\\lib\\route.js:157:13)\n    at next (C:\\Users\\mdsai\\Downloads\\Kimi_Agent_Flipkart-Style Frontend\\server\\middleware\\distributedRateLimit.js:103:53)\n    at Layer.handleRequest (C:\\Users\\mdsai\\Downloads\\Kimi_Agent_Flipkart-Style Frontend\\server\\node_modules\\router\\lib\\layer.js:152:17)\n    at next (C:\\Users\\mdsai\\Downloads\\Kimi_Agent_Flipkart-Style Frontend\\server\\node_modules\\router\\lib\\route.js:157:13)\n    at Route.dispatch (C:\\Users\\mdsai\\Downloads\\Kimi_Agent_Flipkart-Style Frontend\\server\\node_modules\\router\\lib\\route.js:117:3)\n    at handle (C:\\Users\\mdsai\\Downloads\\Kimi_Agent_Flipkart-Style Frontend\\server\\node_modules\\router\\index.js:435:11)\n    at Layer.handleRequest (C:\\Users\\mdsai\\Downloads\\Kimi_Agent_Flipkart-Style Frontend\\server\\node_modules\\router\\lib\\layer.js:152:17)\n    at C:\\Users\\mdsai\\Downloads\\Kimi_Agent_Flipkart-Style Frontend\\server\\node_modules\\router\\index.js:295:15\n    at processParams (C:\\Users\\mdsai\\Downloads\\Kimi_Agent_Flipkart-Style Frontend\\server\\node_modules\\router\\index.js:582:12)\n    at next (C:\\Users\\mdsai\\Downloads\\Kimi_Agent_Flipkart-Style Frontend\\server\\node_modules\\router\\index.js:291:5)\n    at router.handle (C:\\Users\\mdsai\\Downloads\\Kimi_Agent_Flipkart-Style Frontend\\server\\node_modules\\router\\index.js:186:3)\n    at router (C:\\Users\\mdsai\\Downloads\\Kimi_Agent_Flipkart-Style Frontend\\server\\node_modules\\router\\index.js:60:12)\n    at Layer.handleRequest (C:\\Users\\mdsai\\Downloads\\Kimi_Agent_Flipkart-Style Frontend\\server\\node_modules\\router\\lib\\layer.js:152:17)\n    at trimPrefix (C:\\Users\\mdsai\\Downloads\\Kimi_Agent_Flipkart-Style Frontend\\server\\node_modules\\router\\index.js:342:13)\n    at C:\\Users\\mdsai\\Downloads\\Kimi_Agent_Flipkart-Style Frontend\\server\\node_modules\\router\\index.js:297:9\n    at processParams (C:\\Users\\mdsai\\Downloads\\Kimi_Agent_Flipkart-Style Frontend\\server\\node_modules\\router\\index.js:582:12)\n    at next (C:\\Users\\mdsai\\Downloads\\Kimi_Agent_Flipkart-Style Frontend\\server\\node_modules\\router\\index.js:291:5)\n    at next (C:\\Users\\mdsai\\Downloads\\Kimi_Agent_Flipkart-Style Frontend\\server\\middleware\\adminNotificationMiddleware.js:11:16)\n    at Layer.handleRequest (C:\\Users\\mdsai\\Downloads\\Kimi_Agent_Flipkart-Style Frontend\\server\\node_modules\\router\\lib\\layer.js:152:17)\n    at trimPrefix (C:\\Users\\mdsai\\Downloads\\Kimi_Agent_Flipkart-Style Frontend\\server\\node_modules\\router\\index.js:342:13)\n    at C:\\Users\\mdsai\\Downloads\\Kimi_Agent_Flipkart-Style Frontend\\server\\node_modules\\router\\index.js:297:9\n    at processParams (C:\\Users\\mdsai\\Downloads\\Kimi_Agent_Flipkart-Style Frontend\\server\\node_modules\\router\\index.js:582:12)\n    at next (C:\\Users\\mdsai\\Downloads\\Kimi_Agent_Flipkart-Style Frontend\\server\\node_modules\\router\\index.js:291:5)\n    at next (C:\\Users\\mdsai\\Downloads\\Kimi_Agent_Flipkart-Style Frontend\\server\\middleware\\activityEmailMiddleware.js:11:16)\n    at Layer.handleRequest (C:\\Users\\mdsai\\Downloads\\Kimi_Agent_Flipkart-Style Frontend\\server\\node_modules\\router\\lib\\layer.js:152:17)\n    at trimPrefix (C:\\Users\\mdsai\\Downloads\\Kimi_Agent_Flipkart-Style Frontend\\server\\node_modules\\router\\index.js:342:13)\n    at C:\\Users\\mdsai\\Downloads\\Kimi_Agent_Flipkart-Style Frontend\\server\\node_modules\\router\\index.js:297:9\n    at processParams (C:\\Users\\mdsai\\Downloads\\Kimi_Agent_Flipkart-Style Frontend\\server\\node_modules\\router\\index.js:582:12)\n    at next (C:\\Users\\mdsai\\Downloads\\Kimi_Agent_Flipkart-Style Frontend\\server\\node_modules\\router\\index.js:291:5)\n    at next (C:\\Users\\mdsai\\Downloads\\Kimi_Agent_Flipkart-Style Frontend\\server\\middleware\\xssSanitizer.js:36:5)\n    at Layer.handleRequest (C:\\Users\\mdsai\\Downloads\\Kimi_Agent_Flipkart-Style Frontend\\server\\node_modules\\router\\lib\\layer.js:152:17)\n    at trimPrefix (C:\\Users\\mdsai\\Downloads\\Kimi_Agent_Flipkart-Style Frontend\\server\\node_modules\\router\\index.js:342:13)\n    at C:\\Users\\mdsai\\Downloads\\Kimi_Agent_Flipkart-Style Frontend\\server\\node_modules\\router\\index.js:297:9\n    at processParams (C:\\Users\\mdsai\\Downloads\\Kimi_Agent_Flipkart-Style Frontend\\server\\node_modules\\router\\index.js:582:12)\n    at next (C:\\Users\\mdsai\\Downloads\\Kimi_Agent_Flipkart-Style Frontend\\server\\node_modules\\router\\index.js:291:5)\n    at next (C:\\Users\\mdsai\\Downloads\\Kimi_Agent_Flipkart-Style Frontend\\server\\middleware\\securityMiddleware.js:37:9)\n    at Layer.handleRequest (C:\\Users\\mdsai\\Downloads\\Kimi_Agent_Flipkart-Style Frontend\\server\\node_modules\\router\\lib\\layer.js:152:17)\n    at trimPrefix (C:\\Users\\mdsai\\Downloads\\Kimi_Agent_Flipkart-Style Frontend\\server\\node_modules\\router\\index.js:342:13)\n    at C:\\Users\\mdsai\\Downloads\\Kimi_Agent_Flipkart-Style Frontend\\server\\node_modules\\router\\index.js:297:9\n    at processParams (C:\\Users\\mdsai\\Downloads\\Kimi_Agent_Flipkart-Style Frontend\\server\\node_modules\\router\\index.js:582:12)\n    at next (C:\\Users\\mdsai\\Downloads\\Kimi_Agent_Flipkart-Style Frontend\\server\\node_modules\\router\\index.js:291:5)\n    at C:\\Users\\mdsai\\Downloads\\Kimi_Agent_Flipkart-Style Frontend\\server\\node_modules\\body-parser\\lib\\read.js:171:5\n    at AsyncResource.runInAsyncScope (node:async_hooks:214:14)\n    at invokeCallback (C:\\Users\\mdsai\\Downloads\\Kimi_Agent_Flipkart-Style Frontend\\server\\node_modules\\raw-body\\index.js:238:16)\n    at done (C:\\Users\\mdsai\\Downloads\\Kimi_Agent_Flipkart-Style Frontend\\server\\node_modules\\raw-body\\index.js:227:7)\n    at IncomingMessage.onEnd (C:\\Users\\mdsai\\Downloads\\Kimi_Agent_Flipkart-Style Frontend\\server\\node_modules\\raw-body\\index.js:287:7)\n    at IncomingMessage.emit (node:events:508:28)\n    at endReadableNT (node:internal/streams/readable:1701:12)\n    at processTicksAndRejections (node:internal/process/task_queues:89:21)","name":"Error"},"type":"AppError","method":"POST","url":"/api/otp/verify","statusCode":400,"requestId":"fdb6f829-be75-4d22-912c-5ecfb1e97978","clientSessionId":"","clientRoute":""}

    [0m [90m 24 |[39m     info[33m:[39m (message[33m,[39m meta) [33m=>[39m console[33m.[39mlog(formatMessage([32m'info'[39m[33m,[39m message[33m,[39m meta))[33m,[39m
     [90m 25 |[39m     warn[33m:[39m (message[33m,[39m meta) [33m=>[39m console[33m.[39mwarn(formatMessage([32m'warn'[39m[33m,[39m message[33m,[39m meta))[33m,[39m
    [31m[1m>[22m[39m[90m 26 |[39m     error[33m:[39m (message[33m,[39m meta) [33m=>[39m console[33m.[39merror(formatMessage([32m'error'[39m[33m,[39m message[33m,[39m meta))[33m,[39m
     [90m    |[39m                                       [31m[1m^[22m[39m
     [90m 27 |[39m     debug[33m:[39m (message[33m,[39m meta) [33m=>[39m {
     [90m 28 |[39m         [36mif[39m (process[33m.[39menv[33m.[39m[33mNODE_ENV[39m [33m!==[39m [32m'production'[39m) {
     [90m 29 |[39m             console[33m.[39mdebug(formatMessage([32m'debug'[39m[33m,[39m message[33m,[39m meta))[33m;[39m[0m

      at Object.error (utils/logger.js:26:39)
      at error (middleware/errorMiddleware.js:34:12)
      at Layer.handleError (node_modules/router/lib/layer.js:116:17)
      at trimPrefix (node_modules/router/index.js:340:13)
      at node_modules/router/index.js:297:9
      at processParams (node_modules/router/index.js:582:12)
      at next (node_modules/router/index.js:291:5)
      at Layer.handleError (node_modules/router/lib/layer.js:111:12)
      at trimPrefix (node_modules/router/index.js:340:13)
      at node_modules/router/index.js:297:9
      at processParams (node_modules/router/index.js:582:12)
      at next (node_modules/router/index.js:291:5)
      at node_modules/router/index.js:688:15
      at next (node_modules/router/index.js:276:14)
      at next (node_modules/router/lib/route.js:132:14)
      at next (controllers/otpController.js:950:16)
      at asyncUtilWrap (node_modules/express-async-handler/index.js:3:20)
      at Layer.handleRequest (node_modules/router/lib/layer.js:152:17)
      at next (node_modules/router/lib/route.js:157:13)
      at next (middleware/distributedRateLimit.js:103:53)
      at Layer.handleRequest (node_modules/router/lib/layer.js:152:17)
      at next (node_modules/router/lib/route.js:157:13)
      at Route.dispatch (node_modules/router/lib/route.js:117:3)
      at handle (node_modules/router/index.js:435:11)
      at Layer.handleRequest (node_modules/router/lib/layer.js:152:17)
      at node_modules/router/index.js:295:15
      at processParams (node_modules/router/index.js:582:12)
      at next (node_modules/router/index.js:291:5)
      at router.handle (node_modules/router/index.js:186:3)
      at router (node_modules/router/index.js:60:12)
      at Layer.handleRequest (node_modules/router/lib/layer.js:152:17)
      at trimPrefix (node_modules/router/index.js:342:13)
      at node_modules/router/index.js:297:9
      at processParams (node_modules/router/index.js:582:12)
      at next (node_modules/router/index.js:291:5)
      at next (middleware/adminNotificationMiddleware.js:11:16)
      at Layer.handleRequest (node_modules/router/lib/layer.js:152:17)
      at trimPrefix (node_modules/router/index.js:342:13)
      at node_modules/router/index.js:297:9
      at processParams (node_modules/router/index.js:582:12)
      at next (node_modules/router/index.js:291:5)
      at next (middleware/activityEmailMiddleware.js:11:16)
      at Layer.handleRequest (node_modules/router/lib/layer.js:152:17)
      at trimPrefix (node_modules/router/index.js:342:13)
      at node_modules/router/index.js:297:9
      at processParams (node_modules/router/index.js:582:12)
      at next (node_modules/router/index.js:291:5)
      at next (middleware/xssSanitizer.js:36:5)
      at Layer.handleRequest (node_modules/router/lib/layer.js:152:17)
      at trimPrefix (node_modules/router/index.js:342:13)
      at node_modules/router/index.js:297:9
      at processParams (node_modules/router/index.js:582:12)
      at next (node_modules/router/index.js:291:5)
      at next (middleware/securityMiddleware.js:37:9)
      at Layer.handleRequest (node_modules/router/lib/layer.js:152:17)
      at trimPrefix (node_modules/router/index.js:342:13)
      at node_modules/router/index.js:297:9
      at processParams (node_modules/router/index.js:582:12)
      at next (node_modules/router/index.js:291:5)
      at node_modules/body-parser/lib/read.js:171:5
      at invokeCallback (node_modules/raw-body/index.js:238:16)
      at done (node_modules/raw-body/index.js:227:7)
      at IncomingMessage.onEnd (node_modules/raw-body/index.js:287:7)

  console.log
    {"timestamp":"2026-03-16T16:47:00.459Z","level":"info","message":"HTTP Request","hostname":"LAPTOP-2S5UTCOT","pid":14884,"method":"POST","url":"/api/otp/verify","status":400,"durationMs":3,"requestId":"fdb6f829-be75-4d22-912c-5ecfb1e97978","clientSessionId":"","clientRoute":"","ip":"::ffff:127.0.0.1"}

      at Object.log [as info] (utils/logger.js:24:38)

  console.error
    {"timestamp":"2026-03-16T16:47:00.470Z","level":"error","message":"OTP purpose is required","hostname":"LAPTOP-2S5UTCOT","pid":14884,"error":{"message":"OTP purpose is required","stack":"Error: OTP purpose is required\n    at C:\\Users\\mdsai\\Downloads\\Kimi_Agent_Flipkart-Style Frontend\\server\\controllers\\otpController.js:953:21\n    at asyncUtilWrap (C:\\Users\\mdsai\\Downloads\\Kimi_Agent_Flipkart-Style Frontend\\server\\node_modules\\express-async-handler\\index.js:3:20)\n    at Layer.handleRequest (C:\\Users\\mdsai\\Downloads\\Kimi_Agent_Flipkart-Style Frontend\\server\\node_modules\\router\\lib\\layer.js:152:17)\n    at next (C:\\Users\\mdsai\\Downloads\\Kimi_Agent_Flipkart-Style Frontend\\server\\node_modules\\router\\lib\\route.js:157:13)\n    at next (C:\\Users\\mdsai\\Downloads\\Kimi_Agent_Flipkart-Style Frontend\\server\\middleware\\distributedRateLimit.js:103:53)\n    at Layer.handleRequest (C:\\Users\\mdsai\\Downloads\\Kimi_Agent_Flipkart-Style Frontend\\server\\node_modules\\router\\lib\\layer.js:152:17)\n    at next (C:\\Users\\mdsai\\Downloads\\Kimi_Agent_Flipkart-Style Frontend\\server\\node_modules\\router\\lib\\route.js:157:13)\n    at Route.dispatch (C:\\Users\\mdsai\\Downloads\\Kimi_Agent_Flipkart-Style Frontend\\server\\node_modules\\router\\lib\\route.js:117:3)\n    at handle (C:\\Users\\mdsai\\Downloads\\Kimi_Agent_Flipkart-Style Frontend\\server\\node_modules\\router\\index.js:435:11)\n    at Layer.handleRequest (C:\\Users\\mdsai\\Downloads\\Kimi_Agent_Flipkart-Style Frontend\\server\\node_modules\\router\\lib\\layer.js:152:17)\n    at C:\\Users\\mdsai\\Downloads\\Kimi_Agent_Flipkart-Style Frontend\\server\\node_modules\\router\\index.js:295:15\n    at processParams (C:\\Users\\mdsai\\Downloads\\Kimi_Agent_Flipkart-Style Frontend\\server\\node_modules\\router\\index.js:582:12)\n    at next (C:\\Users\\mdsai\\Downloads\\Kimi_Agent_Flipkart-Style Frontend\\server\\node_modules\\router\\index.js:291:5)\n    at router.handle (C:\\Users\\mdsai\\Downloads\\Kimi_Agent_Flipkart-Style Frontend\\server\\node_modules\\router\\index.js:186:3)\n    at router (C:\\Users\\mdsai\\Downloads\\Kimi_Agent_Flipkart-Style Frontend\\server\\node_modules\\router\\index.js:60:12)\n    at Layer.handleRequest (C:\\Users\\mdsai\\Downloads\\Kimi_Agent_Flipkart-Style Frontend\\server\\node_modules\\router\\lib\\layer.js:152:17)\n    at trimPrefix (C:\\Users\\mdsai\\Downloads\\Kimi_Agent_Flipkart-Style Frontend\\server\\node_modules\\router\\index.js:342:13)\n    at C:\\Users\\mdsai\\Downloads\\Kimi_Agent_Flipkart-Style Frontend\\server\\node_modules\\router\\index.js:297:9\n    at processParams (C:\\Users\\mdsai\\Downloads\\Kimi_Agent_Flipkart-Style Frontend\\server\\node_modules\\router\\index.js:582:12)\n    at next (C:\\Users\\mdsai\\Downloads\\Kimi_Agent_Flipkart-Style Frontend\\server\\node_modules\\router\\index.js:291:5)\n    at next (C:\\Users\\mdsai\\Downloads\\Kimi_Agent_Flipkart-Style Frontend\\server\\middleware\\adminNotificationMiddleware.js:11:16)\n    at Layer.handleRequest (C:\\Users\\mdsai\\Downloads\\Kimi_Agent_Flipkart-Style Frontend\\server\\node_modules\\router\\lib\\layer.js:152:17)\n    at trimPrefix (C:\\Users\\mdsai\\Downloads\\Kimi_Agent_Flipkart-Style Frontend\\server\\node_modules\\router\\index.js:342:13)\n    at C:\\Users\\mdsai\\Downloads\\Kimi_Agent_Flipkart-Style Frontend\\server\\node_modules\\router\\index.js:297:9\n    at processParams (C:\\Users\\mdsai\\Downloads\\Kimi_Agent_Flipkart-Style Frontend\\server\\node_modules\\router\\index.js:582:12)\n    at next (C:\\Users\\mdsai\\Downloads\\Kimi_Agent_Flipkart-Style Frontend\\server\\node_modules\\router\\index.js:291:5)\n    at next (C:\\Users\\mdsai\\Downloads\\Kimi_Agent_Flipkart-Style Frontend\\server\\middleware\\activityEmailMiddleware.js:11:16)\n    at Layer.handleRequest (C:\\Users\\mdsai\\Downloads\\Kimi_Agent_Flipkart-Style Frontend\\server\\node_modules\\router\\lib\\layer.js:152:17)\n    at trimPrefix (C:\\Users\\mdsai\\Downloads\\Kimi_Agent_Flipkart-Style Frontend\\server\\node_modules\\router\\index.js:342:13)\n    at C:\\Users\\mdsai\\Downloads\\Kimi_Agent_Flipkart-Style Frontend\\server\\node_modules\\router\\index.js:297:9\n    at processParams (C:\\Users\\mdsai\\Downloads\\Kimi_Agent_Flipkart-Style Frontend\\server\\node_modules\\router\\index.js:582:12)\n    at next (C:\\Users\\mdsai\\Downloads\\Kimi_Agent_Flipkart-Style Frontend\\server\\node_modules\\router\\index.js:291:5)\n    at next (C:\\Users\\mdsai\\Downloads\\Kimi_Agent_Flipkart-Style Frontend\\server\\middleware\\xssSanitizer.js:36:5)\n    at Layer.handleRequest (C:\\Users\\mdsai\\Downloads\\Kimi_Agent_Flipkart-Style Frontend\\server\\node_modules\\router\\lib\\layer.js:152:17)\n    at trimPrefix (C:\\Users\\mdsai\\Downloads\\Kimi_Agent_Flipkart-Style Frontend\\server\\node_modules\\router\\index.js:342:13)\n    at C:\\Users\\mdsai\\Downloads\\Kimi_Agent_Flipkart-Style Frontend\\server\\node_modules\\router\\index.js:297:9\n    at processParams (C:\\Users\\mdsai\\Downloads\\Kimi_Agent_Flipkart-Style Frontend\\server\\node_modules\\router\\index.js:582:12)\n    at next (C:\\Users\\mdsai\\Downloads\\Kimi_Agent_Flipkart-Style Frontend\\server\\node_modules\\router\\index.js:291:5)\n    at next (C:\\Users\\mdsai\\Downloads\\Kimi_Agent_Flipkart-Style Frontend\\server\\middleware\\securityMiddleware.js:37:9)\n    at Layer.handleRequest (C:\\Users\\mdsai\\Downloads\\Kimi_Agent_Flipkart-Style Frontend\\server\\node_modules\\router\\lib\\layer.js:152:17)\n    at trimPrefix (C:\\Users\\mdsai\\Downloads\\Kimi_Agent_Flipkart-Style Frontend\\server\\node_modules\\router\\index.js:342:13)\n    at C:\\Users\\mdsai\\Downloads\\Kimi_Agent_Flipkart-Style Frontend\\server\\node_modules\\router\\index.js:297:9\n    at processParams (C:\\Users\\mdsai\\Downloads\\Kimi_Agent_Flipkart-Style Frontend\\server\\node_modules\\router\\index.js:582:12)\n    at next (C:\\Users\\mdsai\\Downloads\\Kimi_Agent_Flipkart-Style Frontend\\server\\node_modules\\router\\index.js:291:5)\n    at C:\\Users\\mdsai\\Downloads\\Kimi_Agent_Flipkart-Style Frontend\\server\\node_modules\\body-parser\\lib\\read.js:171:5\n    at AsyncResource.runInAsyncScope (node:async_hooks:214:14)\n    at invokeCallback (C:\\Users\\mdsai\\Downloads\\Kimi_Agent_Flipkart-Style Frontend\\server\\node_modules\\raw-body\\index.js:238:16)\n    at done (C:\\Users\\mdsai\\Downloads\\Kimi_Agent_Flipkart-Style Frontend\\server\\node_modules\\raw-body\\index.js:227:7)\n    at IncomingMessage.onEnd (C:\\Users\\mdsai\\Downloads\\Kimi_Agent_Flipkart-Style Frontend\\server\\node_modules\\raw-body\\index.js:287:7)\n    at IncomingMessage.emit (node:events:508:28)\n    at endReadableNT (node:internal/streams/readable:1701:12)\n    at processTicksAndRejections (node:internal/process/task_queues:89:21)","name":"Error"},"type":"AppError","method":"POST","url":"/api/otp/verify","statusCode":400,"requestId":"23e8019d-8038-4f81-a69c-9b88314bb6b4","clientSessionId":"","clientRoute":""}

    [0m [90m 24 |[39m     info[33m:[39m (message[33m,[39m meta) [33m=>[39m console[33m.[39mlog(formatMessage([32m'info'[39m[33m,[39m message[33m,[39m meta))[33m,[39m
     [90m 25 |[39m     warn[33m:[39m (message[33m,[39m meta) [33m=>[39m console[33m.[39mwarn(formatMessage([32m'warn'[39m[33m,[39m message[33m,[39m meta))[33m,[39m
    [31m[1m>[22m[39m[90m 26 |[39m     error[33m:[39m (message[33m,[39m meta) [33m=>[39m console[33m.[39merror(formatMessage([32m'error'[39m[33m,[39m message[33m,[39m meta))[33m,[39m
     [90m    |[39m                                       [31m[1m^[22m[39m
     [90m 27 |[39m     debug[33m:[39m (message[33m,[39m meta) [33m=>[39m {
     [90m 28 |[39m         [36mif[39m (process[33m.[39menv[33m.[39m[33mNODE_ENV[39m [33m!==[39m [32m'production'[39m) {
     [90m 29 |[39m             console[33m.[39mdebug(formatMessage([32m'debug'[39m[33m,[39m message[33m,[39m meta))[33m;[39m[0m

      at Object.error (utils/logger.js:26:39)
      at error (middleware/errorMiddleware.js:34:12)
      at Layer.handleError (node_modules/router/lib/layer.js:116:17)
      at trimPrefix (node_modules/router/index.js:340:13)
      at node_modules/router/index.js:297:9
      at processParams (node_modules/router/index.js:582:12)
      at next (node_modules/router/index.js:291:5)
      at Layer.handleError (node_modules/router/lib/layer.js:111:12)
      at trimPrefix (node_modules/router/index.js:340:13)
      at node_modules/router/index.js:297:9
      at processParams (node_modules/router/index.js:582:12)
      at next (node_modules/router/index.js:291:5)
      at node_modules/router/index.js:688:15
      at next (node_modules/router/index.js:276:14)
      at next (node_modules/router/lib/route.js:132:14)
      at next (controllers/otpController.js:953:16)
      at asyncUtilWrap (node_modules/express-async-handler/index.js:3:20)
      at Layer.handleRequest (node_modules/router/lib/layer.js:152:17)
      at next (node_modules/router/lib/route.js:157:13)
      at next (middleware/distributedRateLimit.js:103:53)
      at Layer.handleRequest (node_modules/router/lib/layer.js:152:17)
      at next (node_modules/router/lib/route.js:157:13)
      at Route.dispatch (node_modules/router/lib/route.js:117:3)
      at handle (node_modules/router/index.js:435:11)
      at Layer.handleRequest (node_modules/router/lib/layer.js:152:17)
      at node_modules/router/index.js:295:15
      at processParams (node_modules/router/index.js:582:12)
      at next (node_modules/router/index.js:291:5)
      at router.handle (node_modules/router/index.js:186:3)
      at router (node_modules/router/index.js:60:12)
      at Layer.handleRequest (node_modules/router/lib/layer.js:152:17)
      at trimPrefix (node_modules/router/index.js:342:13)
      at node_modules/router/index.js:297:9
      at processParams (node_modules/router/index.js:582:12)
      at next (node_modules/router/index.js:291:5)
      at next (middleware/adminNotificationMiddleware.js:11:16)
      at Layer.handleRequest (node_modules/router/lib/layer.js:152:17)
      at trimPrefix (node_modules/router/index.js:342:13)
      at node_modules/router/index.js:297:9
      at processParams (node_modules/router/index.js:582:12)
      at next (node_modules/router/index.js:291:5)
      at next (middleware/activityEmailMiddleware.js:11:16)
      at Layer.handleRequest (node_modules/router/lib/layer.js:152:17)
      at trimPrefix (node_modules/router/index.js:342:13)
      at node_modules/router/index.js:297:9
      at processParams (node_modules/router/index.js:582:12)
      at next (node_modules/router/index.js:291:5)
      at next (middleware/xssSanitizer.js:36:5)
      at Layer.handleRequest (node_modules/router/lib/layer.js:152:17)
      at trimPrefix (node_modules/router/index.js:342:13)
      at node_modules/router/index.js:297:9
      at processParams (node_modules/router/index.js:582:12)
      at next (node_modules/router/index.js:291:5)
      at next (middleware/securityMiddleware.js:37:9)
      at Layer.handleRequest (node_modules/router/lib/layer.js:152:17)
      at trimPrefix (node_modules/router/index.js:342:13)
      at node_modules/router/index.js:297:9
      at processParams (node_modules/router/index.js:582:12)
      at next (node_modules/router/index.js:291:5)
      at node_modules/body-parser/lib/read.js:171:5
      at invokeCallback (node_modules/raw-body/index.js:238:16)
      at done (node_modules/raw-body/index.js:227:7)
      at IncomingMessage.onEnd (node_modules/raw-body/index.js:287:7)

  console.log
    {"timestamp":"2026-03-16T16:47:00.473Z","level":"info","message":"HTTP Request","hostname":"LAPTOP-2S5UTCOT","pid":14884,"method":"POST","url":"/api/otp/verify","status":400,"durationMs":4,"requestId":"23e8019d-8038-4f81-a69c-9b88314bb6b4","clientSessionId":"","clientRoute":"","ip":"::ffff:127.0.0.1"}

      at Object.log [as info] (utils/logger.js:24:38)

  console.error
    {"timestamp":"2026-03-16T16:47:00.485Z","level":"error","message":"Phone number is required","hostname":"LAPTOP-2S5UTCOT","pid":14884,"error":{"message":"Phone number is required","stack":"Error: Phone number is required\n    at C:\\Users\\mdsai\\Downloads\\Kimi_Agent_Flipkart-Style Frontend\\server\\controllers\\otpController.js:947:21\n    at asyncUtilWrap (C:\\Users\\mdsai\\Downloads\\Kimi_Agent_Flipkart-Style Frontend\\server\\node_modules\\express-async-handler\\index.js:3:20)\n    at Layer.handleRequest (C:\\Users\\mdsai\\Downloads\\Kimi_Agent_Flipkart-Style Frontend\\server\\node_modules\\router\\lib\\layer.js:152:17)\n    at next (C:\\Users\\mdsai\\Downloads\\Kimi_Agent_Flipkart-Style Frontend\\server\\node_modules\\router\\lib\\route.js:157:13)\n    at next (C:\\Users\\mdsai\\Downloads\\Kimi_Agent_Flipkart-Style Frontend\\server\\middleware\\distributedRateLimit.js:103:53)\n    at Layer.handleRequest (C:\\Users\\mdsai\\Downloads\\Kimi_Agent_Flipkart-Style Frontend\\server\\node_modules\\router\\lib\\layer.js:152:17)\n    at next (C:\\Users\\mdsai\\Downloads\\Kimi_Agent_Flipkart-Style Frontend\\server\\node_modules\\router\\lib\\route.js:157:13)\n    at Route.dispatch (C:\\Users\\mdsai\\Downloads\\Kimi_Agent_Flipkart-Style Frontend\\server\\node_modules\\router\\lib\\route.js:117:3)\n    at handle (C:\\Users\\mdsai\\Downloads\\Kimi_Agent_Flipkart-Style Frontend\\server\\node_modules\\router\\index.js:435:11)\n    at Layer.handleRequest (C:\\Users\\mdsai\\Downloads\\Kimi_Agent_Flipkart-Style Frontend\\server\\node_modules\\router\\lib\\layer.js:152:17)\n    at C:\\Users\\mdsai\\Downloads\\Kimi_Agent_Flipkart-Style Frontend\\server\\node_modules\\router\\index.js:295:15\n    at processParams (C:\\Users\\mdsai\\Downloads\\Kimi_Agent_Flipkart-Style Frontend\\server\\node_modules\\router\\index.js:582:12)\n    at next (C:\\Users\\mdsai\\Downloads\\Kimi_Agent_Flipkart-Style Frontend\\server\\node_modules\\router\\index.js:291:5)\n    at router.handle (C:\\Users\\mdsai\\Downloads\\Kimi_Agent_Flipkart-Style Frontend\\server\\node_modules\\router\\index.js:186:3)\n    at router (C:\\Users\\mdsai\\Downloads\\Kimi_Agent_Flipkart-Style Frontend\\server\\node_modules\\router\\index.js:60:12)\n    at Layer.handleRequest (C:\\Users\\mdsai\\Downloads\\Kimi_Agent_Flipkart-Style Frontend\\server\\node_modules\\router\\lib\\layer.js:152:17)\n    at trimPrefix (C:\\Users\\mdsai\\Downloads\\Kimi_Agent_Flipkart-Style Frontend\\server\\node_modules\\router\\index.js:342:13)\n    at C:\\Users\\mdsai\\Downloads\\Kimi_Agent_Flipkart-Style Frontend\\server\\node_modules\\router\\index.js:297:9\n    at processParams (C:\\Users\\mdsai\\Downloads\\Kimi_Agent_Flipkart-Style Frontend\\server\\node_modules\\router\\index.js:582:12)\n    at next (C:\\Users\\mdsai\\Downloads\\Kimi_Agent_Flipkart-Style Frontend\\server\\node_modules\\router\\index.js:291:5)\n    at next (C:\\Users\\mdsai\\Downloads\\Kimi_Agent_Flipkart-Style Frontend\\server\\middleware\\adminNotificationMiddleware.js:11:16)\n    at Layer.handleRequest (C:\\Users\\mdsai\\Downloads\\Kimi_Agent_Flipkart-Style Frontend\\server\\node_modules\\router\\lib\\layer.js:152:17)\n    at trimPrefix (C:\\Users\\mdsai\\Downloads\\Kimi_Agent_Flipkart-Style Frontend\\server\\node_modules\\router\\index.js:342:13)\n    at C:\\Users\\mdsai\\Downloads\\Kimi_Agent_Flipkart-Style Frontend\\server\\node_modules\\router\\index.js:297:9\n    at processParams (C:\\Users\\mdsai\\Downloads\\Kimi_Agent_Flipkart-Style Frontend\\server\\node_modules\\router\\index.js:582:12)\n    at next (C:\\Users\\mdsai\\Downloads\\Kimi_Agent_Flipkart-Style Frontend\\server\\node_modules\\router\\index.js:291:5)\n    at next (C:\\Users\\mdsai\\Downloads\\Kimi_Agent_Flipkart-Style Frontend\\server\\middleware\\activityEmailMiddleware.js:11:16)\n    at Layer.handleRequest (C:\\Users\\mdsai\\Downloads\\Kimi_Agent_Flipkart-Style Frontend\\server\\node_modules\\router\\lib\\layer.js:152:17)\n    at trimPrefix (C:\\Users\\mdsai\\Downloads\\Kimi_Agent_Flipkart-Style Frontend\\server\\node_modules\\router\\index.js:342:13)\n    at C:\\Users\\mdsai\\Downloads\\Kimi_Agent_Flipkart-Style Frontend\\server\\node_modules\\router\\index.js:297:9\n    at processParams (C:\\Users\\mdsai\\Downloads\\Kimi_Agent_Flipkart-Style Frontend\\server\\node_modules\\router\\index.js:582:12)\n    at next (C:\\Users\\mdsai\\Downloads\\Kimi_Agent_Flipkart-Style Frontend\\server\\node_modules\\router\\index.js:291:5)\n    at next (C:\\Users\\mdsai\\Downloads\\Kimi_Agent_Flipkart-Style Frontend\\server\\middleware\\xssSanitizer.js:36:5)\n    at Layer.handleRequest (C:\\Users\\mdsai\\Downloads\\Kimi_Agent_Flipkart-Style Frontend\\server\\node_modules\\router\\lib\\layer.js:152:17)\n    at trimPrefix (C:\\Users\\mdsai\\Downloads\\Kimi_Agent_Flipkart-Style Frontend\\server\\node_modules\\router\\index.js:342:13)\n    at C:\\Users\\mdsai\\Downloads\\Kimi_Agent_Flipkart-Style Frontend\\server\\node_modules\\router\\index.js:297:9\n    at processParams (C:\\Users\\mdsai\\Downloads\\Kimi_Agent_Flipkart-Style Frontend\\server\\node_modules\\router\\index.js:582:12)\n    at next (C:\\Users\\mdsai\\Downloads\\Kimi_Agent_Flipkart-Style Frontend\\server\\node_modules\\router\\index.js:291:5)\n    at next (C:\\Users\\mdsai\\Downloads\\Kimi_Agent_Flipkart-Style Frontend\\server\\middleware\\securityMiddleware.js:37:9)\n    at Layer.handleRequest (C:\\Users\\mdsai\\Downloads\\Kimi_Agent_Flipkart-Style Frontend\\server\\node_modules\\router\\lib\\layer.js:152:17)\n    at trimPrefix (C:\\Users\\mdsai\\Downloads\\Kimi_Agent_Flipkart-Style Frontend\\server\\node_modules\\router\\index.js:342:13)\n    at C:\\Users\\mdsai\\Downloads\\Kimi_Agent_Flipkart-Style Frontend\\server\\node_modules\\router\\index.js:297:9\n    at processParams (C:\\Users\\mdsai\\Downloads\\Kimi_Agent_Flipkart-Style Frontend\\server\\node_modules\\router\\index.js:582:12)\n    at next (C:\\Users\\mdsai\\Downloads\\Kimi_Agent_Flipkart-Style Frontend\\server\\node_modules\\router\\index.js:291:5)\n    at C:\\Users\\mdsai\\Downloads\\Kimi_Agent_Flipkart-Style Frontend\\server\\node_modules\\body-parser\\lib\\read.js:171:5\n    at AsyncResource.runInAsyncScope (node:async_hooks:214:14)\n    at invokeCallback (C:\\Users\\mdsai\\Downloads\\Kimi_Agent_Flipkart-Style Frontend\\server\\node_modules\\raw-body\\index.js:238:16)\n    at done (C:\\Users\\mdsai\\Downloads\\Kimi_Agent_Flipkart-Style Frontend\\server\\node_modules\\raw-body\\index.js:227:7)\n    at IncomingMessage.onEnd (C:\\Users\\mdsai\\Downloads\\Kimi_Agent_Flipkart-Style Frontend\\server\\node_modules\\raw-body\\index.js:287:7)\n    at IncomingMessage.emit (node:events:508:28)\n    at endReadableNT (node:internal/streams/readable:1701:12)\n    at processTicksAndRejections (node:internal/process/task_queues:89:21)","name":"Error"},"type":"AppError","method":"POST","url":"/api/otp/verify","statusCode":400,"requestId":"2a801935-90de-46b8-b946-dadeaf73630b","clientSessionId":"","clientRoute":""}

    [0m [90m 24 |[39m     info[33m:[39m (message[33m,[39m meta) [33m=>[39m console[33m.[39mlog(formatMessage([32m'info'[39m[33m,[39m message[33m,[39m meta))[33m,[39m
     [90m 25 |[39m     warn[33m:[39m (message[33m,[39m meta) [33m=>[39m console[33m.[39mwarn(formatMessage([32m'warn'[39m[33m,[39m message[33m,[39m meta))[33m,[39m
    [31m[1m>[22m[39m[90m 26 |[39m     error[33m:[39m (message[33m,[39m meta) [33m=>[39m console[33m.[39merror(formatMessage([32m'error'[39m[33m,[39m message[33m,[39m meta))[33m,[39m
     [90m    |[39m                                       [31m[1m^[22m[39m
     [90m 27 |[39m     debug[33m:[39m (message[33m,[39m meta) [33m=>[39m {
     [90m 28 |[39m         [36mif[39m (process[33m.[39menv[33m.[39m[33mNODE_ENV[39m [33m!==[39m [32m'production'[39m) {
     [90m 29 |[39m             console[33m.[39mdebug(formatMessage([32m'debug'[39m[33m,[39m message[33m,[39m meta))[33m;[39m[0m

      at Object.error (utils/logger.js:26:39)
      at error (middleware/errorMiddleware.js:34:12)
      at Layer.handleError (node_modules/router/lib/layer.js:116:17)
      at trimPrefix (node_modules/router/index.js:340:13)
      at node_modules/router/index.js:297:9
      at processParams (node_modules/router/index.js:582:12)
      at next (node_modules/router/index.js:291:5)
      at Layer.handleError (node_modules/router/lib/layer.js:111:12)
      at trimPrefix (node_modules/router/index.js:340:13)
      at node_modules/router/index.js:297:9
      at processParams (node_modules/router/index.js:582:12)
      at next (node_modules/router/index.js:291:5)
      at node_modules/router/index.js:688:15
      at next (node_modules/router/index.js:276:14)
      at next (node_modules/router/lib/route.js:132:14)
      at next (controllers/otpController.js:947:16)
      at asyncUtilWrap (node_modules/express-async-handler/index.js:3:20)
      at Layer.handleRequest (node_modules/router/lib/layer.js:152:17)
      at next (node_modules/router/lib/route.js:157:13)
      at next (middleware/distributedRateLimit.js:103:53)
      at Layer.handleRequest (node_modules/router/lib/layer.js:152:17)
      at next (node_modules/router/lib/route.js:157:13)
      at Route.dispatch (node_modules/router/lib/route.js:117:3)
      at handle (node_modules/router/index.js:435:11)
      at Layer.handleRequest (node_modules/router/lib/layer.js:152:17)
      at node_modules/router/index.js:295:15
      at processParams (node_modules/router/index.js:582:12)
      at next (node_modules/router/index.js:291:5)
      at router.handle (node_modules/router/index.js:186:3)
      at router (node_modules/router/index.js:60:12)
      at Layer.handleRequest (node_modules/router/lib/layer.js:152:17)
      at trimPrefix (node_modules/router/index.js:342:13)
      at node_modules/router/index.js:297:9
      at processParams (node_modules/router/index.js:582:12)
      at next (node_modules/router/index.js:291:5)
      at next (middleware/adminNotificationMiddleware.js:11:16)
      at Layer.handleRequest (node_modules/router/lib/layer.js:152:17)
      at trimPrefix (node_modules/router/index.js:342:13)
      at node_modules/router/index.js:297:9
      at processParams (node_modules/router/index.js:582:12)
      at next (node_modules/router/index.js:291:5)
      at next (middleware/activityEmailMiddleware.js:11:16)
      at Layer.handleRequest (node_modules/router/lib/layer.js:152:17)
      at trimPrefix (node_modules/router/index.js:342:13)
      at node_modules/router/index.js:297:9
      at processParams (node_modules/router/index.js:582:12)
      at next (node_modules/router/index.js:291:5)
      at next (middleware/xssSanitizer.js:36:5)
      at Layer.handleRequest (node_modules/router/lib/layer.js:152:17)
      at trimPrefix (node_modules/router/index.js:342:13)
      at node_modules/router/index.js:297:9
      at processParams (node_modules/router/index.js:582:12)
      at next (node_modules/router/index.js:291:5)
      at next (middleware/securityMiddleware.js:37:9)
      at Layer.handleRequest (node_modules/router/lib/layer.js:152:17)
      at trimPrefix (node_modules/router/index.js:342:13)
      at node_modules/router/index.js:297:9
      at processParams (node_modules/router/index.js:582:12)
      at next (node_modules/router/index.js:291:5)
      at node_modules/body-parser/lib/read.js:171:5
      at invokeCallback (node_modules/raw-body/index.js:238:16)
      at done (node_modules/raw-body/index.js:227:7)
      at IncomingMessage.onEnd (node_modules/raw-body/index.js:287:7)

  console.log
    {"timestamp":"2026-03-16T16:47:00.487Z","level":"info","message":"HTTP Request","hostname":"LAPTOP-2S5UTCOT","pid":14884,"method":"POST","url":"/api/otp/verify","status":400,"durationMs":3,"requestId":"2a801935-90de-46b8-b946-dadeaf73630b","clientSessionId":"","clientRoute":"","ip":"::ffff:127.0.0.1"}

      at Object.log [as info] (utils/logger.js:24:38)

  console.log
    {"timestamp":"2026-03-16T16:47:00.500Z","level":"info","message":"otp.verify_404","hostname":"LAPTOP-2S5UTCOT","pid":14884,"event":"VERIFY_404","phone":"0000000000","email":"-","purpose":"signup","ip":"127.0.0.1","requestId":"f87ab428-2173-4664-bd3c-50425dbbf82a","success":false,"reason":"user not found"}

      at Object.log [as info] (utils/logger.js:24:38)

  console.error
    {"timestamp":"2026-03-16T16:47:00.501Z","level":"error","message":"No account found with this phone number","hostname":"LAPTOP-2S5UTCOT","pid":14884,"error":{"message":"No account found with this phone number","stack":"Error: No account found with this phone number\n    at C:\\Users\\mdsai\\Downloads\\Kimi_Agent_Flipkart-Style Frontend\\server\\controllers\\otpController.js:1012:21\n    at processTicksAndRejections (node:internal/process/task_queues:103:5)","name":"Error"},"type":"AppError","method":"POST","url":"/api/otp/verify","statusCode":404,"requestId":"f87ab428-2173-4664-bd3c-50425dbbf82a","clientSessionId":"","clientRoute":""}

    [0m [90m 24 |[39m     info[33m:[39m (message[33m,[39m meta) [33m=>[39m console[33m.[39mlog(formatMessage([32m'info'[39m[33m,[39m message[33m,[39m meta))[33m,[39m
     [90m 25 |[39m     warn[33m:[39m (message[33m,[39m meta) [33m=>[39m console[33m.[39mwarn(formatMessage([32m'warn'[39m[33m,[39m message[33m,[39m meta))[33m,[39m
    [31m[1m>[22m[39m[90m 26 |[39m     error[33m:[39m (message[33m,[39m meta) [33m=>[39m console[33m.[39merror(formatMessage([32m'error'[39m[33m,[39m message[33m,[39m meta))[33m,[39m
     [90m    |[39m                                       [31m[1m^[22m[39m
     [90m 27 |[39m     debug[33m:[39m (message[33m,[39m meta) [33m=>[39m {
     [90m 28 |[39m         [36mif[39m (process[33m.[39menv[33m.[39m[33mNODE_ENV[39m [33m!==[39m [32m'production'[39m) {
     [90m 29 |[39m             console[33m.[39mdebug(formatMessage([32m'debug'[39m[33m,[39m message[33m,[39m meta))[33m;[39m[0m

      at Object.error (utils/logger.js:26:39)
      at error (middleware/errorMiddleware.js:34:12)
      at Layer.handleError (node_modules/router/lib/layer.js:116:17)
      at trimPrefix (node_modules/router/index.js:340:13)
      at node_modules/router/index.js:297:9
      at processParams (node_modules/router/index.js:582:12)
      at next (node_modules/router/index.js:291:5)
      at Layer.handleError (node_modules/router/lib/layer.js:111:12)
      at trimPrefix (node_modules/router/index.js:340:13)
      at node_modules/router/index.js:297:9
      at processParams (node_modules/router/index.js:582:12)
      at next (node_modules/router/index.js:291:5)
      at node_modules/router/index.js:688:15
      at next (node_modules/router/index.js:276:14)
      at next (node_modules/router/lib/route.js:132:14)
      at next (controllers/otpController.js:1012:16)

  console.log
    {"timestamp":"2026-03-16T16:47:00.502Z","level":"info","message":"HTTP Request","hostname":"LAPTOP-2S5UTCOT","pid":14884,"method":"POST","url":"/api/otp/verify","status":404,"durationMs":7,"requestId":"f87ab428-2173-4664-bd3c-50425dbbf82a","clientSessionId":"","clientRoute":"","ip":"::ffff:127.0.0.1"}

      at Object.log [as info] (utils/logger.js:24:38)

  console.log
    {"timestamp":"2026-03-16T16:47:00.530Z","level":"info","message":"otp.verify_404","hostname":"LAPTOP-2S5UTCOT","pid":14884,"event":"VERIFY_404","phone":"9437200047","email":"-","purpose":"signup","ip":"127.0.0.1","requestId":"1226cc59-d1ec-4e75-be16-94b4099066e9","success":false,"reason":"user not found"}

      at Object.log [as info] (utils/logger.js:24:38)

  console.error
    {"timestamp":"2026-03-16T16:47:00.531Z","level":"error","message":"No account found with this phone number","hostname":"LAPTOP-2S5UTCOT","pid":14884,"error":{"message":"No account found with this phone number","stack":"Error: No account found with this phone number\n    at C:\\Users\\mdsai\\Downloads\\Kimi_Agent_Flipkart-Style Frontend\\server\\controllers\\otpController.js:1012:21\n    at processTicksAndRejections (node:internal/process/task_queues:103:5)","name":"Error"},"type":"AppError","method":"POST","url":"/api/otp/verify","statusCode":404,"requestId":"1226cc59-d1ec-4e75-be16-94b4099066e9","clientSessionId":"","clientRoute":""}

    [0m [90m 24 |[39m     info[33m:[39m (message[33m,[39m meta) [33m=>[39m console[33m.[39mlog(formatMessage([32m'info'[39m[33m,[39m message[33m,[39m meta))[33m,[39m
     [90m 25 |[39m     warn[33m:[39m (message[33m,[39m meta) [33m=>[39m console[33m.[39mwarn(formatMessage([32m'warn'[39m[33m,[39m message[33m,[39m meta))[33m,[39m
    [31m[1m>[22m[39m[90m 26 |[39m     error[33m:[39m (message[33m,[39m meta) [33m=>[39m console[33m.[39merror(formatMessage([32m'error'[39m[33m,[39m message[33m,[39m meta))[33m,[39m
     [90m    |[39m                                       [31m[1m^[22m[39m
     [90m 27 |[39m     debug[33m:[39m (message[33m,[39m meta) [33m=>[39m {
     [90m 28 |[39m         [36mif[39m (process[33m.[39menv[33m.[39m[33mNODE_ENV[39m [33m!==[39m [32m'production'[39m) {
     [90m 29 |[39m             console[33m.[39mdebug(formatMessage([32m'debug'[39m[33m,[39m message[33m,[39m meta))[33m;[39m[0m

      at Object.error (utils/logger.js:26:39)
      at error (middleware/errorMiddleware.js:34:12)
      at Layer.handleError (node_modules/router/lib/layer.js:116:17)
      at trimPrefix (node_modules/router/index.js:340:13)
      at node_modules/router/index.js:297:9
      at processParams (node_modules/router/index.js:582:12)
      at next (node_modules/router/index.js:291:5)
      at Layer.handleError (node_modules/router/lib/layer.js:111:12)
      at trimPrefix (node_modules/router/index.js:340:13)
      at node_modules/router/index.js:297:9
      at processParams (node_modules/router/index.js:582:12)
      at next (node_modules/router/index.js:291:5)
      at node_modules/router/index.js:688:15
      at next (node_modules/router/index.js:276:14)
      at next (node_modules/router/lib/route.js:132:14)
      at next (controllers/otpController.js:1012:16)

  console.log
    {"timestamp":"2026-03-16T16:47:00.533Z","level":"info","message":"HTTP Request","hostname":"LAPTOP-2S5UTCOT","pid":14884,"method":"POST","url":"/api/otp/verify","status":404,"durationMs":5,"requestId":"1226cc59-d1ec-4e75-be16-94b4099066e9","clientSessionId":"","clientRoute":"","ip":"::ffff:127.0.0.1"}

      at Object.log [as info] (utils/logger.js:24:38)

  console.log
    {"timestamp":"2026-03-16T16:47:00.561Z","level":"info","message":"otp.verify_404","hostname":"LAPTOP-2S5UTCOT","pid":14884,"event":"VERIFY_404","phone":"9437200048","email":"-","purpose":"signup","ip":"127.0.0.1","requestId":"fddeddff-ac59-4ec9-887d-c28e3aa7c967","success":false,"reason":"user not found"}

      at Object.log [as info] (utils/logger.js:24:38)

  console.error
    {"timestamp":"2026-03-16T16:47:00.562Z","level":"error","message":"No account found with this phone number","hostname":"LAPTOP-2S5UTCOT","pid":14884,"error":{"message":"No account found with this phone number","stack":"Error: No account found with this phone number\n    at C:\\Users\\mdsai\\Downloads\\Kimi_Agent_Flipkart-Style Frontend\\server\\controllers\\otpController.js:1012:21\n    at processTicksAndRejections (node:internal/process/task_queues:103:5)","name":"Error"},"type":"AppError","method":"POST","url":"/api/otp/verify","statusCode":404,"requestId":"fddeddff-ac59-4ec9-887d-c28e3aa7c967","clientSessionId":"","clientRoute":""}

    [0m [90m 24 |[39m     info[33m:[39m (message[33m,[39m meta) [33m=>[39m console[33m.[39mlog(formatMessage([32m'info'[39m[33m,[39m message[33m,[39m meta))[33m,[39m
     [90m 25 |[39m     warn[33m:[39m (message[33m,[39m meta) [33m=>[39m console[33m.[39mwarn(formatMessage([32m'warn'[39m[33m,[39m message[33m,[39m meta))[33m,[39m
    [31m[1m>[22m[39m[90m 26 |[39m     error[33m:[39m (message[33m,[39m meta) [33m=>[39m console[33m.[39merror(formatMessage([32m'error'[39m[33m,[39m message[33m,[39m meta))[33m,[39m
     [90m    |[39m                                       [31m[1m^[22m[39m
     [90m 27 |[39m     debug[33m:[39m (message[33m,[39m meta) [33m=>[39m {
     [90m 28 |[39m         [36mif[39m (process[33m.[39menv[33m.[39m[33mNODE_ENV[39m [33m!==[39m [32m'production'[39m) {
     [90m 29 |[39m             console[33m.[39mdebug(formatMessage([32m'debug'[39m[33m,[39m message[33m,[39m meta))[33m;[39m[0m

      at Object.error (utils/logger.js:26:39)
      at error (middleware/errorMiddleware.js:34:12)
      at Layer.handleError (node_modules/router/lib/layer.js:116:17)
      at trimPrefix (node_modules/router/index.js:340:13)
      at node_modules/router/index.js:297:9
      at processParams (node_modules/router/index.js:582:12)
      at next (node_modules/router/index.js:291:5)
      at Layer.handleError (node_modules/router/lib/layer.js:111:12)
      at trimPrefix (node_modules/router/index.js:340:13)
      at node_modules/router/index.js:297:9
      at processParams (node_modules/router/index.js:582:12)
      at next (node_modules/router/index.js:291:5)
      at node_modules/router/index.js:688:15
      at next (node_modules/router/index.js:276:14)
      at next (node_modules/router/lib/route.js:132:14)
      at next (controllers/otpController.js:1012:16)

  console.log
    {"timestamp":"2026-03-16T16:47:00.564Z","level":"info","message":"HTTP Request","hostname":"LAPTOP-2S5UTCOT","pid":14884,"method":"POST","url":"/api/otp/verify","status":404,"durationMs":4,"requestId":"fddeddff-ac59-4ec9-887d-c28e3aa7c967","clientSessionId":"","clientRoute":"","ip":"::ffff:127.0.0.1"}

      at Object.log [as info] (utils/logger.js:24:38)

  console.log
    {"timestamp":"2026-03-16T16:47:00.591Z","level":"info","message":"otp.verify_404","hostname":"LAPTOP-2S5UTCOT","pid":14884,"event":"VERIFY_404","phone":"9437200049","email":"-","purpose":"login","ip":"127.0.0.1","requestId":"afdc1864-c82d-401b-ac53-0d885a687bc3","success":false,"reason":"user not found"}

      at Object.log [as info] (utils/logger.js:24:38)

  console.error
    {"timestamp":"2026-03-16T16:47:00.592Z","level":"error","message":"No account found with this phone number","hostname":"LAPTOP-2S5UTCOT","pid":14884,"error":{"message":"No account found with this phone number","stack":"Error: No account found with this phone number\n    at C:\\Users\\mdsai\\Downloads\\Kimi_Agent_Flipkart-Style Frontend\\server\\controllers\\otpController.js:1012:21\n    at processTicksAndRejections (node:internal/process/task_queues:103:5)","name":"Error"},"type":"AppError","method":"POST","url":"/api/otp/verify","statusCode":404,"requestId":"afdc1864-c82d-401b-ac53-0d885a687bc3","clientSessionId":"","clientRoute":""}

    [0m [90m 24 |[39m     info[33m:[39m (message[33m,[39m meta) [33m=>[39m console[33m.[39mlog(formatMessage([32m'info'[39m[33m,[39m message[33m,[39m meta))[33m,[39m
     [90m 25 |[39m     warn[33m:[39m (message[33m,[39m meta) [33m=>[39m console[33m.[39mwarn(formatMessage([32m'warn'[39m[33m,[39m message[33m,[39m meta))[33m,[39m
    [31m[1m>[22m[39m[90m 26 |[39m     error[33m:[39m (message[33m,[39m meta) [33m=>[39m console[33m.[39merror(formatMessage([32m'error'[39m[33m,[39m message[33m,[39m meta))[33m,[39m
     [90m    |[39m                                       [31m[1m^[22m[39m
     [90m 27 |[39m     debug[33m:[39m (message[33m,[39m meta) [33m=>[39m {
     [90m 28 |[39m         [36mif[39m (process[33m.[39menv[33m.[39m[33mNODE_ENV[39m [33m!==[39m [32m'production'[39m) {
     [90m 29 |[39m             console[33m.[39mdebug(formatMessage([32m'debug'[39m[33m,[39m message[33m,[39m meta))[33m;[39m[0m

      at Object.error (utils/logger.js:26:39)
      at error (middleware/errorMiddleware.js:34:12)
      at Layer.handleError (node_modules/router/lib/layer.js:116:17)
      at trimPrefix (node_modules/router/index.js:340:13)
      at node_modules/router/index.js:297:9
      at processParams (node_modules/router/index.js:582:12)
      at next (node_modules/router/index.js:291:5)
      at Layer.handleError (node_modules/router/lib/layer.js:111:12)
      at trimPrefix (node_modules/router/index.js:340:13)
      at node_modules/router/index.js:297:9
      at processParams (node_modules/router/index.js:582:12)
      at next (node_modules/router/index.js:291:5)
      at node_modules/router/index.js:688:15
      at next (node_modules/router/index.js:276:14)
      at next (node_modules/router/lib/route.js:132:14)
      at next (controllers/otpController.js:1012:16)

  console.log
    {"timestamp":"2026-03-16T16:47:00.593Z","level":"info","message":"HTTP Request","hostname":"LAPTOP-2S5UTCOT","pid":14884,"method":"POST","url":"/api/otp/verify","status":404,"durationMs":3,"requestId":"afdc1864-c82d-401b-ac53-0d885a687bc3","clientSessionId":"","clientRoute":"","ip":"::ffff:127.0.0.1"}

      at Object.log [as info] (utils/logger.js:24:38)

  console.log
    {"timestamp":"2026-03-16T16:47:00.621Z","level":"info","message":"otp.verify_404","hostname":"LAPTOP-2S5UTCOT","pid":14884,"event":"VERIFY_404","phone":"9437200050","email":"-","purpose":"signup","ip":"127.0.0.1","requestId":"db50fae7-56b4-489f-8dce-3318cf4c3085","success":false,"reason":"user not found"}

      at Object.log [as info] (utils/logger.js:24:38)

  console.error
    {"timestamp":"2026-03-16T16:47:00.622Z","level":"error","message":"No account found with this phone number","hostname":"LAPTOP-2S5UTCOT","pid":14884,"error":{"message":"No account found with this phone number","stack":"Error: No account found with this phone number\n    at C:\\Users\\mdsai\\Downloads\\Kimi_Agent_Flipkart-Style Frontend\\server\\controllers\\otpController.js:1012:21\n    at processTicksAndRejections (node:internal/process/task_queues:103:5)","name":"Error"},"type":"AppError","method":"POST","url":"/api/otp/verify","statusCode":404,"requestId":"db50fae7-56b4-489f-8dce-3318cf4c3085","clientSessionId":"","clientRoute":""}

    [0m [90m 24 |[39m     info[33m:[39m (message[33m,[39m meta) [33m=>[39m console[33m.[39mlog(formatMessage([32m'info'[39m[33m,[39m message[33m,[39m meta))[33m,[39m
     [90m 25 |[39m     warn[33m:[39m (message[33m,[39m meta) [33m=>[39m console[33m.[39mwarn(formatMessage([32m'warn'[39m[33m,[39m message[33m,[39m meta))[33m,[39m
    [31m[1m>[22m[39m[90m 26 |[39m     error[33m:[39m (message[33m,[39m meta) [33m=>[39m console[33m.[39merror(formatMessage([32m'error'[39m[33m,[39m message[33m,[39m meta))[33m,[39m
     [90m    |[39m                                       [31m[1m^[22m[39m
     [90m 27 |[39m     debug[33m:[39m (message[33m,[39m meta) [33m=>[39m {
     [90m 28 |[39m         [36mif[39m (process[33m.[39menv[33m.[39m[33mNODE_ENV[39m [33m!==[39m [32m'production'[39m) {
     [90m 29 |[39m             console[33m.[39mdebug(formatMessage([32m'debug'[39m[33m,[39m message[33m,[39m meta))[33m;[39m[0m

      at Object.error (utils/logger.js:26:39)
      at error (middleware/errorMiddleware.js:34:12)
      at Layer.handleError (node_modules/router/lib/layer.js:116:17)
      at trimPrefix (node_modules/router/index.js:340:13)
      at node_modules/router/index.js:297:9
      at processParams (node_modules/router/index.js:582:12)
      at next (node_modules/router/index.js:291:5)
      at Layer.handleError (node_modules/router/lib/layer.js:111:12)
      at trimPrefix (node_modules/router/index.js:340:13)
      at node_modules/router/index.js:297:9
      at processParams (node_modules/router/index.js:582:12)
      at next (node_modules/router/index.js:291:5)
      at node_modules/router/index.js:688:15
      at next (node_modules/router/index.js:276:14)
      at next (node_modules/router/lib/route.js:132:14)
      at next (controllers/otpController.js:1012:16)

  console.log
    {"timestamp":"2026-03-16T16:47:00.623Z","level":"info","message":"HTTP Request","hostname":"LAPTOP-2S5UTCOT","pid":14884,"method":"POST","url":"/api/otp/verify","status":404,"durationMs":3,"requestId":"db50fae7-56b4-489f-8dce-3318cf4c3085","clientSessionId":"","clientRoute":"","ip":"::ffff:127.0.0.1"}

      at Object.log [as info] (utils/logger.js:24:38)

  console.log
    {"timestamp":"2026-03-16T16:47:00.650Z","level":"info","message":"otp.verify_404","hostname":"LAPTOP-2S5UTCOT","pid":14884,"event":"VERIFY_404","phone":"9437200051","email":"-","purpose":"signup","ip":"127.0.0.1","requestId":"5b45071f-915c-41ba-b85a-e3086e9db4eb","success":false,"reason":"user not found"}

      at Object.log [as info] (utils/logger.js:24:38)

  console.error
    {"timestamp":"2026-03-16T16:47:00.650Z","level":"error","message":"No account found with this phone number","hostname":"LAPTOP-2S5UTCOT","pid":14884,"error":{"message":"No account found with this phone number","stack":"Error: No account found with this phone number\n    at C:\\Users\\mdsai\\Downloads\\Kimi_Agent_Flipkart-Style Frontend\\server\\controllers\\otpController.js:1012:21\n    at processTicksAndRejections (node:internal/process/task_queues:103:5)","name":"Error"},"type":"AppError","method":"POST","url":"/api/otp/verify","statusCode":404,"requestId":"5b45071f-915c-41ba-b85a-e3086e9db4eb","clientSessionId":"","clientRoute":""}

    [0m [90m 24 |[39m     info[33m:[39m (message[33m,[39m meta) [33m=>[39m console[33m.[39mlog(formatMessage([32m'info'[39m[33m,[39m message[33m,[39m meta))[33m,[39m
     [90m 25 |[39m     warn[33m:[39m (message[33m,[39m meta) [33m=>[39m console[33m.[39mwarn(formatMessage([32m'warn'[39m[33m,[39m message[33m,[39m meta))[33m,[39m
    [31m[1m>[22m[39m[90m 26 |[39m     error[33m:[39m (message[33m,[39m meta) [33m=>[39m console[33m.[39merror(formatMessage([32m'error'[39m[33m,[39m message[33m,[39m meta))[33m,[39m
     [90m    |[39m                                       [31m[1m^[22m[39m
     [90m 27 |[39m     debug[33m:[39m (message[33m,[39m meta) [33m=>[39m {
     [90m 28 |[39m         [36mif[39m (process[33m.[39menv[33m.[39m[33mNODE_ENV[39m [33m!==[39m [32m'production'[39m) {
     [90m 29 |[39m             console[33m.[39mdebug(formatMessage([32m'debug'[39m[33m,[39m message[33m,[39m meta))[33m;[39m[0m

      at Object.error (utils/logger.js:26:39)
      at error (middleware/errorMiddleware.js:34:12)
      at Layer.handleError (node_modules/router/lib/layer.js:116:17)
      at trimPrefix (node_modules/router/index.js:340:13)
      at node_modules/router/index.js:297:9
      at processParams (node_modules/router/index.js:582:12)
      at next (node_modules/router/index.js:291:5)
      at Layer.handleError (node_modules/router/lib/layer.js:111:12)
      at trimPrefix (node_modules/router/index.js:340:13)
      at node_modules/router/index.js:297:9
      at processParams (node_modules/router/index.js:582:12)
      at next (node_modules/router/index.js:291:5)
      at node_modules/router/index.js:688:15
      at next (node_modules/router/index.js:276:14)
      at next (node_modules/router/lib/route.js:132:14)
      at next (controllers/otpController.js:1012:16)

  console.log
    {"timestamp":"2026-03-16T16:47:00.652Z","level":"info","message":"HTTP Request","hostname":"LAPTOP-2S5UTCOT","pid":14884,"method":"POST","url":"/api/otp/verify","status":404,"durationMs":5,"requestId":"5b45071f-915c-41ba-b85a-e3086e9db4eb","clientSessionId":"","clientRoute":"","ip":"::ffff:127.0.0.1"}

      at Object.log [as info] (utils/logger.js:24:38)

  console.log
    {"timestamp":"2026-03-16T16:47:00.681Z","level":"info","message":"otp.verify_404","hostname":"LAPTOP-2S5UTCOT","pid":14884,"event":"VERIFY_404","phone":"9437200052","email":"-","purpose":"signup","ip":"127.0.0.1","requestId":"6d446872-0f23-4320-aa23-17ebbd304a0b","success":false,"reason":"user not found"}

      at Object.log [as info] (utils/logger.js:24:38)

  console.error
    {"timestamp":"2026-03-16T16:47:00.681Z","level":"error","message":"No account found with this phone number","hostname":"LAPTOP-2S5UTCOT","pid":14884,"error":{"message":"No account found with this phone number","stack":"Error: No account found with this phone number\n    at C:\\Users\\mdsai\\Downloads\\Kimi_Agent_Flipkart-Style Frontend\\server\\controllers\\otpController.js:1012:21\n    at processTicksAndRejections (node:internal/process/task_queues:103:5)","name":"Error"},"type":"AppError","method":"POST","url":"/api/otp/verify","statusCode":404,"requestId":"6d446872-0f23-4320-aa23-17ebbd304a0b","clientSessionId":"","clientRoute":""}

    [0m [90m 24 |[39m     info[33m:[39m (message[33m,[39m meta) [33m=>[39m console[33m.[39mlog(formatMessage([32m'info'[39m[33m,[39m message[33m,[39m meta))[33m,[39m
     [90m 25 |[39m     warn[33m:[39m (message[33m,[39m meta) [33m=>[39m console[33m.[39mwarn(formatMessage([32m'warn'[39m[33m,[39m message[33m,[39m meta))[33m,[39m
    [31m[1m>[22m[39m[90m 26 |[39m     error[33m:[39m (message[33m,[39m meta) [33m=>[39m console[33m.[39merror(formatMessage([32m'error'[39m[33m,[39m message[33m,[39m meta))[33m,[39m
     [90m    |[39m                                       [31m[1m^[22m[39m
     [90m 27 |[39m     debug[33m:[39m (message[33m,[39m meta) [33m=>[39m {
     [90m 28 |[39m         [36mif[39m (process[33m.[39menv[33m.[39m[33mNODE_ENV[39m [33m!==[39m [32m'production'[39m) {
     [90m 29 |[39m             console[33m.[39mdebug(formatMessage([32m'debug'[39m[33m,[39m message[33m,[39m meta))[33m;[39m[0m

      at Object.error (utils/logger.js:26:39)
      at error (middleware/errorMiddleware.js:34:12)
      at Layer.handleError (node_modules/router/lib/layer.js:116:17)
      at trimPrefix (node_modules/router/index.js:340:13)
      at node_modules/router/index.js:297:9
      at processParams (node_modules/router/index.js:582:12)
      at next (node_modules/router/index.js:291:5)
      at Layer.handleError (node_modules/router/lib/layer.js:111:12)
      at trimPrefix (node_modules/router/index.js:340:13)
      at node_modules/router/index.js:297:9
      at processParams (node_modules/router/index.js:582:12)
      at next (node_modules/router/index.js:291:5)
      at node_modules/router/index.js:688:15
      at next (node_modules/router/index.js:276:14)
      at next (node_modules/router/lib/route.js:132:14)
      at next (controllers/otpController.js:1012:16)

  console.log
    {"timestamp":"2026-03-16T16:47:00.683Z","level":"info","message":"HTTP Request","hostname":"LAPTOP-2S5UTCOT","pid":14884,"method":"POST","url":"/api/otp/verify","status":404,"durationMs":4,"requestId":"6d446872-0f23-4320-aa23-17ebbd304a0b","clientSessionId":"","clientRoute":"","ip":"::ffff:127.0.0.1"}

      at Object.log [as info] (utils/logger.js:24:38)

  console.log
    {"timestamp":"2026-03-16T16:47:00.712Z","level":"info","message":"otp.verify_404","hostname":"LAPTOP-2S5UTCOT","pid":14884,"event":"VERIFY_404","phone":"9437200053","email":"-","purpose":"signup","ip":"127.0.0.1","requestId":"b6415e30-3f30-47e0-aa68-9a853d91b208","success":false,"reason":"user not found"}

      at Object.log [as info] (utils/logger.js:24:38)

  console.error
    {"timestamp":"2026-03-16T16:47:00.713Z","level":"error","message":"No account found with this phone number","hostname":"LAPTOP-2S5UTCOT","pid":14884,"error":{"message":"No account found with this phone number","stack":"Error: No account found with this phone number\n    at C:\\Users\\mdsai\\Downloads\\Kimi_Agent_Flipkart-Style Frontend\\server\\controllers\\otpController.js:1012:21\n    at processTicksAndRejections (node:internal/process/task_queues:103:5)","name":"Error"},"type":"AppError","method":"POST","url":"/api/otp/verify","statusCode":404,"requestId":"b6415e30-3f30-47e0-aa68-9a853d91b208","clientSessionId":"","clientRoute":""}

    [0m [90m 24 |[39m     info[33m:[39m (message[33m,[39m meta) [33m=>[39m console[33m.[39mlog(formatMessage([32m'info'[39m[33m,[39m message[33m,[39m meta))[33m,[39m
     [90m 25 |[39m     warn[33m:[39m (message[33m,[39m meta) [33m=>[39m console[33m.[39mwarn(formatMessage([32m'warn'[39m[33m,[39m message[33m,[39m meta))[33m,[39m
    [31m[1m>[22m[39m[90m 26 |[39m     error[33m:[39m (message[33m,[39m meta) [33m=>[39m console[33m.[39merror(formatMessage([32m'error'[39m[33m,[39m message[33m,[39m meta))[33m,[39m
     [90m    |[39m                                       [31m[1m^[22m[39m
     [90m 27 |[39m     debug[33m:[39m (message[33m,[39m meta) [33m=>[39m {
     [90m 28 |[39m         [36mif[39m (process[33m.[39menv[33m.[39m[33mNODE_ENV[39m [33m!==[39m [32m'production'[39m) {
     [90m 29 |[39m             console[33m.[39mdebug(formatMessage([32m'debug'[39m[33m,[39m message[33m,[39m meta))[33m;[39m[0m

      at Object.error (utils/logger.js:26:39)
      at error (middleware/errorMiddleware.js:34:12)
      at Layer.handleError (node_modules/router/lib/layer.js:116:17)
      at trimPrefix (node_modules/router/index.js:340:13)
      at node_modules/router/index.js:297:9
      at processParams (node_modules/router/index.js:582:12)
      at next (node_modules/router/index.js:291:5)
      at Layer.handleError (node_modules/router/lib/layer.js:111:12)
      at trimPrefix (node_modules/router/index.js:340:13)
      at node_modules/router/index.js:297:9
      at processParams (node_modules/router/index.js:582:12)
      at next (node_modules/router/index.js:291:5)
      at node_modules/router/index.js:688:15
      at next (node_modules/router/index.js:276:14)
      at next (node_modules/router/lib/route.js:132:14)
      at next (controllers/otpController.js:1012:16)

  console.log
    {"timestamp":"2026-03-16T16:47:00.714Z","level":"info","message":"HTTP Request","hostname":"LAPTOP-2S5UTCOT","pid":14884,"method":"POST","url":"/api/otp/verify","status":404,"durationMs":3,"requestId":"b6415e30-3f30-47e0-aa68-9a853d91b208","clientSessionId":"","clientRoute":"","ip":"::ffff:127.0.0.1"}

      at Object.log [as info] (utils/logger.js:24:38)

  console.log
    {"timestamp":"2026-03-16T16:47:00.746Z","level":"info","message":"otp.verify_404","hostname":"LAPTOP-2S5UTCOT","pid":14884,"event":"VERIFY_404","phone":"9437200054","email":"-","purpose":"signup","ip":"127.0.0.1","requestId":"4af67f7b-0e64-4159-a104-cebe4e3b2736","success":false,"reason":"user not found"}

      at Object.log [as info] (utils/logger.js:24:38)

  console.error
    {"timestamp":"2026-03-16T16:47:00.747Z","level":"error","message":"No account found with this phone number","hostname":"LAPTOP-2S5UTCOT","pid":14884,"error":{"message":"No account found with this phone number","stack":"Error: No account found with this phone number\n    at C:\\Users\\mdsai\\Downloads\\Kimi_Agent_Flipkart-Style Frontend\\server\\controllers\\otpController.js:1012:21\n    at processTicksAndRejections (node:internal/process/task_queues:103:5)","name":"Error"},"type":"AppError","method":"POST","url":"/api/otp/verify","statusCode":404,"requestId":"4af67f7b-0e64-4159-a104-cebe4e3b2736","clientSessionId":"","clientRoute":""}

    [0m [90m 24 |[39m     info[33m:[39m (message[33m,[39m meta) [33m=>[39m console[33m.[39mlog(formatMessage([32m'info'[39m[33m,[39m message[33m,[39m meta))[33m,[39m
     [90m 25 |[39m     warn[33m:[39m (message[33m,[39m meta) [33m=>[39m console[33m.[39mwarn(formatMessage([32m'warn'[39m[33m,[39m message[33m,[39m meta))[33m,[39m
    [31m[1m>[22m[39m[90m 26 |[39m     error[33m:[39m (message[33m,[39m meta) [33m=>[39m console[33m.[39merror(formatMessage([32m'error'[39m[33m,[39m message[33m,[39m meta))[33m,[39m
     [90m    |[39m                                       [31m[1m^[22m[39m
     [90m 27 |[39m     debug[33m:[39m (message[33m,[39m meta) [33m=>[39m {
     [90m 28 |[39m         [36mif[39m (process[33m.[39menv[33m.[39m[33mNODE_ENV[39m [33m!==[39m [32m'production'[39m) {
     [90m 29 |[39m             console[33m.[39mdebug(formatMessage([32m'debug'[39m[33m,[39m message[33m,[39m meta))[33m;[39m[0m

      at Object.error (utils/logger.js:26:39)
      at error (middleware/errorMiddleware.js:34:12)
      at Layer.handleError (node_modules/router/lib/layer.js:116:17)
      at trimPrefix (node_modules/router/index.js:340:13)
      at node_modules/router/index.js:297:9
      at processParams (node_modules/router/index.js:582:12)
      at next (node_modules/router/index.js:291:5)
      at Layer.handleError (node_modules/router/lib/layer.js:111:12)
      at trimPrefix (node_modules/router/index.js:340:13)
      at node_modules/router/index.js:297:9
      at processParams (node_modules/router/index.js:582:12)
      at next (node_modules/router/index.js:291:5)
      at node_modules/router/index.js:688:15
      at next (node_modules/router/index.js:276:14)
      at next (node_modules/router/lib/route.js:132:14)
      at next (controllers/otpController.js:1012:16)

  console.log
    {"timestamp":"2026-03-16T16:47:00.748Z","level":"info","message":"HTTP Request","hostname":"LAPTOP-2S5UTCOT","pid":14884,"method":"POST","url":"/api/otp/verify","status":404,"durationMs":4,"requestId":"4af67f7b-0e64-4159-a104-cebe4e3b2736","clientSessionId":"","clientRoute":"","ip":"::ffff:127.0.0.1"}

      at Object.log [as info] (utils/logger.js:24:38)

  console.log
    {"timestamp":"2026-03-16T16:47:00.776Z","level":"info","message":"otp.verify_404","hostname":"LAPTOP-2S5UTCOT","pid":14884,"event":"VERIFY_404","phone":"9437200055","email":"-","purpose":"signup","ip":"127.0.0.1","requestId":"e58a7cb1-25c2-440a-bc02-92ce8c866dec","success":false,"reason":"user not found"}

      at Object.log [as info] (utils/logger.js:24:38)

  console.error
    {"timestamp":"2026-03-16T16:47:00.777Z","level":"error","message":"No account found with this phone number","hostname":"LAPTOP-2S5UTCOT","pid":14884,"error":{"message":"No account found with this phone number","stack":"Error: No account found with this phone number\n    at C:\\Users\\mdsai\\Downloads\\Kimi_Agent_Flipkart-Style Frontend\\server\\controllers\\otpController.js:1012:21\n    at processTicksAndRejections (node:internal/process/task_queues:103:5)","name":"Error"},"type":"AppError","method":"POST","url":"/api/otp/verify","statusCode":404,"requestId":"e58a7cb1-25c2-440a-bc02-92ce8c866dec","clientSessionId":"","clientRoute":""}

    [0m [90m 24 |[39m     info[33m:[39m (message[33m,[39m meta) [33m=>[39m console[33m.[39mlog(formatMessage([32m'info'[39m[33m,[39m message[33m,[39m meta))[33m,[39m
     [90m 25 |[39m     warn[33m:[39m (message[33m,[39m meta) [33m=>[39m console[33m.[39mwarn(formatMessage([32m'warn'[39m[33m,[39m message[33m,[39m meta))[33m,[39m
    [31m[1m>[22m[39m[90m 26 |[39m     error[33m:[39m (message[33m,[39m meta) [33m=>[39m console[33m.[39merror(formatMessage([32m'error'[39m[33m,[39m message[33m,[39m meta))[33m,[39m
     [90m    |[39m                                       [31m[1m^[22m[39m
     [90m 27 |[39m     debug[33m:[39m (message[33m,[39m meta) [33m=>[39m {
     [90m 28 |[39m         [36mif[39m (process[33m.[39menv[33m.[39m[33mNODE_ENV[39m [33m!==[39m [32m'production'[39m) {
     [90m 29 |[39m             console[33m.[39mdebug(formatMessage([32m'debug'[39m[33m,[39m message[33m,[39m meta))[33m;[39m[0m

      at Object.error (utils/logger.js:26:39)
      at error (middleware/errorMiddleware.js:34:12)
      at Layer.handleError (node_modules/router/lib/layer.js:116:17)
      at trimPrefix (node_modules/router/index.js:340:13)
      at node_modules/router/index.js:297:9
      at processParams (node_modules/router/index.js:582:12)
      at next (node_modules/router/index.js:291:5)
      at Layer.handleError (node_modules/router/lib/layer.js:111:12)
      at trimPrefix (node_modules/router/index.js:340:13)
      at node_modules/router/index.js:297:9
      at processParams (node_modules/router/index.js:582:12)
      at next (node_modules/router/index.js:291:5)
      at node_modules/router/index.js:688:15
      at next (node_modules/router/index.js:276:14)
      at next (node_modules/router/lib/route.js:132:14)
      at next (controllers/otpController.js:1012:16)

  console.log
    {"timestamp":"2026-03-16T16:47:00.778Z","level":"info","message":"HTTP Request","hostname":"LAPTOP-2S5UTCOT","pid":14884,"method":"POST","url":"/api/otp/verify","status":404,"durationMs":3,"requestId":"e58a7cb1-25c2-440a-bc02-92ce8c866dec","clientSessionId":"","clientRoute":"","ip":"::ffff:127.0.0.1"}

      at Object.log [as info] (utils/logger.js:24:38)

  console.log
    {"timestamp":"2026-03-16T16:47:00.807Z","level":"info","message":"otp.verify_404","hostname":"LAPTOP-2S5UTCOT","pid":14884,"event":"VERIFY_404","phone":"9437200056","email":"-","purpose":"signup","ip":"127.0.0.1","requestId":"86916eb2-e174-4273-8b3c-055421ca690b","success":false,"reason":"user not found"}

      at Object.log [as info] (utils/logger.js:24:38)

  console.error
    {"timestamp":"2026-03-16T16:47:00.808Z","level":"error","message":"No account found with this phone number","hostname":"LAPTOP-2S5UTCOT","pid":14884,"error":{"message":"No account found with this phone number","stack":"Error: No account found with this phone number\n    at C:\\Users\\mdsai\\Downloads\\Kimi_Agent_Flipkart-Style Frontend\\server\\controllers\\otpController.js:1012:21\n    at processTicksAndRejections (node:internal/process/task_queues:103:5)","name":"Error"},"type":"AppError","method":"POST","url":"/api/otp/verify","statusCode":404,"requestId":"86916eb2-e174-4273-8b3c-055421ca690b","clientSessionId":"","clientRoute":""}

    [0m [90m 24 |[39m     info[33m:[39m (message[33m,[39m meta) [33m=>[39m console[33m.[39mlog(formatMessage([32m'info'[39m[33m,[39m message[33m,[39m meta))[33m,[39m
     [90m 25 |[39m     warn[33m:[39m (message[33m,[39m meta) [33m=>[39m console[33m.[39mwarn(formatMessage([32m'warn'[39m[33m,[39m message[33m,[39m meta))[33m,[39m
    [31m[1m>[22m[39m[90m 26 |[39m     error[33m:[39m (message[33m,[39m meta) [33m=>[39m console[33m.[39merror(formatMessage([32m'error'[39m[33m,[39m message[33m,[39m meta))[33m,[39m
     [90m    |[39m                                       [31m[1m^[22m[39m
     [90m 27 |[39m     debug[33m:[39m (message[33m,[39m meta) [33m=>[39m {
     [90m 28 |[39m         [36mif[39m (process[33m.[39menv[33m.[39m[33mNODE_ENV[39m [33m!==[39m [32m'production'[39m) {
     [90m 29 |[39m             console[33m.[39mdebug(formatMessage([32m'debug'[39m[33m,[39m message[33m,[39m meta))[33m;[39m[0m

      at Object.error (utils/logger.js:26:39)
      at error (middleware/errorMiddleware.js:34:12)
      at Layer.handleError (node_modules/router/lib/layer.js:116:17)
      at trimPrefix (node_modules/router/index.js:340:13)
      at node_modules/router/index.js:297:9
      at processParams (node_modules/router/index.js:582:12)
      at next (node_modules/router/index.js:291:5)
      at Layer.handleError (node_modules/router/lib/layer.js:111:12)
      at trimPrefix (node_modules/router/index.js:340:13)
      at node_modules/router/index.js:297:9
      at processParams (node_modules/router/index.js:582:12)
      at next (node_modules/router/index.js:291:5)
      at node_modules/router/index.js:688:15
      at next (node_modules/router/index.js:276:14)
      at next (node_modules/router/lib/route.js:132:14)
      at next (controllers/otpController.js:1012:16)

  console.log
    {"timestamp":"2026-03-16T16:47:00.809Z","level":"info","message":"HTTP Request","hostname":"LAPTOP-2S5UTCOT","pid":14884,"method":"POST","url":"/api/otp/verify","status":404,"durationMs":4,"requestId":"86916eb2-e174-4273-8b3c-055421ca690b","clientSessionId":"","clientRoute":"","ip":"::ffff:127.0.0.1"}

      at Object.log [as info] (utils/logger.js:24:38)

  console.log
    {"timestamp":"2026-03-16T16:47:00.818Z","level":"info","message":"otp.verify_404","hostname":"LAPTOP-2S5UTCOT","pid":14884,"event":"VERIFY_404","phone":"9437200056","email":"-","purpose":"signup","ip":"127.0.0.1","requestId":"b54c55fc-a011-4134-a5fd-08eaf7045cde","success":false,"reason":"user not found"}

      at Object.log [as info] (utils/logger.js:24:38)

  console.error
    {"timestamp":"2026-03-16T16:47:00.819Z","level":"error","message":"No account found with this phone number","hostname":"LAPTOP-2S5UTCOT","pid":14884,"error":{"message":"No account found with this phone number","stack":"Error: No account found with this phone number\n    at C:\\Users\\mdsai\\Downloads\\Kimi_Agent_Flipkart-Style Frontend\\server\\controllers\\otpController.js:1012:21\n    at processTicksAndRejections (node:internal/process/task_queues:103:5)","name":"Error"},"type":"AppError","method":"POST","url":"/api/otp/verify","statusCode":404,"requestId":"b54c55fc-a011-4134-a5fd-08eaf7045cde","clientSessionId":"","clientRoute":""}

    [0m [90m 24 |[39m     info[33m:[39m (message[33m,[39m meta) [33m=>[39m console[33m.[39mlog(formatMessage([32m'info'[39m[33m,[39m message[33m,[39m meta))[33m,[39m
     [90m 25 |[39m     warn[33m:[39m (message[33m,[39m meta) [33m=>[39m console[33m.[39mwarn(formatMessage([32m'warn'[39m[33m,[39m message[33m,[39m meta))[33m,[39m
    [31m[1m>[22m[39m[90m 26 |[39m     error[33m:[39m (message[33m,[39m meta) [33m=>[39m console[33m.[39merror(formatMessage([32m'error'[39m[33m,[39m message[33m,[39m meta))[33m,[39m
     [90m    |[39m                                       [31m[1m^[22m[39m
     [90m 27 |[39m     debug[33m:[39m (message[33m,[39m meta) [33m=>[39m {
     [90m 28 |[39m         [36mif[39m (process[33m.[39menv[33m.[39m[33mNODE_ENV[39m [33m!==[39m [32m'production'[39m) {
     [90m 29 |[39m             console[33m.[39mdebug(formatMessage([32m'debug'[39m[33m,[39m message[33m,[39m meta))[33m;[39m[0m

      at Object.error (utils/logger.js:26:39)
      at error (middleware/errorMiddleware.js:34:12)
      at Layer.handleError (node_modules/router/lib/layer.js:116:17)
      at trimPrefix (node_modules/router/index.js:340:13)
      at node_modules/router/index.js:297:9
      at processParams (node_modules/router/index.js:582:12)
      at next (node_modules/router/index.js:291:5)
      at Layer.handleError (node_modules/router/lib/layer.js:111:12)
      at trimPrefix (node_modules/router/index.js:340:13)
      at node_modules/router/index.js:297:9
      at processParams (node_modules/router/index.js:582:12)
      at next (node_modules/router/index.js:291:5)
      at node_modules/router/index.js:688:15
      at next (node_modules/router/index.js:276:14)
      at next (node_modules/router/lib/route.js:132:14)
      at next (controllers/otpController.js:1012:16)

  console.log
    {"timestamp":"2026-03-16T16:47:00.821Z","level":"info","message":"HTTP Request","hostname":"LAPTOP-2S5UTCOT","pid":14884,"method":"POST","url":"/api/otp/verify","status":404,"durationMs":7,"requestId":"b54c55fc-a011-4134-a5fd-08eaf7045cde","clientSessionId":"","clientRoute":"","ip":"::ffff:127.0.0.1"}

      at Object.log [as info] (utils/logger.js:24:38)

  console.log
    {"timestamp":"2026-03-16T16:47:00.848Z","level":"info","message":"otp.verify_404","hostname":"LAPTOP-2S5UTCOT","pid":14884,"event":"VERIFY_404","phone":"9437200057","email":"-","purpose":"signup","ip":"127.0.0.1","requestId":"70fc7672-6889-4b14-bf67-fdfd5e966454","success":false,"reason":"user not found"}

      at Object.log [as info] (utils/logger.js:24:38)

  console.error
    {"timestamp":"2026-03-16T16:47:00.849Z","level":"error","message":"No account found with this phone number","hostname":"LAPTOP-2S5UTCOT","pid":14884,"error":{"message":"No account found with this phone number","stack":"Error: No account found with this phone number\n    at C:\\Users\\mdsai\\Downloads\\Kimi_Agent_Flipkart-Style Frontend\\server\\controllers\\otpController.js:1012:21\n    at processTicksAndRejections (node:internal/process/task_queues:103:5)","name":"Error"},"type":"AppError","method":"POST","url":"/api/otp/verify","statusCode":404,"requestId":"70fc7672-6889-4b14-bf67-fdfd5e966454","clientSessionId":"","clientRoute":""}

    [0m [90m 24 |[39m     info[33m:[39m (message[33m,[39m meta) [33m=>[39m console[33m.[39mlog(formatMessage([32m'info'[39m[33m,[39m message[33m,[39m meta))[33m,[39m
     [90m 25 |[39m     warn[33m:[39m (message[33m,[39m meta) [33m=>[39m console[33m.[39mwarn(formatMessage([32m'warn'[39m[33m,[39m message[33m,[39m meta))[33m,[39m
    [31m[1m>[22m[39m[90m 26 |[39m     error[33m:[39m (message[33m,[39m meta) [33m=>[39m console[33m.[39merror(formatMessage([32m'error'[39m[33m,[39m message[33m,[39m meta))[33m,[39m
     [90m    |[39m                                       [31m[1m^[22m[39m
     [90m 27 |[39m     debug[33m:[39m (message[33m,[39m meta) [33m=>[39m {
     [90m 28 |[39m         [36mif[39m (process[33m.[39menv[33m.[39m[33mNODE_ENV[39m [33m!==[39m [32m'production'[39m) {
     [90m 29 |[39m             console[33m.[39mdebug(formatMessage([32m'debug'[39m[33m,[39m message[33m,[39m meta))[33m;[39m[0m

      at Object.error (utils/logger.js:26:39)
      at error (middleware/errorMiddleware.js:34:12)
      at Layer.handleError (node_modules/router/lib/layer.js:116:17)
      at trimPrefix (node_modules/router/index.js:340:13)
      at node_modules/router/index.js:297:9
      at processParams (node_modules/router/index.js:582:12)
      at next (node_modules/router/index.js:291:5)
      at Layer.handleError (node_modules/router/lib/layer.js:111:12)
      at trimPrefix (node_modules/router/index.js:340:13)
      at node_modules/router/index.js:297:9
      at processParams (node_modules/router/index.js:582:12)
      at next (node_modules/router/index.js:291:5)
      at node_modules/router/index.js:688:15
      at next (node_modules/router/index.js:276:14)
      at next (node_modules/router/lib/route.js:132:14)
      at next (controllers/otpController.js:1012:16)

  console.log
    {"timestamp":"2026-03-16T16:47:00.851Z","level":"info","message":"HTTP Request","hostname":"LAPTOP-2S5UTCOT","pid":14884,"method":"POST","url":"/api/otp/verify","status":404,"durationMs":5,"requestId":"70fc7672-6889-4b14-bf67-fdfd5e966454","clientSessionId":"","clientRoute":"","ip":"::ffff:127.0.0.1"}

      at Object.log [as info] (utils/logger.js:24:38)

  console.log
    {"timestamp":"2026-03-16T16:47:00.880Z","level":"info","message":"otp.verify_404","hostname":"LAPTOP-2S5UTCOT","pid":14884,"event":"VERIFY_404","phone":"9437200058","email":"-","purpose":"signup","ip":"127.0.0.1","requestId":"d0650715-f08f-4bb7-accd-49e5a8a24cc2","success":false,"reason":"user not found"}

      at Object.log [as info] (utils/logger.js:24:38)

  console.error
    {"timestamp":"2026-03-16T16:47:00.881Z","level":"error","message":"No account found with this phone number","hostname":"LAPTOP-2S5UTCOT","pid":14884,"error":{"message":"No account found with this phone number","stack":"Error: No account found with this phone number\n    at C:\\Users\\mdsai\\Downloads\\Kimi_Agent_Flipkart-Style Frontend\\server\\controllers\\otpController.js:1012:21\n    at processTicksAndRejections (node:internal/process/task_queues:103:5)","name":"Error"},"type":"AppError","method":"POST","url":"/api/otp/verify","statusCode":404,"requestId":"d0650715-f08f-4bb7-accd-49e5a8a24cc2","clientSessionId":"","clientRoute":""}

    [0m [90m 24 |[39m     info[33m:[39m (message[33m,[39m meta) [33m=>[39m console[33m.[39mlog(formatMessage([32m'info'[39m[33m,[39m message[33m,[39m meta))[33m,[39m
     [90m 25 |[39m     warn[33m:[39m (message[33m,[39m meta) [33m=>[39m console[33m.[39mwarn(formatMessage([32m'warn'[39m[33m,[39m message[33m,[39m meta))[33m,[39m
    [31m[1m>[22m[39m[90m 26 |[39m     error[33m:[39m (message[33m,[39m meta) [33m=>[39m console[33m.[39merror(formatMessage([32m'error'[39m[33m,[39m message[33m,[39m meta))[33m,[39m
     [90m    |[39m                                       [31m[1m^[22m[39m
     [90m 27 |[39m     debug[33m:[39m (message[33m,[39m meta) [33m=>[39m {
     [90m 28 |[39m         [36mif[39m (process[33m.[39menv[33m.[39m[33mNODE_ENV[39m [33m!==[39m [32m'production'[39m) {
     [90m 29 |[39m             console[33m.[39mdebug(formatMessage([32m'debug'[39m[33m,[39m message[33m,[39m meta))[33m;[39m[0m

      at Object.error (utils/logger.js:26:39)
      at error (middleware/errorMiddleware.js:34:12)
      at Layer.handleError (node_modules/router/lib/layer.js:116:17)
      at trimPrefix (node_modules/router/index.js:340:13)
      at node_modules/router/index.js:297:9
      at processParams (node_modules/router/index.js:582:12)
      at next (node_modules/router/index.js:291:5)
      at Layer.handleError (node_modules/router/lib/layer.js:111:12)
      at trimPrefix (node_modules/router/index.js:340:13)
      at node_modules/router/index.js:297:9
      at processParams (node_modules/router/index.js:582:12)
      at next (node_modules/router/index.js:291:5)
      at node_modules/router/index.js:688:15
      at next (node_modules/router/index.js:276:14)
      at next (node_modules/router/lib/route.js:132:14)
      at next (controllers/otpController.js:1012:16)

  console.log
    {"timestamp":"2026-03-16T16:47:00.883Z","level":"info","message":"HTTP Request","hostname":"LAPTOP-2S5UTCOT","pid":14884,"method":"POST","url":"/api/otp/verify","status":404,"durationMs":4,"requestId":"d0650715-f08f-4bb7-accd-49e5a8a24cc2","clientSessionId":"","clientRoute":"","ip":"::ffff:127.0.0.1"}

      at Object.log [as info] (utils/logger.js:24:38)

  console.log
    {"timestamp":"2026-03-16T16:47:00.917Z","level":"info","message":"otp.verify_404","hostname":"LAPTOP-2S5UTCOT","pid":14884,"event":"VERIFY_404","phone":"9437200059","email":"-","purpose":"signup","ip":"127.0.0.1","requestId":"4d8a9de7-1b10-40a9-bd05-866e06e0d550","success":false,"reason":"user not found"}

      at Object.log [as info] (utils/logger.js:24:38)

  console.error
    {"timestamp":"2026-03-16T16:47:00.917Z","level":"error","message":"No account found with this phone number","hostname":"LAPTOP-2S5UTCOT","pid":14884,"error":{"message":"No account found with this phone number","stack":"Error: No account found with this phone number\n    at C:\\Users\\mdsai\\Downloads\\Kimi_Agent_Flipkart-Style Frontend\\server\\controllers\\otpController.js:1012:21\n    at processTicksAndRejections (node:internal/process/task_queues:103:5)","name":"Error"},"type":"AppError","method":"POST","url":"/api/otp/verify","statusCode":404,"requestId":"4d8a9de7-1b10-40a9-bd05-866e06e0d550","clientSessionId":"","clientRoute":""}

    [0m [90m 24 |[39m     info[33m:[39m (message[33m,[39m meta) [33m=>[39m console[33m.[39mlog(formatMessage([32m'info'[39m[33m,[39m message[33m,[39m meta))[33m,[39m
     [90m 25 |[39m     warn[33m:[39m (message[33m,[39m meta) [33m=>[39m console[33m.[39mwarn(formatMessage([32m'warn'[39m[33m,[39m message[33m,[39m meta))[33m,[39m
    [31m[1m>[22m[39m[90m 26 |[39m     error[33m:[39m (message[33m,[39m meta) [33m=>[39m console[33m.[39merror(formatMessage([32m'error'[39m[33m,[39m message[33m,[39m meta))[33m,[39m
     [90m    |[39m                                       [31m[1m^[22m[39m
     [90m 27 |[39m     debug[33m:[39m (message[33m,[39m meta) [33m=>[39m {
     [90m 28 |[39m         [36mif[39m (process[33m.[39menv[33m.[39m[33mNODE_ENV[39m [33m!==[39m [32m'production'[39m) {
     [90m 29 |[39m             console[33m.[39mdebug(formatMessage([32m'debug'[39m[33m,[39m message[33m,[39m meta))[33m;[39m[0m

      at Object.error (utils/logger.js:26:39)
      at error (middleware/errorMiddleware.js:34:12)
      at Layer.handleError (node_modules/router/lib/layer.js:116:17)
      at trimPrefix (node_modules/router/index.js:340:13)
      at node_modules/router/index.js:297:9
      at processParams (node_modules/router/index.js:582:12)
      at next (node_modules/router/index.js:291:5)
      at Layer.handleError (node_modules/router/lib/layer.js:111:12)
      at trimPrefix (node_modules/router/index.js:340:13)
      at node_modules/router/index.js:297:9
      at processParams (node_modules/router/index.js:582:12)
      at next (node_modules/router/index.js:291:5)
      at node_modules/router/index.js:688:15
      at next (node_modules/router/index.js:276:14)
      at next (node_modules/router/lib/route.js:132:14)
      at next (controllers/otpController.js:1012:16)

  console.log
    {"timestamp":"2026-03-16T16:47:00.919Z","level":"info","message":"HTTP Request","hostname":"LAPTOP-2S5UTCOT","pid":14884,"method":"POST","url":"/api/otp/verify","status":404,"durationMs":5,"requestId":"4d8a9de7-1b10-40a9-bd05-866e06e0d550","clientSessionId":"","clientRoute":"","ip":"::ffff:127.0.0.1"}

      at Object.log [as info] (utils/logger.js:24:38)

  console.log
    {"timestamp":"2026-03-16T16:47:00.946Z","level":"info","message":"otp.verify_404","hostname":"LAPTOP-2S5UTCOT","pid":14884,"event":"VERIFY_404","phone":"9437200060","email":"-","purpose":"signup","ip":"127.0.0.1","requestId":"f4ae3734-339f-4b73-920a-c657d1e74f0f","success":false,"reason":"user not found"}

      at Object.log [as info] (utils/logger.js:24:38)

  console.error
    {"timestamp":"2026-03-16T16:47:00.947Z","level":"error","message":"No account found with this phone number","hostname":"LAPTOP-2S5UTCOT","pid":14884,"error":{"message":"No account found with this phone number","stack":"Error: No account found with this phone number\n    at C:\\Users\\mdsai\\Downloads\\Kimi_Agent_Flipkart-Style Frontend\\server\\controllers\\otpController.js:1012:21\n    at processTicksAndRejections (node:internal/process/task_queues:103:5)","name":"Error"},"type":"AppError","method":"POST","url":"/api/otp/verify","statusCode":404,"requestId":"f4ae3734-339f-4b73-920a-c657d1e74f0f","clientSessionId":"","clientRoute":""}

    [0m [90m 24 |[39m     info[33m:[39m (message[33m,[39m meta) [33m=>[39m console[33m.[39mlog(formatMessage([32m'info'[39m[33m,[39m message[33m,[39m meta))[33m,[39m
     [90m 25 |[39m     warn[33m:[39m (message[33m,[39m meta) [33m=>[39m console[33m.[39mwarn(formatMessage([32m'warn'[39m[33m,[39m message[33m,[39m meta))[33m,[39m
    [31m[1m>[22m[39m[90m 26 |[39m     error[33m:[39m (message[33m,[39m meta) [33m=>[39m console[33m.[39merror(formatMessage([32m'error'[39m[33m,[39m message[33m,[39m meta))[33m,[39m
     [90m    |[39m                                       [31m[1m^[22m[39m
     [90m 27 |[39m     debug[33m:[39m (message[33m,[39m meta) [33m=>[39m {
     [90m 28 |[39m         [36mif[39m (process[33m.[39menv[33m.[39m[33mNODE_ENV[39m [33m!==[39m [32m'production'[39m) {
     [90m 29 |[39m             console[33m.[39mdebug(formatMessage([32m'debug'[39m[33m,[39m message[33m,[39m meta))[33m;[39m[0m

      at Object.error (utils/logger.js:26:39)
      at error (middleware/errorMiddleware.js:34:12)
      at Layer.handleError (node_modules/router/lib/layer.js:116:17)
      at trimPrefix (node_modules/router/index.js:340:13)
      at node_modules/router/index.js:297:9
      at processParams (node_modules/router/index.js:582:12)
      at next (node_modules/router/index.js:291:5)
      at Layer.handleError (node_modules/router/lib/layer.js:111:12)
      at trimPrefix (node_modules/router/index.js:340:13)
      at node_modules/router/index.js:297:9
      at processParams (node_modules/router/index.js:582:12)
      at next (node_modules/router/index.js:291:5)
      at node_modules/router/index.js:688:15
      at next (node_modules/router/index.js:276:14)
      at next (node_modules/router/lib/route.js:132:14)
      at next (controllers/otpController.js:1012:16)

  console.log
    {"timestamp":"2026-03-16T16:47:00.948Z","level":"info","message":"HTTP Request","hostname":"LAPTOP-2S5UTCOT","pid":14884,"method":"POST","url":"/api/otp/verify","status":404,"durationMs":3,"requestId":"f4ae3734-339f-4b73-920a-c657d1e74f0f","clientSessionId":"","clientRoute":"","ip":"::ffff:127.0.0.1"}

      at Object.log [as info] (utils/logger.js:24:38)

  console.log
    {"timestamp":"2026-03-16T16:47:00.976Z","level":"info","message":"otp.verify_404","hostname":"LAPTOP-2S5UTCOT","pid":14884,"event":"VERIFY_404","phone":"9437200061","email":"-","purpose":"signup","ip":"127.0.0.1","requestId":"14f727b1-d73f-4d89-a50a-b3ea09363211","success":false,"reason":"user not found"}

      at Object.log [as info] (utils/logger.js:24:38)

  console.error
    {"timestamp":"2026-03-16T16:47:00.977Z","level":"error","message":"No account found with this phone number","hostname":"LAPTOP-2S5UTCOT","pid":14884,"error":{"message":"No account found with this phone number","stack":"Error: No account found with this phone number\n    at C:\\Users\\mdsai\\Downloads\\Kimi_Agent_Flipkart-Style Frontend\\server\\controllers\\otpController.js:1012:21\n    at processTicksAndRejections (node:internal/process/task_queues:103:5)","name":"Error"},"type":"AppError","method":"POST","url":"/api/otp/verify","statusCode":404,"requestId":"14f727b1-d73f-4d89-a50a-b3ea09363211","clientSessionId":"","clientRoute":""}

    [0m [90m 24 |[39m     info[33m:[39m (message[33m,[39m meta) [33m=>[39m console[33m.[39mlog(formatMessage([32m'info'[39m[33m,[39m message[33m,[39m meta))[33m,[39m
     [90m 25 |[39m     warn[33m:[39m (message[33m,[39m meta) [33m=>[39m console[33m.[39mwarn(formatMessage([32m'warn'[39m[33m,[39m message[33m,[39m meta))[33m,[39m
    [31m[1m>[22m[39m[90m 26 |[39m     error[33m:[39m (message[33m,[39m meta) [33m=>[39m console[33m.[39merror(formatMessage([32m'error'[39m[33m,[39m message[33m,[39m meta))[33m,[39m
     [90m    |[39m                                       [31m[1m^[22m[39m
     [90m 27 |[39m     debug[33m:[39m (message[33m,[39m meta) [33m=>[39m {
     [90m 28 |[39m         [36mif[39m (process[33m.[39menv[33m.[39m[33mNODE_ENV[39m [33m!==[39m [32m'production'[39m) {
     [90m 29 |[39m             console[33m.[39mdebug(formatMessage([32m'debug'[39m[33m,[39m message[33m,[39m meta))[33m;[39m[0m

      at Object.error (utils/logger.js:26:39)
      at error (middleware/errorMiddleware.js:34:12)
      at Layer.handleError (node_modules/router/lib/layer.js:116:17)
      at trimPrefix (node_modules/router/index.js:340:13)
      at node_modules/router/index.js:297:9
      at processParams (node_modules/router/index.js:582:12)
      at next (node_modules/router/index.js:291:5)
      at Layer.handleError (node_modules/router/lib/layer.js:111:12)
      at trimPrefix (node_modules/router/index.js:340:13)
      at node_modules/router/index.js:297:9
      at processParams (node_modules/router/index.js:582:12)
      at next (node_modules/router/index.js:291:5)
      at node_modules/router/index.js:688:15
      at next (node_modules/router/index.js:276:14)
      at next (node_modules/router/lib/route.js:132:14)
      at next (controllers/otpController.js:1012:16)

  console.log
    {"timestamp":"2026-03-16T16:47:00.978Z","level":"info","message":"HTTP Request","hostname":"LAPTOP-2S5UTCOT","pid":14884,"method":"POST","url":"/api/otp/verify","status":404,"durationMs":3,"requestId":"14f727b1-d73f-4d89-a50a-b3ea09363211","clientSessionId":"","clientRoute":"","ip":"::ffff:127.0.0.1"}

      at Object.log [as info] (utils/logger.js:24:38)

  console.log
    {"timestamp":"2026-03-16T16:47:01.008Z","level":"info","message":"otp.verify_404","hostname":"LAPTOP-2S5UTCOT","pid":14884,"event":"VERIFY_404","phone":"9437200062","email":"-","purpose":"signup","ip":"127.0.0.1","requestId":"bb016d3c-b4eb-40f8-a025-dc53fdc36725","success":false,"reason":"user not found"}

      at Object.log [as info] (utils/logger.js:24:38)

  console.error
    {"timestamp":"2026-03-16T16:47:01.009Z","level":"error","message":"No account found with this phone number","hostname":"LAPTOP-2S5UTCOT","pid":14884,"error":{"message":"No account found with this phone number","stack":"Error: No account found with this phone number\n    at C:\\Users\\mdsai\\Downloads\\Kimi_Agent_Flipkart-Style Frontend\\server\\controllers\\otpController.js:1012:21\n    at processTicksAndRejections (node:internal/process/task_queues:103:5)","name":"Error"},"type":"AppError","method":"POST","url":"/api/otp/verify","statusCode":404,"requestId":"bb016d3c-b4eb-40f8-a025-dc53fdc36725","clientSessionId":"","clientRoute":""}

    [0m [90m 24 |[39m     info[33m:[39m (message[33m,[39m meta) [33m=>[39m console[33m.[39mlog(formatMessage([32m'info'[39m[33m,[39m message[33m,[39m meta))[33m,[39m
     [90m 25 |[39m     warn[33m:[39m (message[33m,[39m meta) [33m=>[39m console[33m.[39mwarn(formatMessage([32m'warn'[39m[33m,[39m message[33m,[39m meta))[33m,[39m
    [31m[1m>[22m[39m[90m 26 |[39m     error[33m:[39m (message[33m,[39m meta) [33m=>[39m console[33m.[39merror(formatMessage([32m'error'[39m[33m,[39m message[33m,[39m meta))[33m,[39m
     [90m    |[39m                                       [31m[1m^[22m[39m
     [90m 27 |[39m     debug[33m:[39m (message[33m,[39m meta) [33m=>[39m {
     [90m 28 |[39m         [36mif[39m (process[33m.[39menv[33m.[39m[33mNODE_ENV[39m [33m!==[39m [32m'production'[39m) {
     [90m 29 |[39m             console[33m.[39mdebug(formatMessage([32m'debug'[39m[33m,[39m message[33m,[39m meta))[33m;[39m[0m

      at Object.error (utils/logger.js:26:39)
      at error (middleware/errorMiddleware.js:34:12)
      at Layer.handleError (node_modules/router/lib/layer.js:116:17)
      at trimPrefix (node_modules/router/index.js:340:13)
      at node_modules/router/index.js:297:9
      at processParams (node_modules/router/index.js:582:12)
      at next (node_modules/router/index.js:291:5)
      at Layer.handleError (node_modules/router/lib/layer.js:111:12)
      at trimPrefix (node_modules/router/index.js:340:13)
      at node_modules/router/index.js:297:9
      at processParams (node_modules/router/index.js:582:12)
      at next (node_modules/router/index.js:291:5)
      at node_modules/router/index.js:688:15
      at next (node_modules/router/index.js:276:14)
      at next (node_modules/router/lib/route.js:132:14)
      at next (controllers/otpController.js:1012:16)

  console.log
    {"timestamp":"2026-03-16T16:47:01.011Z","level":"info","message":"HTTP Request","hostname":"LAPTOP-2S5UTCOT","pid":14884,"method":"POST","url":"/api/otp/verify","status":404,"durationMs":4,"requestId":"bb016d3c-b4eb-40f8-a025-dc53fdc36725","clientSessionId":"","clientRoute":"","ip":"::ffff:127.0.0.1"}

      at Object.log [as info] (utils/logger.js:24:38)

  console.log
    {"timestamp":"2026-03-16T16:47:01.040Z","level":"info","message":"otp.verify_404","hostname":"LAPTOP-2S5UTCOT","pid":14884,"event":"VERIFY_404","phone":"9437200063","email":"-","purpose":"signup","ip":"127.0.0.1","requestId":"1c003df5-1820-4de7-ac2f-0b948537c6e0","success":false,"reason":"user not found"}

      at Object.log [as info] (utils/logger.js:24:38)

  console.error
    {"timestamp":"2026-03-16T16:47:01.040Z","level":"error","message":"No account found with this phone number","hostname":"LAPTOP-2S5UTCOT","pid":14884,"error":{"message":"No account found with this phone number","stack":"Error: No account found with this phone number\n    at C:\\Users\\mdsai\\Downloads\\Kimi_Agent_Flipkart-Style Frontend\\server\\controllers\\otpController.js:1012:21\n    at processTicksAndRejections (node:internal/process/task_queues:103:5)","name":"Error"},"type":"AppError","method":"POST","url":"/api/otp/verify","statusCode":404,"requestId":"1c003df5-1820-4de7-ac2f-0b948537c6e0","clientSessionId":"","clientRoute":""}

    [0m [90m 24 |[39m     info[33m:[39m (message[33m,[39m meta) [33m=>[39m console[33m.[39mlog(formatMessage([32m'info'[39m[33m,[39m message[33m,[39m meta))[33m,[39m
     [90m 25 |[39m     warn[33m:[39m (message[33m,[39m meta) [33m=>[39m console[33m.[39mwarn(formatMessage([32m'warn'[39m[33m,[39m message[33m,[39m meta))[33m,[39m
    [31m[1m>[22m[39m[90m 26 |[39m     error[33m:[39m (message[33m,[39m meta) [33m=>[39m console[33m.[39merror(formatMessage([32m'error'[39m[33m,[39m message[33m,[39m meta))[33m,[39m
     [90m    |[39m                                       [31m[1m^[22m[39m
     [90m 27 |[39m     debug[33m:[39m (message[33m,[39m meta) [33m=>[39m {
     [90m 28 |[39m         [36mif[39m (process[33m.[39menv[33m.[39m[33mNODE_ENV[39m [33m!==[39m [32m'production'[39m) {
     [90m 29 |[39m             console[33m.[39mdebug(formatMessage([32m'debug'[39m[33m,[39m message[33m,[39m meta))[33m;[39m[0m

      at Object.error (utils/logger.js:26:39)
      at error (middleware/errorMiddleware.js:34:12)
      at Layer.handleError (node_modules/router/lib/layer.js:116:17)
      at trimPrefix (node_modules/router/index.js:340:13)
      at node_modules/router/index.js:297:9
      at processParams (node_modules/router/index.js:582:12)
      at next (node_modules/router/index.js:291:5)
      at Layer.handleError (node_modules/router/lib/layer.js:111:12)
      at trimPrefix (node_modules/router/index.js:340:13)
      at node_modules/router/index.js:297:9
      at processParams (node_modules/router/index.js:582:12)
      at next (node_modules/router/index.js:291:5)
      at node_modules/router/index.js:688:15
      at next (node_modules/router/index.js:276:14)
      at next (node_modules/router/lib/route.js:132:14)
      at next (controllers/otpController.js:1012:16)

  console.log
    {"timestamp":"2026-03-16T16:47:01.042Z","level":"info","message":"HTTP Request","hostname":"LAPTOP-2S5UTCOT","pid":14884,"method":"POST","url":"/api/otp/verify","status":404,"durationMs":4,"requestId":"1c003df5-1820-4de7-ac2f-0b948537c6e0","clientSessionId":"","clientRoute":"","ip":"::ffff:127.0.0.1"}

      at Object.log [as info] (utils/logger.js:24:38)

  console.error
    {"timestamp":"2026-03-16T16:47:01.071Z","level":"error","message":"Invalid OTP. Please enter a valid 6-digit code.","hostname":"LAPTOP-2S5UTCOT","pid":14884,"error":{"message":"Invalid OTP. Please enter a valid 6-digit code.","stack":"Error: Invalid OTP. Please enter a valid 6-digit code.\n    at C:\\Users\\mdsai\\Downloads\\Kimi_Agent_Flipkart-Style Frontend\\server\\controllers\\otpController.js:983:21\n    at asyncUtilWrap (C:\\Users\\mdsai\\Downloads\\Kimi_Agent_Flipkart-Style Frontend\\server\\node_modules\\express-async-handler\\index.js:3:20)\n    at Layer.handleRequest (C:\\Users\\mdsai\\Downloads\\Kimi_Agent_Flipkart-Style Frontend\\server\\node_modules\\router\\lib\\layer.js:152:17)\n    at next (C:\\Users\\mdsai\\Downloads\\Kimi_Agent_Flipkart-Style Frontend\\server\\node_modules\\router\\lib\\route.js:157:13)\n    at next (C:\\Users\\mdsai\\Downloads\\Kimi_Agent_Flipkart-Style Frontend\\server\\middleware\\distributedRateLimit.js:103:53)\n    at Layer.handleRequest (C:\\Users\\mdsai\\Downloads\\Kimi_Agent_Flipkart-Style Frontend\\server\\node_modules\\router\\lib\\layer.js:152:17)\n    at next (C:\\Users\\mdsai\\Downloads\\Kimi_Agent_Flipkart-Style Frontend\\server\\node_modules\\router\\lib\\route.js:157:13)\n    at Route.dispatch (C:\\Users\\mdsai\\Downloads\\Kimi_Agent_Flipkart-Style Frontend\\server\\node_modules\\router\\lib\\route.js:117:3)\n    at handle (C:\\Users\\mdsai\\Downloads\\Kimi_Agent_Flipkart-Style Frontend\\server\\node_modules\\router\\index.js:435:11)\n    at Layer.handleRequest (C:\\Users\\mdsai\\Downloads\\Kimi_Agent_Flipkart-Style Frontend\\server\\node_modules\\router\\lib\\layer.js:152:17)\n    at C:\\Users\\mdsai\\Downloads\\Kimi_Agent_Flipkart-Style Frontend\\server\\node_modules\\router\\index.js:295:15\n    at processParams (C:\\Users\\mdsai\\Downloads\\Kimi_Agent_Flipkart-Style Frontend\\server\\node_modules\\router\\index.js:582:12)\n    at next (C:\\Users\\mdsai\\Downloads\\Kimi_Agent_Flipkart-Style Frontend\\server\\node_modules\\router\\index.js:291:5)\n    at router.handle (C:\\Users\\mdsai\\Downloads\\Kimi_Agent_Flipkart-Style Frontend\\server\\node_modules\\router\\index.js:186:3)\n    at router (C:\\Users\\mdsai\\Downloads\\Kimi_Agent_Flipkart-Style Frontend\\server\\node_modules\\router\\index.js:60:12)\n    at Layer.handleRequest (C:\\Users\\mdsai\\Downloads\\Kimi_Agent_Flipkart-Style Frontend\\server\\node_modules\\router\\lib\\layer.js:152:17)\n    at trimPrefix (C:\\Users\\mdsai\\Downloads\\Kimi_Agent_Flipkart-Style Frontend\\server\\node_modules\\router\\index.js:342:13)\n    at C:\\Users\\mdsai\\Downloads\\Kimi_Agent_Flipkart-Style Frontend\\server\\node_modules\\router\\index.js:297:9\n    at processParams (C:\\Users\\mdsai\\Downloads\\Kimi_Agent_Flipkart-Style Frontend\\server\\node_modules\\router\\index.js:582:12)\n    at next (C:\\Users\\mdsai\\Downloads\\Kimi_Agent_Flipkart-Style Frontend\\server\\node_modules\\router\\index.js:291:5)\n    at next (C:\\Users\\mdsai\\Downloads\\Kimi_Agent_Flipkart-Style Frontend\\server\\middleware\\adminNotificationMiddleware.js:11:16)\n    at Layer.handleRequest (C:\\Users\\mdsai\\Downloads\\Kimi_Agent_Flipkart-Style Frontend\\server\\node_modules\\router\\lib\\layer.js:152:17)\n    at trimPrefix (C:\\Users\\mdsai\\Downloads\\Kimi_Agent_Flipkart-Style Frontend\\server\\node_modules\\router\\index.js:342:13)\n    at C:\\Users\\mdsai\\Downloads\\Kimi_Agent_Flipkart-Style Frontend\\server\\node_modules\\router\\index.js:297:9\n    at processParams (C:\\Users\\mdsai\\Downloads\\Kimi_Agent_Flipkart-Style Frontend\\server\\node_modules\\router\\index.js:582:12)\n    at next (C:\\Users\\mdsai\\Downloads\\Kimi_Agent_Flipkart-Style Frontend\\server\\node_modules\\router\\index.js:291:5)\n    at next (C:\\Users\\mdsai\\Downloads\\Kimi_Agent_Flipkart-Style Frontend\\server\\middleware\\activityEmailMiddleware.js:11:16)\n    at Layer.handleRequest (C:\\Users\\mdsai\\Downloads\\Kimi_Agent_Flipkart-Style Frontend\\server\\node_modules\\router\\lib\\layer.js:152:17)\n    at trimPrefix (C:\\Users\\mdsai\\Downloads\\Kimi_Agent_Flipkart-Style Frontend\\server\\node_modules\\router\\index.js:342:13)\n    at C:\\Users\\mdsai\\Downloads\\Kimi_Agent_Flipkart-Style Frontend\\server\\node_modules\\router\\index.js:297:9\n    at processParams (C:\\Users\\mdsai\\Downloads\\Kimi_Agent_Flipkart-Style Frontend\\server\\node_modules\\router\\index.js:582:12)\n    at next (C:\\Users\\mdsai\\Downloads\\Kimi_Agent_Flipkart-Style Frontend\\server\\node_modules\\router\\index.js:291:5)\n    at next (C:\\Users\\mdsai\\Downloads\\Kimi_Agent_Flipkart-Style Frontend\\server\\middleware\\xssSanitizer.js:36:5)\n    at Layer.handleRequest (C:\\Users\\mdsai\\Downloads\\Kimi_Agent_Flipkart-Style Frontend\\server\\node_modules\\router\\lib\\layer.js:152:17)\n    at trimPrefix (C:\\Users\\mdsai\\Downloads\\Kimi_Agent_Flipkart-Style Frontend\\server\\node_modules\\router\\index.js:342:13)\n    at C:\\Users\\mdsai\\Downloads\\Kimi_Agent_Flipkart-Style Frontend\\server\\node_modules\\router\\index.js:297:9\n    at processParams (C:\\Users\\mdsai\\Downloads\\Kimi_Agent_Flipkart-Style Frontend\\server\\node_modules\\router\\index.js:582:12)\n    at next (C:\\Users\\mdsai\\Downloads\\Kimi_Agent_Flipkart-Style Frontend\\server\\node_modules\\router\\index.js:291:5)\n    at next (C:\\Users\\mdsai\\Downloads\\Kimi_Agent_Flipkart-Style Frontend\\server\\middleware\\securityMiddleware.js:37:9)\n    at Layer.handleRequest (C:\\Users\\mdsai\\Downloads\\Kimi_Agent_Flipkart-Style Frontend\\server\\node_modules\\router\\lib\\layer.js:152:17)\n    at trimPrefix (C:\\Users\\mdsai\\Downloads\\Kimi_Agent_Flipkart-Style Frontend\\server\\node_modules\\router\\index.js:342:13)\n    at C:\\Users\\mdsai\\Downloads\\Kimi_Agent_Flipkart-Style Frontend\\server\\node_modules\\router\\index.js:297:9\n    at processParams (C:\\Users\\mdsai\\Downloads\\Kimi_Agent_Flipkart-Style Frontend\\server\\node_modules\\router\\index.js:582:12)\n    at next (C:\\Users\\mdsai\\Downloads\\Kimi_Agent_Flipkart-Style Frontend\\server\\node_modules\\router\\index.js:291:5)\n    at C:\\Users\\mdsai\\Downloads\\Kimi_Agent_Flipkart-Style Frontend\\server\\node_modules\\body-parser\\lib\\read.js:171:5\n    at AsyncResource.runInAsyncScope (node:async_hooks:214:14)\n    at invokeCallback (C:\\Users\\mdsai\\Downloads\\Kimi_Agent_Flipkart-Style Frontend\\server\\node_modules\\raw-body\\index.js:238:16)\n    at done (C:\\Users\\mdsai\\Downloads\\Kimi_Agent_Flipkart-Style Frontend\\server\\node_modules\\raw-body\\index.js:227:7)\n    at IncomingMessage.onEnd (C:\\Users\\mdsai\\Downloads\\Kimi_Agent_Flipkart-Style Frontend\\server\\node_modules\\raw-body\\index.js:287:7)\n    at IncomingMessage.emit (node:events:508:28)\n    at endReadableNT (node:internal/streams/readable:1701:12)\n    at processTicksAndRejections (node:internal/process/task_queues:89:21)","name":"Error"},"type":"AppError","method":"POST","url":"/api/otp/verify","statusCode":400,"requestId":"75623bc0-e104-41cc-9132-aab244ac2f0f","clientSessionId":"","clientRoute":""}

    [0m [90m 24 |[39m     info[33m:[39m (message[33m,[39m meta) [33m=>[39m console[33m.[39mlog(formatMessage([32m'info'[39m[33m,[39m message[33m,[39m meta))[33m,[39m
     [90m 25 |[39m     warn[33m:[39m (message[33m,[39m meta) [33m=>[39m console[33m.[39mwarn(formatMessage([32m'warn'[39m[33m,[39m message[33m,[39m meta))[33m,[39m
    [31m[1m>[22m[39m[90m 26 |[39m     error[33m:[39m (message[33m,[39m meta) [33m=>[39m console[33m.[39merror(formatMessage([32m'error'[39m[33m,[39m message[33m,[39m meta))[33m,[39m
     [90m    |[39m                                       [31m[1m^[22m[39m
     [90m 27 |[39m     debug[33m:[39m (message[33m,[39m meta) [33m=>[39m {
     [90m 28 |[39m         [36mif[39m (process[33m.[39menv[33m.[39m[33mNODE_ENV[39m [33m!==[39m [32m'production'[39m) {
     [90m 29 |[39m             console[33m.[39mdebug(formatMessage([32m'debug'[39m[33m,[39m message[33m,[39m meta))[33m;[39m[0m

      at Object.error (utils/logger.js:26:39)
      at error (middleware/errorMiddleware.js:34:12)
      at Layer.handleError (node_modules/router/lib/layer.js:116:17)
      at trimPrefix (node_modules/router/index.js:340:13)
      at node_modules/router/index.js:297:9
      at processParams (node_modules/router/index.js:582:12)
      at next (node_modules/router/index.js:291:5)
      at Layer.handleError (node_modules/router/lib/layer.js:111:12)
      at trimPrefix (node_modules/router/index.js:340:13)
      at node_modules/router/index.js:297:9
      at processParams (node_modules/router/index.js:582:12)
      at next (node_modules/router/index.js:291:5)
      at node_modules/router/index.js:688:15
      at next (node_modules/router/index.js:276:14)
      at next (node_modules/router/lib/route.js:132:14)
      at next (controllers/otpController.js:983:16)
      at asyncUtilWrap (node_modules/express-async-handler/index.js:3:20)
      at Layer.handleRequest (node_modules/router/lib/layer.js:152:17)
      at next (node_modules/router/lib/route.js:157:13)
      at next (middleware/distributedRateLimit.js:103:53)
      at Layer.handleRequest (node_modules/router/lib/layer.js:152:17)
      at next (node_modules/router/lib/route.js:157:13)
      at Route.dispatch (node_modules/router/lib/route.js:117:3)
      at handle (node_modules/router/index.js:435:11)
      at Layer.handleRequest (node_modules/router/lib/layer.js:152:17)
      at node_modules/router/index.js:295:15
      at processParams (node_modules/router/index.js:582:12)
      at next (node_modules/router/index.js:291:5)
      at router.handle (node_modules/router/index.js:186:3)
      at router (node_modules/router/index.js:60:12)
      at Layer.handleRequest (node_modules/router/lib/layer.js:152:17)
      at trimPrefix (node_modules/router/index.js:342:13)
      at node_modules/router/index.js:297:9
      at processParams (node_modules/router/index.js:582:12)
      at next (node_modules/router/index.js:291:5)
      at next (middleware/adminNotificationMiddleware.js:11:16)
      at Layer.handleRequest (node_modules/router/lib/layer.js:152:17)
      at trimPrefix (node_modules/router/index.js:342:13)
      at node_modules/router/index.js:297:9
      at processParams (node_modules/router/index.js:582:12)
      at next (node_modules/router/index.js:291:5)
      at next (middleware/activityEmailMiddleware.js:11:16)
      at Layer.handleRequest (node_modules/router/lib/layer.js:152:17)
      at trimPrefix (node_modules/router/index.js:342:13)
      at node_modules/router/index.js:297:9
      at processParams (node_modules/router/index.js:582:12)
      at next (node_modules/router/index.js:291:5)
      at next (middleware/xssSanitizer.js:36:5)
      at Layer.handleRequest (node_modules/router/lib/layer.js:152:17)
      at trimPrefix (node_modules/router/index.js:342:13)
      at node_modules/router/index.js:297:9
      at processParams (node_modules/router/index.js:582:12)
      at next (node_modules/router/index.js:291:5)
      at next (middleware/securityMiddleware.js:37:9)
      at Layer.handleRequest (node_modules/router/lib/layer.js:152:17)
      at trimPrefix (node_modules/router/index.js:342:13)
      at node_modules/router/index.js:297:9
      at processParams (node_modules/router/index.js:582:12)
      at next (node_modules/router/index.js:291:5)
      at node_modules/body-parser/lib/read.js:171:5
      at invokeCallback (node_modules/raw-body/index.js:238:16)
      at done (node_modules/raw-body/index.js:227:7)
      at IncomingMessage.onEnd (node_modules/raw-body/index.js:287:7)

  console.log
    {"timestamp":"2026-03-16T16:47:01.073Z","level":"info","message":"HTTP Request","hostname":"LAPTOP-2S5UTCOT","pid":14884,"method":"POST","url":"/api/otp/verify","status":400,"durationMs":3,"requestId":"75623bc0-e104-41cc-9132-aab244ac2f0f","clientSessionId":"","clientRoute":"","ip":"::ffff:127.0.0.1"}

      at Object.log [as info] (utils/logger.js:24:38)

  console.error
    {"timestamp":"2026-03-16T16:47:01.102Z","level":"error","message":"Invalid OTP. Please enter a valid 6-digit code.","hostname":"LAPTOP-2S5UTCOT","pid":14884,"error":{"message":"Invalid OTP. Please enter a valid 6-digit code.","stack":"Error: Invalid OTP. Please enter a valid 6-digit code.\n    at C:\\Users\\mdsai\\Downloads\\Kimi_Agent_Flipkart-Style Frontend\\server\\controllers\\otpController.js:983:21\n    at asyncUtilWrap (C:\\Users\\mdsai\\Downloads\\Kimi_Agent_Flipkart-Style Frontend\\server\\node_modules\\express-async-handler\\index.js:3:20)\n    at Layer.handleRequest (C:\\Users\\mdsai\\Downloads\\Kimi_Agent_Flipkart-Style Frontend\\server\\node_modules\\router\\lib\\layer.js:152:17)\n    at next (C:\\Users\\mdsai\\Downloads\\Kimi_Agent_Flipkart-Style Frontend\\server\\node_modules\\router\\lib\\route.js:157:13)\n    at next (C:\\Users\\mdsai\\Downloads\\Kimi_Agent_Flipkart-Style Frontend\\server\\middleware\\distributedRateLimit.js:103:53)\n    at Layer.handleRequest (C:\\Users\\mdsai\\Downloads\\Kimi_Agent_Flipkart-Style Frontend\\server\\node_modules\\router\\lib\\layer.js:152:17)\n    at next (C:\\Users\\mdsai\\Downloads\\Kimi_Agent_Flipkart-Style Frontend\\server\\node_modules\\router\\lib\\route.js:157:13)\n    at Route.dispatch (C:\\Users\\mdsai\\Downloads\\Kimi_Agent_Flipkart-Style Frontend\\server\\node_modules\\router\\lib\\route.js:117:3)\n    at handle (C:\\Users\\mdsai\\Downloads\\Kimi_Agent_Flipkart-Style Frontend\\server\\node_modules\\router\\index.js:435:11)\n    at Layer.handleRequest (C:\\Users\\mdsai\\Downloads\\Kimi_Agent_Flipkart-Style Frontend\\server\\node_modules\\router\\lib\\layer.js:152:17)\n    at C:\\Users\\mdsai\\Downloads\\Kimi_Agent_Flipkart-Style Frontend\\server\\node_modules\\router\\index.js:295:15\n    at processParams (C:\\Users\\mdsai\\Downloads\\Kimi_Agent_Flipkart-Style Frontend\\server\\node_modules\\router\\index.js:582:12)\n    at next (C:\\Users\\mdsai\\Downloads\\Kimi_Agent_Flipkart-Style Frontend\\server\\node_modules\\router\\index.js:291:5)\n    at router.handle (C:\\Users\\mdsai\\Downloads\\Kimi_Agent_Flipkart-Style Frontend\\server\\node_modules\\router\\index.js:186:3)\n    at router (C:\\Users\\mdsai\\Downloads\\Kimi_Agent_Flipkart-Style Frontend\\server\\node_modules\\router\\index.js:60:12)\n    at Layer.handleRequest (C:\\Users\\mdsai\\Downloads\\Kimi_Agent_Flipkart-Style Frontend\\server\\node_modules\\router\\lib\\layer.js:152:17)\n    at trimPrefix (C:\\Users\\mdsai\\Downloads\\Kimi_Agent_Flipkart-Style Frontend\\server\\node_modules\\router\\index.js:342:13)\n    at C:\\Users\\mdsai\\Downloads\\Kimi_Agent_Flipkart-Style Frontend\\server\\node_modules\\router\\index.js:297:9\n    at processParams (C:\\Users\\mdsai\\Downloads\\Kimi_Agent_Flipkart-Style Frontend\\server\\node_modules\\router\\index.js:582:12)\n    at next (C:\\Users\\mdsai\\Downloads\\Kimi_Agent_Flipkart-Style Frontend\\server\\node_modules\\router\\index.js:291:5)\n    at next (C:\\Users\\mdsai\\Downloads\\Kimi_Agent_Flipkart-Style Frontend\\server\\middleware\\adminNotificationMiddleware.js:11:16)\n    at Layer.handleRequest (C:\\Users\\mdsai\\Downloads\\Kimi_Agent_Flipkart-Style Frontend\\server\\node_modules\\router\\lib\\layer.js:152:17)\n    at trimPrefix (C:\\Users\\mdsai\\Downloads\\Kimi_Agent_Flipkart-Style Frontend\\server\\node_modules\\router\\index.js:342:13)\n    at C:\\Users\\mdsai\\Downloads\\Kimi_Agent_Flipkart-Style Frontend\\server\\node_modules\\router\\index.js:297:9\n    at processParams (C:\\Users\\mdsai\\Downloads\\Kimi_Agent_Flipkart-Style Frontend\\server\\node_modules\\router\\index.js:582:12)\n    at next (C:\\Users\\mdsai\\Downloads\\Kimi_Agent_Flipkart-Style Frontend\\server\\node_modules\\router\\index.js:291:5)\n    at next (C:\\Users\\mdsai\\Downloads\\Kimi_Agent_Flipkart-Style Frontend\\server\\middleware\\activityEmailMiddleware.js:11:16)\n    at Layer.handleRequest (C:\\Users\\mdsai\\Downloads\\Kimi_Agent_Flipkart-Style Frontend\\server\\node_modules\\router\\lib\\layer.js:152:17)\n    at trimPrefix (C:\\Users\\mdsai\\Downloads\\Kimi_Agent_Flipkart-Style Frontend\\server\\node_modules\\router\\index.js:342:13)\n    at C:\\Users\\mdsai\\Downloads\\Kimi_Agent_Flipkart-Style Frontend\\server\\node_modules\\router\\index.js:297:9\n    at processParams (C:\\Users\\mdsai\\Downloads\\Kimi_Agent_Flipkart-Style Frontend\\server\\node_modules\\router\\index.js:582:12)\n    at next (C:\\Users\\mdsai\\Downloads\\Kimi_Agent_Flipkart-Style Frontend\\server\\node_modules\\router\\index.js:291:5)\n    at next (C:\\Users\\mdsai\\Downloads\\Kimi_Agent_Flipkart-Style Frontend\\server\\middleware\\xssSanitizer.js:36:5)\n    at Layer.handleRequest (C:\\Users\\mdsai\\Downloads\\Kimi_Agent_Flipkart-Style Frontend\\server\\node_modules\\router\\lib\\layer.js:152:17)\n    at trimPrefix (C:\\Users\\mdsai\\Downloads\\Kimi_Agent_Flipkart-Style Frontend\\server\\node_modules\\router\\index.js:342:13)\n    at C:\\Users\\mdsai\\Downloads\\Kimi_Agent_Flipkart-Style Frontend\\server\\node_modules\\router\\index.js:297:9\n    at processParams (C:\\Users\\mdsai\\Downloads\\Kimi_Agent_Flipkart-Style Frontend\\server\\node_modules\\router\\index.js:582:12)\n    at next (C:\\Users\\mdsai\\Downloads\\Kimi_Agent_Flipkart-Style Frontend\\server\\node_modules\\router\\index.js:291:5)\n    at next (C:\\Users\\mdsai\\Downloads\\Kimi_Agent_Flipkart-Style Frontend\\server\\middleware\\securityMiddleware.js:37:9)\n    at Layer.handleRequest (C:\\Users\\mdsai\\Downloads\\Kimi_Agent_Flipkart-Style Frontend\\server\\node_modules\\router\\lib\\layer.js:152:17)\n    at trimPrefix (C:\\Users\\mdsai\\Downloads\\Kimi_Agent_Flipkart-Style Frontend\\server\\node_modules\\router\\index.js:342:13)\n    at C:\\Users\\mdsai\\Downloads\\Kimi_Agent_Flipkart-Style Frontend\\server\\node_modules\\router\\index.js:297:9\n    at processParams (C:\\Users\\mdsai\\Downloads\\Kimi_Agent_Flipkart-Style Frontend\\server\\node_modules\\router\\index.js:582:12)\n    at next (C:\\Users\\mdsai\\Downloads\\Kimi_Agent_Flipkart-Style Frontend\\server\\node_modules\\router\\index.js:291:5)\n    at C:\\Users\\mdsai\\Downloads\\Kimi_Agent_Flipkart-Style Frontend\\server\\node_modules\\body-parser\\lib\\read.js:171:5\n    at AsyncResource.runInAsyncScope (node:async_hooks:214:14)\n    at invokeCallback (C:\\Users\\mdsai\\Downloads\\Kimi_Agent_Flipkart-Style Frontend\\server\\node_modules\\raw-body\\index.js:238:16)\n    at done (C:\\Users\\mdsai\\Downloads\\Kimi_Agent_Flipkart-Style Frontend\\server\\node_modules\\raw-body\\index.js:227:7)\n    at IncomingMessage.onEnd (C:\\Users\\mdsai\\Downloads\\Kimi_Agent_Flipkart-Style Frontend\\server\\node_modules\\raw-body\\index.js:287:7)\n    at IncomingMessage.emit (node:events:508:28)\n    at endReadableNT (node:internal/streams/readable:1701:12)\n    at processTicksAndRejections (node:internal/process/task_queues:89:21)","name":"Error"},"type":"AppError","method":"POST","url":"/api/otp/verify","statusCode":400,"requestId":"7dc212f6-69a8-453a-981e-5bd70abdc70b","clientSessionId":"","clientRoute":""}

    [0m [90m 24 |[39m     info[33m:[39m (message[33m,[39m meta) [33m=>[39m console[33m.[39mlog(formatMessage([32m'info'[39m[33m,[39m message[33m,[39m meta))[33m,[39m
     [90m 25 |[39m     warn[33m:[39m (message[33m,[39m meta) [33m=>[39m console[33m.[39mwarn(formatMessage([32m'warn'[39m[33m,[39m message[33m,[39m meta))[33m,[39m
    [31m[1m>[22m[39m[90m 26 |[39m     error[33m:[39m (message[33m,[39m meta) [33m=>[39m console[33m.[39merror(formatMessage([32m'error'[39m[33m,[39m message[33m,[39m meta))[33m,[39m
     [90m    |[39m                                       [31m[1m^[22m[39m
     [90m 27 |[39m     debug[33m:[39m (message[33m,[39m meta) [33m=>[39m {
     [90m 28 |[39m         [36mif[39m (process[33m.[39menv[33m.[39m[33mNODE_ENV[39m [33m!==[39m [32m'production'[39m) {
     [90m 29 |[39m             console[33m.[39mdebug(formatMessage([32m'debug'[39m[33m,[39m message[33m,[39m meta))[33m;[39m[0m

      at Object.error (utils/logger.js:26:39)
      at error (middleware/errorMiddleware.js:34:12)
      at Layer.handleError (node_modules/router/lib/layer.js:116:17)
      at trimPrefix (node_modules/router/index.js:340:13)
      at node_modules/router/index.js:297:9
      at processParams (node_modules/router/index.js:582:12)
      at next (node_modules/router/index.js:291:5)
      at Layer.handleError (node_modules/router/lib/layer.js:111:12)
      at trimPrefix (node_modules/router/index.js:340:13)
      at node_modules/router/index.js:297:9
      at processParams (node_modules/router/index.js:582:12)
      at next (node_modules/router/index.js:291:5)
      at node_modules/router/index.js:688:15
      at next (node_modules/router/index.js:276:14)
      at next (node_modules/router/lib/route.js:132:14)
      at next (controllers/otpController.js:983:16)
      at asyncUtilWrap (node_modules/express-async-handler/index.js:3:20)
      at Layer.handleRequest (node_modules/router/lib/layer.js:152:17)
      at next (node_modules/router/lib/route.js:157:13)
      at next (middleware/distributedRateLimit.js:103:53)
      at Layer.handleRequest (node_modules/router/lib/layer.js:152:17)
      at next (node_modules/router/lib/route.js:157:13)
      at Route.dispatch (node_modules/router/lib/route.js:117:3)
      at handle (node_modules/router/index.js:435:11)
      at Layer.handleRequest (node_modules/router/lib/layer.js:152:17)
      at node_modules/router/index.js:295:15
      at processParams (node_modules/router/index.js:582:12)
      at next (node_modules/router/index.js:291:5)
      at router.handle (node_modules/router/index.js:186:3)
      at router (node_modules/router/index.js:60:12)
      at Layer.handleRequest (node_modules/router/lib/layer.js:152:17)
      at trimPrefix (node_modules/router/index.js:342:13)
      at node_modules/router/index.js:297:9
      at processParams (node_modules/router/index.js:582:12)
      at next (node_modules/router/index.js:291:5)
      at next (middleware/adminNotificationMiddleware.js:11:16)
      at Layer.handleRequest (node_modules/router/lib/layer.js:152:17)
      at trimPrefix (node_modules/router/index.js:342:13)
      at node_modules/router/index.js:297:9
      at processParams (node_modules/router/index.js:582:12)
      at next (node_modules/router/index.js:291:5)
      at next (middleware/activityEmailMiddleware.js:11:16)
      at Layer.handleRequest (node_modules/router/lib/layer.js:152:17)
      at trimPrefix (node_modules/router/index.js:342:13)
      at node_modules/router/index.js:297:9
      at processParams (node_modules/router/index.js:582:12)
      at next (node_modules/router/index.js:291:5)
      at next (middleware/xssSanitizer.js:36:5)
      at Layer.handleRequest (node_modules/router/lib/layer.js:152:17)
      at trimPrefix (node_modules/router/index.js:342:13)
      at node_modules/router/index.js:297:9
      at processParams (node_modules/router/index.js:582:12)
      at next (node_modules/router/index.js:291:5)
      at next (middleware/securityMiddleware.js:37:9)
      at Layer.handleRequest (node_modules/router/lib/layer.js:152:17)
      at trimPrefix (node_modules/router/index.js:342:13)
      at node_modules/router/index.js:297:9
      at processParams (node_modules/router/index.js:582:12)
      at next (node_modules/router/index.js:291:5)
      at node_modules/body-parser/lib/read.js:171:5
      at invokeCallback (node_modules/raw-body/index.js:238:16)
      at done (node_modules/raw-body/index.js:227:7)
      at IncomingMessage.onEnd (node_modules/raw-body/index.js:287:7)

  console.log
    {"timestamp":"2026-03-16T16:47:01.106Z","level":"info","message":"HTTP Request","hostname":"LAPTOP-2S5UTCOT","pid":14884,"method":"POST","url":"/api/otp/verify","status":400,"durationMs":5,"requestId":"7dc212f6-69a8-453a-981e-5bd70abdc70b","clientSessionId":"","clientRoute":"","ip":"::ffff:127.0.0.1"}

      at Object.log [as info] (utils/logger.js:24:38)

  console.error
    {"timestamp":"2026-03-16T16:47:01.119Z","level":"error","message":"Valid phone number is required","hostname":"LAPTOP-2S5UTCOT","pid":14884,"error":{"message":"Valid phone number is required","stack":"Error: Valid phone number is required\n    at C:\\Users\\mdsai\\Downloads\\Kimi_Agent_Flipkart-Style Frontend\\server\\controllers\\otpController.js:980:21\n    at asyncUtilWrap (C:\\Users\\mdsai\\Downloads\\Kimi_Agent_Flipkart-Style Frontend\\server\\node_modules\\express-async-handler\\index.js:3:20)\n    at Layer.handleRequest (C:\\Users\\mdsai\\Downloads\\Kimi_Agent_Flipkart-Style Frontend\\server\\node_modules\\router\\lib\\layer.js:152:17)\n    at next (C:\\Users\\mdsai\\Downloads\\Kimi_Agent_Flipkart-Style Frontend\\server\\node_modules\\router\\lib\\route.js:157:13)\n    at next (C:\\Users\\mdsai\\Downloads\\Kimi_Agent_Flipkart-Style Frontend\\server\\middleware\\distributedRateLimit.js:103:53)\n    at Layer.handleRequest (C:\\Users\\mdsai\\Downloads\\Kimi_Agent_Flipkart-Style Frontend\\server\\node_modules\\router\\lib\\layer.js:152:17)\n    at next (C:\\Users\\mdsai\\Downloads\\Kimi_Agent_Flipkart-Style Frontend\\server\\node_modules\\router\\lib\\route.js:157:13)\n    at Route.dispatch (C:\\Users\\mdsai\\Downloads\\Kimi_Agent_Flipkart-Style Frontend\\server\\node_modules\\router\\lib\\route.js:117:3)\n    at handle (C:\\Users\\mdsai\\Downloads\\Kimi_Agent_Flipkart-Style Frontend\\server\\node_modules\\router\\index.js:435:11)\n    at Layer.handleRequest (C:\\Users\\mdsai\\Downloads\\Kimi_Agent_Flipkart-Style Frontend\\server\\node_modules\\router\\lib\\layer.js:152:17)\n    at C:\\Users\\mdsai\\Downloads\\Kimi_Agent_Flipkart-Style Frontend\\server\\node_modules\\router\\index.js:295:15\n    at processParams (C:\\Users\\mdsai\\Downloads\\Kimi_Agent_Flipkart-Style Frontend\\server\\node_modules\\router\\index.js:582:12)\n    at next (C:\\Users\\mdsai\\Downloads\\Kimi_Agent_Flipkart-Style Frontend\\server\\node_modules\\router\\index.js:291:5)\n    at router.handle (C:\\Users\\mdsai\\Downloads\\Kimi_Agent_Flipkart-Style Frontend\\server\\node_modules\\router\\index.js:186:3)\n    at router (C:\\Users\\mdsai\\Downloads\\Kimi_Agent_Flipkart-Style Frontend\\server\\node_modules\\router\\index.js:60:12)\n    at Layer.handleRequest (C:\\Users\\mdsai\\Downloads\\Kimi_Agent_Flipkart-Style Frontend\\server\\node_modules\\router\\lib\\layer.js:152:17)\n    at trimPrefix (C:\\Users\\mdsai\\Downloads\\Kimi_Agent_Flipkart-Style Frontend\\server\\node_modules\\router\\index.js:342:13)\n    at C:\\Users\\mdsai\\Downloads\\Kimi_Agent_Flipkart-Style Frontend\\server\\node_modules\\router\\index.js:297:9\n    at processParams (C:\\Users\\mdsai\\Downloads\\Kimi_Agent_Flipkart-Style Frontend\\server\\node_modules\\router\\index.js:582:12)\n    at next (C:\\Users\\mdsai\\Downloads\\Kimi_Agent_Flipkart-Style Frontend\\server\\node_modules\\router\\index.js:291:5)\n    at next (C:\\Users\\mdsai\\Downloads\\Kimi_Agent_Flipkart-Style Frontend\\server\\middleware\\adminNotificationMiddleware.js:11:16)\n    at Layer.handleRequest (C:\\Users\\mdsai\\Downloads\\Kimi_Agent_Flipkart-Style Frontend\\server\\node_modules\\router\\lib\\layer.js:152:17)\n    at trimPrefix (C:\\Users\\mdsai\\Downloads\\Kimi_Agent_Flipkart-Style Frontend\\server\\node_modules\\router\\index.js:342:13)\n    at C:\\Users\\mdsai\\Downloads\\Kimi_Agent_Flipkart-Style Frontend\\server\\node_modules\\router\\index.js:297:9\n    at processParams (C:\\Users\\mdsai\\Downloads\\Kimi_Agent_Flipkart-Style Frontend\\server\\node_modules\\router\\index.js:582:12)\n    at next (C:\\Users\\mdsai\\Downloads\\Kimi_Agent_Flipkart-Style Frontend\\server\\node_modules\\router\\index.js:291:5)\n    at next (C:\\Users\\mdsai\\Downloads\\Kimi_Agent_Flipkart-Style Frontend\\server\\middleware\\activityEmailMiddleware.js:11:16)\n    at Layer.handleRequest (C:\\Users\\mdsai\\Downloads\\Kimi_Agent_Flipkart-Style Frontend\\server\\node_modules\\router\\lib\\layer.js:152:17)\n    at trimPrefix (C:\\Users\\mdsai\\Downloads\\Kimi_Agent_Flipkart-Style Frontend\\server\\node_modules\\router\\index.js:342:13)\n    at C:\\Users\\mdsai\\Downloads\\Kimi_Agent_Flipkart-Style Frontend\\server\\node_modules\\router\\index.js:297:9\n    at processParams (C:\\Users\\mdsai\\Downloads\\Kimi_Agent_Flipkart-Style Frontend\\server\\node_modules\\router\\index.js:582:12)\n    at next (C:\\Users\\mdsai\\Downloads\\Kimi_Agent_Flipkart-Style Frontend\\server\\node_modules\\router\\index.js:291:5)\n    at next (C:\\Users\\mdsai\\Downloads\\Kimi_Agent_Flipkart-Style Frontend\\server\\middleware\\xssSanitizer.js:36:5)\n    at Layer.handleRequest (C:\\Users\\mdsai\\Downloads\\Kimi_Agent_Flipkart-Style Frontend\\server\\node_modules\\router\\lib\\layer.js:152:17)\n    at trimPrefix (C:\\Users\\mdsai\\Downloads\\Kimi_Agent_Flipkart-Style Frontend\\server\\node_modules\\router\\index.js:342:13)\n    at C:\\Users\\mdsai\\Downloads\\Kimi_Agent_Flipkart-Style Frontend\\server\\node_modules\\router\\index.js:297:9\n    at processParams (C:\\Users\\mdsai\\Downloads\\Kimi_Agent_Flipkart-Style Frontend\\server\\node_modules\\router\\index.js:582:12)\n    at next (C:\\Users\\mdsai\\Downloads\\Kimi_Agent_Flipkart-Style Frontend\\server\\node_modules\\router\\index.js:291:5)\n    at next (C:\\Users\\mdsai\\Downloads\\Kimi_Agent_Flipkart-Style Frontend\\server\\middleware\\securityMiddleware.js:37:9)\n    at Layer.handleRequest (C:\\Users\\mdsai\\Downloads\\Kimi_Agent_Flipkart-Style Frontend\\server\\node_modules\\router\\lib\\layer.js:152:17)\n    at trimPrefix (C:\\Users\\mdsai\\Downloads\\Kimi_Agent_Flipkart-Style Frontend\\server\\node_modules\\router\\index.js:342:13)\n    at C:\\Users\\mdsai\\Downloads\\Kimi_Agent_Flipkart-Style Frontend\\server\\node_modules\\router\\index.js:297:9\n    at processParams (C:\\Users\\mdsai\\Downloads\\Kimi_Agent_Flipkart-Style Frontend\\server\\node_modules\\router\\index.js:582:12)\n    at next (C:\\Users\\mdsai\\Downloads\\Kimi_Agent_Flipkart-Style Frontend\\server\\node_modules\\router\\index.js:291:5)\n    at C:\\Users\\mdsai\\Downloads\\Kimi_Agent_Flipkart-Style Frontend\\server\\node_modules\\body-parser\\lib\\read.js:171:5\n    at AsyncResource.runInAsyncScope (node:async_hooks:214:14)\n    at invokeCallback (C:\\Users\\mdsai\\Downloads\\Kimi_Agent_Flipkart-Style Frontend\\server\\node_modules\\raw-body\\index.js:238:16)\n    at done (C:\\Users\\mdsai\\Downloads\\Kimi_Agent_Flipkart-Style Frontend\\server\\node_modules\\raw-body\\index.js:227:7)\n    at IncomingMessage.onEnd (C:\\Users\\mdsai\\Downloads\\Kimi_Agent_Flipkart-Style Frontend\\server\\node_modules\\raw-body\\index.js:287:7)\n    at IncomingMessage.emit (node:events:508:28)\n    at endReadableNT (node:internal/streams/readable:1701:12)\n    at processTicksAndRejections (node:internal/process/task_queues:89:21)","name":"Error"},"type":"AppError","method":"POST","url":"/api/otp/verify","statusCode":400,"requestId":"dd39440f-907c-4a77-8494-f73a1e590638","clientSessionId":"","clientRoute":""}

    [0m [90m 24 |[39m     info[33m:[39m (message[33m,[39m meta) [33m=>[39m console[33m.[39mlog(formatMessage([32m'info'[39m[33m,[39m message[33m,[39m meta))[33m,[39m
     [90m 25 |[39m     warn[33m:[39m (message[33m,[39m meta) [33m=>[39m console[33m.[39mwarn(formatMessage([32m'warn'[39m[33m,[39m message[33m,[39m meta))[33m,[39m
    [31m[1m>[22m[39m[90m 26 |[39m     error[33m:[39m (message[33m,[39m meta) [33m=>[39m console[33m.[39merror(formatMessage([32m'error'[39m[33m,[39m message[33m,[39m meta))[33m,[39m
     [90m    |[39m                                       [31m[1m^[22m[39m
     [90m 27 |[39m     debug[33m:[39m (message[33m,[39m meta) [33m=>[39m {
     [90m 28 |[39m         [36mif[39m (process[33m.[39menv[33m.[39m[33mNODE_ENV[39m [33m!==[39m [32m'production'[39m) {
     [90m 29 |[39m             console[33m.[39mdebug(formatMessage([32m'debug'[39m[33m,[39m message[33m,[39m meta))[33m;[39m[0m

      at Object.error (utils/logger.js:26:39)
      at error (middleware/errorMiddleware.js:34:12)
      at Layer.handleError (node_modules/router/lib/layer.js:116:17)
      at trimPrefix (node_modules/router/index.js:340:13)
      at node_modules/router/index.js:297:9
      at processParams (node_modules/router/index.js:582:12)
      at next (node_modules/router/index.js:291:5)
      at Layer.handleError (node_modules/router/lib/layer.js:111:12)
      at trimPrefix (node_modules/router/index.js:340:13)
      at node_modules/router/index.js:297:9
      at processParams (node_modules/router/index.js:582:12)
      at next (node_modules/router/index.js:291:5)
      at node_modules/router/index.js:688:15
      at next (node_modules/router/index.js:276:14)
      at next (node_modules/router/lib/route.js:132:14)
      at next (controllers/otpController.js:980:16)
      at asyncUtilWrap (node_modules/express-async-handler/index.js:3:20)
      at Layer.handleRequest (node_modules/router/lib/layer.js:152:17)
      at next (node_modules/router/lib/route.js:157:13)
      at next (middleware/distributedRateLimit.js:103:53)
      at Layer.handleRequest (node_modules/router/lib/layer.js:152:17)
      at next (node_modules/router/lib/route.js:157:13)
      at Route.dispatch (node_modules/router/lib/route.js:117:3)
      at handle (node_modules/router/index.js:435:11)
      at Layer.handleRequest (node_modules/router/lib/layer.js:152:17)
      at node_modules/router/index.js:295:15
      at processParams (node_modules/router/index.js:582:12)
      at next (node_modules/router/index.js:291:5)
      at router.handle (node_modules/router/index.js:186:3)
      at router (node_modules/router/index.js:60:12)
      at Layer.handleRequest (node_modules/router/lib/layer.js:152:17)
      at trimPrefix (node_modules/router/index.js:342:13)
      at node_modules/router/index.js:297:9
      at processParams (node_modules/router/index.js:582:12)
      at next (node_modules/router/index.js:291:5)
      at next (middleware/adminNotificationMiddleware.js:11:16)
      at Layer.handleRequest (node_modules/router/lib/layer.js:152:17)
      at trimPrefix (node_modules/router/index.js:342:13)
      at node_modules/router/index.js:297:9
      at processParams (node_modules/router/index.js:582:12)
      at next (node_modules/router/index.js:291:5)
      at next (middleware/activityEmailMiddleware.js:11:16)
      at Layer.handleRequest (node_modules/router/lib/layer.js:152:17)
      at trimPrefix (node_modules/router/index.js:342:13)
      at node_modules/router/index.js:297:9
      at processParams (node_modules/router/index.js:582:12)
      at next (node_modules/router/index.js:291:5)
      at next (middleware/xssSanitizer.js:36:5)
      at Layer.handleRequest (node_modules/router/lib/layer.js:152:17)
      at trimPrefix (node_modules/router/index.js:342:13)
      at node_modules/router/index.js:297:9
      at processParams (node_modules/router/index.js:582:12)
      at next (node_modules/router/index.js:291:5)
      at next (middleware/securityMiddleware.js:37:9)
      at Layer.handleRequest (node_modules/router/lib/layer.js:152:17)
      at trimPrefix (node_modules/router/index.js:342:13)
      at node_modules/router/index.js:297:9
      at processParams (node_modules/router/index.js:582:12)
      at next (node_modules/router/index.js:291:5)
      at node_modules/body-parser/lib/read.js:171:5
      at invokeCallback (node_modules/raw-body/index.js:238:16)
      at done (node_modules/raw-body/index.js:227:7)
      at IncomingMessage.onEnd (node_modules/raw-body/index.js:287:7)

  console.log
    {"timestamp":"2026-03-16T16:47:01.123Z","level":"info","message":"HTTP Request","hostname":"LAPTOP-2S5UTCOT","pid":14884,"method":"POST","url":"/api/otp/verify","status":400,"durationMs":5,"requestId":"dd39440f-907c-4a77-8494-f73a1e590638","clientSessionId":"","clientRoute":"","ip":"::ffff:127.0.0.1"}

      at Object.log [as info] (utils/logger.js:24:38)

  console.log
    {"timestamp":"2026-03-16T16:47:01.154Z","level":"info","message":"otp.verify_404","hostname":"LAPTOP-2S5UTCOT","pid":14884,"event":"VERIFY_404","phone":"9437200066","email":"-","purpose":"signup","ip":"127.0.0.1","requestId":"c0c5c99f-e64f-4d45-8e76-8d5c2538a962","success":false,"reason":"user not found"}

      at Object.log [as info] (utils/logger.js:24:38)

  console.error
    {"timestamp":"2026-03-16T16:47:01.154Z","level":"error","message":"No account found with this phone number","hostname":"LAPTOP-2S5UTCOT","pid":14884,"error":{"message":"No account found with this phone number","stack":"Error: No account found with this phone number\n    at C:\\Users\\mdsai\\Downloads\\Kimi_Agent_Flipkart-Style Frontend\\server\\controllers\\otpController.js:1012:21\n    at processTicksAndRejections (node:internal/process/task_queues:103:5)","name":"Error"},"type":"AppError","method":"POST","url":"/api/otp/verify","statusCode":404,"requestId":"c0c5c99f-e64f-4d45-8e76-8d5c2538a962","clientSessionId":"","clientRoute":""}

    [0m [90m 24 |[39m     info[33m:[39m (message[33m,[39m meta) [33m=>[39m console[33m.[39mlog(formatMessage([32m'info'[39m[33m,[39m message[33m,[39m meta))[33m,[39m
     [90m 25 |[39m     warn[33m:[39m (message[33m,[39m meta) [33m=>[39m console[33m.[39mwarn(formatMessage([32m'warn'[39m[33m,[39m message[33m,[39m meta))[33m,[39m
    [31m[1m>[22m[39m[90m 26 |[39m     error[33m:[39m (message[33m,[39m meta) [33m=>[39m console[33m.[39merror(formatMessage([32m'error'[39m[33m,[39m message[33m,[39m meta))[33m,[39m
     [90m    |[39m                                       [31m[1m^[22m[39m
     [90m 27 |[39m     debug[33m:[39m (message[33m,[39m meta) [33m=>[39m {
     [90m 28 |[39m         [36mif[39m (process[33m.[39menv[33m.[39m[33mNODE_ENV[39m [33m!==[39m [32m'production'[39m) {
     [90m 29 |[39m             console[33m.[39mdebug(formatMessage([32m'debug'[39m[33m,[39m message[33m,[39m meta))[33m;[39m[0m

      at Object.error (utils/logger.js:26:39)
      at error (middleware/errorMiddleware.js:34:12)
      at Layer.handleError (node_modules/router/lib/layer.js:116:17)
      at trimPrefix (node_modules/router/index.js:340:13)
      at node_modules/router/index.js:297:9
      at processParams (node_modules/router/index.js:582:12)
      at next (node_modules/router/index.js:291:5)
      at Layer.handleError (node_modules/router/lib/layer.js:111:12)
      at trimPrefix (node_modules/router/index.js:340:13)
      at node_modules/router/index.js:297:9
      at processParams (node_modules/router/index.js:582:12)
      at next (node_modules/router/index.js:291:5)
      at node_modules/router/index.js:688:15
      at next (node_modules/router/index.js:276:14)
      at next (node_modules/router/lib/route.js:132:14)
      at next (controllers/otpController.js:1012:16)

  console.log
    {"timestamp":"2026-03-16T16:47:01.156Z","level":"info","message":"HTTP Request","hostname":"LAPTOP-2S5UTCOT","pid":14884,"method":"POST","url":"/api/otp/verify","status":404,"durationMs":4,"requestId":"c0c5c99f-e64f-4d45-8e76-8d5c2538a962","clientSessionId":"","clientRoute":"","ip":"::ffff:127.0.0.1"}

      at Object.log [as info] (utils/logger.js:24:38)

  console.log
    {"timestamp":"2026-03-16T16:47:01.186Z","level":"info","message":"otp.verify_404","hostname":"LAPTOP-2S5UTCOT","pid":14884,"event":"VERIFY_404","phone":"9437200067","email":"-","purpose":"login","ip":"127.0.0.1","requestId":"8ecba5f9-2d0c-447e-8641-b28d2491c4b2","success":false,"reason":"user not found"}

      at Object.log [as info] (utils/logger.js:24:38)

  console.error
    {"timestamp":"2026-03-16T16:47:01.186Z","level":"error","message":"No account found with this phone number","hostname":"LAPTOP-2S5UTCOT","pid":14884,"error":{"message":"No account found with this phone number","stack":"Error: No account found with this phone number\n    at C:\\Users\\mdsai\\Downloads\\Kimi_Agent_Flipkart-Style Frontend\\server\\controllers\\otpController.js:1012:21\n    at processTicksAndRejections (node:internal/process/task_queues:103:5)","name":"Error"},"type":"AppError","method":"POST","url":"/api/otp/verify","statusCode":404,"requestId":"8ecba5f9-2d0c-447e-8641-b28d2491c4b2","clientSessionId":"","clientRoute":""}

    [0m [90m 24 |[39m     info[33m:[39m (message[33m,[39m meta) [33m=>[39m console[33m.[39mlog(formatMessage([32m'info'[39m[33m,[39m message[33m,[39m meta))[33m,[39m
     [90m 25 |[39m     warn[33m:[39m (message[33m,[39m meta) [33m=>[39m console[33m.[39mwarn(formatMessage([32m'warn'[39m[33m,[39m message[33m,[39m meta))[33m,[39m
    [31m[1m>[22m[39m[90m 26 |[39m     error[33m:[39m (message[33m,[39m meta) [33m=>[39m console[33m.[39merror(formatMessage([32m'error'[39m[33m,[39m message[33m,[39m meta))[33m,[39m
     [90m    |[39m                                       [31m[1m^[22m[39m
     [90m 27 |[39m     debug[33m:[39m (message[33m,[39m meta) [33m=>[39m {
     [90m 28 |[39m         [36mif[39m (process[33m.[39menv[33m.[39m[33mNODE_ENV[39m [33m!==[39m [32m'production'[39m) {
     [90m 29 |[39m             console[33m.[39mdebug(formatMessage([32m'debug'[39m[33m,[39m message[33m,[39m meta))[33m;[39m[0m

      at Object.error (utils/logger.js:26:39)
      at error (middleware/errorMiddleware.js:34:12)
      at Layer.handleError (node_modules/router/lib/layer.js:116:17)
      at trimPrefix (node_modules/router/index.js:340:13)
      at node_modules/router/index.js:297:9
      at processParams (node_modules/router/index.js:582:12)
      at next (node_modules/router/index.js:291:5)
      at Layer.handleError (node_modules/router/lib/layer.js:111:12)
      at trimPrefix (node_modules/router/index.js:340:13)
      at node_modules/router/index.js:297:9
      at processParams (node_modules/router/index.js:582:12)
      at next (node_modules/router/index.js:291:5)
      at node_modules/router/index.js:688:15
      at next (node_modules/router/index.js:276:14)
      at next (node_modules/router/lib/route.js:132:14)
      at next (controllers/otpController.js:1012:16)

  console.log
    {"timestamp":"2026-03-16T16:47:01.188Z","level":"info","message":"HTTP Request","hostname":"LAPTOP-2S5UTCOT","pid":14884,"method":"POST","url":"/api/otp/verify","status":404,"durationMs":4,"requestId":"8ecba5f9-2d0c-447e-8641-b28d2491c4b2","clientSessionId":"","clientRoute":"","ip":"::ffff:127.0.0.1"}

      at Object.log [as info] (utils/logger.js:24:38)

  console.log
    {"timestamp":"2026-03-16T16:47:01.217Z","level":"info","message":"otp.verify_404","hostname":"LAPTOP-2S5UTCOT","pid":14884,"event":"VERIFY_404","phone":"9437200068","email":"-","purpose":"forgot-password","ip":"127.0.0.1","requestId":"b8180973-2ef3-4fa1-9343-96f2bb78f56a","success":false,"reason":"user not found"}

      at Object.log [as info] (utils/logger.js:24:38)

  console.error
    {"timestamp":"2026-03-16T16:47:01.218Z","level":"error","message":"No account found with this phone number","hostname":"LAPTOP-2S5UTCOT","pid":14884,"error":{"message":"No account found with this phone number","stack":"Error: No account found with this phone number\n    at C:\\Users\\mdsai\\Downloads\\Kimi_Agent_Flipkart-Style Frontend\\server\\controllers\\otpController.js:1012:21\n    at processTicksAndRejections (node:internal/process/task_queues:103:5)","name":"Error"},"type":"AppError","method":"POST","url":"/api/otp/verify","statusCode":404,"requestId":"b8180973-2ef3-4fa1-9343-96f2bb78f56a","clientSessionId":"","clientRoute":""}

    [0m [90m 24 |[39m     info[33m:[39m (message[33m,[39m meta) [33m=>[39m console[33m.[39mlog(formatMessage([32m'info'[39m[33m,[39m message[33m,[39m meta))[33m,[39m
     [90m 25 |[39m     warn[33m:[39m (message[33m,[39m meta) [33m=>[39m console[33m.[39mwarn(formatMessage([32m'warn'[39m[33m,[39m message[33m,[39m meta))[33m,[39m
    [31m[1m>[22m[39m[90m 26 |[39m     error[33m:[39m (message[33m,[39m meta) [33m=>[39m console[33m.[39merror(formatMessage([32m'error'[39m[33m,[39m message[33m,[39m meta))[33m,[39m
     [90m    |[39m                                       [31m[1m^[22m[39m
     [90m 27 |[39m     debug[33m:[39m (message[33m,[39m meta) [33m=>[39m {
     [90m 28 |[39m         [36mif[39m (process[33m.[39menv[33m.[39m[33mNODE_ENV[39m [33m!==[39m [32m'production'[39m) {
     [90m 29 |[39m             console[33m.[39mdebug(formatMessage([32m'debug'[39m[33m,[39m message[33m,[39m meta))[33m;[39m[0m

      at Object.error (utils/logger.js:26:39)
      at error (middleware/errorMiddleware.js:34:12)
      at Layer.handleError (node_modules/router/lib/layer.js:116:17)
      at trimPrefix (node_modules/router/index.js:340:13)
      at node_modules/router/index.js:297:9
      at processParams (node_modules/router/index.js:582:12)
      at next (node_modules/router/index.js:291:5)
      at Layer.handleError (node_modules/router/lib/layer.js:111:12)
      at trimPrefix (node_modules/router/index.js:340:13)
      at node_modules/router/index.js:297:9
      at processParams (node_modules/router/index.js:582:12)
      at next (node_modules/router/index.js:291:5)
      at node_modules/router/index.js:688:15
      at next (node_modules/router/index.js:276:14)
      at next (node_modules/router/lib/route.js:132:14)
      at next (controllers/otpController.js:1012:16)

  console.log
    {"timestamp":"2026-03-16T16:47:01.220Z","level":"info","message":"HTTP Request","hostname":"LAPTOP-2S5UTCOT","pid":14884,"method":"POST","url":"/api/otp/verify","status":404,"durationMs":6,"requestId":"b8180973-2ef3-4fa1-9343-96f2bb78f56a","clientSessionId":"","clientRoute":"","ip":"::ffff:127.0.0.1"}

      at Object.log [as info] (utils/logger.js:24:38)

  console.log
    {"timestamp":"2026-03-16T16:47:01.246Z","level":"info","message":"otp.verify_404","hostname":"LAPTOP-2S5UTCOT","pid":14884,"event":"VERIFY_404","phone":"9437200069","email":"-","purpose":"payment-challenge","ip":"127.0.0.1","requestId":"0508535c-f3aa-4148-9b00-2b6985c1076f","success":false,"reason":"user not found"}

      at Object.log [as info] (utils/logger.js:24:38)

  console.error
    {"timestamp":"2026-03-16T16:47:01.247Z","level":"error","message":"No account found with this phone number","hostname":"LAPTOP-2S5UTCOT","pid":14884,"error":{"message":"No account found with this phone number","stack":"Error: No account found with this phone number\n    at C:\\Users\\mdsai\\Downloads\\Kimi_Agent_Flipkart-Style Frontend\\server\\controllers\\otpController.js:1012:21\n    at processTicksAndRejections (node:internal/process/task_queues:103:5)","name":"Error"},"type":"AppError","method":"POST","url":"/api/otp/verify","statusCode":404,"requestId":"0508535c-f3aa-4148-9b00-2b6985c1076f","clientSessionId":"","clientRoute":""}

    [0m [90m 24 |[39m     info[33m:[39m (message[33m,[39m meta) [33m=>[39m console[33m.[39mlog(formatMessage([32m'info'[39m[33m,[39m message[33m,[39m meta))[33m,[39m
     [90m 25 |[39m     warn[33m:[39m (message[33m,[39m meta) [33m=>[39m console[33m.[39mwarn(formatMessage([32m'warn'[39m[33m,[39m message[33m,[39m meta))[33m,[39m
    [31m[1m>[22m[39m[90m 26 |[39m     error[33m:[39m (message[33m,[39m meta) [33m=>[39m console[33m.[39merror(formatMessage([32m'error'[39m[33m,[39m message[33m,[39m meta))[33m,[39m
     [90m    |[39m                                       [31m[1m^[22m[39m
     [90m 27 |[39m     debug[33m:[39m (message[33m,[39m meta) [33m=>[39m {
     [90m 28 |[39m         [36mif[39m (process[33m.[39menv[33m.[39m[33mNODE_ENV[39m [33m!==[39m [32m'production'[39m) {
     [90m 29 |[39m             console[33m.[39mdebug(formatMessage([32m'debug'[39m[33m,[39m message[33m,[39m meta))[33m;[39m[0m

      at Object.error (utils/logger.js:26:39)
      at error (middleware/errorMiddleware.js:34:12)
      at Layer.handleError (node_modules/router/lib/layer.js:116:17)
      at trimPrefix (node_modules/router/index.js:340:13)
      at node_modules/router/index.js:297:9
      at processParams (node_modules/router/index.js:582:12)
      at next (node_modules/router/index.js:291:5)
      at Layer.handleError (node_modules/router/lib/layer.js:111:12)
      at trimPrefix (node_modules/router/index.js:340:13)
      at node_modules/router/index.js:297:9
      at processParams (node_modules/router/index.js:582:12)
      at next (node_modules/router/index.js:291:5)
      at node_modules/router/index.js:688:15
      at next (node_modules/router/index.js:276:14)
      at next (node_modules/router/lib/route.js:132:14)
      at next (controllers/otpController.js:1012:16)

  console.log
    {"timestamp":"2026-03-16T16:47:01.248Z","level":"info","message":"HTTP Request","hostname":"LAPTOP-2S5UTCOT","pid":14884,"method":"POST","url":"/api/otp/verify","status":404,"durationMs":3,"requestId":"0508535c-f3aa-4148-9b00-2b6985c1076f","clientSessionId":"","clientRoute":"","ip":"::ffff:127.0.0.1"}

      at Object.log [as info] (utils/logger.js:24:38)

  console.log
    {"timestamp":"2026-03-16T16:47:01.277Z","level":"info","message":"otp.verify_404","hostname":"LAPTOP-2S5UTCOT","pid":14884,"event":"VERIFY_404","phone":"9437200070","email":"-","purpose":"login","ip":"127.0.0.1","requestId":"d56a29dd-51d5-4cc5-82f1-6023e537b966","success":false,"reason":"user not found"}

      at Object.log [as info] (utils/logger.js:24:38)

  console.error
    {"timestamp":"2026-03-16T16:47:01.278Z","level":"error","message":"No account found with this phone number","hostname":"LAPTOP-2S5UTCOT","pid":14884,"error":{"message":"No account found with this phone number","stack":"Error: No account found with this phone number\n    at C:\\Users\\mdsai\\Downloads\\Kimi_Agent_Flipkart-Style Frontend\\server\\controllers\\otpController.js:1012:21\n    at processTicksAndRejections (node:internal/process/task_queues:103:5)","name":"Error"},"type":"AppError","method":"POST","url":"/api/otp/verify","statusCode":404,"requestId":"d56a29dd-51d5-4cc5-82f1-6023e537b966","clientSessionId":"","clientRoute":""}

    [0m [90m 24 |[39m     info[33m:[39m (message[33m,[39m meta) [33m=>[39m console[33m.[39mlog(formatMessage([32m'info'[39m[33m,[39m message[33m,[39m meta))[33m,[39m
     [90m 25 |[39m     warn[33m:[39m (message[33m,[39m meta) [33m=>[39m console[33m.[39mwarn(formatMessage([32m'warn'[39m[33m,[39m message[33m,[39m meta))[33m,[39m
    [31m[1m>[22m[39m[90m 26 |[39m     error[33m:[39m (message[33m,[39m meta) [33m=>[39m console[33m.[39merror(formatMessage([32m'error'[39m[33m,[39m message[33m,[39m meta))[33m,[39m
     [90m    |[39m                                       [31m[1m^[22m[39m
     [90m 27 |[39m     debug[33m:[39m (message[33m,[39m meta) [33m=>[39m {
     [90m 28 |[39m         [36mif[39m (process[33m.[39menv[33m.[39m[33mNODE_ENV[39m [33m!==[39m [32m'production'[39m) {
     [90m 29 |[39m             console[33m.[39mdebug(formatMessage([32m'debug'[39m[33m,[39m message[33m,[39m meta))[33m;[39m[0m

      at Object.error (utils/logger.js:26:39)
      at error (middleware/errorMiddleware.js:34:12)
      at Layer.handleError (node_modules/router/lib/layer.js:116:17)
      at trimPrefix (node_modules/router/index.js:340:13)
      at node_modules/router/index.js:297:9
      at processParams (node_modules/router/index.js:582:12)
      at next (node_modules/router/index.js:291:5)
      at Layer.handleError (node_modules/router/lib/layer.js:111:12)
      at trimPrefix (node_modules/router/index.js:340:13)
      at node_modules/router/index.js:297:9
      at processParams (node_modules/router/index.js:582:12)
      at next (node_modules/router/index.js:291:5)
      at node_modules/router/index.js:688:15
      at next (node_modules/router/index.js:276:14)
      at next (node_modules/router/lib/route.js:132:14)
      at next (controllers/otpController.js:1012:16)

  console.log
    {"timestamp":"2026-03-16T16:47:01.279Z","level":"info","message":"HTTP Request","hostname":"LAPTOP-2S5UTCOT","pid":14884,"method":"POST","url":"/api/otp/verify","status":404,"durationMs":3,"requestId":"d56a29dd-51d5-4cc5-82f1-6023e537b966","clientSessionId":"","clientRoute":"","ip":"::ffff:127.0.0.1"}

      at Object.log [as info] (utils/logger.js:24:38)

  console.log
    {"timestamp":"2026-03-16T16:47:01.311Z","level":"info","message":"otp.verify_404","hostname":"LAPTOP-2S5UTCOT","pid":14884,"event":"VERIFY_404","phone":"9437200072","email":"-","purpose":"forgot-password","ip":"127.0.0.1","requestId":"3a1ca7f4-3761-4456-b21a-8bd04a61452f","success":false,"reason":"user not found"}

      at Object.log [as info] (utils/logger.js:24:38)

  console.error
    {"timestamp":"2026-03-16T16:47:01.312Z","level":"error","message":"No account found with this phone number","hostname":"LAPTOP-2S5UTCOT","pid":14884,"error":{"message":"No account found with this phone number","stack":"Error: No account found with this phone number\n    at C:\\Users\\mdsai\\Downloads\\Kimi_Agent_Flipkart-Style Frontend\\server\\controllers\\otpController.js:1012:21\n    at processTicksAndRejections (node:internal/process/task_queues:103:5)","name":"Error"},"type":"AppError","method":"POST","url":"/api/otp/verify","statusCode":404,"requestId":"3a1ca7f4-3761-4456-b21a-8bd04a61452f","clientSessionId":"","clientRoute":""}

    [0m [90m 24 |[39m     info[33m:[39m (message[33m,[39m meta) [33m=>[39m console[33m.[39mlog(formatMessage([32m'info'[39m[33m,[39m message[33m,[39m meta))[33m,[39m
     [90m 25 |[39m     warn[33m:[39m (message[33m,[39m meta) [33m=>[39m console[33m.[39mwarn(formatMessage([32m'warn'[39m[33m,[39m message[33m,[39m meta))[33m,[39m
    [31m[1m>[22m[39m[90m 26 |[39m     error[33m:[39m (message[33m,[39m meta) [33m=>[39m console[33m.[39merror(formatMessage([32m'error'[39m[33m,[39m message[33m,[39m meta))[33m,[39m
     [90m    |[39m                                       [31m[1m^[22m[39m
     [90m 27 |[39m     debug[33m:[39m (message[33m,[39m meta) [33m=>[39m {
     [90m 28 |[39m         [36mif[39m (process[33m.[39menv[33m.[39m[33mNODE_ENV[39m [33m!==[39m [32m'production'[39m) {
     [90m 29 |[39m             console[33m.[39mdebug(formatMessage([32m'debug'[39m[33m,[39m message[33m,[39m meta))[33m;[39m[0m

      at Object.error (utils/logger.js:26:39)
      at error (middleware/errorMiddleware.js:34:12)
      at Layer.handleError (node_modules/router/lib/layer.js:116:17)
      at trimPrefix (node_modules/router/index.js:340:13)
      at node_modules/router/index.js:297:9
      at processParams (node_modules/router/index.js:582:12)
      at next (node_modules/router/index.js:291:5)
      at Layer.handleError (node_modules/router/lib/layer.js:111:12)
      at trimPrefix (node_modules/router/index.js:340:13)
      at node_modules/router/index.js:297:9
      at processParams (node_modules/router/index.js:582:12)
      at next (node_modules/router/index.js:291:5)
      at node_modules/router/index.js:688:15
      at next (node_modules/router/index.js:276:14)
      at next (node_modules/router/lib/route.js:132:14)
      at next (controllers/otpController.js:1012:16)

  console.log
    {"timestamp":"2026-03-16T16:47:01.313Z","level":"info","message":"HTTP Request","hostname":"LAPTOP-2S5UTCOT","pid":14884,"method":"POST","url":"/api/otp/verify","status":404,"durationMs":4,"requestId":"3a1ca7f4-3761-4456-b21a-8bd04a61452f","clientSessionId":"","clientRoute":"","ip":"::ffff:127.0.0.1"}

      at Object.log [as info] (utils/logger.js:24:38)

  console.error
    {"timestamp":"2026-03-16T16:47:01.323Z","level":"error","message":"Phone number is required","hostname":"LAPTOP-2S5UTCOT","pid":14884,"error":{"message":"Phone number is required","stack":"Error: Phone number is required\n    at C:\\Users\\mdsai\\Downloads\\Kimi_Agent_Flipkart-Style Frontend\\server\\controllers\\otpController.js:1304:21\n    at asyncUtilWrap (C:\\Users\\mdsai\\Downloads\\Kimi_Agent_Flipkart-Style Frontend\\server\\node_modules\\express-async-handler\\index.js:3:20)\n    at Layer.handleRequest (C:\\Users\\mdsai\\Downloads\\Kimi_Agent_Flipkart-Style Frontend\\server\\node_modules\\router\\lib\\layer.js:152:17)\n    at next (C:\\Users\\mdsai\\Downloads\\Kimi_Agent_Flipkart-Style Frontend\\server\\node_modules\\router\\lib\\route.js:157:13)\n    at next (C:\\Users\\mdsai\\Downloads\\Kimi_Agent_Flipkart-Style Frontend\\server\\middleware\\distributedRateLimit.js:103:53)\n    at Layer.handleRequest (C:\\Users\\mdsai\\Downloads\\Kimi_Agent_Flipkart-Style Frontend\\server\\node_modules\\router\\lib\\layer.js:152:17)\n    at next (C:\\Users\\mdsai\\Downloads\\Kimi_Agent_Flipkart-Style Frontend\\server\\node_modules\\router\\lib\\route.js:157:13)\n    at Route.dispatch (C:\\Users\\mdsai\\Downloads\\Kimi_Agent_Flipkart-Style Frontend\\server\\node_modules\\router\\lib\\route.js:117:3)\n    at handle (C:\\Users\\mdsai\\Downloads\\Kimi_Agent_Flipkart-Style Frontend\\server\\node_modules\\router\\index.js:435:11)\n    at Layer.handleRequest (C:\\Users\\mdsai\\Downloads\\Kimi_Agent_Flipkart-Style Frontend\\server\\node_modules\\router\\lib\\layer.js:152:17)\n    at C:\\Users\\mdsai\\Downloads\\Kimi_Agent_Flipkart-Style Frontend\\server\\node_modules\\router\\index.js:295:15\n    at processParams (C:\\Users\\mdsai\\Downloads\\Kimi_Agent_Flipkart-Style Frontend\\server\\node_modules\\router\\index.js:582:12)\n    at next (C:\\Users\\mdsai\\Downloads\\Kimi_Agent_Flipkart-Style Frontend\\server\\node_modules\\router\\index.js:291:5)\n    at router.handle (C:\\Users\\mdsai\\Downloads\\Kimi_Agent_Flipkart-Style Frontend\\server\\node_modules\\router\\index.js:186:3)\n    at router (C:\\Users\\mdsai\\Downloads\\Kimi_Agent_Flipkart-Style Frontend\\server\\node_modules\\router\\index.js:60:12)\n    at Layer.handleRequest (C:\\Users\\mdsai\\Downloads\\Kimi_Agent_Flipkart-Style Frontend\\server\\node_modules\\router\\lib\\layer.js:152:17)\n    at trimPrefix (C:\\Users\\mdsai\\Downloads\\Kimi_Agent_Flipkart-Style Frontend\\server\\node_modules\\router\\index.js:342:13)\n    at C:\\Users\\mdsai\\Downloads\\Kimi_Agent_Flipkart-Style Frontend\\server\\node_modules\\router\\index.js:297:9\n    at processParams (C:\\Users\\mdsai\\Downloads\\Kimi_Agent_Flipkart-Style Frontend\\server\\node_modules\\router\\index.js:582:12)\n    at next (C:\\Users\\mdsai\\Downloads\\Kimi_Agent_Flipkart-Style Frontend\\server\\node_modules\\router\\index.js:291:5)\n    at next (C:\\Users\\mdsai\\Downloads\\Kimi_Agent_Flipkart-Style Frontend\\server\\middleware\\adminNotificationMiddleware.js:11:16)\n    at Layer.handleRequest (C:\\Users\\mdsai\\Downloads\\Kimi_Agent_Flipkart-Style Frontend\\server\\node_modules\\router\\lib\\layer.js:152:17)\n    at trimPrefix (C:\\Users\\mdsai\\Downloads\\Kimi_Agent_Flipkart-Style Frontend\\server\\node_modules\\router\\index.js:342:13)\n    at C:\\Users\\mdsai\\Downloads\\Kimi_Agent_Flipkart-Style Frontend\\server\\node_modules\\router\\index.js:297:9\n    at processParams (C:\\Users\\mdsai\\Downloads\\Kimi_Agent_Flipkart-Style Frontend\\server\\node_modules\\router\\index.js:582:12)\n    at next (C:\\Users\\mdsai\\Downloads\\Kimi_Agent_Flipkart-Style Frontend\\server\\node_modules\\router\\index.js:291:5)\n    at next (C:\\Users\\mdsai\\Downloads\\Kimi_Agent_Flipkart-Style Frontend\\server\\middleware\\activityEmailMiddleware.js:11:16)\n    at Layer.handleRequest (C:\\Users\\mdsai\\Downloads\\Kimi_Agent_Flipkart-Style Frontend\\server\\node_modules\\router\\lib\\layer.js:152:17)\n    at trimPrefix (C:\\Users\\mdsai\\Downloads\\Kimi_Agent_Flipkart-Style Frontend\\server\\node_modules\\router\\index.js:342:13)\n    at C:\\Users\\mdsai\\Downloads\\Kimi_Agent_Flipkart-Style Frontend\\server\\node_modules\\router\\index.js:297:9\n    at processParams (C:\\Users\\mdsai\\Downloads\\Kimi_Agent_Flipkart-Style Frontend\\server\\node_modules\\router\\index.js:582:12)\n    at next (C:\\Users\\mdsai\\Downloads\\Kimi_Agent_Flipkart-Style Frontend\\server\\node_modules\\router\\index.js:291:5)\n    at next (C:\\Users\\mdsai\\Downloads\\Kimi_Agent_Flipkart-Style Frontend\\server\\middleware\\xssSanitizer.js:36:5)\n    at Layer.handleRequest (C:\\Users\\mdsai\\Downloads\\Kimi_Agent_Flipkart-Style Frontend\\server\\node_modules\\router\\lib\\layer.js:152:17)\n    at trimPrefix (C:\\Users\\mdsai\\Downloads\\Kimi_Agent_Flipkart-Style Frontend\\server\\node_modules\\router\\index.js:342:13)\n    at C:\\Users\\mdsai\\Downloads\\Kimi_Agent_Flipkart-Style Frontend\\server\\node_modules\\router\\index.js:297:9\n    at processParams (C:\\Users\\mdsai\\Downloads\\Kimi_Agent_Flipkart-Style Frontend\\server\\node_modules\\router\\index.js:582:12)\n    at next (C:\\Users\\mdsai\\Downloads\\Kimi_Agent_Flipkart-Style Frontend\\server\\node_modules\\router\\index.js:291:5)\n    at next (C:\\Users\\mdsai\\Downloads\\Kimi_Agent_Flipkart-Style Frontend\\server\\middleware\\securityMiddleware.js:37:9)\n    at Layer.handleRequest (C:\\Users\\mdsai\\Downloads\\Kimi_Agent_Flipkart-Style Frontend\\server\\node_modules\\router\\lib\\layer.js:152:17)\n    at trimPrefix (C:\\Users\\mdsai\\Downloads\\Kimi_Agent_Flipkart-Style Frontend\\server\\node_modules\\router\\index.js:342:13)\n    at C:\\Users\\mdsai\\Downloads\\Kimi_Agent_Flipkart-Style Frontend\\server\\node_modules\\router\\index.js:297:9\n    at processParams (C:\\Users\\mdsai\\Downloads\\Kimi_Agent_Flipkart-Style Frontend\\server\\node_modules\\router\\index.js:582:12)\n    at next (C:\\Users\\mdsai\\Downloads\\Kimi_Agent_Flipkart-Style Frontend\\server\\node_modules\\router\\index.js:291:5)\n    at C:\\Users\\mdsai\\Downloads\\Kimi_Agent_Flipkart-Style Frontend\\server\\node_modules\\body-parser\\lib\\read.js:171:5\n    at AsyncResource.runInAsyncScope (node:async_hooks:214:14)\n    at invokeCallback (C:\\Users\\mdsai\\Downloads\\Kimi_Agent_Flipkart-Style Frontend\\server\\node_modules\\raw-body\\index.js:238:16)\n    at done (C:\\Users\\mdsai\\Downloads\\Kimi_Agent_Flipkart-Style Frontend\\server\\node_modules\\raw-body\\index.js:227:7)\n    at IncomingMessage.onEnd (C:\\Users\\mdsai\\Downloads\\Kimi_Agent_Flipkart-Style Frontend\\server\\node_modules\\raw-body\\index.js:287:7)\n    at IncomingMessage.emit (node:events:508:28)\n    at endReadableNT (node:internal/streams/readable:1701:12)\n    at processTicksAndRejections (node:internal/process/task_queues:89:21)","name":"Error"},"type":"AppError","method":"POST","url":"/api/otp/check-user","statusCode":400,"requestId":"ec2e7b57-a995-4e14-be40-f88567478b81","clientSessionId":"","clientRoute":""}

    [0m [90m 24 |[39m     info[33m:[39m (message[33m,[39m meta) [33m=>[39m console[33m.[39mlog(formatMessage([32m'info'[39m[33m,[39m message[33m,[39m meta))[33m,[39m
     [90m 25 |[39m     warn[33m:[39m (message[33m,[39m meta) [33m=>[39m console[33m.[39mwarn(formatMessage([32m'warn'[39m[33m,[39m message[33m,[39m meta))[33m,[39m
    [31m[1m>[22m[39m[90m 26 |[39m     error[33m:[39m (message[33m,[39m meta) [33m=>[39m console[33m.[39merror(formatMessage([32m'error'[39m[33m,[39m message[33m,[39m meta))[33m,[39m
     [90m    |[39m                                       [31m[1m^[22m[39m
     [90m 27 |[39m     debug[33m:[39m (message[33m,[39m meta) [33m=>[39m {
     [90m 28 |[39m         [36mif[39m (process[33m.[39menv[33m.[39m[33mNODE_ENV[39m [33m!==[39m [32m'production'[39m) {
     [90m 29 |[39m             console[33m.[39mdebug(formatMessage([32m'debug'[39m[33m,[39m message[33m,[39m meta))[33m;[39m[0m

      at Object.error (utils/logger.js:26:39)
      at error (middleware/errorMiddleware.js:34:12)
      at Layer.handleError (node_modules/router/lib/layer.js:116:17)
      at trimPrefix (node_modules/router/index.js:340:13)
      at node_modules/router/index.js:297:9
      at processParams (node_modules/router/index.js:582:12)
      at next (node_modules/router/index.js:291:5)
      at Layer.handleError (node_modules/router/lib/layer.js:111:12)
      at trimPrefix (node_modules/router/index.js:340:13)
      at node_modules/router/index.js:297:9
      at processParams (node_modules/router/index.js:582:12)
      at Immediate.next (node_modules/router/index.js:291:5)
      at Immediate._onImmediate (node_modules/router/index.js:688:15)

  console.log
    {"timestamp":"2026-03-16T16:47:01.326Z","level":"info","message":"HTTP Request","hostname":"LAPTOP-2S5UTCOT","pid":14884,"method":"POST","url":"/api/otp/check-user","status":400,"durationMs":4,"requestId":"ec2e7b57-a995-4e14-be40-f88567478b81","clientSessionId":"","clientRoute":"","ip":"::ffff:127.0.0.1"}

      at Object.log [as info] (utils/logger.js:24:38)

  console.log
    {"timestamp":"2026-03-16T16:47:01.337Z","level":"info","message":"otp.check_user","hostname":"LAPTOP-2S5UTCOT","pid":14884,"event":"CHECK_USER","phone":"9437200074","email":"-","purpose":"check-user","ip":"127.0.0.1","requestId":"ab0247fa-d314-4368-9b71-b5dd2f9bce39","success":true,"reason":"not_found"}

      at Object.log [as info] (utils/logger.js:24:38)

  console.log
    {"timestamp":"2026-03-16T16:47:01.338Z","level":"info","message":"HTTP Request","hostname":"LAPTOP-2S5UTCOT","pid":14884,"method":"POST","url":"/api/otp/check-user","status":200,"durationMs":3,"requestId":"ab0247fa-d314-4368-9b71-b5dd2f9bce39","clientSessionId":"","clientRoute":"","ip":"::ffff:127.0.0.1"}

      at Object.log [as info] (utils/logger.js:24:38)

  console.log
    {"timestamp":"2026-03-16T16:47:01.348Z","level":"info","message":"otp.check_user","hostname":"LAPTOP-2S5UTCOT","pid":14884,"event":"CHECK_USER","phone":"9437200075","email":"-","purpose":"check-user","ip":"127.0.0.1","requestId":"b5409cfe-b535-4334-9cf7-ad798a01f452","success":true,"reason":"not_found"}

      at Object.log [as info] (utils/logger.js:24:38)

  console.log
    {"timestamp":"2026-03-16T16:47:01.350Z","level":"info","message":"HTTP Request","hostname":"LAPTOP-2S5UTCOT","pid":14884,"method":"POST","url":"/api/otp/check-user","status":200,"durationMs":3,"requestId":"b5409cfe-b535-4334-9cf7-ad798a01f452","clientSessionId":"","clientRoute":"","ip":"::ffff:127.0.0.1"}

      at Object.log [as info] (utils/logger.js:24:38)

  console.log
    {"timestamp":"2026-03-16T16:47:01.377Z","level":"info","message":"otp.check_user","hostname":"LAPTOP-2S5UTCOT","pid":14884,"event":"CHECK_USER","phone":"9437200076","email":"-","purpose":"check-user","ip":"127.0.0.1","requestId":"d8e33c45-7b7e-4e3e-becc-f935cbeac3cd","success":true,"reason":"not_found"}

      at Object.log [as info] (utils/logger.js:24:38)

  console.log
    {"timestamp":"2026-03-16T16:47:01.378Z","level":"info","message":"HTTP Request","hostname":"LAPTOP-2S5UTCOT","pid":14884,"method":"POST","url":"/api/otp/check-user","status":200,"durationMs":2,"requestId":"d8e33c45-7b7e-4e3e-becc-f935cbeac3cd","clientSessionId":"","clientRoute":"","ip":"::ffff:127.0.0.1"}

      at Object.log [as info] (utils/logger.js:24:38)

  console.log
    {"timestamp":"2026-03-16T16:47:01.389Z","level":"info","message":"otp.check_user","hostname":"LAPTOP-2S5UTCOT","pid":14884,"event":"CHECK_USER","phone":"9437200077","email":"-","purpose":"check-user","ip":"127.0.0.1","requestId":"83f2816f-88dc-42cd-858c-73abb8281a7d","success":true,"reason":"not_found"}

      at Object.log [as info] (utils/logger.js:24:38)

  console.log
    {"timestamp":"2026-03-16T16:47:01.390Z","level":"info","message":"HTTP Request","hostname":"LAPTOP-2S5UTCOT","pid":14884,"method":"POST","url":"/api/otp/check-user","status":200,"durationMs":2,"requestId":"83f2816f-88dc-42cd-858c-73abb8281a7d","clientSessionId":"","clientRoute":"","ip":"::ffff:127.0.0.1"}

      at Object.log [as info] (utils/logger.js:24:38)

  console.log
    {"timestamp":"2026-03-16T16:47:01.398Z","level":"info","message":"otp.check_user","hostname":"LAPTOP-2S5UTCOT","pid":14884,"event":"CHECK_USER","phone":"9437200078","email":"-","purpose":"check-user","ip":"127.0.0.1","requestId":"4f2423fd-4d43-4494-a816-c506aaab827c","success":true,"reason":"not_found"}

      at Object.log [as info] (utils/logger.js:24:38)

  console.log
    {"timestamp":"2026-03-16T16:47:01.399Z","level":"info","message":"HTTP Request","hostname":"LAPTOP-2S5UTCOT","pid":14884,"method":"POST","url":"/api/otp/check-user","status":200,"durationMs":3,"requestId":"4f2423fd-4d43-4494-a816-c506aaab827c","clientSessionId":"","clientRoute":"","ip":"::ffff:127.0.0.1"}

      at Object.log [as info] (utils/logger.js:24:38)

  console.log
    {"timestamp":"2026-03-16T16:47:01.407Z","level":"info","message":"otp.check_user","hostname":"LAPTOP-2S5UTCOT","pid":14884,"event":"CHECK_USER","phone":"9437200079","email":"-","purpose":"check-user","ip":"127.0.0.1","requestId":"284600d3-c239-4482-8bb6-7b783f5d5e8e","success":true,"reason":"not_found"}

      at Object.log [as info] (utils/logger.js:24:38)

  console.log
    {"timestamp":"2026-03-16T16:47:01.408Z","level":"info","message":"HTTP Request","hostname":"LAPTOP-2S5UTCOT","pid":14884,"method":"POST","url":"/api/otp/check-user","status":200,"durationMs":2,"requestId":"284600d3-c239-4482-8bb6-7b783f5d5e8e","clientSessionId":"","clientRoute":"","ip":"::ffff:127.0.0.1"}

      at Object.log [as info] (utils/logger.js:24:38)

  console.log
    {"timestamp":"2026-03-16T16:47:01.418Z","level":"info","message":"otp.check_user","hostname":"LAPTOP-2S5UTCOT","pid":14884,"event":"CHECK_USER","phone":"9437200080","email":"-","purpose":"check-user","ip":"127.0.0.1","requestId":"198a1510-08c5-4105-a2a6-b61693f14651","success":true,"reason":"not_found"}

      at Object.log [as info] (utils/logger.js:24:38)

  console.log
    {"timestamp":"2026-03-16T16:47:01.419Z","level":"info","message":"HTTP Request","hostname":"LAPTOP-2S5UTCOT","pid":14884,"method":"POST","url":"/api/otp/check-user","status":200,"durationMs":3,"requestId":"198a1510-08c5-4105-a2a6-b61693f14651","clientSessionId":"","clientRoute":"","ip":"::ffff:127.0.0.1"}

      at Object.log [as info] (utils/logger.js:24:38)

  console.log
    {"timestamp":"2026-03-16T16:47:01.439Z","level":"info","message":"otp.check_user","hostname":"LAPTOP-2S5UTCOT","pid":14884,"event":"CHECK_USER","phone":"9437200081","email":"mi***@example.com","purpose":"check-user","ip":"127.0.0.1","requestId":"7ecf1cc2-ed4b-42e3-8699-869a11e0e63d","success":true,"reason":"not_found"}

      at Object.log [as info] (utils/logger.js:24:38)

  console.log
    {"timestamp":"2026-03-16T16:47:01.440Z","level":"info","message":"HTTP Request","hostname":"LAPTOP-2S5UTCOT","pid":14884,"method":"POST","url":"/api/otp/check-user","status":200,"durationMs":12,"requestId":"7ecf1cc2-ed4b-42e3-8699-869a11e0e63d","clientSessionId":"","clientRoute":"","ip":"::ffff:127.0.0.1"}

      at Object.log [as info] (utils/logger.js:24:38)

  console.log
    {"timestamp":"2026-03-16T16:47:01.453Z","level":"info","message":"otp.check_user","hostname":"LAPTOP-2S5UTCOT","pid":14884,"event":"CHECK_USER","phone":"9437200082","email":"-","purpose":"check-user","ip":"127.0.0.1","requestId":"0e0d2213-64f9-4e3b-a88d-67af92f5cacf","success":true,"reason":"not_found"}

      at Object.log [as info] (utils/logger.js:24:38)

  console.log
    {"timestamp":"2026-03-16T16:47:01.454Z","level":"info","message":"HTTP Request","hostname":"LAPTOP-2S5UTCOT","pid":14884,"method":"POST","url":"/api/otp/check-user","status":200,"durationMs":3,"requestId":"0e0d2213-64f9-4e3b-a88d-67af92f5cacf","clientSessionId":"","clientRoute":"","ip":"::ffff:127.0.0.1"}

      at Object.log [as info] (utils/logger.js:24:38)

  console.log
    {"timestamp":"2026-03-16T16:47:01.480Z","level":"info","message":"otp.check_user","hostname":"LAPTOP-2S5UTCOT","pid":14884,"event":"CHECK_USER","phone":"9437200083","email":"-","purpose":"check-user","ip":"127.0.0.1","requestId":"f3549853-e5d6-45dc-8f7a-d6a7c73f1585","success":true,"reason":"not_found"}

      at Object.log [as info] (utils/logger.js:24:38)

  console.log
    {"timestamp":"2026-03-16T16:47:01.481Z","level":"info","message":"HTTP Request","hostname":"LAPTOP-2S5UTCOT","pid":14884,"method":"POST","url":"/api/otp/check-user","status":200,"durationMs":2,"requestId":"f3549853-e5d6-45dc-8f7a-d6a7c73f1585","clientSessionId":"","clientRoute":"","ip":"::ffff:127.0.0.1"}

      at Object.log [as info] (utils/logger.js:24:38)

  console.log
    {"timestamp":"2026-03-16T16:47:01.507Z","level":"info","message":"otp.check_user","hostname":"LAPTOP-2S5UTCOT","pid":14884,"event":"CHECK_USER","phone":"9437200084","email":"-","purpose":"check-user","ip":"127.0.0.1","requestId":"576485f0-b4d0-4768-a17c-0a2d52e5fa2f","success":true,"reason":"not_found"}

      at Object.log [as info] (utils/logger.js:24:38)

  console.log
    {"timestamp":"2026-03-16T16:47:01.508Z","level":"info","message":"HTTP Request","hostname":"LAPTOP-2S5UTCOT","pid":14884,"method":"POST","url":"/api/otp/check-user","status":200,"durationMs":2,"requestId":"576485f0-b4d0-4768-a17c-0a2d52e5fa2f","clientSessionId":"","clientRoute":"","ip":"::ffff:127.0.0.1"}

      at Object.log [as info] (utils/logger.js:24:38)

  console.log
    {"timestamp":"2026-03-16T16:47:01.521Z","level":"info","message":"otp.check_user","hostname":"LAPTOP-2S5UTCOT","pid":14884,"event":"CHECK_USER","phone":"9437200085","email":"-","purpose":"check-user","ip":"127.0.0.1","requestId":"697a63a3-da67-4707-82f1-54e7afb4a216","success":true,"reason":"not_found"}

      at Object.log [as info] (utils/logger.js:24:38)

  console.log
    {"timestamp":"2026-03-16T16:47:01.522Z","level":"info","message":"HTTP Request","hostname":"LAPTOP-2S5UTCOT","pid":14884,"method":"POST","url":"/api/otp/check-user","status":200,"durationMs":2,"requestId":"697a63a3-da67-4707-82f1-54e7afb4a216","clientSessionId":"","clientRoute":"","ip":"::ffff:127.0.0.1"}

      at Object.log [as info] (utils/logger.js:24:38)

  console.error
    {"timestamp":"2026-03-16T16:47:01.529Z","level":"error","message":"Phone number is required","hostname":"LAPTOP-2S5UTCOT","pid":14884,"error":{"message":"Phone number is required","stack":"Error: Phone number is required\n    at C:\\Users\\mdsai\\Downloads\\Kimi_Agent_Flipkart-Style Frontend\\server\\controllers\\otpController.js:1304:21\n    at asyncUtilWrap (C:\\Users\\mdsai\\Downloads\\Kimi_Agent_Flipkart-Style Frontend\\server\\node_modules\\express-async-handler\\index.js:3:20)\n    at Layer.handleRequest (C:\\Users\\mdsai\\Downloads\\Kimi_Agent_Flipkart-Style Frontend\\server\\node_modules\\router\\lib\\layer.js:152:17)\n    at next (C:\\Users\\mdsai\\Downloads\\Kimi_Agent_Flipkart-Style Frontend\\server\\node_modules\\router\\lib\\route.js:157:13)\n    at next (C:\\Users\\mdsai\\Downloads\\Kimi_Agent_Flipkart-Style Frontend\\server\\middleware\\distributedRateLimit.js:103:53)\n    at Layer.handleRequest (C:\\Users\\mdsai\\Downloads\\Kimi_Agent_Flipkart-Style Frontend\\server\\node_modules\\router\\lib\\layer.js:152:17)\n    at next (C:\\Users\\mdsai\\Downloads\\Kimi_Agent_Flipkart-Style Frontend\\server\\node_modules\\router\\lib\\route.js:157:13)\n    at Route.dispatch (C:\\Users\\mdsai\\Downloads\\Kimi_Agent_Flipkart-Style Frontend\\server\\node_modules\\router\\lib\\route.js:117:3)\n    at handle (C:\\Users\\mdsai\\Downloads\\Kimi_Agent_Flipkart-Style Frontend\\server\\node_modules\\router\\index.js:435:11)\n    at Layer.handleRequest (C:\\Users\\mdsai\\Downloads\\Kimi_Agent_Flipkart-Style Frontend\\server\\node_modules\\router\\lib\\layer.js:152:17)\n    at C:\\Users\\mdsai\\Downloads\\Kimi_Agent_Flipkart-Style Frontend\\server\\node_modules\\router\\index.js:295:15\n    at processParams (C:\\Users\\mdsai\\Downloads\\Kimi_Agent_Flipkart-Style Frontend\\server\\node_modules\\router\\index.js:582:12)\n    at next (C:\\Users\\mdsai\\Downloads\\Kimi_Agent_Flipkart-Style Frontend\\server\\node_modules\\router\\index.js:291:5)\n    at router.handle (C:\\Users\\mdsai\\Downloads\\Kimi_Agent_Flipkart-Style Frontend\\server\\node_modules\\router\\index.js:186:3)\n    at router (C:\\Users\\mdsai\\Downloads\\Kimi_Agent_Flipkart-Style Frontend\\server\\node_modules\\router\\index.js:60:12)\n    at Layer.handleRequest (C:\\Users\\mdsai\\Downloads\\Kimi_Agent_Flipkart-Style Frontend\\server\\node_modules\\router\\lib\\layer.js:152:17)\n    at trimPrefix (C:\\Users\\mdsai\\Downloads\\Kimi_Agent_Flipkart-Style Frontend\\server\\node_modules\\router\\index.js:342:13)\n    at C:\\Users\\mdsai\\Downloads\\Kimi_Agent_Flipkart-Style Frontend\\server\\node_modules\\router\\index.js:297:9\n    at processParams (C:\\Users\\mdsai\\Downloads\\Kimi_Agent_Flipkart-Style Frontend\\server\\node_modules\\router\\index.js:582:12)\n    at next (C:\\Users\\mdsai\\Downloads\\Kimi_Agent_Flipkart-Style Frontend\\server\\node_modules\\router\\index.js:291:5)\n    at next (C:\\Users\\mdsai\\Downloads\\Kimi_Agent_Flipkart-Style Frontend\\server\\middleware\\adminNotificationMiddleware.js:11:16)\n    at Layer.handleRequest (C:\\Users\\mdsai\\Downloads\\Kimi_Agent_Flipkart-Style Frontend\\server\\node_modules\\router\\lib\\layer.js:152:17)\n    at trimPrefix (C:\\Users\\mdsai\\Downloads\\Kimi_Agent_Flipkart-Style Frontend\\server\\node_modules\\router\\index.js:342:13)\n    at C:\\Users\\mdsai\\Downloads\\Kimi_Agent_Flipkart-Style Frontend\\server\\node_modules\\router\\index.js:297:9\n    at processParams (C:\\Users\\mdsai\\Downloads\\Kimi_Agent_Flipkart-Style Frontend\\server\\node_modules\\router\\index.js:582:12)\n    at next (C:\\Users\\mdsai\\Downloads\\Kimi_Agent_Flipkart-Style Frontend\\server\\node_modules\\router\\index.js:291:5)\n    at next (C:\\Users\\mdsai\\Downloads\\Kimi_Agent_Flipkart-Style Frontend\\server\\middleware\\activityEmailMiddleware.js:11:16)\n    at Layer.handleRequest (C:\\Users\\mdsai\\Downloads\\Kimi_Agent_Flipkart-Style Frontend\\server\\node_modules\\router\\lib\\layer.js:152:17)\n    at trimPrefix (C:\\Users\\mdsai\\Downloads\\Kimi_Agent_Flipkart-Style Frontend\\server\\node_modules\\router\\index.js:342:13)\n    at C:\\Users\\mdsai\\Downloads\\Kimi_Agent_Flipkart-Style Frontend\\server\\node_modules\\router\\index.js:297:9\n    at processParams (C:\\Users\\mdsai\\Downloads\\Kimi_Agent_Flipkart-Style Frontend\\server\\node_modules\\router\\index.js:582:12)\n    at next (C:\\Users\\mdsai\\Downloads\\Kimi_Agent_Flipkart-Style Frontend\\server\\node_modules\\router\\index.js:291:5)\n    at next (C:\\Users\\mdsai\\Downloads\\Kimi_Agent_Flipkart-Style Frontend\\server\\middleware\\xssSanitizer.js:36:5)\n    at Layer.handleRequest (C:\\Users\\mdsai\\Downloads\\Kimi_Agent_Flipkart-Style Frontend\\server\\node_modules\\router\\lib\\layer.js:152:17)\n    at trimPrefix (C:\\Users\\mdsai\\Downloads\\Kimi_Agent_Flipkart-Style Frontend\\server\\node_modules\\router\\index.js:342:13)\n    at C:\\Users\\mdsai\\Downloads\\Kimi_Agent_Flipkart-Style Frontend\\server\\node_modules\\router\\index.js:297:9\n    at processParams (C:\\Users\\mdsai\\Downloads\\Kimi_Agent_Flipkart-Style Frontend\\server\\node_modules\\router\\index.js:582:12)\n    at next (C:\\Users\\mdsai\\Downloads\\Kimi_Agent_Flipkart-Style Frontend\\server\\node_modules\\router\\index.js:291:5)\n    at next (C:\\Users\\mdsai\\Downloads\\Kimi_Agent_Flipkart-Style Frontend\\server\\middleware\\securityMiddleware.js:37:9)\n    at Layer.handleRequest (C:\\Users\\mdsai\\Downloads\\Kimi_Agent_Flipkart-Style Frontend\\server\\node_modules\\router\\lib\\layer.js:152:17)\n    at trimPrefix (C:\\Users\\mdsai\\Downloads\\Kimi_Agent_Flipkart-Style Frontend\\server\\node_modules\\router\\index.js:342:13)\n    at C:\\Users\\mdsai\\Downloads\\Kimi_Agent_Flipkart-Style Frontend\\server\\node_modules\\router\\index.js:297:9\n    at processParams (C:\\Users\\mdsai\\Downloads\\Kimi_Agent_Flipkart-Style Frontend\\server\\node_modules\\router\\index.js:582:12)\n    at next (C:\\Users\\mdsai\\Downloads\\Kimi_Agent_Flipkart-Style Frontend\\server\\node_modules\\router\\index.js:291:5)\n    at C:\\Users\\mdsai\\Downloads\\Kimi_Agent_Flipkart-Style Frontend\\server\\node_modules\\body-parser\\lib\\read.js:171:5\n    at AsyncResource.runInAsyncScope (node:async_hooks:214:14)\n    at invokeCallback (C:\\Users\\mdsai\\Downloads\\Kimi_Agent_Flipkart-Style Frontend\\server\\node_modules\\raw-body\\index.js:238:16)\n    at done (C:\\Users\\mdsai\\Downloads\\Kimi_Agent_Flipkart-Style Frontend\\server\\node_modules\\raw-body\\index.js:227:7)\n    at IncomingMessage.onEnd (C:\\Users\\mdsai\\Downloads\\Kimi_Agent_Flipkart-Style Frontend\\server\\node_modules\\raw-body\\index.js:287:7)\n    at IncomingMessage.emit (node:events:508:28)\n    at endReadableNT (node:internal/streams/readable:1701:12)\n    at processTicksAndRejections (node:internal/process/task_queues:89:21)","name":"Error"},"type":"AppError","method":"POST","url":"/api/otp/check-user","statusCode":400,"requestId":"15ca024b-8ea8-462e-b125-eb285480d58d","clientSessionId":"","clientRoute":""}

    [0m [90m 24 |[39m     info[33m:[39m (message[33m,[39m meta) [33m=>[39m console[33m.[39mlog(formatMessage([32m'info'[39m[33m,[39m message[33m,[39m meta))[33m,[39m
     [90m 25 |[39m     warn[33m:[39m (message[33m,[39m meta) [33m=>[39m console[33m.[39mwarn(formatMessage([32m'warn'[39m[33m,[39m message[33m,[39m meta))[33m,[39m
    [31m[1m>[22m[39m[90m 26 |[39m     error[33m:[39m (message[33m,[39m meta) [33m=>[39m console[33m.[39merror(formatMessage([32m'error'[39m[33m,[39m message[33m,[39m meta))[33m,[39m
     [90m    |[39m                                       [31m[1m^[22m[39m
     [90m 27 |[39m     debug[33m:[39m (message[33m,[39m meta) [33m=>[39m {
     [90m 28 |[39m         [36mif[39m (process[33m.[39menv[33m.[39m[33mNODE_ENV[39m [33m!==[39m [32m'production'[39m) {
     [90m 29 |[39m             console[33m.[39mdebug(formatMessage([32m'debug'[39m[33m,[39m message[33m,[39m meta))[33m;[39m[0m

      at Object.error (utils/logger.js:26:39)
      at error (middleware/errorMiddleware.js:34:12)
      at Layer.handleError (node_modules/router/lib/layer.js:116:17)
      at trimPrefix (node_modules/router/index.js:340:13)
      at node_modules/router/index.js:297:9
      at processParams (node_modules/router/index.js:582:12)
      at next (node_modules/router/index.js:291:5)
      at Layer.handleError (node_modules/router/lib/layer.js:111:12)
      at trimPrefix (node_modules/router/index.js:340:13)
      at node_modules/router/index.js:297:9
      at processParams (node_modules/router/index.js:582:12)
      at Immediate.next (node_modules/router/index.js:291:5)
      at Immediate._onImmediate (node_modules/router/index.js:688:15)

  console.log
    {"timestamp":"2026-03-16T16:47:01.530Z","level":"info","message":"HTTP Request","hostname":"LAPTOP-2S5UTCOT","pid":14884,"method":"POST","url":"/api/otp/check-user","status":400,"durationMs":2,"requestId":"15ca024b-8ea8-462e-b125-eb285480d58d","clientSessionId":"","clientRoute":"","ip":"::ffff:127.0.0.1"}

      at Object.log [as info] (utils/logger.js:24:38)

  console.error
    {"timestamp":"2026-03-16T16:47:01.538Z","level":"error","message":"Phone number is required","hostname":"LAPTOP-2S5UTCOT","pid":14884,"error":{"message":"Phone number is required","stack":"Error: Phone number is required\n    at C:\\Users\\mdsai\\Downloads\\Kimi_Agent_Flipkart-Style Frontend\\server\\controllers\\otpController.js:1304:21\n    at asyncUtilWrap (C:\\Users\\mdsai\\Downloads\\Kimi_Agent_Flipkart-Style Frontend\\server\\node_modules\\express-async-handler\\index.js:3:20)\n    at Layer.handleRequest (C:\\Users\\mdsai\\Downloads\\Kimi_Agent_Flipkart-Style Frontend\\server\\node_modules\\router\\lib\\layer.js:152:17)\n    at next (C:\\Users\\mdsai\\Downloads\\Kimi_Agent_Flipkart-Style Frontend\\server\\node_modules\\router\\lib\\route.js:157:13)\n    at next (C:\\Users\\mdsai\\Downloads\\Kimi_Agent_Flipkart-Style Frontend\\server\\middleware\\distributedRateLimit.js:103:53)\n    at Layer.handleRequest (C:\\Users\\mdsai\\Downloads\\Kimi_Agent_Flipkart-Style Frontend\\server\\node_modules\\router\\lib\\layer.js:152:17)\n    at next (C:\\Users\\mdsai\\Downloads\\Kimi_Agent_Flipkart-Style Frontend\\server\\node_modules\\router\\lib\\route.js:157:13)\n    at Route.dispatch (C:\\Users\\mdsai\\Downloads\\Kimi_Agent_Flipkart-Style Frontend\\server\\node_modules\\router\\lib\\route.js:117:3)\n    at handle (C:\\Users\\mdsai\\Downloads\\Kimi_Agent_Flipkart-Style Frontend\\server\\node_modules\\router\\index.js:435:11)\n    at Layer.handleRequest (C:\\Users\\mdsai\\Downloads\\Kimi_Agent_Flipkart-Style Frontend\\server\\node_modules\\router\\lib\\layer.js:152:17)\n    at C:\\Users\\mdsai\\Downloads\\Kimi_Agent_Flipkart-Style Frontend\\server\\node_modules\\router\\index.js:295:15\n    at processParams (C:\\Users\\mdsai\\Downloads\\Kimi_Agent_Flipkart-Style Frontend\\server\\node_modules\\router\\index.js:582:12)\n    at next (C:\\Users\\mdsai\\Downloads\\Kimi_Agent_Flipkart-Style Frontend\\server\\node_modules\\router\\index.js:291:5)\n    at router.handle (C:\\Users\\mdsai\\Downloads\\Kimi_Agent_Flipkart-Style Frontend\\server\\node_modules\\router\\index.js:186:3)\n    at router (C:\\Users\\mdsai\\Downloads\\Kimi_Agent_Flipkart-Style Frontend\\server\\node_modules\\router\\index.js:60:12)\n    at Layer.handleRequest (C:\\Users\\mdsai\\Downloads\\Kimi_Agent_Flipkart-Style Frontend\\server\\node_modules\\router\\lib\\layer.js:152:17)\n    at trimPrefix (C:\\Users\\mdsai\\Downloads\\Kimi_Agent_Flipkart-Style Frontend\\server\\node_modules\\router\\index.js:342:13)\n    at C:\\Users\\mdsai\\Downloads\\Kimi_Agent_Flipkart-Style Frontend\\server\\node_modules\\router\\index.js:297:9\n    at processParams (C:\\Users\\mdsai\\Downloads\\Kimi_Agent_Flipkart-Style Frontend\\server\\node_modules\\router\\index.js:582:12)\n    at next (C:\\Users\\mdsai\\Downloads\\Kimi_Agent_Flipkart-Style Frontend\\server\\node_modules\\router\\index.js:291:5)\n    at next (C:\\Users\\mdsai\\Downloads\\Kimi_Agent_Flipkart-Style Frontend\\server\\middleware\\adminNotificationMiddleware.js:11:16)\n    at Layer.handleRequest (C:\\Users\\mdsai\\Downloads\\Kimi_Agent_Flipkart-Style Frontend\\server\\node_modules\\router\\lib\\layer.js:152:17)\n    at trimPrefix (C:\\Users\\mdsai\\Downloads\\Kimi_Agent_Flipkart-Style Frontend\\server\\node_modules\\router\\index.js:342:13)\n    at C:\\Users\\mdsai\\Downloads\\Kimi_Agent_Flipkart-Style Frontend\\server\\node_modules\\router\\index.js:297:9\n    at processParams (C:\\Users\\mdsai\\Downloads\\Kimi_Agent_Flipkart-Style Frontend\\server\\node_modules\\router\\index.js:582:12)\n    at next (C:\\Users\\mdsai\\Downloads\\Kimi_Agent_Flipkart-Style Frontend\\server\\node_modules\\router\\index.js:291:5)\n    at next (C:\\Users\\mdsai\\Downloads\\Kimi_Agent_Flipkart-Style Frontend\\server\\middleware\\activityEmailMiddleware.js:11:16)\n    at Layer.handleRequest (C:\\Users\\mdsai\\Downloads\\Kimi_Agent_Flipkart-Style Frontend\\server\\node_modules\\router\\lib\\layer.js:152:17)\n    at trimPrefix (C:\\Users\\mdsai\\Downloads\\Kimi_Agent_Flipkart-Style Frontend\\server\\node_modules\\router\\index.js:342:13)\n    at C:\\Users\\mdsai\\Downloads\\Kimi_Agent_Flipkart-Style Frontend\\server\\node_modules\\router\\index.js:297:9\n    at processParams (C:\\Users\\mdsai\\Downloads\\Kimi_Agent_Flipkart-Style Frontend\\server\\node_modules\\router\\index.js:582:12)\n    at next (C:\\Users\\mdsai\\Downloads\\Kimi_Agent_Flipkart-Style Frontend\\server\\node_modules\\router\\index.js:291:5)\n    at next (C:\\Users\\mdsai\\Downloads\\Kimi_Agent_Flipkart-Style Frontend\\server\\middleware\\xssSanitizer.js:36:5)\n    at Layer.handleRequest (C:\\Users\\mdsai\\Downloads\\Kimi_Agent_Flipkart-Style Frontend\\server\\node_modules\\router\\lib\\layer.js:152:17)\n    at trimPrefix (C:\\Users\\mdsai\\Downloads\\Kimi_Agent_Flipkart-Style Frontend\\server\\node_modules\\router\\index.js:342:13)\n    at C:\\Users\\mdsai\\Downloads\\Kimi_Agent_Flipkart-Style Frontend\\server\\node_modules\\router\\index.js:297:9\n    at processParams (C:\\Users\\mdsai\\Downloads\\Kimi_Agent_Flipkart-Style Frontend\\server\\node_modules\\router\\index.js:582:12)\n    at next (C:\\Users\\mdsai\\Downloads\\Kimi_Agent_Flipkart-Style Frontend\\server\\node_modules\\router\\index.js:291:5)\n    at next (C:\\Users\\mdsai\\Downloads\\Kimi_Agent_Flipkart-Style Frontend\\server\\middleware\\securityMiddleware.js:37:9)\n    at Layer.handleRequest (C:\\Users\\mdsai\\Downloads\\Kimi_Agent_Flipkart-Style Frontend\\server\\node_modules\\router\\lib\\layer.js:152:17)\n    at trimPrefix (C:\\Users\\mdsai\\Downloads\\Kimi_Agent_Flipkart-Style Frontend\\server\\node_modules\\router\\index.js:342:13)\n    at C:\\Users\\mdsai\\Downloads\\Kimi_Agent_Flipkart-Style Frontend\\server\\node_modules\\router\\index.js:297:9\n    at processParams (C:\\Users\\mdsai\\Downloads\\Kimi_Agent_Flipkart-Style Frontend\\server\\node_modules\\router\\index.js:582:12)\n    at next (C:\\Users\\mdsai\\Downloads\\Kimi_Agent_Flipkart-Style Frontend\\server\\node_modules\\router\\index.js:291:5)\n    at C:\\Users\\mdsai\\Downloads\\Kimi_Agent_Flipkart-Style Frontend\\server\\node_modules\\body-parser\\lib\\read.js:171:5\n    at AsyncResource.runInAsyncScope (node:async_hooks:214:14)\n    at invokeCallback (C:\\Users\\mdsai\\Downloads\\Kimi_Agent_Flipkart-Style Frontend\\server\\node_modules\\raw-body\\index.js:238:16)\n    at done (C:\\Users\\mdsai\\Downloads\\Kimi_Agent_Flipkart-Style Frontend\\server\\node_modules\\raw-body\\index.js:227:7)\n    at IncomingMessage.onEnd (C:\\Users\\mdsai\\Downloads\\Kimi_Agent_Flipkart-Style Frontend\\server\\node_modules\\raw-body\\index.js:287:7)\n    at IncomingMessage.emit (node:events:508:28)\n    at endReadableNT (node:internal/streams/readable:1701:12)\n    at processTicksAndRejections (node:internal/process/task_queues:89:21)","name":"Error"},"type":"AppError","method":"POST","url":"/api/otp/check-user","statusCode":400,"requestId":"8f63936e-9c27-4cd5-abd9-9032291a9419","clientSessionId":"","clientRoute":""}

    [0m [90m 24 |[39m     info[33m:[39m (message[33m,[39m meta) [33m=>[39m console[33m.[39mlog(formatMessage([32m'info'[39m[33m,[39m message[33m,[39m meta))[33m,[39m
     [90m 25 |[39m     warn[33m:[39m (message[33m,[39m meta) [33m=>[39m console[33m.[39mwarn(formatMessage([32m'warn'[39m[33m,[39m message[33m,[39m meta))[33m,[39m
    [31m[1m>[22m[39m[90m 26 |[39m     error[33m:[39m (message[33m,[39m meta) [33m=>[39m console[33m.[39merror(formatMessage([32m'error'[39m[33m,[39m message[33m,[39m meta))[33m,[39m
     [90m    |[39m                                       [31m[1m^[22m[39m
     [90m 27 |[39m     debug[33m:[39m (message[33m,[39m meta) [33m=>[39m {
     [90m 28 |[39m         [36mif[39m (process[33m.[39menv[33m.[39m[33mNODE_ENV[39m [33m!==[39m [32m'production'[39m) {
     [90m 29 |[39m             console[33m.[39mdebug(formatMessage([32m'debug'[39m[33m,[39m message[33m,[39m meta))[33m;[39m[0m

      at Object.error (utils/logger.js:26:39)
      at error (middleware/errorMiddleware.js:34:12)
      at Layer.handleError (node_modules/router/lib/layer.js:116:17)
      at trimPrefix (node_modules/router/index.js:340:13)
      at node_modules/router/index.js:297:9
      at processParams (node_modules/router/index.js:582:12)
      at next (node_modules/router/index.js:291:5)
      at Layer.handleError (node_modules/router/lib/layer.js:111:12)
      at trimPrefix (node_modules/router/index.js:340:13)
      at node_modules/router/index.js:297:9
      at processParams (node_modules/router/index.js:582:12)
      at Immediate.next (node_modules/router/index.js:291:5)
      at Immediate._onImmediate (node_modules/router/index.js:688:15)

  console.log
    {"timestamp":"2026-03-16T16:47:01.540Z","level":"info","message":"HTTP Request","hostname":"LAPTOP-2S5UTCOT","pid":14884,"method":"POST","url":"/api/otp/check-user","status":400,"durationMs":2,"requestId":"8f63936e-9c27-4cd5-abd9-9032291a9419","clientSessionId":"","clientRoute":"","ip":"::ffff:127.0.0.1"}

      at Object.log [as info] (utils/logger.js:24:38)

  console.error
    {"timestamp":"2026-03-16T16:47:01.547Z","level":"error","message":"Phone number must be a string","hostname":"LAPTOP-2S5UTCOT","pid":14884,"error":{"message":"Phone number must be a string","stack":"Error: Phone number must be a string\n    at C:\\Users\\mdsai\\Downloads\\Kimi_Agent_Flipkart-Style Frontend\\server\\controllers\\otpController.js:1308:21\n    at asyncUtilWrap (C:\\Users\\mdsai\\Downloads\\Kimi_Agent_Flipkart-Style Frontend\\server\\node_modules\\express-async-handler\\index.js:3:20)\n    at Layer.handleRequest (C:\\Users\\mdsai\\Downloads\\Kimi_Agent_Flipkart-Style Frontend\\server\\node_modules\\router\\lib\\layer.js:152:17)\n    at next (C:\\Users\\mdsai\\Downloads\\Kimi_Agent_Flipkart-Style Frontend\\server\\node_modules\\router\\lib\\route.js:157:13)\n    at next (C:\\Users\\mdsai\\Downloads\\Kimi_Agent_Flipkart-Style Frontend\\server\\middleware\\distributedRateLimit.js:103:53)\n    at Layer.handleRequest (C:\\Users\\mdsai\\Downloads\\Kimi_Agent_Flipkart-Style Frontend\\server\\node_modules\\router\\lib\\layer.js:152:17)\n    at next (C:\\Users\\mdsai\\Downloads\\Kimi_Agent_Flipkart-Style Frontend\\server\\node_modules\\router\\lib\\route.js:157:13)\n    at Route.dispatch (C:\\Users\\mdsai\\Downloads\\Kimi_Agent_Flipkart-Style Frontend\\server\\node_modules\\router\\lib\\route.js:117:3)\n    at handle (C:\\Users\\mdsai\\Downloads\\Kimi_Agent_Flipkart-Style Frontend\\server\\node_modules\\router\\index.js:435:11)\n    at Layer.handleRequest (C:\\Users\\mdsai\\Downloads\\Kimi_Agent_Flipkart-Style Frontend\\server\\node_modules\\router\\lib\\layer.js:152:17)\n    at C:\\Users\\mdsai\\Downloads\\Kimi_Agent_Flipkart-Style Frontend\\server\\node_modules\\router\\index.js:295:15\n    at processParams (C:\\Users\\mdsai\\Downloads\\Kimi_Agent_Flipkart-Style Frontend\\server\\node_modules\\router\\index.js:582:12)\n    at next (C:\\Users\\mdsai\\Downloads\\Kimi_Agent_Flipkart-Style Frontend\\server\\node_modules\\router\\index.js:291:5)\n    at router.handle (C:\\Users\\mdsai\\Downloads\\Kimi_Agent_Flipkart-Style Frontend\\server\\node_modules\\router\\index.js:186:3)\n    at router (C:\\Users\\mdsai\\Downloads\\Kimi_Agent_Flipkart-Style Frontend\\server\\node_modules\\router\\index.js:60:12)\n    at Layer.handleRequest (C:\\Users\\mdsai\\Downloads\\Kimi_Agent_Flipkart-Style Frontend\\server\\node_modules\\router\\lib\\layer.js:152:17)\n    at trimPrefix (C:\\Users\\mdsai\\Downloads\\Kimi_Agent_Flipkart-Style Frontend\\server\\node_modules\\router\\index.js:342:13)\n    at C:\\Users\\mdsai\\Downloads\\Kimi_Agent_Flipkart-Style Frontend\\server\\node_modules\\router\\index.js:297:9\n    at processParams (C:\\Users\\mdsai\\Downloads\\Kimi_Agent_Flipkart-Style Frontend\\server\\node_modules\\router\\index.js:582:12)\n    at next (C:\\Users\\mdsai\\Downloads\\Kimi_Agent_Flipkart-Style Frontend\\server\\node_modules\\router\\index.js:291:5)\n    at next (C:\\Users\\mdsai\\Downloads\\Kimi_Agent_Flipkart-Style Frontend\\server\\middleware\\adminNotificationMiddleware.js:11:16)\n    at Layer.handleRequest (C:\\Users\\mdsai\\Downloads\\Kimi_Agent_Flipkart-Style Frontend\\server\\node_modules\\router\\lib\\layer.js:152:17)\n    at trimPrefix (C:\\Users\\mdsai\\Downloads\\Kimi_Agent_Flipkart-Style Frontend\\server\\node_modules\\router\\index.js:342:13)\n    at C:\\Users\\mdsai\\Downloads\\Kimi_Agent_Flipkart-Style Frontend\\server\\node_modules\\router\\index.js:297:9\n    at processParams (C:\\Users\\mdsai\\Downloads\\Kimi_Agent_Flipkart-Style Frontend\\server\\node_modules\\router\\index.js:582:12)\n    at next (C:\\Users\\mdsai\\Downloads\\Kimi_Agent_Flipkart-Style Frontend\\server\\node_modules\\router\\index.js:291:5)\n    at next (C:\\Users\\mdsai\\Downloads\\Kimi_Agent_Flipkart-Style Frontend\\server\\middleware\\activityEmailMiddleware.js:11:16)\n    at Layer.handleRequest (C:\\Users\\mdsai\\Downloads\\Kimi_Agent_Flipkart-Style Frontend\\server\\node_modules\\router\\lib\\layer.js:152:17)\n    at trimPrefix (C:\\Users\\mdsai\\Downloads\\Kimi_Agent_Flipkart-Style Frontend\\server\\node_modules\\router\\index.js:342:13)\n    at C:\\Users\\mdsai\\Downloads\\Kimi_Agent_Flipkart-Style Frontend\\server\\node_modules\\router\\index.js:297:9\n    at processParams (C:\\Users\\mdsai\\Downloads\\Kimi_Agent_Flipkart-Style Frontend\\server\\node_modules\\router\\index.js:582:12)\n    at next (C:\\Users\\mdsai\\Downloads\\Kimi_Agent_Flipkart-Style Frontend\\server\\node_modules\\router\\index.js:291:5)\n    at next (C:\\Users\\mdsai\\Downloads\\Kimi_Agent_Flipkart-Style Frontend\\server\\middleware\\xssSanitizer.js:36:5)\n    at Layer.handleRequest (C:\\Users\\mdsai\\Downloads\\Kimi_Agent_Flipkart-Style Frontend\\server\\node_modules\\router\\lib\\layer.js:152:17)\n    at trimPrefix (C:\\Users\\mdsai\\Downloads\\Kimi_Agent_Flipkart-Style Frontend\\server\\node_modules\\router\\index.js:342:13)\n    at C:\\Users\\mdsai\\Downloads\\Kimi_Agent_Flipkart-Style Frontend\\server\\node_modules\\router\\index.js:297:9\n    at processParams (C:\\Users\\mdsai\\Downloads\\Kimi_Agent_Flipkart-Style Frontend\\server\\node_modules\\router\\index.js:582:12)\n    at next (C:\\Users\\mdsai\\Downloads\\Kimi_Agent_Flipkart-Style Frontend\\server\\node_modules\\router\\index.js:291:5)\n    at next (C:\\Users\\mdsai\\Downloads\\Kimi_Agent_Flipkart-Style Frontend\\server\\middleware\\securityMiddleware.js:37:9)\n    at Layer.handleRequest (C:\\Users\\mdsai\\Downloads\\Kimi_Agent_Flipkart-Style Frontend\\server\\node_modules\\router\\lib\\layer.js:152:17)\n    at trimPrefix (C:\\Users\\mdsai\\Downloads\\Kimi_Agent_Flipkart-Style Frontend\\server\\node_modules\\router\\index.js:342:13)\n    at C:\\Users\\mdsai\\Downloads\\Kimi_Agent_Flipkart-Style Frontend\\server\\node_modules\\router\\index.js:297:9\n    at processParams (C:\\Users\\mdsai\\Downloads\\Kimi_Agent_Flipkart-Style Frontend\\server\\node_modules\\router\\index.js:582:12)\n    at next (C:\\Users\\mdsai\\Downloads\\Kimi_Agent_Flipkart-Style Frontend\\server\\node_modules\\router\\index.js:291:5)\n    at C:\\Users\\mdsai\\Downloads\\Kimi_Agent_Flipkart-Style Frontend\\server\\node_modules\\body-parser\\lib\\read.js:171:5\n    at AsyncResource.runInAsyncScope (node:async_hooks:214:14)\n    at invokeCallback (C:\\Users\\mdsai\\Downloads\\Kimi_Agent_Flipkart-Style Frontend\\server\\node_modules\\raw-body\\index.js:238:16)\n    at done (C:\\Users\\mdsai\\Downloads\\Kimi_Agent_Flipkart-Style Frontend\\server\\node_modules\\raw-body\\index.js:227:7)\n    at IncomingMessage.onEnd (C:\\Users\\mdsai\\Downloads\\Kimi_Agent_Flipkart-Style Frontend\\server\\node_modules\\raw-body\\index.js:287:7)\n    at IncomingMessage.emit (node:events:508:28)\n    at endReadableNT (node:internal/streams/readable:1701:12)\n    at processTicksAndRejections (node:internal/process/task_queues:89:21)","name":"Error"},"type":"AppError","method":"POST","url":"/api/otp/check-user","statusCode":400,"requestId":"e5d2b423-cd2d-4bea-91f4-c1631c0d25ca","clientSessionId":"","clientRoute":""}

    [0m [90m 24 |[39m     info[33m:[39m (message[33m,[39m meta) [33m=>[39m console[33m.[39mlog(formatMessage([32m'info'[39m[33m,[39m message[33m,[39m meta))[33m,[39m
     [90m 25 |[39m     warn[33m:[39m (message[33m,[39m meta) [33m=>[39m console[33m.[39mwarn(formatMessage([32m'warn'[39m[33m,[39m message[33m,[39m meta))[33m,[39m
    [31m[1m>[22m[39m[90m 26 |[39m     error[33m:[39m (message[33m,[39m meta) [33m=>[39m console[33m.[39merror(formatMessage([32m'error'[39m[33m,[39m message[33m,[39m meta))[33m,[39m
     [90m    |[39m                                       [31m[1m^[22m[39m
     [90m 27 |[39m     debug[33m:[39m (message[33m,[39m meta) [33m=>[39m {
     [90m 28 |[39m         [36mif[39m (process[33m.[39menv[33m.[39m[33mNODE_ENV[39m [33m!==[39m [32m'production'[39m) {
     [90m 29 |[39m             console[33m.[39mdebug(formatMessage([32m'debug'[39m[33m,[39m message[33m,[39m meta))[33m;[39m[0m

      at Object.error (utils/logger.js:26:39)
      at error (middleware/errorMiddleware.js:34:12)
      at Layer.handleError (node_modules/router/lib/layer.js:116:17)
      at trimPrefix (node_modules/router/index.js:340:13)
      at node_modules/router/index.js:297:9
      at processParams (node_modules/router/index.js:582:12)
      at next (node_modules/router/index.js:291:5)
      at Layer.handleError (node_modules/router/lib/layer.js:111:12)
      at trimPrefix (node_modules/router/index.js:340:13)
      at node_modules/router/index.js:297:9
      at processParams (node_modules/router/index.js:582:12)
      at Immediate.next (node_modules/router/index.js:291:5)
      at Immediate._onImmediate (node_modules/router/index.js:688:15)

  console.log
    {"timestamp":"2026-03-16T16:47:01.549Z","level":"info","message":"HTTP Request","hostname":"LAPTOP-2S5UTCOT","pid":14884,"method":"POST","url":"/api/otp/check-user","status":400,"durationMs":3,"requestId":"e5d2b423-cd2d-4bea-91f4-c1631c0d25ca","clientSessionId":"","clientRoute":"","ip":"::ffff:127.0.0.1"}

      at Object.log [as info] (utils/logger.js:24:38)

  console.error
    {"timestamp":"2026-03-16T16:47:01.580Z","level":"error","message":"createdPendingUser is not defined","hostname":"LAPTOP-2S5UTCOT","pid":14884,"error":{"message":"createdPendingUser is not defined","stack":"ReferenceError: createdPendingUser is not defined\n    at createdPendingUser (C:\\Users\\mdsai\\Downloads\\Kimi_Agent_Flipkart-Style Frontend\\server\\controllers\\otpController.js:882:17)\n    at processTicksAndRejections (node:internal/process/task_queues:103:5)","name":"ReferenceError"},"type":"ReferenceError","method":"POST","url":"/api/otp/send","statusCode":500,"requestId":"89804559-4246-422d-be1e-fc070f223d72","clientSessionId":"","clientRoute":""}

    [0m [90m 24 |[39m     info[33m:[39m (message[33m,[39m meta) [33m=>[39m console[33m.[39mlog(formatMessage([32m'info'[39m[33m,[39m message[33m,[39m meta))[33m,[39m
     [90m 25 |[39m     warn[33m:[39m (message[33m,[39m meta) [33m=>[39m console[33m.[39mwarn(formatMessage([32m'warn'[39m[33m,[39m message[33m,[39m meta))[33m,[39m
    [31m[1m>[22m[39m[90m 26 |[39m     error[33m:[39m (message[33m,[39m meta) [33m=>[39m console[33m.[39merror(formatMessage([32m'error'[39m[33m,[39m message[33m,[39m meta))[33m,[39m
     [90m    |[39m                                       [31m[1m^[22m[39m
     [90m 27 |[39m     debug[33m:[39m (message[33m,[39m meta) [33m=>[39m {
     [90m 28 |[39m         [36mif[39m (process[33m.[39menv[33m.[39m[33mNODE_ENV[39m [33m!==[39m [32m'production'[39m) {
     [90m 29 |[39m             console[33m.[39mdebug(formatMessage([32m'debug'[39m[33m,[39m message[33m,[39m meta))[33m;[39m[0m

      at Object.error (utils/logger.js:26:39)
      at error (middleware/errorMiddleware.js:34:12)
      at Layer.handleError (node_modules/router/lib/layer.js:116:17)
      at trimPrefix (node_modules/router/index.js:340:13)
      at node_modules/router/index.js:297:9
      at processParams (node_modules/router/index.js:582:12)
      at next (node_modules/router/index.js:291:5)
      at Layer.handleError (node_modules/router/lib/layer.js:111:12)
      at trimPrefix (node_modules/router/index.js:340:13)
      at node_modules/router/index.js:297:9
      at processParams (node_modules/router/index.js:582:12)
      at next (node_modules/router/index.js:291:5)
      at node_modules/router/index.js:688:15
      at next (node_modules/router/index.js:276:14)
      at next (node_modules/router/lib/route.js:132:14)

  console.log
    {"timestamp":"2026-03-16T16:47:01.581Z","level":"info","message":"HTTP Request","hostname":"LAPTOP-2S5UTCOT","pid":14884,"method":"POST","url":"/api/otp/send","status":500,"durationMs":24,"requestId":"89804559-4246-422d-be1e-fc070f223d72","clientSessionId":"","clientRoute":"","ip":"::ffff:127.0.0.1"}

      at Object.log [as info] (utils/logger.js:24:38)

  console.log
    {"timestamp":"2026-03-16T16:47:01.603Z","level":"info","message":"otp.verify_404","hostname":"LAPTOP-2S5UTCOT","pid":14884,"event":"VERIFY_404","phone":"9437200087","email":"-","purpose":"signup","ip":"127.0.0.1","requestId":"d89dd50e-c0c6-4fd7-9d60-4e70bceea286","success":false,"reason":"user not found"}

      at Object.log [as info] (utils/logger.js:24:38)

  console.error
    {"timestamp":"2026-03-16T16:47:01.604Z","level":"error","message":"No account found with this phone number","hostname":"LAPTOP-2S5UTCOT","pid":14884,"error":{"message":"No account found with this phone number","stack":"Error: No account found with this phone number\n    at C:\\Users\\mdsai\\Downloads\\Kimi_Agent_Flipkart-Style Frontend\\server\\controllers\\otpController.js:1012:21\n    at processTicksAndRejections (node:internal/process/task_queues:103:5)","name":"Error"},"type":"AppError","method":"POST","url":"/api/otp/verify","statusCode":404,"requestId":"d89dd50e-c0c6-4fd7-9d60-4e70bceea286","clientSessionId":"","clientRoute":""}

    [0m [90m 24 |[39m     info[33m:[39m (message[33m,[39m meta) [33m=>[39m console[33m.[39mlog(formatMessage([32m'info'[39m[33m,[39m message[33m,[39m meta))[33m,[39m
     [90m 25 |[39m     warn[33m:[39m (message[33m,[39m meta) [33m=>[39m console[33m.[39mwarn(formatMessage([32m'warn'[39m[33m,[39m message[33m,[39m meta))[33m,[39m
    [31m[1m>[22m[39m[90m 26 |[39m     error[33m:[39m (message[33m,[39m meta) [33m=>[39m console[33m.[39merror(formatMessage([32m'error'[39m[33m,[39m message[33m,[39m meta))[33m,[39m
     [90m    |[39m                                       [31m[1m^[22m[39m
     [90m 27 |[39m     debug[33m:[39m (message[33m,[39m meta) [33m=>[39m {
     [90m 28 |[39m         [36mif[39m (process[33m.[39menv[33m.[39m[33mNODE_ENV[39m [33m!==[39m [32m'production'[39m) {
     [90m 29 |[39m             console[33m.[39mdebug(formatMessage([32m'debug'[39m[33m,[39m message[33m,[39m meta))[33m;[39m[0m

      at Object.error (utils/logger.js:26:39)
      at error (middleware/errorMiddleware.js:34:12)
      at Layer.handleError (node_modules/router/lib/layer.js:116:17)
      at trimPrefix (node_modules/router/index.js:340:13)
      at node_modules/router/index.js:297:9
      at processParams (node_modules/router/index.js:582:12)
      at next (node_modules/router/index.js:291:5)
      at Layer.handleError (node_modules/router/lib/layer.js:111:12)
      at trimPrefix (node_modules/router/index.js:340:13)
      at node_modules/router/index.js:297:9
      at processParams (node_modules/router/index.js:582:12)
      at next (node_modules/router/index.js:291:5)
      at node_modules/router/index.js:688:15
      at next (node_modules/router/index.js:276:14)
      at next (node_modules/router/lib/route.js:132:14)
      at next (controllers/otpController.js:1012:16)

  console.log
    {"timestamp":"2026-03-16T16:47:01.605Z","level":"info","message":"HTTP Request","hostname":"LAPTOP-2S5UTCOT","pid":14884,"method":"POST","url":"/api/otp/verify","status":404,"durationMs":3,"requestId":"d89dd50e-c0c6-4fd7-9d60-4e70bceea286","clientSessionId":"","clientRoute":"","ip":"::ffff:127.0.0.1"}

      at Object.log [as info] (utils/logger.js:24:38)

  console.log
    {"timestamp":"2026-03-16T16:47:01.632Z","level":"info","message":"otp.verify_404","hostname":"LAPTOP-2S5UTCOT","pid":14884,"event":"VERIFY_404","phone":"9437200088","email":"-","purpose":"signup","ip":"127.0.0.1","requestId":"3216bf08-8842-4002-9a58-e71770e3553c","success":false,"reason":"user not found"}

      at Object.log [as info] (utils/logger.js:24:38)

  console.error
    {"timestamp":"2026-03-16T16:47:01.633Z","level":"error","message":"No account found with this phone number","hostname":"LAPTOP-2S5UTCOT","pid":14884,"error":{"message":"No account found with this phone number","stack":"Error: No account found with this phone number\n    at C:\\Users\\mdsai\\Downloads\\Kimi_Agent_Flipkart-Style Frontend\\server\\controllers\\otpController.js:1012:21\n    at processTicksAndRejections (node:internal/process/task_queues:103:5)","name":"Error"},"type":"AppError","method":"POST","url":"/api/otp/verify","statusCode":404,"requestId":"3216bf08-8842-4002-9a58-e71770e3553c","clientSessionId":"","clientRoute":""}

    [0m [90m 24 |[39m     info[33m:[39m (message[33m,[39m meta) [33m=>[39m console[33m.[39mlog(formatMessage([32m'info'[39m[33m,[39m message[33m,[39m meta))[33m,[39m
     [90m 25 |[39m     warn[33m:[39m (message[33m,[39m meta) [33m=>[39m console[33m.[39mwarn(formatMessage([32m'warn'[39m[33m,[39m message[33m,[39m meta))[33m,[39m
    [31m[1m>[22m[39m[90m 26 |[39m     error[33m:[39m (message[33m,[39m meta) [33m=>[39m console[33m.[39merror(formatMessage([32m'error'[39m[33m,[39m message[33m,[39m meta))[33m,[39m
     [90m    |[39m                                       [31m[1m^[22m[39m
     [90m 27 |[39m     debug[33m:[39m (message[33m,[39m meta) [33m=>[39m {
     [90m 28 |[39m         [36mif[39m (process[33m.[39menv[33m.[39m[33mNODE_ENV[39m [33m!==[39m [32m'production'[39m) {
     [90m 29 |[39m             console[33m.[39mdebug(formatMessage([32m'debug'[39m[33m,[39m message[33m,[39m meta))[33m;[39m[0m

      at Object.error (utils/logger.js:26:39)
      at error (middleware/errorMiddleware.js:34:12)
      at Layer.handleError (node_modules/router/lib/layer.js:116:17)
      at trimPrefix (node_modules/router/index.js:340:13)
      at node_modules/router/index.js:297:9
      at processParams (node_modules/router/index.js:582:12)
      at next (node_modules/router/index.js:291:5)
      at Layer.handleError (node_modules/router/lib/layer.js:111:12)
      at trimPrefix (node_modules/router/index.js:340:13)
      at node_modules/router/index.js:297:9
      at processParams (node_modules/router/index.js:582:12)
      at next (node_modules/router/index.js:291:5)
      at node_modules/router/index.js:688:15
      at next (node_modules/router/index.js:276:14)
      at next (node_modules/router/lib/route.js:132:14)
      at next (controllers/otpController.js:1012:16)

  console.log
    {"timestamp":"2026-03-16T16:47:01.635Z","level":"info","message":"HTTP Request","hostname":"LAPTOP-2S5UTCOT","pid":14884,"method":"POST","url":"/api/otp/verify","status":404,"durationMs":5,"requestId":"3216bf08-8842-4002-9a58-e71770e3553c","clientSessionId":"","clientRoute":"","ip":"::ffff:127.0.0.1"}

      at Object.log [as info] (utils/logger.js:24:38)

  console.log
    {"timestamp":"2026-03-16T16:47:01.654Z","level":"info","message":"otp.send_404","hostname":"LAPTOP-2S5UTCOT","pid":14884,"event":"SEND_404","phone":"9437200088","email":"ot***@test.com","purpose":"login","ip":"127.0.0.1","requestId":"667ba947-34e4-4376-96c6-897bc1ca9456","success":true,"reason":"verified user not found for login context"}

      at Object.log [as info] (utils/logger.js:24:38)

  console.log
    {"timestamp":"2026-03-16T16:47:01.655Z","level":"info","message":"HTTP Request","hostname":"LAPTOP-2S5UTCOT","pid":14884,"method":"POST","url":"/api/otp/send","status":200,"durationMs":18,"requestId":"667ba947-34e4-4376-96c6-897bc1ca9456","clientSessionId":"","clientRoute":"","ip":"::ffff:127.0.0.1"}

      at Object.log [as info] (utils/logger.js:24:38)

  console.log
    {"timestamp":"2026-03-16T16:47:01.684Z","level":"info","message":"otp.verify_404","hostname":"LAPTOP-2S5UTCOT","pid":14884,"event":"VERIFY_404","phone":"9437200089","email":"-","purpose":"signup","ip":"127.0.0.1","requestId":"8df6f134-fee0-4cbe-9d95-783c3d786aa3","success":false,"reason":"user not found"}

      at Object.log [as info] (utils/logger.js:24:38)

  console.error
    {"timestamp":"2026-03-16T16:47:01.685Z","level":"error","message":"No account found with this phone number","hostname":"LAPTOP-2S5UTCOT","pid":14884,"error":{"message":"No account found with this phone number","stack":"Error: No account found with this phone number\n    at C:\\Users\\mdsai\\Downloads\\Kimi_Agent_Flipkart-Style Frontend\\server\\controllers\\otpController.js:1012:21\n    at processTicksAndRejections (node:internal/process/task_queues:103:5)","name":"Error"},"type":"AppError","method":"POST","url":"/api/otp/verify","statusCode":404,"requestId":"8df6f134-fee0-4cbe-9d95-783c3d786aa3","clientSessionId":"","clientRoute":""}

    [0m [90m 24 |[39m     info[33m:[39m (message[33m,[39m meta) [33m=>[39m console[33m.[39mlog(formatMessage([32m'info'[39m[33m,[39m message[33m,[39m meta))[33m,[39m
     [90m 25 |[39m     warn[33m:[39m (message[33m,[39m meta) [33m=>[39m console[33m.[39mwarn(formatMessage([32m'warn'[39m[33m,[39m message[33m,[39m meta))[33m,[39m
    [31m[1m>[22m[39m[90m 26 |[39m     error[33m:[39m (message[33m,[39m meta) [33m=>[39m console[33m.[39merror(formatMessage([32m'error'[39m[33m,[39m message[33m,[39m meta))[33m,[39m
     [90m    |[39m                                       [31m[1m^[22m[39m
     [90m 27 |[39m     debug[33m:[39m (message[33m,[39m meta) [33m=>[39m {
     [90m 28 |[39m         [36mif[39m (process[33m.[39menv[33m.[39m[33mNODE_ENV[39m [33m!==[39m [32m'production'[39m) {
     [90m 29 |[39m             console[33m.[39mdebug(formatMessage([32m'debug'[39m[33m,[39m message[33m,[39m meta))[33m;[39m[0m

      at Object.error (utils/logger.js:26:39)
      at error (middleware/errorMiddleware.js:34:12)
      at Layer.handleError (node_modules/router/lib/layer.js:116:17)
      at trimPrefix (node_modules/router/index.js:340:13)
      at node_modules/router/index.js:297:9
      at processParams (node_modules/router/index.js:582:12)
      at next (node_modules/router/index.js:291:5)
      at Layer.handleError (node_modules/router/lib/layer.js:111:12)
      at trimPrefix (node_modules/router/index.js:340:13)
      at node_modules/router/index.js:297:9
      at processParams (node_modules/router/index.js:582:12)
      at next (node_modules/router/index.js:291:5)
      at node_modules/router/index.js:688:15
      at next (node_modules/router/index.js:276:14)
      at next (node_modules/router/lib/route.js:132:14)
      at next (controllers/otpController.js:1012:16)

  console.log
    {"timestamp":"2026-03-16T16:47:01.686Z","level":"info","message":"HTTP Request","hostname":"LAPTOP-2S5UTCOT","pid":14884,"method":"POST","url":"/api/otp/verify","status":404,"durationMs":5,"requestId":"8df6f134-fee0-4cbe-9d95-783c3d786aa3","clientSessionId":"","clientRoute":"","ip":"::ffff:127.0.0.1"}

      at Object.log [as info] (utils/logger.js:24:38)

  console.log
    {"timestamp":"2026-03-16T16:47:01.690Z","level":"info","message":"otp.verify_404","hostname":"LAPTOP-2S5UTCOT","pid":14884,"event":"VERIFY_404","phone":"9437200089","email":"-","purpose":"signup","ip":"127.0.0.1","requestId":"b1d7fcfa-50f4-4fa9-b380-153d06b2351e","success":false,"reason":"user not found"}

      at Object.log [as info] (utils/logger.js:24:38)

  console.error
    {"timestamp":"2026-03-16T16:47:01.691Z","level":"error","message":"No account found with this phone number","hostname":"LAPTOP-2S5UTCOT","pid":14884,"error":{"message":"No account found with this phone number","stack":"Error: No account found with this phone number\n    at C:\\Users\\mdsai\\Downloads\\Kimi_Agent_Flipkart-Style Frontend\\server\\controllers\\otpController.js:1012:21\n    at processTicksAndRejections (node:internal/process/task_queues:103:5)","name":"Error"},"type":"AppError","method":"POST","url":"/api/otp/verify","statusCode":404,"requestId":"b1d7fcfa-50f4-4fa9-b380-153d06b2351e","clientSessionId":"","clientRoute":""}

    [0m [90m 24 |[39m     info[33m:[39m (message[33m,[39m meta) [33m=>[39m console[33m.[39mlog(formatMessage([32m'info'[39m[33m,[39m message[33m,[39m meta))[33m,[39m
     [90m 25 |[39m     warn[33m:[39m (message[33m,[39m meta) [33m=>[39m console[33m.[39mwarn(formatMessage([32m'warn'[39m[33m,[39m message[33m,[39m meta))[33m,[39m
    [31m[1m>[22m[39m[90m 26 |[39m     error[33m:[39m (message[33m,[39m meta) [33m=>[39m console[33m.[39merror(formatMessage([32m'error'[39m[33m,[39m message[33m,[39m meta))[33m,[39m
     [90m    |[39m                                       [31m[1m^[22m[39m
     [90m 27 |[39m     debug[33m:[39m (message[33m,[39m meta) [33m=>[39m {
     [90m 28 |[39m         [36mif[39m (process[33m.[39menv[33m.[39m[33mNODE_ENV[39m [33m!==[39m [32m'production'[39m) {
     [90m 29 |[39m             console[33m.[39mdebug(formatMessage([32m'debug'[39m[33m,[39m message[33m,[39m meta))[33m;[39m[0m

      at Object.error (utils/logger.js:26:39)
      at error (middleware/errorMiddleware.js:34:12)
      at Layer.handleError (node_modules/router/lib/layer.js:116:17)
      at trimPrefix (node_modules/router/index.js:340:13)
      at node_modules/router/index.js:297:9
      at processParams (node_modules/router/index.js:582:12)
      at next (node_modules/router/index.js:291:5)
      at Layer.handleError (node_modules/router/lib/layer.js:111:12)
      at trimPrefix (node_modules/router/index.js:340:13)
      at node_modules/router/index.js:297:9
      at processParams (node_modules/router/index.js:582:12)
      at next (node_modules/router/index.js:291:5)
      at node_modules/router/index.js:688:15
      at next (node_modules/router/index.js:276:14)
      at next (node_modules/router/lib/route.js:132:14)
      at next (controllers/otpController.js:1012:16)

  console.log
    {"timestamp":"2026-03-16T16:47:01.692Z","level":"info","message":"HTTP Request","hostname":"LAPTOP-2S5UTCOT","pid":14884,"method":"POST","url":"/api/otp/verify","status":404,"durationMs":3,"requestId":"b1d7fcfa-50f4-4fa9-b380-153d06b2351e","clientSessionId":"","clientRoute":"","ip":"::ffff:127.0.0.1"}

      at Object.log [as info] (utils/logger.js:24:38)

  console.log
    {"timestamp":"2026-03-16T16:47:01.696Z","level":"info","message":"otp.verify_404","hostname":"LAPTOP-2S5UTCOT","pid":14884,"event":"VERIFY_404","phone":"9437200089","email":"-","purpose":"signup","ip":"127.0.0.1","requestId":"f02e2df9-68f4-44be-814a-56ecdddc5797","success":false,"reason":"user not found"}

      at Object.log [as info] (utils/logger.js:24:38)

  console.error
    {"timestamp":"2026-03-16T16:47:01.696Z","level":"error","message":"No account found with this phone number","hostname":"LAPTOP-2S5UTCOT","pid":14884,"error":{"message":"No account found with this phone number","stack":"Error: No account found with this phone number\n    at C:\\Users\\mdsai\\Downloads\\Kimi_Agent_Flipkart-Style Frontend\\server\\controllers\\otpController.js:1012:21\n    at processTicksAndRejections (node:internal/process/task_queues:103:5)","name":"Error"},"type":"AppError","method":"POST","url":"/api/otp/verify","statusCode":404,"requestId":"f02e2df9-68f4-44be-814a-56ecdddc5797","clientSessionId":"","clientRoute":""}

    [0m [90m 24 |[39m     info[33m:[39m (message[33m,[39m meta) [33m=>[39m console[33m.[39mlog(formatMessage([32m'info'[39m[33m,[39m message[33m,[39m meta))[33m,[39m
     [90m 25 |[39m     warn[33m:[39m (message[33m,[39m meta) [33m=>[39m console[33m.[39mwarn(formatMessage([32m'warn'[39m[33m,[39m message[33m,[39m meta))[33m,[39m
    [31m[1m>[22m[39m[90m 26 |[39m     error[33m:[39m (message[33m,[39m meta) [33m=>[39m console[33m.[39merror(formatMessage([32m'error'[39m[33m,[39m message[33m,[39m meta))[33m,[39m
     [90m    |[39m                                       [31m[1m^[22m[39m
     [90m 27 |[39m     debug[33m:[39m (message[33m,[39m meta) [33m=>[39m {
     [90m 28 |[39m         [36mif[39m (process[33m.[39menv[33m.[39m[33mNODE_ENV[39m [33m!==[39m [32m'production'[39m) {
     [90m 29 |[39m             console[33m.[39mdebug(formatMessage([32m'debug'[39m[33m,[39m message[33m,[39m meta))[33m;[39m[0m

      at Object.error (utils/logger.js:26:39)
      at error (middleware/errorMiddleware.js:34:12)
      at Layer.handleError (node_modules/router/lib/layer.js:116:17)
      at trimPrefix (node_modules/router/index.js:340:13)
      at node_modules/router/index.js:297:9
      at processParams (node_modules/router/index.js:582:12)
      at next (node_modules/router/index.js:291:5)
      at Layer.handleError (node_modules/router/lib/layer.js:111:12)
      at trimPrefix (node_modules/router/index.js:340:13)
      at node_modules/router/index.js:297:9
      at processParams (node_modules/router/index.js:582:12)
      at next (node_modules/router/index.js:291:5)
      at node_modules/router/index.js:688:15
      at next (node_modules/router/index.js:276:14)
      at next (node_modules/router/lib/route.js:132:14)
      at next (controllers/otpController.js:1012:16)

  console.log
    {"timestamp":"2026-03-16T16:47:01.698Z","level":"info","message":"HTTP Request","hostname":"LAPTOP-2S5UTCOT","pid":14884,"method":"POST","url":"/api/otp/verify","status":404,"durationMs":4,"requestId":"f02e2df9-68f4-44be-814a-56ecdddc5797","clientSessionId":"","clientRoute":"","ip":"::ffff:127.0.0.1"}

      at Object.log [as info] (utils/logger.js:24:38)

  console.log
    {"timestamp":"2026-03-16T16:47:01.703Z","level":"info","message":"otp.verify_404","hostname":"LAPTOP-2S5UTCOT","pid":14884,"event":"VERIFY_404","phone":"9437200089","email":"-","purpose":"signup","ip":"127.0.0.1","requestId":"6ffb4ba4-637b-4081-be35-a847dd341932","success":false,"reason":"user not found"}

      at Object.log [as info] (utils/logger.js:24:38)

  console.error
    {"timestamp":"2026-03-16T16:47:01.704Z","level":"error","message":"No account found with this phone number","hostname":"LAPTOP-2S5UTCOT","pid":14884,"error":{"message":"No account found with this phone number","stack":"Error: No account found with this phone number\n    at C:\\Users\\mdsai\\Downloads\\Kimi_Agent_Flipkart-Style Frontend\\server\\controllers\\otpController.js:1012:21\n    at processTicksAndRejections (node:internal/process/task_queues:103:5)","name":"Error"},"type":"AppError","method":"POST","url":"/api/otp/verify","statusCode":404,"requestId":"6ffb4ba4-637b-4081-be35-a847dd341932","clientSessionId":"","clientRoute":""}

    [0m [90m 24 |[39m     info[33m:[39m (message[33m,[39m meta) [33m=>[39m console[33m.[39mlog(formatMessage([32m'info'[39m[33m,[39m message[33m,[39m meta))[33m,[39m
     [90m 25 |[39m     warn[33m:[39m (message[33m,[39m meta) [33m=>[39m console[33m.[39mwarn(formatMessage([32m'warn'[39m[33m,[39m message[33m,[39m meta))[33m,[39m
    [31m[1m>[22m[39m[90m 26 |[39m     error[33m:[39m (message[33m,[39m meta) [33m=>[39m console[33m.[39merror(formatMessage([32m'error'[39m[33m,[39m message[33m,[39m meta))[33m,[39m
     [90m    |[39m                                       [31m[1m^[22m[39m
     [90m 27 |[39m     debug[33m:[39m (message[33m,[39m meta) [33m=>[39m {
     [90m 28 |[39m         [36mif[39m (process[33m.[39menv[33m.[39m[33mNODE_ENV[39m [33m!==[39m [32m'production'[39m) {
     [90m 29 |[39m             console[33m.[39mdebug(formatMessage([32m'debug'[39m[33m,[39m message[33m,[39m meta))[33m;[39m[0m

      at Object.error (utils/logger.js:26:39)
      at error (middleware/errorMiddleware.js:34:12)
      at Layer.handleError (node_modules/router/lib/layer.js:116:17)
      at trimPrefix (node_modules/router/index.js:340:13)
      at node_modules/router/index.js:297:9
      at processParams (node_modules/router/index.js:582:12)
      at next (node_modules/router/index.js:291:5)
      at Layer.handleError (node_modules/router/lib/layer.js:111:12)
      at trimPrefix (node_modules/router/index.js:340:13)
      at node_modules/router/index.js:297:9
      at processParams (node_modules/router/index.js:582:12)
      at next (node_modules/router/index.js:291:5)
      at node_modules/router/index.js:688:15
      at next (node_modules/router/index.js:276:14)
      at next (node_modules/router/lib/route.js:132:14)
      at next (controllers/otpController.js:1012:16)

  console.log
    {"timestamp":"2026-03-16T16:47:01.705Z","level":"info","message":"HTTP Request","hostname":"LAPTOP-2S5UTCOT","pid":14884,"method":"POST","url":"/api/otp/verify","status":404,"durationMs":4,"requestId":"6ffb4ba4-637b-4081-be35-a847dd341932","clientSessionId":"","clientRoute":"","ip":"::ffff:127.0.0.1"}

      at Object.log [as info] (utils/logger.js:24:38)

  console.log
    {"timestamp":"2026-03-16T16:47:01.709Z","level":"info","message":"otp.verify_404","hostname":"LAPTOP-2S5UTCOT","pid":14884,"event":"VERIFY_404","phone":"9437200089","email":"-","purpose":"signup","ip":"127.0.0.1","requestId":"d6971c4e-37b3-496b-b1ca-9a21e8b1228c","success":false,"reason":"user not found"}

      at Object.log [as info] (utils/logger.js:24:38)

  console.error
    {"timestamp":"2026-03-16T16:47:01.710Z","level":"error","message":"No account found with this phone number","hostname":"LAPTOP-2S5UTCOT","pid":14884,"error":{"message":"No account found with this phone number","stack":"Error: No account found with this phone number\n    at C:\\Users\\mdsai\\Downloads\\Kimi_Agent_Flipkart-Style Frontend\\server\\controllers\\otpController.js:1012:21\n    at processTicksAndRejections (node:internal/process/task_queues:103:5)","name":"Error"},"type":"AppError","method":"POST","url":"/api/otp/verify","statusCode":404,"requestId":"d6971c4e-37b3-496b-b1ca-9a21e8b1228c","clientSessionId":"","clientRoute":""}

    [0m [90m 24 |[39m     info[33m:[39m (message[33m,[39m meta) [33m=>[39m console[33m.[39mlog(formatMessage([32m'info'[39m[33m,[39m message[33m,[39m meta))[33m,[39m
     [90m 25 |[39m     warn[33m:[39m (message[33m,[39m meta) [33m=>[39m console[33m.[39mwarn(formatMessage([32m'warn'[39m[33m,[39m message[33m,[39m meta))[33m,[39m
    [31m[1m>[22m[39m[90m 26 |[39m     error[33m:[39m (message[33m,[39m meta) [33m=>[39m console[33m.[39merror(formatMessage([32m'error'[39m[33m,[39m message[33m,[39m meta))[33m,[39m
     [90m    |[39m                                       [31m[1m^[22m[39m
     [90m 27 |[39m     debug[33m:[39m (message[33m,[39m meta) [33m=>[39m {
     [90m 28 |[39m         [36mif[39m (process[33m.[39menv[33m.[39m[33mNODE_ENV[39m [33m!==[39m [32m'production'[39m) {
     [90m 29 |[39m             console[33m.[39mdebug(formatMessage([32m'debug'[39m[33m,[39m message[33m,[39m meta))[33m;[39m[0m

      at Object.error (utils/logger.js:26:39)
      at error (middleware/errorMiddleware.js:34:12)
      at Layer.handleError (node_modules/router/lib/layer.js:116:17)
      at trimPrefix (node_modules/router/index.js:340:13)
      at node_modules/router/index.js:297:9
      at processParams (node_modules/router/index.js:582:12)
      at next (node_modules/router/index.js:291:5)
      at Layer.handleError (node_modules/router/lib/layer.js:111:12)
      at trimPrefix (node_modules/router/index.js:340:13)
      at node_modules/router/index.js:297:9
      at processParams (node_modules/router/index.js:582:12)
      at next (node_modules/router/index.js:291:5)
      at node_modules/router/index.js:688:15
      at next (node_modules/router/index.js:276:14)
      at next (node_modules/router/lib/route.js:132:14)
      at next (controllers/otpController.js:1012:16)

  console.log
    {"timestamp":"2026-03-16T16:47:01.712Z","level":"info","message":"HTTP Request","hostname":"LAPTOP-2S5UTCOT","pid":14884,"method":"POST","url":"/api/otp/verify","status":404,"durationMs":5,"requestId":"d6971c4e-37b3-496b-b1ca-9a21e8b1228c","clientSessionId":"","clientRoute":"","ip":"::ffff:127.0.0.1"}

      at Object.log [as info] (utils/logger.js:24:38)

  console.log
    {"timestamp":"2026-03-16T16:47:01.741Z","level":"info","message":"otp.verify_404","hostname":"LAPTOP-2S5UTCOT","pid":14884,"event":"VERIFY_404","phone":"9437200090","email":"-","purpose":"signup","ip":"127.0.0.1","requestId":"94e5d8b0-f09e-4caf-8c89-1f520338d242","success":false,"reason":"user not found"}

      at Object.log [as info] (utils/logger.js:24:38)

  console.error
    {"timestamp":"2026-03-16T16:47:01.742Z","level":"error","message":"No account found with this phone number","hostname":"LAPTOP-2S5UTCOT","pid":14884,"error":{"message":"No account found with this phone number","stack":"Error: No account found with this phone number\n    at C:\\Users\\mdsai\\Downloads\\Kimi_Agent_Flipkart-Style Frontend\\server\\controllers\\otpController.js:1012:21\n    at processTicksAndRejections (node:internal/process/task_queues:103:5)","name":"Error"},"type":"AppError","method":"POST","url":"/api/otp/verify","statusCode":404,"requestId":"94e5d8b0-f09e-4caf-8c89-1f520338d242","clientSessionId":"","clientRoute":""}

    [0m [90m 24 |[39m     info[33m:[39m (message[33m,[39m meta) [33m=>[39m console[33m.[39mlog(formatMessage([32m'info'[39m[33m,[39m message[33m,[39m meta))[33m,[39m
     [90m 25 |[39m     warn[33m:[39m (message[33m,[39m meta) [33m=>[39m console[33m.[39mwarn(formatMessage([32m'warn'[39m[33m,[39m message[33m,[39m meta))[33m,[39m
    [31m[1m>[22m[39m[90m 26 |[39m     error[33m:[39m (message[33m,[39m meta) [33m=>[39m console[33m.[39merror(formatMessage([32m'error'[39m[33m,[39m message[33m,[39m meta))[33m,[39m
     [90m    |[39m                                       [31m[1m^[22m[39m
     [90m 27 |[39m     debug[33m:[39m (message[33m,[39m meta) [33m=>[39m {
     [90m 28 |[39m         [36mif[39m (process[33m.[39menv[33m.[39m[33mNODE_ENV[39m [33m!==[39m [32m'production'[39m) {
     [90m 29 |[39m             console[33m.[39mdebug(formatMessage([32m'debug'[39m[33m,[39m message[33m,[39m meta))[33m;[39m[0m

      at Object.error (utils/logger.js:26:39)
      at error (middleware/errorMiddleware.js:34:12)
      at Layer.handleError (node_modules/router/lib/layer.js:116:17)
      at trimPrefix (node_modules/router/index.js:340:13)
      at node_modules/router/index.js:297:9
      at processParams (node_modules/router/index.js:582:12)
      at next (node_modules/router/index.js:291:5)
      at Layer.handleError (node_modules/router/lib/layer.js:111:12)
      at trimPrefix (node_modules/router/index.js:340:13)
      at node_modules/router/index.js:297:9
      at processParams (node_modules/router/index.js:582:12)
      at next (node_modules/router/index.js:291:5)
      at node_modules/router/index.js:688:15
      at next (node_modules/router/index.js:276:14)
      at next (node_modules/router/lib/route.js:132:14)
      at next (controllers/otpController.js:1012:16)

  console.log
    {"timestamp":"2026-03-16T16:47:01.743Z","level":"info","message":"HTTP Request","hostname":"LAPTOP-2S5UTCOT","pid":14884,"method":"POST","url":"/api/otp/verify","status":404,"durationMs":4,"requestId":"94e5d8b0-f09e-4caf-8c89-1f520338d242","clientSessionId":"","clientRoute":"","ip":"::ffff:127.0.0.1"}

      at Object.log [as info] (utils/logger.js:24:38)

  console.error
    {"timestamp":"2026-03-16T16:47:01.778Z","level":"error","message":"createdPendingUser is not defined","hostname":"LAPTOP-2S5UTCOT","pid":14884,"error":{"message":"createdPendingUser is not defined","stack":"ReferenceError: createdPendingUser is not defined\n    at createdPendingUser (C:\\Users\\mdsai\\Downloads\\Kimi_Agent_Flipkart-Style Frontend\\server\\controllers\\otpController.js:882:17)\n    at processTicksAndRejections (node:internal/process/task_queues:103:5)","name":"ReferenceError"},"type":"ReferenceError","method":"POST","url":"/api/otp/send","statusCode":500,"requestId":"68e1b68b-59c0-4965-ad26-94a7b706d535","clientSessionId":"","clientRoute":""}

    [0m [90m 24 |[39m     info[33m:[39m (message[33m,[39m meta) [33m=>[39m console[33m.[39mlog(formatMessage([32m'info'[39m[33m,[39m message[33m,[39m meta))[33m,[39m
     [90m 25 |[39m     warn[33m:[39m (message[33m,[39m meta) [33m=>[39m console[33m.[39mwarn(formatMessage([32m'warn'[39m[33m,[39m message[33m,[39m meta))[33m,[39m
    [31m[1m>[22m[39m[90m 26 |[39m     error[33m:[39m (message[33m,[39m meta) [33m=>[39m console[33m.[39merror(formatMessage([32m'error'[39m[33m,[39m message[33m,[39m meta))[33m,[39m
     [90m    |[39m                                       [31m[1m^[22m[39m
     [90m 27 |[39m     debug[33m:[39m (message[33m,[39m meta) [33m=>[39m {
     [90m 28 |[39m         [36mif[39m (process[33m.[39menv[33m.[39m[33mNODE_ENV[39m [33m!==[39m [32m'production'[39m) {
     [90m 29 |[39m             console[33m.[39mdebug(formatMessage([32m'debug'[39m[33m,[39m message[33m,[39m meta))[33m;[39m[0m

      at Object.error (utils/logger.js:26:39)
      at error (middleware/errorMiddleware.js:34:12)
      at Layer.handleError (node_modules/router/lib/layer.js:116:17)
      at trimPrefix (node_modules/router/index.js:340:13)
      at node_modules/router/index.js:297:9
      at processParams (node_modules/router/index.js:582:12)
      at next (node_modules/router/index.js:291:5)
      at Layer.handleError (node_modules/router/lib/layer.js:111:12)
      at trimPrefix (node_modules/router/index.js:340:13)
      at node_modules/router/index.js:297:9
      at processParams (node_modules/router/index.js:582:12)
      at next (node_modules/router/index.js:291:5)
      at node_modules/router/index.js:688:15
      at next (node_modules/router/index.js:276:14)
      at next (node_modules/router/lib/route.js:132:14)

  console.log
    {"timestamp":"2026-03-16T16:47:01.779Z","level":"info","message":"HTTP Request","hostname":"LAPTOP-2S5UTCOT","pid":14884,"method":"POST","url":"/api/otp/send","status":500,"durationMs":26,"requestId":"68e1b68b-59c0-4965-ad26-94a7b706d535","clientSessionId":"","clientRoute":"","ip":"::ffff:127.0.0.1"}

      at Object.log [as info] (utils/logger.js:24:38)

  console.error
    {"timestamp":"2026-03-16T16:47:01.811Z","level":"error","message":"createdPendingUser is not defined","hostname":"LAPTOP-2S5UTCOT","pid":14884,"error":{"message":"createdPendingUser is not defined","stack":"ReferenceError: createdPendingUser is not defined\n    at createdPendingUser (C:\\Users\\mdsai\\Downloads\\Kimi_Agent_Flipkart-Style Frontend\\server\\controllers\\otpController.js:882:17)\n    at processTicksAndRejections (node:internal/process/task_queues:103:5)","name":"ReferenceError"},"type":"ReferenceError","method":"POST","url":"/api/otp/send","statusCode":500,"requestId":"527fe8e9-6582-42c5-a531-219bf1ccdca1","clientSessionId":"","clientRoute":""}

    [0m [90m 24 |[39m     info[33m:[39m (message[33m,[39m meta) [33m=>[39m console[33m.[39mlog(formatMessage([32m'info'[39m[33m,[39m message[33m,[39m meta))[33m,[39m
     [90m 25 |[39m     warn[33m:[39m (message[33m,[39m meta) [33m=>[39m console[33m.[39mwarn(formatMessage([32m'warn'[39m[33m,[39m message[33m,[39m meta))[33m,[39m
    [31m[1m>[22m[39m[90m 26 |[39m     error[33m:[39m (message[33m,[39m meta) [33m=>[39m console[33m.[39merror(formatMessage([32m'error'[39m[33m,[39m message[33m,[39m meta))[33m,[39m
     [90m    |[39m                                       [31m[1m^[22m[39m
     [90m 27 |[39m     debug[33m:[39m (message[33m,[39m meta) [33m=>[39m {
     [90m 28 |[39m         [36mif[39m (process[33m.[39menv[33m.[39m[33mNODE_ENV[39m [33m!==[39m [32m'production'[39m) {
     [90m 29 |[39m             console[33m.[39mdebug(formatMessage([32m'debug'[39m[33m,[39m message[33m,[39m meta))[33m;[39m[0m

      at Object.error (utils/logger.js:26:39)
      at error (middleware/errorMiddleware.js:34:12)
      at Layer.handleError (node_modules/router/lib/layer.js:116:17)
      at trimPrefix (node_modules/router/index.js:340:13)
      at node_modules/router/index.js:297:9
      at processParams (node_modules/router/index.js:582:12)
      at next (node_modules/router/index.js:291:5)
      at Layer.handleError (node_modules/router/lib/layer.js:111:12)
      at trimPrefix (node_modules/router/index.js:340:13)
      at node_modules/router/index.js:297:9
      at processParams (node_modules/router/index.js:582:12)
      at next (node_modules/router/index.js:291:5)
      at node_modules/router/index.js:688:15
      at next (node_modules/router/index.js:276:14)
      at next (node_modules/router/lib/route.js:132:14)

  console.log
    {"timestamp":"2026-03-16T16:47:01.813Z","level":"info","message":"HTTP Request","hostname":"LAPTOP-2S5UTCOT","pid":14884,"method":"POST","url":"/api/otp/send","status":500,"durationMs":25,"requestId":"527fe8e9-6582-42c5-a531-219bf1ccdca1","clientSessionId":"","clientRoute":"","ip":"::ffff:127.0.0.1"}

      at Object.log [as info] (utils/logger.js:24:38)

  console.error
    {"timestamp":"2026-03-16T16:47:01.847Z","level":"error","message":"createdPendingUser is not defined","hostname":"LAPTOP-2S5UTCOT","pid":14884,"error":{"message":"createdPendingUser is not defined","stack":"ReferenceError: createdPendingUser is not defined\n    at createdPendingUser (C:\\Users\\mdsai\\Downloads\\Kimi_Agent_Flipkart-Style Frontend\\server\\controllers\\otpController.js:882:17)\n    at processTicksAndRejections (node:internal/process/task_queues:103:5)","name":"ReferenceError"},"type":"ReferenceError","method":"POST","url":"/api/otp/send","statusCode":500,"requestId":"7b70bf68-6271-4c44-bcf3-a9a49d19fc3f","clientSessionId":"","clientRoute":""}

    [0m [90m 24 |[39m     info[33m:[39m (message[33m,[39m meta) [33m=>[39m console[33m.[39mlog(formatMessage([32m'info'[39m[33m,[39m message[33m,[39m meta))[33m,[39m
     [90m 25 |[39m     warn[33m:[39m (message[33m,[39m meta) [33m=>[39m console[33m.[39mwarn(formatMessage([32m'warn'[39m[33m,[39m message[33m,[39m meta))[33m,[39m
    [31m[1m>[22m[39m[90m 26 |[39m     error[33m:[39m (message[33m,[39m meta) [33m=>[39m console[33m.[39merror(formatMessage([32m'error'[39m[33m,[39m message[33m,[39m meta))[33m,[39m
     [90m    |[39m                                       [31m[1m^[22m[39m
     [90m 27 |[39m     debug[33m:[39m (message[33m,[39m meta) [33m=>[39m {
     [90m 28 |[39m         [36mif[39m (process[33m.[39menv[33m.[39m[33mNODE_ENV[39m [33m!==[39m [32m'production'[39m) {
     [90m 29 |[39m             console[33m.[39mdebug(formatMessage([32m'debug'[39m[33m,[39m message[33m,[39m meta))[33m;[39m[0m

      at Object.error (utils/logger.js:26:39)
      at error (middleware/errorMiddleware.js:34:12)
      at Layer.handleError (node_modules/router/lib/layer.js:116:17)
      at trimPrefix (node_modules/router/index.js:340:13)
      at node_modules/router/index.js:297:9
      at processParams (node_modules/router/index.js:582:12)
      at next (node_modules/router/index.js:291:5)
      at Layer.handleError (node_modules/router/lib/layer.js:111:12)
      at trimPrefix (node_modules/router/index.js:340:13)
      at node_modules/router/index.js:297:9
      at processParams (node_modules/router/index.js:582:12)
      at next (node_modules/router/index.js:291:5)
      at node_modules/router/index.js:688:15
      at next (node_modules/router/index.js:276:14)
      at next (node_modules/router/lib/route.js:132:14)

  console.log
    {"timestamp":"2026-03-16T16:47:01.850Z","level":"info","message":"HTTP Request","hostname":"LAPTOP-2S5UTCOT","pid":14884,"method":"POST","url":"/api/otp/send","status":500,"durationMs":27,"requestId":"7b70bf68-6271-4c44-bcf3-a9a49d19fc3f","clientSessionId":"","clientRoute":"","ip":"::ffff:127.0.0.1"}

      at Object.log [as info] (utils/logger.js:24:38)

  console.error
    {"timestamp":"2026-03-16T16:47:01.884Z","level":"error","message":"createdPendingUser is not defined","hostname":"LAPTOP-2S5UTCOT","pid":14884,"error":{"message":"createdPendingUser is not defined","stack":"ReferenceError: createdPendingUser is not defined\n    at createdPendingUser (C:\\Users\\mdsai\\Downloads\\Kimi_Agent_Flipkart-Style Frontend\\server\\controllers\\otpController.js:882:17)\n    at processTicksAndRejections (node:internal/process/task_queues:103:5)","name":"ReferenceError"},"type":"ReferenceError","method":"POST","url":"/api/otp/send","statusCode":500,"requestId":"d0004d84-ad4c-4919-93af-497edc228b56","clientSessionId":"","clientRoute":""}

    [0m [90m 24 |[39m     info[33m:[39m (message[33m,[39m meta) [33m=>[39m console[33m.[39mlog(formatMessage([32m'info'[39m[33m,[39m message[33m,[39m meta))[33m,[39m
     [90m 25 |[39m     warn[33m:[39m (message[33m,[39m meta) [33m=>[39m console[33m.[39mwarn(formatMessage([32m'warn'[39m[33m,[39m message[33m,[39m meta))[33m,[39m
    [31m[1m>[22m[39m[90m 26 |[39m     error[33m:[39m (message[33m,[39m meta) [33m=>[39m console[33m.[39merror(formatMessage([32m'error'[39m[33m,[39m message[33m,[39m meta))[33m,[39m
     [90m    |[39m                                       [31m[1m^[22m[39m
     [90m 27 |[39m     debug[33m:[39m (message[33m,[39m meta) [33m=>[39m {
     [90m 28 |[39m         [36mif[39m (process[33m.[39menv[33m.[39m[33mNODE_ENV[39m [33m!==[39m [32m'production'[39m) {
     [90m 29 |[39m             console[33m.[39mdebug(formatMessage([32m'debug'[39m[33m,[39m message[33m,[39m meta))[33m;[39m[0m

      at Object.error (utils/logger.js:26:39)
      at error (middleware/errorMiddleware.js:34:12)
      at Layer.handleError (node_modules/router/lib/layer.js:116:17)
      at trimPrefix (node_modules/router/index.js:340:13)
      at node_modules/router/index.js:297:9
      at processParams (node_modules/router/index.js:582:12)
      at next (node_modules/router/index.js:291:5)
      at Layer.handleError (node_modules/router/lib/layer.js:111:12)
      at trimPrefix (node_modules/router/index.js:340:13)
      at node_modules/router/index.js:297:9
      at processParams (node_modules/router/index.js:582:12)
      at next (node_modules/router/index.js:291:5)
      at node_modules/router/index.js:688:15
      at next (node_modules/router/index.js:276:14)
      at next (node_modules/router/lib/route.js:132:14)

  console.log
    {"timestamp":"2026-03-16T16:47:01.885Z","level":"info","message":"HTTP Request","hostname":"LAPTOP-2S5UTCOT","pid":14884,"method":"POST","url":"/api/otp/send","status":500,"durationMs":25,"requestId":"d0004d84-ad4c-4919-93af-497edc228b56","clientSessionId":"","clientRoute":"","ip":"::ffff:127.0.0.1"}

      at Object.log [as info] (utils/logger.js:24:38)

  console.error
    {"timestamp":"2026-03-16T16:47:01.911Z","level":"error","message":"createdPendingUser is not defined","hostname":"LAPTOP-2S5UTCOT","pid":14884,"error":{"message":"createdPendingUser is not defined","stack":"ReferenceError: createdPendingUser is not defined\n    at createdPendingUser (C:\\Users\\mdsai\\Downloads\\Kimi_Agent_Flipkart-Style Frontend\\server\\controllers\\otpController.js:882:17)\n    at processTicksAndRejections (node:internal/process/task_queues:103:5)","name":"ReferenceError"},"type":"ReferenceError","method":"POST","url":"/api/otp/send","statusCode":500,"requestId":"f05a9d93-4621-4f98-888e-02078404761c","clientSessionId":"","clientRoute":""}

    [0m [90m 24 |[39m     info[33m:[39m (message[33m,[39m meta) [33m=>[39m console[33m.[39mlog(formatMessage([32m'info'[39m[33m,[39m message[33m,[39m meta))[33m,[39m
     [90m 25 |[39m     warn[33m:[39m (message[33m,[39m meta) [33m=>[39m console[33m.[39mwarn(formatMessage([32m'warn'[39m[33m,[39m message[33m,[39m meta))[33m,[39m
    [31m[1m>[22m[39m[90m 26 |[39m     error[33m:[39m (message[33m,[39m meta) [33m=>[39m console[33m.[39merror(formatMessage([32m'error'[39m[33m,[39m message[33m,[39m meta))[33m,[39m
     [90m    |[39m                                       [31m[1m^[22m[39m
     [90m 27 |[39m     debug[33m:[39m (message[33m,[39m meta) [33m=>[39m {
     [90m 28 |[39m         [36mif[39m (process[33m.[39menv[33m.[39m[33mNODE_ENV[39m [33m!==[39m [32m'production'[39m) {
     [90m 29 |[39m             console[33m.[39mdebug(formatMessage([32m'debug'[39m[33m,[39m message[33m,[39m meta))[33m;[39m[0m

      at Object.error (utils/logger.js:26:39)
      at error (middleware/errorMiddleware.js:34:12)
      at Layer.handleError (node_modules/router/lib/layer.js:116:17)
      at trimPrefix (node_modules/router/index.js:340:13)
      at node_modules/router/index.js:297:9
      at processParams (node_modules/router/index.js:582:12)
      at next (node_modules/router/index.js:291:5)
      at Layer.handleError (node_modules/router/lib/layer.js:111:12)
      at trimPrefix (node_modules/router/index.js:340:13)
      at node_modules/router/index.js:297:9
      at processParams (node_modules/router/index.js:582:12)
      at next (node_modules/router/index.js:291:5)
      at node_modules/router/index.js:688:15
      at next (node_modules/router/index.js:276:14)
      at next (node_modules/router/lib/route.js:132:14)

  console.log
    {"timestamp":"2026-03-16T16:47:01.912Z","level":"info","message":"HTTP Request","hostname":"LAPTOP-2S5UTCOT","pid":14884,"method":"POST","url":"/api/otp/send","status":500,"durationMs":24,"requestId":"f05a9d93-4621-4f98-888e-02078404761c","clientSessionId":"","clientRoute":"","ip":"::ffff:127.0.0.1"}

      at Object.log [as info] (utils/logger.js:24:38)

  console.error
    {"timestamp":"2026-03-16T16:47:01.922Z","level":"error","message":"Phone number must be a string","hostname":"LAPTOP-2S5UTCOT","pid":14884,"error":{"message":"Phone number must be a string","stack":"Error: Phone number must be a string\n    at C:\\Users\\mdsai\\Downloads\\Kimi_Agent_Flipkart-Style Frontend\\server\\controllers\\otpController.js:1308:21\n    at asyncUtilWrap (C:\\Users\\mdsai\\Downloads\\Kimi_Agent_Flipkart-Style Frontend\\server\\node_modules\\express-async-handler\\index.js:3:20)\n    at Layer.handleRequest (C:\\Users\\mdsai\\Downloads\\Kimi_Agent_Flipkart-Style Frontend\\server\\node_modules\\router\\lib\\layer.js:152:17)\n    at next (C:\\Users\\mdsai\\Downloads\\Kimi_Agent_Flipkart-Style Frontend\\server\\node_modules\\router\\lib\\route.js:157:13)\n    at next (C:\\Users\\mdsai\\Downloads\\Kimi_Agent_Flipkart-Style Frontend\\server\\middleware\\distributedRateLimit.js:103:53)\n    at Layer.handleRequest (C:\\Users\\mdsai\\Downloads\\Kimi_Agent_Flipkart-Style Frontend\\server\\node_modules\\router\\lib\\layer.js:152:17)\n    at next (C:\\Users\\mdsai\\Downloads\\Kimi_Agent_Flipkart-Style Frontend\\server\\node_modules\\router\\lib\\route.js:157:13)\n    at Route.dispatch (C:\\Users\\mdsai\\Downloads\\Kimi_Agent_Flipkart-Style Frontend\\server\\node_modules\\router\\lib\\route.js:117:3)\n    at handle (C:\\Users\\mdsai\\Downloads\\Kimi_Agent_Flipkart-Style Frontend\\server\\node_modules\\router\\index.js:435:11)\n    at Layer.handleRequest (C:\\Users\\mdsai\\Downloads\\Kimi_Agent_Flipkart-Style Frontend\\server\\node_modules\\router\\lib\\layer.js:152:17)\n    at C:\\Users\\mdsai\\Downloads\\Kimi_Agent_Flipkart-Style Frontend\\server\\node_modules\\router\\index.js:295:15\n    at processParams (C:\\Users\\mdsai\\Downloads\\Kimi_Agent_Flipkart-Style Frontend\\server\\node_modules\\router\\index.js:582:12)\n    at next (C:\\Users\\mdsai\\Downloads\\Kimi_Agent_Flipkart-Style Frontend\\server\\node_modules\\router\\index.js:291:5)\n    at router.handle (C:\\Users\\mdsai\\Downloads\\Kimi_Agent_Flipkart-Style Frontend\\server\\node_modules\\router\\index.js:186:3)\n    at router (C:\\Users\\mdsai\\Downloads\\Kimi_Agent_Flipkart-Style Frontend\\server\\node_modules\\router\\index.js:60:12)\n    at Layer.handleRequest (C:\\Users\\mdsai\\Downloads\\Kimi_Agent_Flipkart-Style Frontend\\server\\node_modules\\router\\lib\\layer.js:152:17)\n    at trimPrefix (C:\\Users\\mdsai\\Downloads\\Kimi_Agent_Flipkart-Style Frontend\\server\\node_modules\\router\\index.js:342:13)\n    at C:\\Users\\mdsai\\Downloads\\Kimi_Agent_Flipkart-Style Frontend\\server\\node_modules\\router\\index.js:297:9\n    at processParams (C:\\Users\\mdsai\\Downloads\\Kimi_Agent_Flipkart-Style Frontend\\server\\node_modules\\router\\index.js:582:12)\n    at next (C:\\Users\\mdsai\\Downloads\\Kimi_Agent_Flipkart-Style Frontend\\server\\node_modules\\router\\index.js:291:5)\n    at next (C:\\Users\\mdsai\\Downloads\\Kimi_Agent_Flipkart-Style Frontend\\server\\middleware\\adminNotificationMiddleware.js:11:16)\n    at Layer.handleRequest (C:\\Users\\mdsai\\Downloads\\Kimi_Agent_Flipkart-Style Frontend\\server\\node_modules\\router\\lib\\layer.js:152:17)\n    at trimPrefix (C:\\Users\\mdsai\\Downloads\\Kimi_Agent_Flipkart-Style Frontend\\server\\node_modules\\router\\index.js:342:13)\n    at C:\\Users\\mdsai\\Downloads\\Kimi_Agent_Flipkart-Style Frontend\\server\\node_modules\\router\\index.js:297:9\n    at processParams (C:\\Users\\mdsai\\Downloads\\Kimi_Agent_Flipkart-Style Frontend\\server\\node_modules\\router\\index.js:582:12)\n    at next (C:\\Users\\mdsai\\Downloads\\Kimi_Agent_Flipkart-Style Frontend\\server\\node_modules\\router\\index.js:291:5)\n    at next (C:\\Users\\mdsai\\Downloads\\Kimi_Agent_Flipkart-Style Frontend\\server\\middleware\\activityEmailMiddleware.js:11:16)\n    at Layer.handleRequest (C:\\Users\\mdsai\\Downloads\\Kimi_Agent_Flipkart-Style Frontend\\server\\node_modules\\router\\lib\\layer.js:152:17)\n    at trimPrefix (C:\\Users\\mdsai\\Downloads\\Kimi_Agent_Flipkart-Style Frontend\\server\\node_modules\\router\\index.js:342:13)\n    at C:\\Users\\mdsai\\Downloads\\Kimi_Agent_Flipkart-Style Frontend\\server\\node_modules\\router\\index.js:297:9\n    at processParams (C:\\Users\\mdsai\\Downloads\\Kimi_Agent_Flipkart-Style Frontend\\server\\node_modules\\router\\index.js:582:12)\n    at next (C:\\Users\\mdsai\\Downloads\\Kimi_Agent_Flipkart-Style Frontend\\server\\node_modules\\router\\index.js:291:5)\n    at next (C:\\Users\\mdsai\\Downloads\\Kimi_Agent_Flipkart-Style Frontend\\server\\middleware\\xssSanitizer.js:36:5)\n    at Layer.handleRequest (C:\\Users\\mdsai\\Downloads\\Kimi_Agent_Flipkart-Style Frontend\\server\\node_modules\\router\\lib\\layer.js:152:17)\n    at trimPrefix (C:\\Users\\mdsai\\Downloads\\Kimi_Agent_Flipkart-Style Frontend\\server\\node_modules\\router\\index.js:342:13)\n    at C:\\Users\\mdsai\\Downloads\\Kimi_Agent_Flipkart-Style Frontend\\server\\node_modules\\router\\index.js:297:9\n    at processParams (C:\\Users\\mdsai\\Downloads\\Kimi_Agent_Flipkart-Style Frontend\\server\\node_modules\\router\\index.js:582:12)\n    at next (C:\\Users\\mdsai\\Downloads\\Kimi_Agent_Flipkart-Style Frontend\\server\\node_modules\\router\\index.js:291:5)\n    at next (C:\\Users\\mdsai\\Downloads\\Kimi_Agent_Flipkart-Style Frontend\\server\\middleware\\securityMiddleware.js:37:9)\n    at Layer.handleRequest (C:\\Users\\mdsai\\Downloads\\Kimi_Agent_Flipkart-Style Frontend\\server\\node_modules\\router\\lib\\layer.js:152:17)\n    at trimPrefix (C:\\Users\\mdsai\\Downloads\\Kimi_Agent_Flipkart-Style Frontend\\server\\node_modules\\router\\index.js:342:13)\n    at C:\\Users\\mdsai\\Downloads\\Kimi_Agent_Flipkart-Style Frontend\\server\\node_modules\\router\\index.js:297:9\n    at processParams (C:\\Users\\mdsai\\Downloads\\Kimi_Agent_Flipkart-Style Frontend\\server\\node_modules\\router\\index.js:582:12)\n    at next (C:\\Users\\mdsai\\Downloads\\Kimi_Agent_Flipkart-Style Frontend\\server\\node_modules\\router\\index.js:291:5)\n    at C:\\Users\\mdsai\\Downloads\\Kimi_Agent_Flipkart-Style Frontend\\server\\node_modules\\body-parser\\lib\\read.js:171:5\n    at AsyncResource.runInAsyncScope (node:async_hooks:214:14)\n    at invokeCallback (C:\\Users\\mdsai\\Downloads\\Kimi_Agent_Flipkart-Style Frontend\\server\\node_modules\\raw-body\\index.js:238:16)\n    at done (C:\\Users\\mdsai\\Downloads\\Kimi_Agent_Flipkart-Style Frontend\\server\\node_modules\\raw-body\\index.js:227:7)\n    at IncomingMessage.onEnd (C:\\Users\\mdsai\\Downloads\\Kimi_Agent_Flipkart-Style Frontend\\server\\node_modules\\raw-body\\index.js:287:7)\n    at IncomingMessage.emit (node:events:508:28)\n    at endReadableNT (node:internal/streams/readable:1701:12)\n    at processTicksAndRejections (node:internal/process/task_queues:89:21)","name":"Error"},"type":"AppError","method":"POST","url":"/api/otp/check-user","statusCode":400,"requestId":"a1639696-35cb-4e51-ac81-b691c5201283","clientSessionId":"","clientRoute":""}

    [0m [90m 24 |[39m     info[33m:[39m (message[33m,[39m meta) [33m=>[39m console[33m.[39mlog(formatMessage([32m'info'[39m[33m,[39m message[33m,[39m meta))[33m,[39m
     [90m 25 |[39m     warn[33m:[39m (message[33m,[39m meta) [33m=>[39m console[33m.[39mwarn(formatMessage([32m'warn'[39m[33m,[39m message[33m,[39m meta))[33m,[39m
    [31m[1m>[22m[39m[90m 26 |[39m     error[33m:[39m (message[33m,[39m meta) [33m=>[39m console[33m.[39merror(formatMessage([32m'error'[39m[33m,[39m message[33m,[39m meta))[33m,[39m
     [90m    |[39m                                       [31m[1m^[22m[39m
     [90m 27 |[39m     debug[33m:[39m (message[33m,[39m meta) [33m=>[39m {
     [90m 28 |[39m         [36mif[39m (process[33m.[39menv[33m.[39m[33mNODE_ENV[39m [33m!==[39m [32m'production'[39m) {
     [90m 29 |[39m             console[33m.[39mdebug(formatMessage([32m'debug'[39m[33m,[39m message[33m,[39m meta))[33m;[39m[0m

      at Object.error (utils/logger.js:26:39)
      at error (middleware/errorMiddleware.js:34:12)
      at Layer.handleError (node_modules/router/lib/layer.js:116:17)
      at trimPrefix (node_modules/router/index.js:340:13)
      at node_modules/router/index.js:297:9
      at processParams (node_modules/router/index.js:582:12)
      at next (node_modules/router/index.js:291:5)
      at Layer.handleError (node_modules/router/lib/layer.js:111:12)
      at trimPrefix (node_modules/router/index.js:340:13)
      at node_modules/router/index.js:297:9
      at processParams (node_modules/router/index.js:582:12)
      at Immediate.next (node_modules/router/index.js:291:5)
      at Immediate._onImmediate (node_modules/router/index.js:688:15)

  console.log
    {"timestamp":"2026-03-16T16:47:01.923Z","level":"info","message":"HTTP Request","hostname":"LAPTOP-2S5UTCOT","pid":14884,"method":"POST","url":"/api/otp/check-user","status":400,"durationMs":2,"requestId":"a1639696-35cb-4e51-ac81-b691c5201283","clientSessionId":"","clientRoute":"","ip":"::ffff:127.0.0.1"}

      at Object.log [as info] (utils/logger.js:24:38)

  console.error
    {"timestamp":"2026-03-16T16:47:01.931Z","level":"error","message":"Email is required","hostname":"LAPTOP-2S5UTCOT","pid":14884,"error":{"message":"Email is required","stack":"Error: Email is required\n    at C:\\Users\\mdsai\\Downloads\\Kimi_Agent_Flipkart-Style Frontend\\server\\controllers\\otpController.js:447:21\n    at asyncUtilWrap (C:\\Users\\mdsai\\Downloads\\Kimi_Agent_Flipkart-Style Frontend\\server\\node_modules\\express-async-handler\\index.js:3:20)\n    at Layer.handleRequest (C:\\Users\\mdsai\\Downloads\\Kimi_Agent_Flipkart-Style Frontend\\server\\node_modules\\router\\lib\\layer.js:152:17)\n    at next (C:\\Users\\mdsai\\Downloads\\Kimi_Agent_Flipkart-Style Frontend\\server\\node_modules\\router\\lib\\route.js:157:13)\n    at next (C:\\Users\\mdsai\\Downloads\\Kimi_Agent_Flipkart-Style Frontend\\server\\middleware\\distributedRateLimit.js:103:53)\n    at Layer.handleRequest (C:\\Users\\mdsai\\Downloads\\Kimi_Agent_Flipkart-Style Frontend\\server\\node_modules\\router\\lib\\layer.js:152:17)\n    at next (C:\\Users\\mdsai\\Downloads\\Kimi_Agent_Flipkart-Style Frontend\\server\\node_modules\\router\\lib\\route.js:157:13)\n    at Route.dispatch (C:\\Users\\mdsai\\Downloads\\Kimi_Agent_Flipkart-Style Frontend\\server\\node_modules\\router\\lib\\route.js:117:3)\n    at handle (C:\\Users\\mdsai\\Downloads\\Kimi_Agent_Flipkart-Style Frontend\\server\\node_modules\\router\\index.js:435:11)\n    at Layer.handleRequest (C:\\Users\\mdsai\\Downloads\\Kimi_Agent_Flipkart-Style Frontend\\server\\node_modules\\router\\lib\\layer.js:152:17)\n    at C:\\Users\\mdsai\\Downloads\\Kimi_Agent_Flipkart-Style Frontend\\server\\node_modules\\router\\index.js:295:15\n    at processParams (C:\\Users\\mdsai\\Downloads\\Kimi_Agent_Flipkart-Style Frontend\\server\\node_modules\\router\\index.js:582:12)\n    at next (C:\\Users\\mdsai\\Downloads\\Kimi_Agent_Flipkart-Style Frontend\\server\\node_modules\\router\\index.js:291:5)\n    at router.handle (C:\\Users\\mdsai\\Downloads\\Kimi_Agent_Flipkart-Style Frontend\\server\\node_modules\\router\\index.js:186:3)\n    at router (C:\\Users\\mdsai\\Downloads\\Kimi_Agent_Flipkart-Style Frontend\\server\\node_modules\\router\\index.js:60:12)\n    at Layer.handleRequest (C:\\Users\\mdsai\\Downloads\\Kimi_Agent_Flipkart-Style Frontend\\server\\node_modules\\router\\lib\\layer.js:152:17)\n    at trimPrefix (C:\\Users\\mdsai\\Downloads\\Kimi_Agent_Flipkart-Style Frontend\\server\\node_modules\\router\\index.js:342:13)\n    at C:\\Users\\mdsai\\Downloads\\Kimi_Agent_Flipkart-Style Frontend\\server\\node_modules\\router\\index.js:297:9\n    at processParams (C:\\Users\\mdsai\\Downloads\\Kimi_Agent_Flipkart-Style Frontend\\server\\node_modules\\router\\index.js:582:12)\n    at next (C:\\Users\\mdsai\\Downloads\\Kimi_Agent_Flipkart-Style Frontend\\server\\node_modules\\router\\index.js:291:5)\n    at next (C:\\Users\\mdsai\\Downloads\\Kimi_Agent_Flipkart-Style Frontend\\server\\middleware\\adminNotificationMiddleware.js:11:16)\n    at Layer.handleRequest (C:\\Users\\mdsai\\Downloads\\Kimi_Agent_Flipkart-Style Frontend\\server\\node_modules\\router\\lib\\layer.js:152:17)\n    at trimPrefix (C:\\Users\\mdsai\\Downloads\\Kimi_Agent_Flipkart-Style Frontend\\server\\node_modules\\router\\index.js:342:13)\n    at C:\\Users\\mdsai\\Downloads\\Kimi_Agent_Flipkart-Style Frontend\\server\\node_modules\\router\\index.js:297:9\n    at processParams (C:\\Users\\mdsai\\Downloads\\Kimi_Agent_Flipkart-Style Frontend\\server\\node_modules\\router\\index.js:582:12)\n    at next (C:\\Users\\mdsai\\Downloads\\Kimi_Agent_Flipkart-Style Frontend\\server\\node_modules\\router\\index.js:291:5)\n    at next (C:\\Users\\mdsai\\Downloads\\Kimi_Agent_Flipkart-Style Frontend\\server\\middleware\\activityEmailMiddleware.js:11:16)\n    at Layer.handleRequest (C:\\Users\\mdsai\\Downloads\\Kimi_Agent_Flipkart-Style Frontend\\server\\node_modules\\router\\lib\\layer.js:152:17)\n    at trimPrefix (C:\\Users\\mdsai\\Downloads\\Kimi_Agent_Flipkart-Style Frontend\\server\\node_modules\\router\\index.js:342:13)\n    at C:\\Users\\mdsai\\Downloads\\Kimi_Agent_Flipkart-Style Frontend\\server\\node_modules\\router\\index.js:297:9\n    at processParams (C:\\Users\\mdsai\\Downloads\\Kimi_Agent_Flipkart-Style Frontend\\server\\node_modules\\router\\index.js:582:12)\n    at next (C:\\Users\\mdsai\\Downloads\\Kimi_Agent_Flipkart-Style Frontend\\server\\node_modules\\router\\index.js:291:5)\n    at next (C:\\Users\\mdsai\\Downloads\\Kimi_Agent_Flipkart-Style Frontend\\server\\middleware\\xssSanitizer.js:36:5)\n    at Layer.handleRequest (C:\\Users\\mdsai\\Downloads\\Kimi_Agent_Flipkart-Style Frontend\\server\\node_modules\\router\\lib\\layer.js:152:17)\n    at trimPrefix (C:\\Users\\mdsai\\Downloads\\Kimi_Agent_Flipkart-Style Frontend\\server\\node_modules\\router\\index.js:342:13)\n    at C:\\Users\\mdsai\\Downloads\\Kimi_Agent_Flipkart-Style Frontend\\server\\node_modules\\router\\index.js:297:9\n    at processParams (C:\\Users\\mdsai\\Downloads\\Kimi_Agent_Flipkart-Style Frontend\\server\\node_modules\\router\\index.js:582:12)\n    at next (C:\\Users\\mdsai\\Downloads\\Kimi_Agent_Flipkart-Style Frontend\\server\\node_modules\\router\\index.js:291:5)\n    at next (C:\\Users\\mdsai\\Downloads\\Kimi_Agent_Flipkart-Style Frontend\\server\\middleware\\securityMiddleware.js:37:9)\n    at Layer.handleRequest (C:\\Users\\mdsai\\Downloads\\Kimi_Agent_Flipkart-Style Frontend\\server\\node_modules\\router\\lib\\layer.js:152:17)\n    at trimPrefix (C:\\Users\\mdsai\\Downloads\\Kimi_Agent_Flipkart-Style Frontend\\server\\node_modules\\router\\index.js:342:13)\n    at C:\\Users\\mdsai\\Downloads\\Kimi_Agent_Flipkart-Style Frontend\\server\\node_modules\\router\\index.js:297:9\n    at processParams (C:\\Users\\mdsai\\Downloads\\Kimi_Agent_Flipkart-Style Frontend\\server\\node_modules\\router\\index.js:582:12)\n    at next (C:\\Users\\mdsai\\Downloads\\Kimi_Agent_Flipkart-Style Frontend\\server\\node_modules\\router\\index.js:291:5)\n    at C:\\Users\\mdsai\\Downloads\\Kimi_Agent_Flipkart-Style Frontend\\server\\node_modules\\body-parser\\lib\\read.js:171:5\n    at AsyncResource.runInAsyncScope (node:async_hooks:214:14)\n    at invokeCallback (C:\\Users\\mdsai\\Downloads\\Kimi_Agent_Flipkart-Style Frontend\\server\\node_modules\\raw-body\\index.js:238:16)\n    at done (C:\\Users\\mdsai\\Downloads\\Kimi_Agent_Flipkart-Style Frontend\\server\\node_modules\\raw-body\\index.js:227:7)\n    at IncomingMessage.onEnd (C:\\Users\\mdsai\\Downloads\\Kimi_Agent_Flipkart-Style Frontend\\server\\node_modules\\raw-body\\index.js:287:7)\n    at IncomingMessage.emit (node:events:508:28)\n    at endReadableNT (node:internal/streams/readable:1701:12)\n    at processTicksAndRejections (node:internal/process/task_queues:89:21)","name":"Error"},"type":"AppError","method":"POST","url":"/api/otp/send","statusCode":400,"requestId":"2f3ea205-9d80-4a7e-ba2f-c2da7fc4f6c3","clientSessionId":"","clientRoute":""}

    [0m [90m 24 |[39m     info[33m:[39m (message[33m,[39m meta) [33m=>[39m console[33m.[39mlog(formatMessage([32m'info'[39m[33m,[39m message[33m,[39m meta))[33m,[39m
     [90m 25 |[39m     warn[33m:[39m (message[33m,[39m meta) [33m=>[39m console[33m.[39mwarn(formatMessage([32m'warn'[39m[33m,[39m message[33m,[39m meta))[33m,[39m
    [31m[1m>[22m[39m[90m 26 |[39m     error[33m:[39m (message[33m,[39m meta) [33m=>[39m console[33m.[39merror(formatMessage([32m'error'[39m[33m,[39m message[33m,[39m meta))[33m,[39m
     [90m    |[39m                                       [31m[1m^[22m[39m
     [90m 27 |[39m     debug[33m:[39m (message[33m,[39m meta) [33m=>[39m {
     [90m 28 |[39m         [36mif[39m (process[33m.[39menv[33m.[39m[33mNODE_ENV[39m [33m!==[39m [32m'production'[39m) {
     [90m 29 |[39m             console[33m.[39mdebug(formatMessage([32m'debug'[39m[33m,[39m message[33m,[39m meta))[33m;[39m[0m

      at Object.error (utils/logger.js:26:39)
      at error (middleware/errorMiddleware.js:34:12)
      at Layer.handleError (node_modules/router/lib/layer.js:116:17)
      at trimPrefix (node_modules/router/index.js:340:13)
      at node_modules/router/index.js:297:9
      at processParams (node_modules/router/index.js:582:12)
      at next (node_modules/router/index.js:291:5)
      at Layer.handleError (node_modules/router/lib/layer.js:111:12)
      at trimPrefix (node_modules/router/index.js:340:13)
      at node_modules/router/index.js:297:9
      at processParams (node_modules/router/index.js:582:12)
      at next (node_modules/router/index.js:291:5)
      at node_modules/router/index.js:688:15
      at next (node_modules/router/index.js:276:14)
      at next (node_modules/router/lib/route.js:132:14)
      at next (controllers/otpController.js:447:16)
      at asyncUtilWrap (node_modules/express-async-handler/index.js:3:20)
      at Layer.handleRequest (node_modules/router/lib/layer.js:152:17)
      at next (node_modules/router/lib/route.js:157:13)
      at next (middleware/distributedRateLimit.js:103:53)
      at Layer.handleRequest (node_modules/router/lib/layer.js:152:17)
      at next (node_modules/router/lib/route.js:157:13)
      at Route.dispatch (node_modules/router/lib/route.js:117:3)
      at handle (node_modules/router/index.js:435:11)
      at Layer.handleRequest (node_modules/router/lib/layer.js:152:17)
      at node_modules/router/index.js:295:15
      at processParams (node_modules/router/index.js:582:12)
      at next (node_modules/router/index.js:291:5)
      at router.handle (node_modules/router/index.js:186:3)
      at router (node_modules/router/index.js:60:12)
      at Layer.handleRequest (node_modules/router/lib/layer.js:152:17)
      at trimPrefix (node_modules/router/index.js:342:13)
      at node_modules/router/index.js:297:9
      at processParams (node_modules/router/index.js:582:12)
      at next (node_modules/router/index.js:291:5)
      at next (middleware/adminNotificationMiddleware.js:11:16)
      at Layer.handleRequest (node_modules/router/lib/layer.js:152:17)
      at trimPrefix (node_modules/router/index.js:342:13)
      at node_modules/router/index.js:297:9
      at processParams (node_modules/router/index.js:582:12)
      at next (node_modules/router/index.js:291:5)
      at next (middleware/activityEmailMiddleware.js:11:16)
      at Layer.handleRequest (node_modules/router/lib/layer.js:152:17)
      at trimPrefix (node_modules/router/index.js:342:13)
      at node_modules/router/index.js:297:9
      at processParams (node_modules/router/index.js:582:12)
      at next (node_modules/router/index.js:291:5)
      at next (middleware/xssSanitizer.js:36:5)
      at Layer.handleRequest (node_modules/router/lib/layer.js:152:17)
      at trimPrefix (node_modules/router/index.js:342:13)
      at node_modules/router/index.js:297:9
      at processParams (node_modules/router/index.js:582:12)
      at next (node_modules/router/index.js:291:5)
      at next (middleware/securityMiddleware.js:37:9)
      at Layer.handleRequest (node_modules/router/lib/layer.js:152:17)
      at trimPrefix (node_modules/router/index.js:342:13)
      at node_modules/router/index.js:297:9
      at processParams (node_modules/router/index.js:582:12)
      at next (node_modules/router/index.js:291:5)
      at node_modules/body-parser/lib/read.js:171:5
      at invokeCallback (node_modules/raw-body/index.js:238:16)
      at done (node_modules/raw-body/index.js:227:7)
      at IncomingMessage.onEnd (node_modules/raw-body/index.js:287:7)

  console.log
    {"timestamp":"2026-03-16T16:47:01.934Z","level":"info","message":"HTTP Request","hostname":"LAPTOP-2S5UTCOT","pid":14884,"method":"POST","url":"/api/otp/send","status":400,"durationMs":4,"requestId":"2f3ea205-9d80-4a7e-ba2f-c2da7fc4f6c3","clientSessionId":"","clientRoute":"","ip":"::ffff:127.0.0.1"}

      at Object.log [as info] (utils/logger.js:24:38)

  console.error
    {"timestamp":"2026-03-16T16:47:01.938Z","level":"error","message":"Phone number is required","hostname":"LAPTOP-2S5UTCOT","pid":14884,"error":{"message":"Phone number is required","stack":"Error: Phone number is required\n    at C:\\Users\\mdsai\\Downloads\\Kimi_Agent_Flipkart-Style Frontend\\server\\controllers\\otpController.js:947:21\n    at asyncUtilWrap (C:\\Users\\mdsai\\Downloads\\Kimi_Agent_Flipkart-Style Frontend\\server\\node_modules\\express-async-handler\\index.js:3:20)\n    at Layer.handleRequest (C:\\Users\\mdsai\\Downloads\\Kimi_Agent_Flipkart-Style Frontend\\server\\node_modules\\router\\lib\\layer.js:152:17)\n    at next (C:\\Users\\mdsai\\Downloads\\Kimi_Agent_Flipkart-Style Frontend\\server\\node_modules\\router\\lib\\route.js:157:13)\n    at next (C:\\Users\\mdsai\\Downloads\\Kimi_Agent_Flipkart-Style Frontend\\server\\middleware\\distributedRateLimit.js:103:53)\n    at Layer.handleRequest (C:\\Users\\mdsai\\Downloads\\Kimi_Agent_Flipkart-Style Frontend\\server\\node_modules\\router\\lib\\layer.js:152:17)\n    at next (C:\\Users\\mdsai\\Downloads\\Kimi_Agent_Flipkart-Style Frontend\\server\\node_modules\\router\\lib\\route.js:157:13)\n    at Route.dispatch (C:\\Users\\mdsai\\Downloads\\Kimi_Agent_Flipkart-Style Frontend\\server\\node_modules\\router\\lib\\route.js:117:3)\n    at handle (C:\\Users\\mdsai\\Downloads\\Kimi_Agent_Flipkart-Style Frontend\\server\\node_modules\\router\\index.js:435:11)\n    at Layer.handleRequest (C:\\Users\\mdsai\\Downloads\\Kimi_Agent_Flipkart-Style Frontend\\server\\node_modules\\router\\lib\\layer.js:152:17)\n    at C:\\Users\\mdsai\\Downloads\\Kimi_Agent_Flipkart-Style Frontend\\server\\node_modules\\router\\index.js:295:15\n    at processParams (C:\\Users\\mdsai\\Downloads\\Kimi_Agent_Flipkart-Style Frontend\\server\\node_modules\\router\\index.js:582:12)\n    at next (C:\\Users\\mdsai\\Downloads\\Kimi_Agent_Flipkart-Style Frontend\\server\\node_modules\\router\\index.js:291:5)\n    at router.handle (C:\\Users\\mdsai\\Downloads\\Kimi_Agent_Flipkart-Style Frontend\\server\\node_modules\\router\\index.js:186:3)\n    at router (C:\\Users\\mdsai\\Downloads\\Kimi_Agent_Flipkart-Style Frontend\\server\\node_modules\\router\\index.js:60:12)\n    at Layer.handleRequest (C:\\Users\\mdsai\\Downloads\\Kimi_Agent_Flipkart-Style Frontend\\server\\node_modules\\router\\lib\\layer.js:152:17)\n    at trimPrefix (C:\\Users\\mdsai\\Downloads\\Kimi_Agent_Flipkart-Style Frontend\\server\\node_modules\\router\\index.js:342:13)\n    at C:\\Users\\mdsai\\Downloads\\Kimi_Agent_Flipkart-Style Frontend\\server\\node_modules\\router\\index.js:297:9\n    at processParams (C:\\Users\\mdsai\\Downloads\\Kimi_Agent_Flipkart-Style Frontend\\server\\node_modules\\router\\index.js:582:12)\n    at next (C:\\Users\\mdsai\\Downloads\\Kimi_Agent_Flipkart-Style Frontend\\server\\node_modules\\router\\index.js:291:5)\n    at next (C:\\Users\\mdsai\\Downloads\\Kimi_Agent_Flipkart-Style Frontend\\server\\middleware\\adminNotificationMiddleware.js:11:16)\n    at Layer.handleRequest (C:\\Users\\mdsai\\Downloads\\Kimi_Agent_Flipkart-Style Frontend\\server\\node_modules\\router\\lib\\layer.js:152:17)\n    at trimPrefix (C:\\Users\\mdsai\\Downloads\\Kimi_Agent_Flipkart-Style Frontend\\server\\node_modules\\router\\index.js:342:13)\n    at C:\\Users\\mdsai\\Downloads\\Kimi_Agent_Flipkart-Style Frontend\\server\\node_modules\\router\\index.js:297:9\n    at processParams (C:\\Users\\mdsai\\Downloads\\Kimi_Agent_Flipkart-Style Frontend\\server\\node_modules\\router\\index.js:582:12)\n    at next (C:\\Users\\mdsai\\Downloads\\Kimi_Agent_Flipkart-Style Frontend\\server\\node_modules\\router\\index.js:291:5)\n    at next (C:\\Users\\mdsai\\Downloads\\Kimi_Agent_Flipkart-Style Frontend\\server\\middleware\\activityEmailMiddleware.js:11:16)\n    at Layer.handleRequest (C:\\Users\\mdsai\\Downloads\\Kimi_Agent_Flipkart-Style Frontend\\server\\node_modules\\router\\lib\\layer.js:152:17)\n    at trimPrefix (C:\\Users\\mdsai\\Downloads\\Kimi_Agent_Flipkart-Style Frontend\\server\\node_modules\\router\\index.js:342:13)\n    at C:\\Users\\mdsai\\Downloads\\Kimi_Agent_Flipkart-Style Frontend\\server\\node_modules\\router\\index.js:297:9\n    at processParams (C:\\Users\\mdsai\\Downloads\\Kimi_Agent_Flipkart-Style Frontend\\server\\node_modules\\router\\index.js:582:12)\n    at next (C:\\Users\\mdsai\\Downloads\\Kimi_Agent_Flipkart-Style Frontend\\server\\node_modules\\router\\index.js:291:5)\n    at next (C:\\Users\\mdsai\\Downloads\\Kimi_Agent_Flipkart-Style Frontend\\server\\middleware\\xssSanitizer.js:36:5)\n    at Layer.handleRequest (C:\\Users\\mdsai\\Downloads\\Kimi_Agent_Flipkart-Style Frontend\\server\\node_modules\\router\\lib\\layer.js:152:17)\n    at trimPrefix (C:\\Users\\mdsai\\Downloads\\Kimi_Agent_Flipkart-Style Frontend\\server\\node_modules\\router\\index.js:342:13)\n    at C:\\Users\\mdsai\\Downloads\\Kimi_Agent_Flipkart-Style Frontend\\server\\node_modules\\router\\index.js:297:9\n    at processParams (C:\\Users\\mdsai\\Downloads\\Kimi_Agent_Flipkart-Style Frontend\\server\\node_modules\\router\\index.js:582:12)\n    at next (C:\\Users\\mdsai\\Downloads\\Kimi_Agent_Flipkart-Style Frontend\\server\\node_modules\\router\\index.js:291:5)\n    at next (C:\\Users\\mdsai\\Downloads\\Kimi_Agent_Flipkart-Style Frontend\\server\\middleware\\securityMiddleware.js:37:9)\n    at Layer.handleRequest (C:\\Users\\mdsai\\Downloads\\Kimi_Agent_Flipkart-Style Frontend\\server\\node_modules\\router\\lib\\layer.js:152:17)\n    at trimPrefix (C:\\Users\\mdsai\\Downloads\\Kimi_Agent_Flipkart-Style Frontend\\server\\node_modules\\router\\index.js:342:13)\n    at C:\\Users\\mdsai\\Downloads\\Kimi_Agent_Flipkart-Style Frontend\\server\\node_modules\\router\\index.js:297:9\n    at processParams (C:\\Users\\mdsai\\Downloads\\Kimi_Agent_Flipkart-Style Frontend\\server\\node_modules\\router\\index.js:582:12)\n    at next (C:\\Users\\mdsai\\Downloads\\Kimi_Agent_Flipkart-Style Frontend\\server\\node_modules\\router\\index.js:291:5)\n    at C:\\Users\\mdsai\\Downloads\\Kimi_Agent_Flipkart-Style Frontend\\server\\node_modules\\body-parser\\lib\\read.js:171:5\n    at AsyncResource.runInAsyncScope (node:async_hooks:214:14)\n    at invokeCallback (C:\\Users\\mdsai\\Downloads\\Kimi_Agent_Flipkart-Style Frontend\\server\\node_modules\\raw-body\\index.js:238:16)\n    at done (C:\\Users\\mdsai\\Downloads\\Kimi_Agent_Flipkart-Style Frontend\\server\\node_modules\\raw-body\\index.js:227:7)\n    at IncomingMessage.onEnd (C:\\Users\\mdsai\\Downloads\\Kimi_Agent_Flipkart-Style Frontend\\server\\node_modules\\raw-body\\index.js:287:7)\n    at IncomingMessage.emit (node:events:508:28)\n    at endReadableNT (node:internal/streams/readable:1701:12)\n    at processTicksAndRejections (node:internal/process/task_queues:89:21)","name":"Error"},"type":"AppError","method":"POST","url":"/api/otp/verify","statusCode":400,"requestId":"8689cf8b-c689-4d7e-930f-24484c940cc6","clientSessionId":"","clientRoute":""}

    [0m [90m 24 |[39m     info[33m:[39m (message[33m,[39m meta) [33m=>[39m console[33m.[39mlog(formatMessage([32m'info'[39m[33m,[39m message[33m,[39m meta))[33m,[39m
     [90m 25 |[39m     warn[33m:[39m (message[33m,[39m meta) [33m=>[39m console[33m.[39mwarn(formatMessage([32m'warn'[39m[33m,[39m message[33m,[39m meta))[33m,[39m
    [31m[1m>[22m[39m[90m 26 |[39m     error[33m:[39m (message[33m,[39m meta) [33m=>[39m console[33m.[39merror(formatMessage([32m'error'[39m[33m,[39m message[33m,[39m meta))[33m,[39m
     [90m    |[39m                                       [31m[1m^[22m[39m
     [90m 27 |[39m     debug[33m:[39m (message[33m,[39m meta) [33m=>[39m {
     [90m 28 |[39m         [36mif[39m (process[33m.[39menv[33m.[39m[33mNODE_ENV[39m [33m!==[39m [32m'production'[39m) {
     [90m 29 |[39m             console[33m.[39mdebug(formatMessage([32m'debug'[39m[33m,[39m message[33m,[39m meta))[33m;[39m[0m

      at Object.error (utils/logger.js:26:39)
      at error (middleware/errorMiddleware.js:34:12)
      at Layer.handleError (node_modules/router/lib/layer.js:116:17)
      at trimPrefix (node_modules/router/index.js:340:13)
      at node_modules/router/index.js:297:9
      at processParams (node_modules/router/index.js:582:12)
      at next (node_modules/router/index.js:291:5)
      at Layer.handleError (node_modules/router/lib/layer.js:111:12)
      at trimPrefix (node_modules/router/index.js:340:13)
      at node_modules/router/index.js:297:9
      at processParams (node_modules/router/index.js:582:12)
      at next (node_modules/router/index.js:291:5)
      at node_modules/router/index.js:688:15
      at next (node_modules/router/index.js:276:14)
      at next (node_modules/router/lib/route.js:132:14)
      at next (controllers/otpController.js:947:16)
      at asyncUtilWrap (node_modules/express-async-handler/index.js:3:20)
      at Layer.handleRequest (node_modules/router/lib/layer.js:152:17)
      at next (node_modules/router/lib/route.js:157:13)
      at next (middleware/distributedRateLimit.js:103:53)
      at Layer.handleRequest (node_modules/router/lib/layer.js:152:17)
      at next (node_modules/router/lib/route.js:157:13)
      at Route.dispatch (node_modules/router/lib/route.js:117:3)
      at handle (node_modules/router/index.js:435:11)
      at Layer.handleRequest (node_modules/router/lib/layer.js:152:17)
      at node_modules/router/index.js:295:15
      at processParams (node_modules/router/index.js:582:12)
      at next (node_modules/router/index.js:291:5)
      at router.handle (node_modules/router/index.js:186:3)
      at router (node_modules/router/index.js:60:12)
      at Layer.handleRequest (node_modules/router/lib/layer.js:152:17)
      at trimPrefix (node_modules/router/index.js:342:13)
      at node_modules/router/index.js:297:9
      at processParams (node_modules/router/index.js:582:12)
      at next (node_modules/router/index.js:291:5)
      at next (middleware/adminNotificationMiddleware.js:11:16)
      at Layer.handleRequest (node_modules/router/lib/layer.js:152:17)
      at trimPrefix (node_modules/router/index.js:342:13)
      at node_modules/router/index.js:297:9
      at processParams (node_modules/router/index.js:582:12)
      at next (node_modules/router/index.js:291:5)
      at next (middleware/activityEmailMiddleware.js:11:16)
      at Layer.handleRequest (node_modules/router/lib/layer.js:152:17)
      at trimPrefix (node_modules/router/index.js:342:13)
      at node_modules/router/index.js:297:9
      at processParams (node_modules/router/index.js:582:12)
      at next (node_modules/router/index.js:291:5)
      at next (middleware/xssSanitizer.js:36:5)
      at Layer.handleRequest (node_modules/router/lib/layer.js:152:17)
      at trimPrefix (node_modules/router/index.js:342:13)
      at node_modules/router/index.js:297:9
      at processParams (node_modules/router/index.js:582:12)
      at next (node_modules/router/index.js:291:5)
      at next (middleware/securityMiddleware.js:37:9)
      at Layer.handleRequest (node_modules/router/lib/layer.js:152:17)
      at trimPrefix (node_modules/router/index.js:342:13)
      at node_modules/router/index.js:297:9
      at processParams (node_modules/router/index.js:582:12)
      at next (node_modules/router/index.js:291:5)
      at node_modules/body-parser/lib/read.js:171:5
      at invokeCallback (node_modules/raw-body/index.js:238:16)
      at done (node_modules/raw-body/index.js:227:7)
      at IncomingMessage.onEnd (node_modules/raw-body/index.js:287:7)

  console.log
    {"timestamp":"2026-03-16T16:47:01.940Z","level":"info","message":"HTTP Request","hostname":"LAPTOP-2S5UTCOT","pid":14884,"method":"POST","url":"/api/otp/verify","status":400,"durationMs":3,"requestId":"8689cf8b-c689-4d7e-930f-24484c940cc6","clientSessionId":"","clientRoute":"","ip":"::ffff:127.0.0.1"}

      at Object.log [as info] (utils/logger.js:24:38)

  console.error
    {"timestamp":"2026-03-16T16:47:01.944Z","level":"error","message":"Phone number is required","hostname":"LAPTOP-2S5UTCOT","pid":14884,"error":{"message":"Phone number is required","stack":"Error: Phone number is required\n    at C:\\Users\\mdsai\\Downloads\\Kimi_Agent_Flipkart-Style Frontend\\server\\controllers\\otpController.js:1304:21\n    at asyncUtilWrap (C:\\Users\\mdsai\\Downloads\\Kimi_Agent_Flipkart-Style Frontend\\server\\node_modules\\express-async-handler\\index.js:3:20)\n    at Layer.handleRequest (C:\\Users\\mdsai\\Downloads\\Kimi_Agent_Flipkart-Style Frontend\\server\\node_modules\\router\\lib\\layer.js:152:17)\n    at next (C:\\Users\\mdsai\\Downloads\\Kimi_Agent_Flipkart-Style Frontend\\server\\node_modules\\router\\lib\\route.js:157:13)\n    at next (C:\\Users\\mdsai\\Downloads\\Kimi_Agent_Flipkart-Style Frontend\\server\\middleware\\distributedRateLimit.js:103:53)\n    at Layer.handleRequest (C:\\Users\\mdsai\\Downloads\\Kimi_Agent_Flipkart-Style Frontend\\server\\node_modules\\router\\lib\\layer.js:152:17)\n    at next (C:\\Users\\mdsai\\Downloads\\Kimi_Agent_Flipkart-Style Frontend\\server\\node_modules\\router\\lib\\route.js:157:13)\n    at Route.dispatch (C:\\Users\\mdsai\\Downloads\\Kimi_Agent_Flipkart-Style Frontend\\server\\node_modules\\router\\lib\\route.js:117:3)\n    at handle (C:\\Users\\mdsai\\Downloads\\Kimi_Agent_Flipkart-Style Frontend\\server\\node_modules\\router\\index.js:435:11)\n    at Layer.handleRequest (C:\\Users\\mdsai\\Downloads\\Kimi_Agent_Flipkart-Style Frontend\\server\\node_modules\\router\\lib\\layer.js:152:17)\n    at C:\\Users\\mdsai\\Downloads\\Kimi_Agent_Flipkart-Style Frontend\\server\\node_modules\\router\\index.js:295:15\n    at processParams (C:\\Users\\mdsai\\Downloads\\Kimi_Agent_Flipkart-Style Frontend\\server\\node_modules\\router\\index.js:582:12)\n    at next (C:\\Users\\mdsai\\Downloads\\Kimi_Agent_Flipkart-Style Frontend\\server\\node_modules\\router\\index.js:291:5)\n    at router.handle (C:\\Users\\mdsai\\Downloads\\Kimi_Agent_Flipkart-Style Frontend\\server\\node_modules\\router\\index.js:186:3)\n    at router (C:\\Users\\mdsai\\Downloads\\Kimi_Agent_Flipkart-Style Frontend\\server\\node_modules\\router\\index.js:60:12)\n    at Layer.handleRequest (C:\\Users\\mdsai\\Downloads\\Kimi_Agent_Flipkart-Style Frontend\\server\\node_modules\\router\\lib\\layer.js:152:17)\n    at trimPrefix (C:\\Users\\mdsai\\Downloads\\Kimi_Agent_Flipkart-Style Frontend\\server\\node_modules\\router\\index.js:342:13)\n    at C:\\Users\\mdsai\\Downloads\\Kimi_Agent_Flipkart-Style Frontend\\server\\node_modules\\router\\index.js:297:9\n    at processParams (C:\\Users\\mdsai\\Downloads\\Kimi_Agent_Flipkart-Style Frontend\\server\\node_modules\\router\\index.js:582:12)\n    at next (C:\\Users\\mdsai\\Downloads\\Kimi_Agent_Flipkart-Style Frontend\\server\\node_modules\\router\\index.js:291:5)\n    at next (C:\\Users\\mdsai\\Downloads\\Kimi_Agent_Flipkart-Style Frontend\\server\\middleware\\adminNotificationMiddleware.js:11:16)\n    at Layer.handleRequest (C:\\Users\\mdsai\\Downloads\\Kimi_Agent_Flipkart-Style Frontend\\server\\node_modules\\router\\lib\\layer.js:152:17)\n    at trimPrefix (C:\\Users\\mdsai\\Downloads\\Kimi_Agent_Flipkart-Style Frontend\\server\\node_modules\\router\\index.js:342:13)\n    at C:\\Users\\mdsai\\Downloads\\Kimi_Agent_Flipkart-Style Frontend\\server\\node_modules\\router\\index.js:297:9\n    at processParams (C:\\Users\\mdsai\\Downloads\\Kimi_Agent_Flipkart-Style Frontend\\server\\node_modules\\router\\index.js:582:12)\n    at next (C:\\Users\\mdsai\\Downloads\\Kimi_Agent_Flipkart-Style Frontend\\server\\node_modules\\router\\index.js:291:5)\n    at next (C:\\Users\\mdsai\\Downloads\\Kimi_Agent_Flipkart-Style Frontend\\server\\middleware\\activityEmailMiddleware.js:11:16)\n    at Layer.handleRequest (C:\\Users\\mdsai\\Downloads\\Kimi_Agent_Flipkart-Style Frontend\\server\\node_modules\\router\\lib\\layer.js:152:17)\n    at trimPrefix (C:\\Users\\mdsai\\Downloads\\Kimi_Agent_Flipkart-Style Frontend\\server\\node_modules\\router\\index.js:342:13)\n    at C:\\Users\\mdsai\\Downloads\\Kimi_Agent_Flipkart-Style Frontend\\server\\node_modules\\router\\index.js:297:9\n    at processParams (C:\\Users\\mdsai\\Downloads\\Kimi_Agent_Flipkart-Style Frontend\\server\\node_modules\\router\\index.js:582:12)\n    at next (C:\\Users\\mdsai\\Downloads\\Kimi_Agent_Flipkart-Style Frontend\\server\\node_modules\\router\\index.js:291:5)\n    at next (C:\\Users\\mdsai\\Downloads\\Kimi_Agent_Flipkart-Style Frontend\\server\\middleware\\xssSanitizer.js:36:5)\n    at Layer.handleRequest (C:\\Users\\mdsai\\Downloads\\Kimi_Agent_Flipkart-Style Frontend\\server\\node_modules\\router\\lib\\layer.js:152:17)\n    at trimPrefix (C:\\Users\\mdsai\\Downloads\\Kimi_Agent_Flipkart-Style Frontend\\server\\node_modules\\router\\index.js:342:13)\n    at C:\\Users\\mdsai\\Downloads\\Kimi_Agent_Flipkart-Style Frontend\\server\\node_modules\\router\\index.js:297:9\n    at processParams (C:\\Users\\mdsai\\Downloads\\Kimi_Agent_Flipkart-Style Frontend\\server\\node_modules\\router\\index.js:582:12)\n    at next (C:\\Users\\mdsai\\Downloads\\Kimi_Agent_Flipkart-Style Frontend\\server\\node_modules\\router\\index.js:291:5)\n    at next (C:\\Users\\mdsai\\Downloads\\Kimi_Agent_Flipkart-Style Frontend\\server\\middleware\\securityMiddleware.js:37:9)\n    at Layer.handleRequest (C:\\Users\\mdsai\\Downloads\\Kimi_Agent_Flipkart-Style Frontend\\server\\node_modules\\router\\lib\\layer.js:152:17)\n    at trimPrefix (C:\\Users\\mdsai\\Downloads\\Kimi_Agent_Flipkart-Style Frontend\\server\\node_modules\\router\\index.js:342:13)\n    at C:\\Users\\mdsai\\Downloads\\Kimi_Agent_Flipkart-Style Frontend\\server\\node_modules\\router\\index.js:297:9\n    at processParams (C:\\Users\\mdsai\\Downloads\\Kimi_Agent_Flipkart-Style Frontend\\server\\node_modules\\router\\index.js:582:12)\n    at next (C:\\Users\\mdsai\\Downloads\\Kimi_Agent_Flipkart-Style Frontend\\server\\node_modules\\router\\index.js:291:5)\n    at C:\\Users\\mdsai\\Downloads\\Kimi_Agent_Flipkart-Style Frontend\\server\\node_modules\\body-parser\\lib\\read.js:171:5\n    at AsyncResource.runInAsyncScope (node:async_hooks:214:14)\n    at invokeCallback (C:\\Users\\mdsai\\Downloads\\Kimi_Agent_Flipkart-Style Frontend\\server\\node_modules\\raw-body\\index.js:238:16)\n    at done (C:\\Users\\mdsai\\Downloads\\Kimi_Agent_Flipkart-Style Frontend\\server\\node_modules\\raw-body\\index.js:227:7)\n    at IncomingMessage.onEnd (C:\\Users\\mdsai\\Downloads\\Kimi_Agent_Flipkart-Style Frontend\\server\\node_modules\\raw-body\\index.js:287:7)\n    at IncomingMessage.emit (node:events:508:28)\n    at endReadableNT (node:internal/streams/readable:1701:12)\n    at processTicksAndRejections (node:internal/process/task_queues:89:21)","name":"Error"},"type":"AppError","method":"POST","url":"/api/otp/check-user","statusCode":400,"requestId":"f0f8552c-70e3-4526-9b2a-d081fae2df19","clientSessionId":"","clientRoute":""}

    [0m [90m 24 |[39m     info[33m:[39m (message[33m,[39m meta) [33m=>[39m console[33m.[39mlog(formatMessage([32m'info'[39m[33m,[39m message[33m,[39m meta))[33m,[39m
     [90m 25 |[39m     warn[33m:[39m (message[33m,[39m meta) [33m=>[39m console[33m.[39mwarn(formatMessage([32m'warn'[39m[33m,[39m message[33m,[39m meta))[33m,[39m
    [31m[1m>[22m[39m[90m 26 |[39m     error[33m:[39m (message[33m,[39m meta) [33m=>[39m console[33m.[39merror(formatMessage([32m'error'[39m[33m,[39m message[33m,[39m meta))[33m,[39m
     [90m    |[39m                                       [31m[1m^[22m[39m
     [90m 27 |[39m     debug[33m:[39m (message[33m,[39m meta) [33m=>[39m {
     [90m 28 |[39m         [36mif[39m (process[33m.[39menv[33m.[39m[33mNODE_ENV[39m [33m!==[39m [32m'production'[39m) {
     [90m 29 |[39m             console[33m.[39mdebug(formatMessage([32m'debug'[39m[33m,[39m message[33m,[39m meta))[33m;[39m[0m

      at Object.error (utils/logger.js:26:39)
      at error (middleware/errorMiddleware.js:34:12)
      at Layer.handleError (node_modules/router/lib/layer.js:116:17)
      at trimPrefix (node_modules/router/index.js:340:13)
      at node_modules/router/index.js:297:9
      at processParams (node_modules/router/index.js:582:12)
      at next (node_modules/router/index.js:291:5)
      at Layer.handleError (node_modules/router/lib/layer.js:111:12)
      at trimPrefix (node_modules/router/index.js:340:13)
      at node_modules/router/index.js:297:9
      at processParams (node_modules/router/index.js:582:12)
      at Immediate.next (node_modules/router/index.js:291:5)
      at Immediate._onImmediate (node_modules/router/index.js:688:15)

  console.log
    {"timestamp":"2026-03-16T16:47:01.945Z","level":"info","message":"HTTP Request","hostname":"LAPTOP-2S5UTCOT","pid":14884,"method":"POST","url":"/api/otp/check-user","status":400,"durationMs":2,"requestId":"f0f8552c-70e3-4526-9b2a-d081fae2df19","clientSessionId":"","clientRoute":"","ip":"::ffff:127.0.0.1"}

      at Object.log [as info] (utils/logger.js:24:38)

FAIL tests/otpSystem.test.js (23.736 s)
  × 75a. login verification does not force account verification (30 ms)
  × 75b. forgot-password verification sets only reset marker (31 ms)
  × 75c. payment-challenge verification issues token without account escalation (29 ms)
  × 75d. verification rejects email identity mismatch linkage (31 ms)
  × 75e. verification rejects userId identity mismatch linkage (35 ms)
  POST /api/otp/send — Input Validation
    √ 1. 400 when email is missing (229 ms)
    √ 2. 400 when phone is missing (74 ms)
    √ 3. 400 when both missing (55 ms)
    √ 4. 400 when purpose is missing (39 ms)
    √ 5. 400 for invalid purpose (49 ms)
    √ 6. 400 for purpose "register" (22 ms)
    √ 7. 400 for purpose "reset" (25 ms)
    √ 8. 400 when body is empty (15 ms)
    √ 9. 400 when email is empty string (18 ms)
    √ 10. 400 when phone is empty string (17 ms)
    × 11. 200 for valid signup (209 ms)
    × 12. 200 for valid login (45 ms)
    × 13. 200 for valid forgot-password (42 ms)
    √ 14. does not crash with very long email (14 ms)
    √ 15. does not crash with very long phone (16 ms)
    √ 16. returns JSON content type (16 ms)
    √ 17. rejects whitespace purpose (20 ms)
    √ 18. rejects uppercase purpose (13 ms)
    √ 19. handles null values (11 ms)
    √ 20. handles numeric values (15 ms)
    √ 20a. 400 when phone is object payload (10 ms)
    √ 20b. 400 when email format is invalid (12 ms)
  POST /api/otp/send — Signup Flow
    √ 21. creates pending user in DB (36 ms)
    √ 22. stores a BCRYPT HASH (not plaintext) in DB (36 ms)
    √ 23. sets otpExpiry ~5 minutes in future (37 ms)
    √ 24. sets otpPurpose to "signup" (33 ms)
    √ 25. initializes otpAttempts to 0 (35 ms)
    √ 26. 409 when email already verified (32 ms)
    × 27. 409 when phone already verified (35 ms)
    √ 28. re-signup reuses pending record without creating duplicates (121 ms)
    √ 28a. repeated signup OTP does not delete unrelated pending users (69 ms)
    √ 28b. repeated signup OTP does not delete pending user sharing only one identifier variant (72 ms)
    × 29. response message contains email (35 ms)
    × 30. response has success:true (37 ms)
    √ 31. generates different hashes for each request (98 ms)
    √ 32. does not include OTP in response (36 ms)
    √ 33. does not include user data in response (34 ms)
    × 34. handles concurrent signups (57 ms)
    √ 35. 409 message specifies "email" (33 ms)
  POST /api/otp/send — Login & Forgot Password
    × 36. returns generic success response for login non-existent phone (28 ms)
    × 37. returns generic success response for forgot-password non-existent (29 ms)
    √ 38. stores bcrypt hash for login OTP (36 ms)
    √ 39. sets purpose to "forgot-password" (34 ms)
    √ 40. resets otpAttempts to 0 on new OTP send (33 ms)
    √ 41. clears lockout on new OTP send (39 ms)
    √ 42. login send does not create new user (112 ms)
    × 43. login generic message does not reveal account status (27 ms)
    × 44. unverified login returns generic success response (44 ms)
    × 45. unverified forgot-password returns generic success response (44 ms)
    √ 46. responds within 500ms (36 ms)
    √ 47. does not leak OTP in response (33 ms)
    √ 48. sets fresh otpExpiry for login (37 ms)
    × 49. response has {success, message} (36 ms)
    √ 50. purpose updates atomically (37 ms)
    × 50a. login mismatch returns generic response (32 ms)
    × 50b. forgot-password mismatch returns generic response (32 ms)
  POST /api/otp/verify
    √ 51. 400 when phone is missing (12 ms)
    √ 52. 400 when OTP is missing (13 ms)
    √ 53. 400 when purpose is missing (14 ms)
    √ 54. 400 when body is empty (11 ms)
    √ 55. 404 for non-existent phone (14 ms)
    × 56. 401 for wrong OTP (bcrypt comparison) (32 ms)
    × 57. 410 for expired OTP (29 ms)
    × 58. 400 for purpose mismatch (29 ms)
    × 59. 200 with bcrypt-verified OTP (28 ms)
    × 60. marks user verified after OTP check (30 ms)
    × 61. clears OTP fields after verification (31 ms)
    × 62. returns only continuation metadata in response (33 ms)
    √ 63. does NOT leak profile data in response (30 ms)
    √ 64. does NOT leak privileged role flags in response (30 ms)
    √ 65. rejects OTP replay (same OTP twice) (42 ms)
    × 66. increments otpAttempts on wrong OTP (32 ms)
    × 67. shows remaining attempts in error message (35 ms)
    × 68. LOCKS account after 5 wrong attempts (HTTP 423) (29 ms)
    × 69. sets otpLockedUntil on lockout (32 ms)
    × 70. invalidates OTP on lockout (30 ms)
    × 71. returns 423 when account is locked (31 ms)
    × 72. locked message includes minutes remaining (33 ms)
    √ 73. rejects alphabetic OTP (27 ms)
    √ 74. rejects 5-digit OTP (35 ms)
    √ 74a. rejects invalid phone format before lookup (17 ms)
    × 75. response has correct shape (32 ms)
  POST /api/otp/check-user
    √ 76. 400 when phone is missing (12 ms)
    √ 77. returns generic response for unknown phone (10 ms)
    √ 78. returns generic response for verified user (12 ms)
    √ 79. returns generic response for unverified user (29 ms)
    √ 80. does not expose masked email (10 ms)
    √ 81. does not expose reason for non-existent user (9 ms)
    √ 82. does NOT include phone field for non-existent user (8 ms)
    √ 83. does NOT include phone field for existing user (12 ms)
    √ 84. does not expose registeredPhoneSuffix hints (22 ms)
    √ 84a. never returns raw email in payload (12 ms)
    √ 85. does NOT leak OTP hash (28 ms)
    √ 79. returns same generic payload for unverified user (28 ms)
    √ 80. payload does not expose account-enumeration fields (10 ms)
    √ 89. rejects empty string phone (10 ms)
    √ 90. rejects null phone (9 ms)
    √ 90a. rejects object phone payload (11 ms)
  Full OTP Flow — E2E & Hardened Security
    × 91. E2E signup via API: send → verify (bcrypt verified) (54 ms)
    √ 92. E2E login: seed verified user → send → verify (51 ms)
    × 93. progressive lockout: 1st wrong → 2nd wrong → ... → 5th = LOCKED (57 ms)
    × 94. lockout prevents correct OTP from working (30 ms)
    √ 95. new OTP send clears lockout (user can retry) (37 ms)
    √ 96. OTP hash is never exposed in any response (34 ms)
    × 97. OTP in DB is ALWAYS a bcrypt hash (never plaintext) (38 ms)
    × 98. re-signup after abandoned attempt works (61 ms)
    √ 99. NoSQL injection in phone is blocked (10 ms)
    √ 100. all endpoints return error structure on empty body (23 ms)

  ● POST /api/otp/send — Input Validation › 11. 200 for valid signup

    expect(received).toBe(expected) // Object.is equality

    Expected: 200
    Received: 500

    [0m [90m 135 |[39m         [36mconst[39m res [33m=[39m [36mawait[39m request(app)[33m.[39mpost([32m'/api/otp/send'[39m)
     [90m 136 |[39m             [33m.[39msend({ email[33m:[39m u[33m.[39memail[33m,[39m phone[33m:[39m u[33m.[39mphone[33m,[39m purpose[33m:[39m [32m'signup'[39m })[33m;[39m
    [31m[1m>[22m[39m[90m 137 |[39m         expect(res[33m.[39mstatusCode)[33m.[39mtoBe([35m200[39m)[33m;[39m
     [90m     |[39m                                [31m[1m^[22m[39m
     [90m 138 |[39m     })[33m;[39m
     [90m 139 |[39m
     [90m 140 |[39m     test([32m'12. 200 for valid login'[39m[33m,[39m [36masync[39m () [33m=>[39m {[0m

      at Object.toBe (tests/otpSystem.test.js:137:32)

  ● POST /api/otp/send — Input Validation › 12. 200 for valid login

    expect(received).toBe(expected) // Object.is equality

    Expected: 200
    Received: 500

    [0m [90m 142 |[39m         [36mconst[39m res [33m=[39m [36mawait[39m request(app)[33m.[39mpost([32m'/api/otp/send'[39m)
     [90m 143 |[39m             [33m.[39msend({ email[33m:[39m user[33m.[39memail[33m,[39m phone[33m:[39m user[33m.[39mphone[33m,[39m purpose[33m:[39m [32m'login'[39m })[33m;[39m
    [31m[1m>[22m[39m[90m 144 |[39m         expect(res[33m.[39mstatusCode)[33m.[39mtoBe([35m200[39m)[33m;[39m
     [90m     |[39m                                [31m[1m^[22m[39m
     [90m 145 |[39m     })[33m;[39m
     [90m 146 |[39m
     [90m 147 |[39m     test([32m'13. 200 for valid forgot-password'[39m[33m,[39m [36masync[39m () [33m=>[39m {[0m

      at Object.toBe (tests/otpSystem.test.js:144:32)

  ● POST /api/otp/send — Input Validation › 13. 200 for valid forgot-password

    expect(received).toBe(expected) // Object.is equality

    Expected: 200
    Received: 500

    [0m [90m 149 |[39m         [36mconst[39m res [33m=[39m [36mawait[39m request(app)[33m.[39mpost([32m'/api/otp/send'[39m)
     [90m 150 |[39m             [33m.[39msend({ email[33m:[39m user[33m.[39memail[33m,[39m phone[33m:[39m user[33m.[39mphone[33m,[39m purpose[33m:[39m [32m'forgot-password'[39m })[33m;[39m
    [31m[1m>[22m[39m[90m 151 |[39m         expect(res[33m.[39mstatusCode)[33m.[39mtoBe([35m200[39m)[33m;[39m
     [90m     |[39m                                [31m[1m^[22m[39m
     [90m 152 |[39m     })[33m;[39m
     [90m 153 |[39m
     [90m 154 |[39m     test([32m'14. does not crash with very long email'[39m[33m,[39m [36masync[39m () [33m=>[39m {[0m

      at Object.toBe (tests/otpSystem.test.js:151:32)

  ● POST /api/otp/send — Signup Flow › 27. 409 when phone already verified

    expect(received).toBe(expected) // Object.is equality

    Expected: 409
    Received: 500

    [0m [90m 271 |[39m         [36mconst[39m res [33m=[39m [36mawait[39m request(app)[33m.[39mpost([32m'/api/otp/send'[39m)
     [90m 272 |[39m             [33m.[39msend({ email[33m:[39m u[33m.[39memail[33m,[39m phone[33m:[39m existing[33m.[39mphone[33m,[39m purpose[33m:[39m [32m'signup'[39m })[33m;[39m
    [31m[1m>[22m[39m[90m 273 |[39m         expect(res[33m.[39mstatusCode)[33m.[39mtoBe([35m409[39m)[33m;[39m
     [90m     |[39m                                [31m[1m^[22m[39m
     [90m 274 |[39m     })[33m;[39m
     [90m 275 |[39m
     [90m 276 |[39m     test([32m'28. re-signup reuses pending record without creating duplicates'[39m[33m,[39m [36masync[39m () [33m=>[39m {[0m

      at Object.toBe (tests/otpSystem.test.js:273:32)

  ● POST /api/otp/send — Signup Flow › 29. response message contains email

    expect(received).toContain(expected) // indexOf

    Expected substring: "otp_t1773679604372_18@test.com"
    Received string:    "Something went wrong!"

    [0m [90m 327 |[39m         [36mconst[39m res [33m=[39m [36mawait[39m request(app)[33m.[39mpost([32m'/api/otp/send'[39m)
     [90m 328 |[39m             [33m.[39msend({ email[33m:[39m u[33m.[39memail[33m,[39m phone[33m:[39m u[33m.[39mphone[33m,[39m purpose[33m:[39m [32m'signup'[39m })[33m;[39m
    [31m[1m>[22m[39m[90m 329 |[39m         expect(res[33m.[39mbody[33m.[39mmessage)[33m.[39mtoContain(u[33m.[39memail)[33m;[39m
     [90m     |[39m                                  [31m[1m^[22m[39m
     [90m 330 |[39m     })[33m;[39m
     [90m 331 |[39m
     [90m 332 |[39m     test([32m'30. response has success:true'[39m[33m,[39m [36masync[39m () [33m=>[39m {[0m

      at Object.toContain (tests/otpSystem.test.js:329:34)

  ● POST /api/otp/send — Signup Flow › 30. response has success:true

    expect(received).toBe(expected) // Object.is equality

    Expected: true
    Received: undefined

    [0m [90m 334 |[39m         [36mconst[39m res [33m=[39m [36mawait[39m request(app)[33m.[39mpost([32m'/api/otp/send'[39m)
     [90m 335 |[39m             [33m.[39msend({ email[33m:[39m u[33m.[39memail[33m,[39m phone[33m:[39m u[33m.[39mphone[33m,[39m purpose[33m:[39m [32m'signup'[39m })[33m;[39m
    [31m[1m>[22m[39m[90m 336 |[39m         expect(res[33m.[39mbody[33m.[39msuccess)[33m.[39mtoBe([36mtrue[39m)[33m;[39m
     [90m     |[39m                                  [31m[1m^[22m[39m
     [90m 337 |[39m     })[33m;[39m
     [90m 338 |[39m
     [90m 339 |[39m     test([32m'31. generates different hashes for each request'[39m[33m,[39m [36masync[39m () [33m=>[39m {[0m

      at Object.toBe (tests/otpSystem.test.js:336:34)

  ● POST /api/otp/send — Signup Flow › 34. handles concurrent signups

    expect(received).toContain(expected) // indexOf

    Expected value: 200
    Received array: [500, 500]

    [0m [90m 372 |[39m             request(app)[33m.[39mpost([32m'/api/otp/send'[39m)[33m.[39msend(payload)
     [90m 373 |[39m         ])[33m;[39m
    [31m[1m>[22m[39m[90m 374 |[39m         expect([r1[33m.[39mstatusCode[33m,[39m r2[33m.[39mstatusCode])[33m.[39mtoContain([35m200[39m)[33m;[39m
     [90m     |[39m                                                [31m[1m^[22m[39m
     [90m 375 |[39m     })[33m;[39m
     [90m 376 |[39m
     [90m 377 |[39m     test([32m'35. 409 message specifies "email"'[39m[33m,[39m [36masync[39m () [33m=>[39m {[0m

      at Object.toContain (tests/otpSystem.test.js:374:48)

  ● POST /api/otp/send — Login & Forgot Password › 36. returns generic success response for login non-existent phone

    expect(received).toEqual(expected) // deep equality

    - Expected  - 1
    + Received  + 1

      Object {
    -   "message": "If the account details are valid, we will continue with verification steps.",
    +   "message": "If an account exists, verification instructions have been sent.",
        "success": true,
      }

    [0m [90m 394 |[39m             [33m.[39msend({ email[33m:[39m u[33m.[39memail[33m,[39m phone[33m:[39m u[33m.[39mphone[33m,[39m purpose[33m:[39m [32m'login'[39m })[33m;[39m
     [90m 395 |[39m         expect(res[33m.[39mstatusCode)[33m.[39mtoBe([35m200[39m)[33m;[39m
    [31m[1m>[22m[39m[90m 396 |[39m         expect(res[33m.[39mbody)[33m.[39mtoEqual({
     [90m     |[39m                          [31m[1m^[22m[39m
     [90m 397 |[39m             success[33m:[39m [36mtrue[39m[33m,[39m
     [90m 398 |[39m             message[33m:[39m [32m'If the account details are valid, we will continue with verification steps.'[39m
     [90m 399 |[39m         })[33m;[39m[0m

      at Object.toEqual (tests/otpSystem.test.js:396:26)

  ● POST /api/otp/send — Login & Forgot Password › 37. returns generic success response for forgot-password non-existent

    expect(received).toEqual(expected) // deep equality

    - Expected  - 1
    + Received  + 1

      Object {
    -   "message": "If the account details are valid, we will continue with verification steps.",
    +   "message": "If an account exists, verification instructions have been sent.",
        "success": true,
      }

    [0m [90m 405 |[39m             [33m.[39msend({ email[33m:[39m u[33m.[39memail[33m,[39m phone[33m:[39m u[33m.[39mphone[33m,[39m purpose[33m:[39m [32m'forgot-password'[39m })[33m;[39m
     [90m 406 |[39m         expect(res[33m.[39mstatusCode)[33m.[39mtoBe([35m200[39m)[33m;[39m
    [31m[1m>[22m[39m[90m 407 |[39m         expect(res[33m.[39mbody)[33m.[39mtoEqual({
     [90m     |[39m                          [31m[1m^[22m[39m
     [90m 408 |[39m             success[33m:[39m [36mtrue[39m[33m,[39m
     [90m 409 |[39m             message[33m:[39m [32m'If the account details are valid, we will continue with verification steps.'[39m
     [90m 410 |[39m         })[33m;[39m[0m

      at Object.toEqual (tests/otpSystem.test.js:407:26)

  ● POST /api/otp/send — Login & Forgot Password › 43. login generic message does not reveal account status

    expect(received).toBe(expected) // Object.is equality

    Expected: "If the account details are valid, we will continue with verification steps."
    Received: "If an account exists, verification instructions have been sent."

    [0m [90m 455 |[39m         [36mconst[39m res [33m=[39m [36mawait[39m request(app)[33m.[39mpost([32m'/api/otp/send'[39m)
     [90m 456 |[39m             [33m.[39msend({ email[33m:[39m u[33m.[39memail[33m,[39m phone[33m:[39m u[33m.[39mphone[33m,[39m purpose[33m:[39m [32m'login'[39m })[33m;[39m
    [31m[1m>[22m[39m[90m 457 |[39m         expect(res[33m.[39mbody[33m.[39mmessage)[33m.[39mtoBe([32m'If the account details are valid, we will continue with verification steps.'[39m)[33m;[39m
     [90m     |[39m                                  [31m[1m^[22m[39m
     [90m 458 |[39m     })[33m;[39m
     [90m 459 |[39m
     [90m 460 |[39m     test([32m'44. unverified login returns generic success response'[39m[33m,[39m [36masync[39m () [33m=>[39m {[0m

      at Object.toBe (tests/otpSystem.test.js:457:34)

  ● POST /api/otp/send — Login & Forgot Password › 44. unverified login returns generic success response

    expect(received).toBe(expected) // Object.is equality

    Expected: "If the account details are valid, we will continue with verification steps."
    Received: "If an account exists, verification instructions have been sent."

    [0m [90m 463 |[39m             [33m.[39msend({ email[33m:[39m user[33m.[39memail[33m,[39m phone[33m:[39m user[33m.[39mphone[33m,[39m purpose[33m:[39m [32m'login'[39m })[33m;[39m
     [90m 464 |[39m         expect(res[33m.[39mstatusCode)[33m.[39mtoBe([35m200[39m)[33m;[39m
    [31m[1m>[22m[39m[90m 465 |[39m         expect(res[33m.[39mbody[33m.[39mmessage)[33m.[39mtoBe([32m'If the account details are valid, we will continue with verification steps.'[39m)[33m;[39m
     [90m     |[39m                                  [31m[1m^[22m[39m
     [90m 466 |[39m     })[33m;[39m
     [90m 467 |[39m
     [90m 468 |[39m     test([32m'45. unverified forgot-password returns generic success response'[39m[33m,[39m [36masync[39m () [33m=>[39m {[0m

      at Object.toBe (tests/otpSystem.test.js:465:34)

  ● POST /api/otp/send — Login & Forgot Password › 45. unverified forgot-password returns generic success response

    expect(received).toBe(expected) // Object.is equality

    Expected: "If the account details are valid, we will continue with verification steps."
    Received: "If an account exists, verification instructions have been sent."

    [0m [90m 471 |[39m             [33m.[39msend({ email[33m:[39m user[33m.[39memail[33m,[39m phone[33m:[39m user[33m.[39mphone[33m,[39m purpose[33m:[39m [32m'forgot-password'[39m })[33m;[39m
     [90m 472 |[39m         expect(res[33m.[39mstatusCode)[33m.[39mtoBe([35m200[39m)[33m;[39m
    [31m[1m>[22m[39m[90m 473 |[39m         expect(res[33m.[39mbody[33m.[39mmessage)[33m.[39mtoBe([32m'If the account details are valid, we will continue with verification steps.'[39m)[33m;[39m
     [90m     |[39m                                  [31m[1m^[22m[39m
     [90m 474 |[39m     })[33m;[39m
     [90m 475 |[39m
     [90m 476 |[39m     test([32m'46. responds within 500ms'[39m[33m,[39m [36masync[39m () [33m=>[39m {[0m

      at Object.toBe (tests/otpSystem.test.js:473:34)

  ● POST /api/otp/send — Login & Forgot Password › 49. response has {success, message}

    expect(received).toHaveProperty(path)

    Expected path: "success"
    Received path: []

    Received value: {"message": "Something went wrong!", "requestId": "eb67e5f4-eaae-4185-8cb3-e5ec2f0fe39b", "status": "error"}

    [0m [90m 501 |[39m         [36mconst[39m res [33m=[39m [36mawait[39m request(app)[33m.[39mpost([32m'/api/otp/send'[39m)
     [90m 502 |[39m             [33m.[39msend({ email[33m:[39m user[33m.[39memail[33m,[39m phone[33m:[39m user[33m.[39mphone[33m,[39m purpose[33m:[39m [32m'login'[39m })[33m;[39m
    [31m[1m>[22m[39m[90m 503 |[39m         expect(res[33m.[39mbody)[33m.[39mtoHaveProperty([32m'success'[39m)[33m;[39m
     [90m     |[39m                          [31m[1m^[22m[39m
     [90m 504 |[39m         expect(res[33m.[39mbody)[33m.[39mtoHaveProperty([32m'message'[39m)[33m;[39m
     [90m 505 |[39m     })[33m;[39m
     [90m 506 |[39m[0m

      at Object.toHaveProperty (tests/otpSystem.test.js:503:26)

  ● POST /api/otp/send — Login & Forgot Password › 50a. login mismatch returns generic response

    expect(received).toEqual(expected) // deep equality

    - Expected  - 1
    + Received  + 1

      Object {
    -   "message": "If the account details are valid, we will continue with verification steps.",
    +   "message": "If an account exists, verification instructions have been sent.",
        "success": true,
      }

    [0m [90m 519 |[39m             [33m.[39msend({ email[33m:[39m first[33m.[39memail[33m,[39m phone[33m:[39m second[33m.[39mphone[33m,[39m purpose[33m:[39m [32m'login'[39m })[33m;[39m
     [90m 520 |[39m         expect(res[33m.[39mstatusCode)[33m.[39mtoBe([35m200[39m)[33m;[39m
    [31m[1m>[22m[39m[90m 521 |[39m         expect(res[33m.[39mbody)[33m.[39mtoEqual({
     [90m     |[39m                          [31m[1m^[22m[39m
     [90m 522 |[39m             success[33m:[39m [36mtrue[39m[33m,[39m
     [90m 523 |[39m             message[33m:[39m [32m'If the account details are valid, we will continue with verification steps.'[39m
     [90m 524 |[39m         })[33m;[39m[0m

      at Object.toEqual (tests/otpSystem.test.js:521:26)

  ● POST /api/otp/send — Login & Forgot Password › 50b. forgot-password mismatch returns generic response

    expect(received).toEqual(expected) // deep equality

    - Expected  - 1
    + Received  + 1

      Object {
    -   "message": "If the account details are valid, we will continue with verification steps.",
    +   "message": "If an account exists, verification instructions have been sent.",
        "success": true,
      }

    [0m [90m 531 |[39m             [33m.[39msend({ email[33m:[39m first[33m.[39memail[33m,[39m phone[33m:[39m second[33m.[39mphone[33m,[39m purpose[33m:[39m [32m'forgot-password'[39m })[33m;[39m
     [90m 532 |[39m         expect(res[33m.[39mstatusCode)[33m.[39mtoBe([35m200[39m)[33m;[39m
    [31m[1m>[22m[39m[90m 533 |[39m         expect(res[33m.[39mbody)[33m.[39mtoEqual({
     [90m     |[39m                          [31m[1m^[22m[39m
     [90m 534 |[39m             success[33m:[39m [36mtrue[39m[33m,[39m
     [90m 535 |[39m             message[33m:[39m [32m'If the account details are valid, we will continue with verification steps.'[39m
     [90m 536 |[39m         })[33m;[39m[0m

      at Object.toEqual (tests/otpSystem.test.js:533:26)

  ● POST /api/otp/verify › 56. 401 for wrong OTP (bcrypt comparison)

    expect(received).toBe(expected) // Object.is equality

    Expected: 401
    Received: 404

    [0m [90m 576 |[39m         [36mconst[39m res [33m=[39m [36mawait[39m request(app)[33m.[39mpost([32m'/api/otp/verify'[39m)
     [90m 577 |[39m             [33m.[39msend({ phone[33m:[39m user[33m.[39mphone[33m,[39m otp[33m:[39m [32m'654321'[39m[33m,[39m purpose[33m:[39m [32m'signup'[39m })[33m;[39m
    [31m[1m>[22m[39m[90m 578 |[39m         expect(res[33m.[39mstatusCode)[33m.[39mtoBe([35m401[39m)[33m;[39m
     [90m     |[39m                                [31m[1m^[22m[39m
     [90m 579 |[39m     })[33m;[39m
     [90m 580 |[39m
     [90m 581 |[39m     test([32m'57. 410 for expired OTP'[39m[33m,[39m [36masync[39m () [33m=>[39m {[0m

      at Object.toBe (tests/otpSystem.test.js:578:32)

  ● POST /api/otp/verify › 57. 410 for expired OTP

    expect(received).toBe(expected) // Object.is equality

    Expected: 410
    Received: 404

    [0m [90m 585 |[39m         [36mconst[39m res [33m=[39m [36mawait[39m request(app)[33m.[39mpost([32m'/api/otp/verify'[39m)
     [90m 586 |[39m             [33m.[39msend({ phone[33m:[39m user[33m.[39mphone[33m,[39m otp[33m:[39m [32m'555555'[39m[33m,[39m purpose[33m:[39m [32m'signup'[39m })[33m;[39m
    [31m[1m>[22m[39m[90m 587 |[39m         expect(res[33m.[39mstatusCode)[33m.[39mtoBe([35m410[39m)[33m;[39m
     [90m     |[39m                                [31m[1m^[22m[39m
     [90m 588 |[39m     })[33m;[39m
     [90m 589 |[39m
     [90m 590 |[39m     test([32m'58. 400 for purpose mismatch'[39m[33m,[39m [36masync[39m () [33m=>[39m {[0m

      at Object.toBe (tests/otpSystem.test.js:587:32)

  ● POST /api/otp/verify › 58. 400 for purpose mismatch

    expect(received).toBe(expected) // Object.is equality

    Expected: 400
    Received: 404

    [0m [90m 592 |[39m         [36mconst[39m res [33m=[39m [36mawait[39m request(app)[33m.[39mpost([32m'/api/otp/verify'[39m)
     [90m 593 |[39m             [33m.[39msend({ phone[33m:[39m user[33m.[39mphone[33m,[39m otp[33m:[39m [32m'111111'[39m[33m,[39m purpose[33m:[39m [32m'login'[39m })[33m;[39m
    [31m[1m>[22m[39m[90m 594 |[39m         expect(res[33m.[39mstatusCode)[33m.[39mtoBe([35m400[39m)[33m;[39m
     [90m     |[39m                                [31m[1m^[22m[39m
     [90m 595 |[39m     })[33m;[39m
     [90m 596 |[39m
     [90m 597 |[39m     test([32m'59. 200 with bcrypt-verified OTP'[39m[33m,[39m [36masync[39m () [33m=>[39m {[0m

      at Object.toBe (tests/otpSystem.test.js:594:32)

  ● POST /api/otp/verify › 59. 200 with bcrypt-verified OTP

    expect(received).toBe(expected) // Object.is equality

    Expected: 200
    Received: 404

    [0m [90m 599 |[39m         [36mconst[39m res [33m=[39m [36mawait[39m request(app)[33m.[39mpost([32m'/api/otp/verify'[39m)
     [90m 600 |[39m             [33m.[39msend({ phone[33m:[39m user[33m.[39mphone[33m,[39m otp[33m:[39m otpPlain[33m,[39m purpose[33m:[39m [32m'signup'[39m })[33m;[39m
    [31m[1m>[22m[39m[90m 601 |[39m         expect(res[33m.[39mstatusCode)[33m.[39mtoBe([35m200[39m)[33m;[39m
     [90m     |[39m                                [31m[1m^[22m[39m
     [90m 602 |[39m         expect(res[33m.[39mbody[33m.[39mverified)[33m.[39mtoBe([36mtrue[39m)[33m;[39m
     [90m 603 |[39m     })[33m;[39m
     [90m 604 |[39m[0m

      at Object.toBe (tests/otpSystem.test.js:601:32)

  ● POST /api/otp/verify › 60. marks user verified after OTP check

    expect(received).toBe(expected) // Object.is equality

    Expected: true
    Received: false

    [0m [90m 608 |[39m             [33m.[39msend({ phone[33m:[39m user[33m.[39mphone[33m,[39m otp[33m:[39m otpPlain[33m,[39m purpose[33m:[39m [32m'signup'[39m })[33m;[39m
     [90m 609 |[39m         [36mconst[39m u [33m=[39m [36mawait[39m [33mUser[39m[33m.[39mfindById(user[33m.[39m_id)[33m;[39m
    [31m[1m>[22m[39m[90m 610 |[39m         expect(u[33m.[39misVerified)[33m.[39mtoBe([36mtrue[39m)[33m;[39m
     [90m     |[39m                              [31m[1m^[22m[39m
     [90m 611 |[39m     })[33m;[39m
     [90m 612 |[39m
     [90m 613 |[39m     test([32m'61. clears OTP fields after verification'[39m[33m,[39m [36masync[39m () [33m=>[39m {[0m

      at Object.toBe (tests/otpSystem.test.js:610:30)

  ● POST /api/otp/verify › 61. clears OTP fields after verification

    expect(received).toBeNull()

    Received: "$2b$08$Oz.v5RQb50kHQTEXyBnpweWPPPu2JeFu5PKlsMrO/J1g2dZBi.veO"

    [0m [90m 616 |[39m             [33m.[39msend({ phone[33m:[39m user[33m.[39mphone[33m,[39m otp[33m:[39m otpPlain[33m,[39m purpose[33m:[39m [32m'signup'[39m })[33m;[39m
     [90m 617 |[39m         [36mconst[39m u [33m=[39m [36mawait[39m [33mUser[39m[33m.[39mfindById(user[33m.[39m_id)[33m.[39mselect([32m'+otp +otpExpiry +otpPurpose +otpAttempts'[39m)[33m;[39m
    [31m[1m>[22m[39m[90m 618 |[39m         expect(u[33m.[39motp)[33m.[39mtoBeNull()[33m;[39m
     [90m     |[39m                       [31m[1m^[22m[39m
     [90m 619 |[39m         expect(u[33m.[39motpAttempts)[33m.[39mtoBe([35m0[39m)[33m;[39m
     [90m 620 |[39m     })[33m;[39m
     [90m 621 |[39m[0m

      at Object.toBeNull (tests/otpSystem.test.js:618:23)

  ● POST /api/otp/verify › 62. returns only continuation metadata in response

    expect(received).toEqual(expected) // deep equality

    Expected: Any<String>
    Received: undefined

    [0m [90m 624 |[39m         [36mconst[39m res [33m=[39m [36mawait[39m request(app)[33m.[39mpost([32m'/api/otp/verify'[39m)
     [90m 625 |[39m             [33m.[39msend({ phone[33m:[39m user[33m.[39mphone[33m,[39m otp[33m:[39m otpPlain[33m,[39m purpose[33m:[39m [32m'signup'[39m })[33m;[39m
    [31m[1m>[22m[39m[90m 626 |[39m         expect(res[33m.[39mbody[33m.[39mflowToken)[33m.[39mtoEqual(expect[33m.[39many([33mString[39m))[33m;[39m
     [90m     |[39m                                    [31m[1m^[22m[39m
     [90m 627 |[39m         expect(res[33m.[39mbody[33m.[39mflowTokenExpiresAt)[33m.[39mtoEqual(expect[33m.[39many([33mString[39m))[33m;[39m
     [90m 628 |[39m         expect(res[33m.[39mbody[33m.[39mmaskedIdentifier)[33m.[39mtoEqual(expect[33m.[39many([33mString[39m))[33m;[39m
     [90m 629 |[39m     })[33m;[39m[0m

      at Object.toEqual (tests/otpSystem.test.js:626:36)

  ● POST /api/otp/verify › 66. increments otpAttempts on wrong OTP

    expect(received).toBe(expected) // Object.is equality

    Expected: 1
    Received: 0

    [0m [90m 659 |[39m             [33m.[39msend({ phone[33m:[39m user[33m.[39mphone[33m,[39m otp[33m:[39m [32m'000000'[39m[33m,[39m purpose[33m:[39m [32m'signup'[39m })[33m;[39m
     [90m 660 |[39m         [36mconst[39m u [33m=[39m [36mawait[39m [33mUser[39m[33m.[39mfindById(user[33m.[39m_id)[33m.[39mselect([32m'+otpAttempts'[39m)[33m;[39m
    [31m[1m>[22m[39m[90m 661 |[39m         expect(u[33m.[39motpAttempts)[33m.[39mtoBe([35m1[39m)[33m;[39m
     [90m     |[39m                               [31m[1m^[22m[39m
     [90m 662 |[39m     })[33m;[39m
     [90m 663 |[39m
     [90m 664 |[39m     test([32m'67. shows remaining attempts in error message'[39m[33m,[39m [36masync[39m () [33m=>[39m {[0m

      at Object.toBe (tests/otpSystem.test.js:661:31)

  ● POST /api/otp/verify › 67. shows remaining attempts in error message

    expect(received).toMatch(expected)

    Expected pattern: /attempt/i
    Received string:  "No account found with this phone number"

    [0m [90m 666 |[39m         [36mconst[39m res [33m=[39m [36mawait[39m request(app)[33m.[39mpost([32m'/api/otp/verify'[39m)
     [90m 667 |[39m             [33m.[39msend({ phone[33m:[39m user[33m.[39mphone[33m,[39m otp[33m:[39m [32m'000000'[39m[33m,[39m purpose[33m:[39m [32m'signup'[39m })[33m;[39m
    [31m[1m>[22m[39m[90m 668 |[39m         expect(res[33m.[39mbody[33m.[39mmessage)[33m.[39mtoMatch([35m/attempt/i[39m)[33m;[39m
     [90m     |[39m                                  [31m[1m^[22m[39m
     [90m 669 |[39m     })[33m;[39m
     [90m 670 |[39m
     [90m 671 |[39m     test([32m'68. LOCKS account after 5 wrong attempts (HTTP 423)'[39m[33m,[39m [36masync[39m () [33m=>[39m {[0m

      at Object.toMatch (tests/otpSystem.test.js:668:34)

  ● POST /api/otp/verify › 68. LOCKS account after 5 wrong attempts (HTTP 423)

    expect(received).toBe(expected) // Object.is equality

    Expected: 423
    Received: 404

    [0m [90m 673 |[39m         [36mconst[39m res [33m=[39m [36mawait[39m request(app)[33m.[39mpost([32m'/api/otp/verify'[39m)
     [90m 674 |[39m             [33m.[39msend({ phone[33m:[39m user[33m.[39mphone[33m,[39m otp[33m:[39m [32m'000000'[39m[33m,[39m purpose[33m:[39m [32m'signup'[39m })[33m;[39m
    [31m[1m>[22m[39m[90m 675 |[39m         expect(res[33m.[39mstatusCode)[33m.[39mtoBe([35m423[39m)[33m;[39m
     [90m     |[39m                                [31m[1m^[22m[39m
     [90m 676 |[39m         expect(res[33m.[39mbody[33m.[39mmessage)[33m.[39mtoMatch([35m/locked/i[39m)[33m;[39m
     [90m 677 |[39m     })[33m;[39m
     [90m 678 |[39m[0m

      at Object.toBe (tests/otpSystem.test.js:675:32)

  ● POST /api/otp/verify › 69. sets otpLockedUntil on lockout

    expect(received).not.toBeNull()

    Received: null

    [0m [90m 682 |[39m             [33m.[39msend({ phone[33m:[39m user[33m.[39mphone[33m,[39m otp[33m:[39m [32m'000000'[39m[33m,[39m purpose[33m:[39m [32m'signup'[39m })[33m;[39m
     [90m 683 |[39m         [36mconst[39m u [33m=[39m [36mawait[39m [33mUser[39m[33m.[39mfindById(user[33m.[39m_id)[33m.[39mselect([32m'+otpLockedUntil'[39m)[33m;[39m
    [31m[1m>[22m[39m[90m 684 |[39m         expect(u[33m.[39motpLockedUntil)[33m.[39mnot[33m.[39mtoBeNull()[33m;[39m
     [90m     |[39m                                      [31m[1m^[22m[39m
     [90m 685 |[39m         expect(u[33m.[39motpLockedUntil[33m.[39mgetTime())[33m.[39mtoBeGreaterThan([33mDate[39m[33m.[39mnow())[33m;[39m
     [90m 686 |[39m     })[33m;[39m
     [90m 687 |[39m[0m

      at Object.toBeNull (tests/otpSystem.test.js:684:38)

  ● POST /api/otp/verify › 70. invalidates OTP on lockout

    expect(received).toBeNull()

    Received: "$2b$08$JjQpUfW2Zgy9khZUtujrNe9DYiLHNq151gsC1GZ3JUcTJXEnV3Um6"

    [0m [90m 691 |[39m             [33m.[39msend({ phone[33m:[39m user[33m.[39mphone[33m,[39m otp[33m:[39m [32m'000000'[39m[33m,[39m purpose[33m:[39m [32m'signup'[39m })[33m;[39m
     [90m 692 |[39m         [36mconst[39m u [33m=[39m [36mawait[39m [33mUser[39m[33m.[39mfindById(user[33m.[39m_id)[33m.[39mselect([32m'+otp'[39m)[33m;[39m
    [31m[1m>[22m[39m[90m 693 |[39m         expect(u[33m.[39motp)[33m.[39mtoBeNull()[33m;[39m
     [90m     |[39m                       [31m[1m^[22m[39m
     [90m 694 |[39m     })[33m;[39m
     [90m 695 |[39m
     [90m 696 |[39m     test([32m'71. returns 423 when account is locked'[39m[33m,[39m [36masync[39m () [33m=>[39m {[0m

      at Object.toBeNull (tests/otpSystem.test.js:693:23)

  ● POST /api/otp/verify › 71. returns 423 when account is locked

    expect(received).toBe(expected) // Object.is equality

    Expected: 423
    Received: 404

    [0m [90m 701 |[39m         [36mconst[39m res [33m=[39m [36mawait[39m request(app)[33m.[39mpost([32m'/api/otp/verify'[39m)
     [90m 702 |[39m             [33m.[39msend({ phone[33m:[39m user[33m.[39mphone[33m,[39m otp[33m:[39m [32m'111111'[39m[33m,[39m purpose[33m:[39m [32m'signup'[39m })[33m;[39m
    [31m[1m>[22m[39m[90m 703 |[39m         expect(res[33m.[39mstatusCode)[33m.[39mtoBe([35m423[39m)[33m;[39m
     [90m     |[39m                                [31m[1m^[22m[39m
     [90m 704 |[39m     })[33m;[39m
     [90m 705 |[39m
     [90m 706 |[39m     test([32m'72. locked message includes minutes remaining'[39m[33m,[39m [36masync[39m () [33m=>[39m {[0m

      at Object.toBe (tests/otpSystem.test.js:703:32)

  ● POST /api/otp/verify › 72. locked message includes minutes remaining

    expect(received).toMatch(expected)

    Expected pattern: /minute/i
    Received string:  "No account found with this phone number"

    [0m [90m 711 |[39m         [36mconst[39m res [33m=[39m [36mawait[39m request(app)[33m.[39mpost([32m'/api/otp/verify'[39m)
     [90m 712 |[39m             [33m.[39msend({ phone[33m:[39m user[33m.[39mphone[33m,[39m otp[33m:[39m [32m'111111'[39m[33m,[39m purpose[33m:[39m [32m'signup'[39m })[33m;[39m
    [31m[1m>[22m[39m[90m 713 |[39m         expect(res[33m.[39mbody[33m.[39mmessage)[33m.[39mtoMatch([35m/minute/i[39m)[33m;[39m
     [90m     |[39m                                  [31m[1m^[22m[39m
     [90m 714 |[39m     })[33m;[39m
     [90m 715 |[39m
     [90m 716 |[39m     test([32m'73. rejects alphabetic OTP'[39m[33m,[39m [36masync[39m () [33m=>[39m {[0m

      at Object.toMatch (tests/otpSystem.test.js:713:34)

  ● POST /api/otp/verify › 75. response has correct shape

    expect(received).toEqual(expected) // deep equality

    - Expected  - 6
    + Received  + 4

    - ObjectContaining {
    -   "flowToken": Any<String>,
    -   "flowTokenExpiresAt": Any<String>,
    -   "maskedIdentifier": Any<String>,
    -   "success": true,
    -   "verified": true,
    + Object {
    +   "message": "No account found with this phone number",
    +   "requestId": "c0c5c99f-e64f-4d45-8e76-8d5c2538a962",
    +   "status": "fail",
      }

    [0m [90m 738 |[39m         [36mconst[39m res [33m=[39m [36mawait[39m request(app)[33m.[39mpost([32m'/api/otp/verify'[39m)
     [90m 739 |[39m             [33m.[39msend({ phone[33m:[39m user[33m.[39mphone[33m,[39m otp[33m:[39m otpPlain[33m,[39m purpose[33m:[39m [32m'signup'[39m })[33m;[39m
    [31m[1m>[22m[39m[90m 740 |[39m         expect(res[33m.[39mbody)[33m.[39mtoEqual(expect[33m.[39mobjectContaining({
     [90m     |[39m                          [31m[1m^[22m[39m
     [90m 741 |[39m             success[33m:[39m [36mtrue[39m[33m,[39m
     [90m 742 |[39m             verified[33m:[39m [36mtrue[39m[33m,[39m
     [90m 743 |[39m             flowToken[33m:[39m expect[33m.[39many([33mString[39m)[33m,[39m[0m

      at Object.toEqual (tests/otpSystem.test.js:740:26)

  ● 75a. login verification does not force account verification

    expect(received).toBe(expected) // Object.is equality

    Expected: 200
    Received: 404

    [0m [90m 756 |[39m             [33m.[39msend({ phone[33m:[39m user[33m.[39mphone[33m,[39m otp[33m:[39m [32m'313131'[39m[33m,[39m purpose[33m:[39m [32m'login'[39m })[33m;[39m
     [90m 757 |[39m
    [31m[1m>[22m[39m[90m 758 |[39m         expect(res[33m.[39mstatusCode)[33m.[39mtoBe([35m200[39m)[33m;[39m
     [90m     |[39m                                [31m[1m^[22m[39m
     [90m 759 |[39m         [36mconst[39m updated [33m=[39m [36mawait[39m [33mUser[39m[33m.[39mfindById(user[33m.[39m_id)
     [90m 760 |[39m             [33m.[39mselect([32m'+loginOtpVerifiedAt +loginOtpAssuranceExpiresAt +resetOtpVerifiedAt'[39m)[33m;[39m
     [90m 761 |[39m         expect(updated[33m.[39misVerified)[33m.[39mtoBe([36mfalse[39m)[33m;[39m[0m

      at Object.toBe (tests/otpSystem.test.js:758:32)

  ● 75b. forgot-password verification sets only reset marker

    expect(received).toBe(expected) // Object.is equality

    Expected: 200
    Received: 404

    [0m [90m 772 |[39m             [33m.[39msend({ phone[33m:[39m user[33m.[39mphone[33m,[39m otp[33m:[39m [32m'414141'[39m[33m,[39m purpose[33m:[39m [32m'forgot-password'[39m })[33m;[39m
     [90m 773 |[39m
    [31m[1m>[22m[39m[90m 774 |[39m         expect(res[33m.[39mstatusCode)[33m.[39mtoBe([35m200[39m)[33m;[39m
     [90m     |[39m                                [31m[1m^[22m[39m
     [90m 775 |[39m         [36mconst[39m updated [33m=[39m [36mawait[39m [33mUser[39m[33m.[39mfindById(user[33m.[39m_id)
     [90m 776 |[39m             [33m.[39mselect([32m'+loginOtpVerifiedAt +loginOtpAssuranceExpiresAt +resetOtpVerifiedAt'[39m)[33m;[39m
     [90m 777 |[39m         expect(updated[33m.[39misVerified)[33m.[39mtoBe([36mfalse[39m)[33m;[39m[0m

      at Object.toBe (tests/otpSystem.test.js:774:32)

  ● 75c. payment-challenge verification issues token without account escalation

    expect(received).toBe(expected) // Object.is equality

    Expected: 200
    Received: 404

    [0m [90m 787 |[39m             [33m.[39msend({ phone[33m:[39m user[33m.[39mphone[33m,[39m otp[33m:[39m [32m'515151'[39m[33m,[39m purpose[33m:[39m [32m'payment-challenge'[39m[33m,[39m intentId[33m:[39m [32m'intent_abc123'[39m })[33m;[39m
     [90m 788 |[39m
    [31m[1m>[22m[39m[90m 789 |[39m         expect(res[33m.[39mstatusCode)[33m.[39mtoBe([35m200[39m)[33m;[39m
     [90m     |[39m                                [31m[1m^[22m[39m
     [90m 790 |[39m         expect(res[33m.[39mbody[33m.[39mchallengeToken)[33m.[39mtoBeTruthy()[33m;[39m
     [90m 791 |[39m         [36mconst[39m updated [33m=[39m [36mawait[39m [33mUser[39m[33m.[39mfindById(user[33m.[39m_id)
     [90m 792 |[39m             [33m.[39mselect([32m'+loginOtpVerifiedAt +loginOtpAssuranceExpiresAt +resetOtpVerifiedAt'[39m)[33m;[39m[0m

      at Object.toBe (tests/otpSystem.test.js:789:32)

  ● 75d. verification rejects email identity mismatch linkage

    expect(received).toBe(expected) // Object.is equality

    Expected: 403
    Received: 404

    [0m [90m 804 |[39m             [33m.[39msend({ phone[33m:[39m one[33m.[39mphone[33m,[39m email[33m:[39m two[33m.[39memail[33m,[39m otp[33m:[39m [32m'616161'[39m[33m,[39m purpose[33m:[39m [32m'login'[39m })[33m;[39m
     [90m 805 |[39m
    [31m[1m>[22m[39m[90m 806 |[39m         expect(res[33m.[39mstatusCode)[33m.[39mtoBe([35m403[39m)[33m;[39m
     [90m     |[39m                                [31m[1m^[22m[39m
     [90m 807 |[39m     })[33m;[39m
     [90m 808 |[39m
     [90m 809 |[39m     test([32m'75e. verification rejects userId identity mismatch linkage'[39m[33m,[39m [36masync[39m () [33m=>[39m {[0m

      at Object.toBe (tests/otpSystem.test.js:806:32)

  ● 75e. verification rejects userId identity mismatch linkage

    expect(received).toBe(expected) // Object.is equality

    Expected: 403
    Received: 404

    [0m [90m 814 |[39m             [33m.[39msend({ phone[33m:[39m one[33m.[39mphone[33m,[39m userId[33m:[39m [33mString[39m(two[33m.[39m_id)[33m,[39m otp[33m:[39m [32m'717171'[39m[33m,[39m purpose[33m:[39m [32m'forgot-password'[39m })[33m;[39m
     [90m 815 |[39m
    [31m[1m>[22m[39m[90m 816 |[39m         expect(res[33m.[39mstatusCode)[33m.[39mtoBe([35m403[39m)[33m;[39m
     [90m     |[39m                                [31m[1m^[22m[39m
     [90m 817 |[39m     })[33m;[39m
     [90m 818 |[39m
     [90m 819 |[39m[0m

      at Object.toBe (tests/otpSystem.test.js:816:32)

  ● Full OTP Flow — E2E & Hardened Security › 91. E2E signup via API: send → verify (bcrypt verified)

    expect(received).toBe(expected) // Object.is equality

    Expected: 200
    Received: 404

    [0m [90m 965 |[39m         [36mconst[39m res [33m=[39m [36mawait[39m request(app)[33m.[39mpost([32m'/api/otp/verify'[39m)
     [90m 966 |[39m             [33m.[39msend({ phone[33m:[39m user[33m.[39mphone[33m,[39m otp[33m:[39m otpPlain[33m,[39m purpose[33m:[39m [32m'signup'[39m })[33m;[39m
    [31m[1m>[22m[39m[90m 967 |[39m         expect(res[33m.[39mstatusCode)[33m.[39mtoBe([35m200[39m)[33m;[39m
     [90m     |[39m                                [31m[1m^[22m[39m
     [90m 968 |[39m         expect(res[33m.[39mbody[33m.[39mverified)[33m.[39mtoBe([36mtrue[39m)[33m;[39m
     [90m 969 |[39m
     [90m 970 |[39m         [36mconst[39m verified [33m=[39m [36mawait[39m [33mUser[39m[33m.[39mfindById(user[33m.[39m_id)[33m;[39m[0m

      at Object.toBe (tests/otpSystem.test.js:967:32)

  ● Full OTP Flow — E2E & Hardened Security › 93. progressive lockout: 1st wrong → 2nd wrong → ... → 5th = LOCKED

    expect(received).toBe(expected) // Object.is equality

    Expected: 423
    Received: 404

    [0m [90m  995 |[39m         }
     [90m  996 |[39m         [90m// 5th attempt should lock[39m
    [31m[1m>[22m[39m[90m  997 |[39m         expect(lastRes[33m.[39mstatusCode)[33m.[39mtoBe([35m423[39m)[33m;[39m
     [90m      |[39m                                    [31m[1m^[22m[39m
     [90m  998 |[39m         expect(lastRes[33m.[39mbody[33m.[39mmessage)[33m.[39mtoMatch([35m/locked/i[39m)[33m;[39m
     [90m  999 |[39m
     [90m 1000 |[39m         [90m// 6th attempt should also be locked[39m[0m

      at Object.toBe (tests/otpSystem.test.js:997:36)

  ● Full OTP Flow — E2E & Hardened Security › 94. lockout prevents correct OTP from working

    expect(received).toBe(expected) // Object.is equality

    Expected: 423
    Received: 404

    [0m [90m 1011 |[39m         [36mconst[39m res [33m=[39m [36mawait[39m request(app)[33m.[39mpost([32m'/api/otp/verify'[39m)
     [90m 1012 |[39m             [33m.[39msend({ phone[33m:[39m user[33m.[39mphone[33m,[39m otp[33m:[39m otpPlain[33m,[39m purpose[33m:[39m [32m'signup'[39m })[33m;[39m
    [31m[1m>[22m[39m[90m 1013 |[39m         expect(res[33m.[39mstatusCode)[33m.[39mtoBe([35m423[39m)[33m;[39m
     [90m      |[39m                                [31m[1m^[22m[39m
     [90m 1014 |[39m     })[33m;[39m
     [90m 1015 |[39m
     [90m 1016 |[39m     test([32m'95. new OTP send clears lockout (user can retry)'[39m[33m,[39m [36masync[39m () [33m=>[39m {[0m

      at Object.toBe (tests/otpSystem.test.js:1013:32)

  ● Full OTP Flow — E2E & Hardened Security › 97. OTP in DB is ALWAYS a bcrypt hash (never plaintext)

    TypeError: Cannot read properties of null (reading 'otp')

    [0m [90m 1040 |[39m         [36mconst[39m db [33m=[39m [36mawait[39m [33mUser[39m[33m.[39mfindOne({ phone[33m:[39m u[33m.[39mphone })[33m.[39mselect([32m'+otp'[39m)[33m;[39m
     [90m 1041 |[39m         [90m// bcrypt hash format[39m
    [31m[1m>[22m[39m[90m 1042 |[39m         expect(db[33m.[39motp)[33m.[39mtoMatch([35m/^\$2[ab]\$\d{2}\$.{53}$/[39m)[33m;[39m
     [90m      |[39m                   [31m[1m^[22m[39m
     [90m 1043 |[39m     })[33m;[39m
     [90m 1044 |[39m
     [90m 1045 |[39m     test([32m'98. re-signup after abandoned attempt works'[39m[33m,[39m [36masync[39m () [33m=>[39m {[0m

      at Object.otp (tests/otpSystem.test.js:1042:19)

  ● Full OTP Flow — E2E & Hardened Security › 98. re-signup after abandoned attempt works

    expect(received).toBe(expected) // Object.is equality

    Expected: 200
    Received: 500

    [0m [90m 1049 |[39m         [36mconst[39m res [33m=[39m [36mawait[39m request(app)[33m.[39mpost([32m'/api/otp/send'[39m)
     [90m 1050 |[39m             [33m.[39msend({ email[33m:[39m u[33m.[39memail[33m,[39m phone[33m:[39m u[33m.[39mphone[33m,[39m purpose[33m:[39m [32m'signup'[39m })[33m;[39m
    [31m[1m>[22m[39m[90m 1051 |[39m         expect(res[33m.[39mstatusCode)[33m.[39mtoBe([35m200[39m)[33m;[39m
     [90m      |[39m                                [31m[1m^[22m[39m
     [90m 1052 |[39m     })[33m;[39m
     [90m 1053 |[39m
     [90m 1054 |[39m     test([32m'99. NoSQL injection in phone is blocked'[39m[33m,[39m [36masync[39m () [33m=>[39m {[0m

      at Object.toBe (tests/otpSystem.test.js:1051:32)

Test Suites: 1 failed, 1 total
Tests:       40 failed, 73 passed, 113 total
Snapshots:   0 total
Time:        23.814 s
Ran all test suites matching tests/otpSystem.test.js.
